[INFO] [launch]: All log files can be found below /home/jonas/benchmarks/runs/sim_wp4-s005-5c2b033458/ros_home/log/2026-08-23-19-44-57-693158-Feanor-902320
[INFO] [launch]: Default logging verbosity is set to INFO
[INFO] [target_detector-1]: process started with pid [902332]
[INFO] [hand_eye_collector-2]: process started with pid [902333]
[INFO] [hand_eye_calibration-3]: process started with pid [902334]
[INFO] [hand_eye_visualization-4]: process started with pid [902335]
[target_detector-1] [INFO] [1787507100.300067477] [target_detector]: Target detector ready: target_type=charuco, target_frame=calibration_target
[hand_eye_calibration-3] [INFO] [1787507100.324252932] [hand_eye_calibration]: Hand-eye calibration ready: calibration_type=eye_in_hand, sample_file=/home/jonas/benchmarks/runs/sim_wp4-s005-5c2b033458/ros_home/annin_ar4_calibration/hand_eye_samples.npy, result_file=/home/jonas/benchmarks/runs/sim_wp4-s005-5c2b033458/ros_home/annin_ar4_calibration/hand_eye_result.yaml
[hand_eye_collector-2] [INFO] [1787507101.112732537] [hand_eye_collector]: Hand-eye collector ready: calibration_type=eye_in_hand, sample_file=/home/jonas/benchmarks/runs/sim_wp4-s005-5c2b033458/ros_home/annin_ar4_calibration/hand_eye_samples.npy. This node moves the robot during run_auto_sequence - clear the workspace first.
[target_detector-1] [WARN] [1787507102.416004345] [target_detector]: No CameraInfo received yet, skipping frame
[hand_eye_collector-2] [WARN] [1787507112.420528082] [hand_eye_collector]: No fresh target detection at candidate pose, skipping
[hand_eye_collector-2] [WARN] [1787507127.687356205] [hand_eye_collector]: No fresh target detection at candidate pose, skipping
[hand_eye_collector-2] [WARN] [1787507155.031163651] [hand_eye_collector]: No fresh target detection at candidate pose, skipping
[hand_eye_collector-2] [WARN] [1787507294.175042324] [hand_eye_collector]: No fresh target detection at candidate pose, skipping
[hand_eye_collector-2] [WARN] [1787507324.361586569] [hand_eye_collector]: No fresh target detection at candidate pose, skipping
[hand_eye_collector-2] [WARN] [1787507335.520113592] [hand_eye_collector]: No fresh target detection at candidate pose, skipping
[hand_eye_collector-2] [WARN] [1787507343.170559413] [hand_eye_collector]: No fresh target detection at candidate pose, skipping
[hand_eye_collector-2] [WARN] [1787507372.786379544] [hand_eye_collector]: No fresh target detection at candidate pose, skipping
[hand_eye_collector-2] [WARN] [1787507402.370463900] [hand_eye_collector]: No fresh target detection at candidate pose, skipping
[hand_eye_collector-2] [WARN] [1787507423.964748135] [hand_eye_collector]: No fresh target detection at candidate pose, skipping
[hand_eye_collector-2] [WARN] [1787507460.410639446] [hand_eye_collector]: No fresh target detection at candidate pose, skipping
[hand_eye_collector-2] [WARN] [1787507474.415149874] [hand_eye_collector]: No fresh target detection at candidate pose, skipping
[hand_eye_collector-2] [WARN] [1787507487.884155387] [hand_eye_collector]: No fresh target detection at candidate pose, skipping
[hand_eye_collector-2] [WARN] [1787507511.745624155] [hand_eye_collector]: No fresh target detection at candidate pose, skipping
[hand_eye_collector-2] [WARN] [1787507528.231571235] [hand_eye_collector]: No fresh target detection at candidate pose, skipping
[hand_eye_collector-2] [WARN] [1787507612.188219158] [hand_eye_collector]: No fresh target detection at candidate pose, skipping
[hand_eye_collector-2] [WARN] [1787507615.979188531] [hand_eye_collector]: No fresh target detection at candidate pose, skipping
[hand_eye_collector-2] [WARN] [1787507626.403379348] [hand_eye_collector]: No fresh target detection at candidate pose, skipping
[hand_eye_collector-2] [WARN] [1787507648.848203756] [hand_eye_collector]: No fresh target detection at candidate pose, skipping
[hand_eye_collector-2] [WARN] [1787507654.604936043] [hand_eye_collector]: No fresh target detection at candidate pose, skipping
[hand_eye_collector-2] [WARN] [1787507702.745897083] [hand_eye_collector]: No fresh target detection at candidate pose, skipping
[hand_eye_collector-2] [WARN] [1787507730.657305139] [hand_eye_collector]: No fresh target detection at candidate pose, skipping
[hand_eye_collector-2] [WARN] [1787507751.036332171] [hand_eye_collector]: No fresh target detection at candidate pose, skipping
[hand_eye_collector-2] [WARN] [1787507763.765317529] [hand_eye_collector]: No fresh target detection at candidate pose, skipping
[hand_eye_collector-2] [WARN] [1787507786.786906641] [hand_eye_collector]: No fresh target detection at candidate pose, skipping
[hand_eye_collector-2] [WARN] [1787507819.342325395] [hand_eye_collector]: No fresh target detection at candidate pose, skipping
[WARNING] [launch]: user interrupted with ctrl-c (SIGINT)
[hand_eye_calibration-3] Traceback (most recent call last):
[hand_eye_calibration-3]   File "/home/jonas/Documents/Bachelorarbeit/robocal/install/annin_ar4_calibration/lib/python3.12/site-packages/annin_ar4_calibration/nodes/hand_eye_calibration_node.py", line 166, in main
[target_detector-1] Traceback (most recent call last):
[target_detector-1]   File "/home/jonas/Documents/Bachelorarbeit/robocal/install/annin_ar4_calibration/lib/python3.12/site-packages/annin_ar4_calibration/nodes/target_detector_node.py", line 122, in main
[target_detector-1]     rclpy.spin(node)
[target_detector-1]   File "/opt/ros/jazzy/lib/python3.12/site-packages/rclpy/__init__.py", line 247, in spin
[target_detector-1]     executor.spin_once()
[target_detector-1]   File "/opt/ros/jazzy/lib/python3.12/site-packages/rclpy/executors.py", line 926, in spin_once
[target_detector-1]     self._spin_once_impl(timeout_sec)
[target_detector-1]   File "/opt/ros/jazzy/lib/python3.12/site-packages/rclpy/executors.py", line 907, in _spin_once_impl
[target_detector-1]     handler, entity, node = self.wait_for_ready_callbacks(
[target_detector-1]                             ^^^^^^^^^^^^^^^^^^^^^^^^^^^^^^
[target_detector-1]   File "/opt/ros/jazzy/lib/python3.12/site-packages/rclpy/executors.py", line 877, in wait_for_ready_callbacks
[target_detector-1]     return next(self._cb_iter)
[target_detector-1]            ^^^^^^^^^^^^^^^^^^^
[target_detector-1]   File "/opt/ros/jazzy/lib/python3.12/site-packages/rclpy/executors.py", line 781, in _wait_for_ready_callbacks
[target_detector-1]     wait_set.wait(timeout_nsec)
[target_detector-1] KeyboardInterrupt
[target_detector-1] 
[target_detector-1] During handling of the above exception, another exception occurred:
[target_detector-1] 
[target_detector-1] Traceback (most recent call last):
[target_detector-1]   File "/home/jonas/Documents/Bachelorarbeit/robocal/install/annin_ar4_calibration/lib/annin_ar4_calibration/target_detector", line 33, in <module>
[hand_eye_calibration-3]     rclpy.spin(node)
[hand_eye_calibration-3]   File "/opt/ros/jazzy/lib/python3.12/site-packages/rclpy/__init__.py", line 247, in spin
[hand_eye_calibration-3]     executor.spin_once()
[hand_eye_calibration-3]   File "/opt/ros/jazzy/lib/python3.12/site-packages/rclpy/executors.py", line 926, in spin_once
[hand_eye_calibration-3]     self._spin_once_impl(timeout_sec)
[hand_eye_calibration-3]   File "/opt/ros/jazzy/lib/python3.12/site-packages/rclpy/executors.py", line 907, in _spin_once_impl
[hand_eye_calibration-3]     handler, entity, node = self.wait_for_ready_callbacks(
[hand_eye_calibration-3]                             ^^^^^^^^^^^^^^^^^^^^^^^^^^^^^^
[hand_eye_calibration-3]   File "/opt/ros/jazzy/lib/python3.12/site-packages/rclpy/executors.py", line 877, in wait_for_ready_callbacks
[hand_eye_calibration-3]     return next(self._cb_iter)
[hand_eye_calibration-3]            ^^^^^^^^^^^^^^^^^^^
[hand_eye_calibration-3]   File "/opt/ros/jazzy/lib/python3.12/site-packages/rclpy/executors.py", line 781, in _wait_for_ready_callbacks
[hand_eye_calibration-3]     wait_set.wait(timeout_nsec)
[hand_eye_calibration-3] KeyboardInterrupt
[hand_eye_calibration-3] 
[hand_eye_calibration-3] During handling of the above exception, another exception occurred:
[hand_eye_calibration-3] 
[hand_eye_calibration-3] Traceback (most recent call last):
[hand_eye_calibration-3]   File "/home/jonas/Documents/Bachelorarbeit/robocal/install/annin_ar4_calibration/lib/annin_ar4_calibration/hand_eye_calibration", line 33, in <module>
[hand_eye_visualization-4] Traceback (most recent call last):
[hand_eye_visualization-4]   File "/home/jonas/Documents/Bachelorarbeit/robocal/install/annin_ar4_calibration/lib/python3.12/site-packages/annin_ar4_calibration/nodes/hand_eye_visualization_node.py", line 185, in main
[target_detector-1]     sys.exit(load_entry_point('annin-ar4-calibration==0.0.1', 'console_scripts', 'target_detector')())
[target_detector-1]              ^^^^^^^^^^^^^^^^^^^^^^^^^^^^^^^^^^^^^^^^^^^^^^^^^^^^^^^^^^^^^^^^^^^^^^^^^^^^^^^^^^^^^^^^
[target_detector-1]   File "/home/jonas/Documents/Bachelorarbeit/robocal/install/annin_ar4_calibration/lib/python3.12/site-packages/annin_ar4_calibration/nodes/target_detector_node.py", line 125, in main
[hand_eye_calibration-3]     sys.exit(load_entry_point('annin-ar4-calibration==0.0.1', 'console_scripts', 'hand_eye_calibration')())
[hand_eye_calibration-3]              ^^^^^^^^^^^^^^^^^^^^^^^^^^^^^^^^^^^^^^^^^^^^^^^^^^^^^^^^^^^^^^^^^^^^^^^^^^^^^^^^^^^^^^^^^^^^^
[hand_eye_calibration-3]   File "/home/jonas/Documents/Bachelorarbeit/robocal/install/annin_ar4_calibration/lib/python3.12/site-packages/annin_ar4_calibration/nodes/hand_eye_calibration_node.py", line 169, in main
[hand_eye_visualization-4]     rclpy.spin(node)
[target_detector-1]     rclpy.shutdown()
[target_detector-1]   File "/opt/ros/jazzy/lib/python3.12/site-packages/rclpy/__init__.py", line 134, in shutdown
[hand_eye_visualization-4]   File "/opt/ros/jazzy/lib/python3.12/site-packages/rclpy/__init__.py", line 247, in spin
[hand_eye_visualization-4]     executor.spin_once()
[hand_eye_visualization-4]   File "/opt/ros/jazzy/lib/python3.12/site-packages/rclpy/executors.py", line 926, in spin_once
[target_detector-1]     _shutdown(context=context)
[target_detector-1]   File "/opt/ros/jazzy/lib/python3.12/site-packages/rclpy/utilities.py", line 82, in shutdown
[target_detector-1]     context.shutdown()
[target_detector-1]   File "/opt/ros/jazzy/lib/python3.12/site-packages/rclpy/context.py", line 129, in shutdown
[target_detector-1]     self.__context.shutdown()
[target_detector-1] rclpy._rclpy_pybind11.RCLError: failed to shutdown: rcl_shutdown already called on the given context, at ./src/rcl/init.c:333
[hand_eye_visualization-4]     self._spin_once_impl(timeout_sec)
[hand_eye_visualization-4]   File "/opt/ros/jazzy/lib/python3.12/site-packages/rclpy/executors.py", line 907, in _spin_once_impl
[hand_eye_visualization-4]     handler, entity, node = self.wait_for_ready_callbacks(
[hand_eye_visualization-4]                             ^^^^^^^^^^^^^^^^^^^^^^^^^^^^^^
[hand_eye_visualization-4]   File "/opt/ros/jazzy/lib/python3.12/site-packages/rclpy/executors.py", line 877, in wait_for_ready_callbacks
[hand_eye_visualization-4]     return next(self._cb_iter)
[hand_eye_visualization-4]            ^^^^^^^^^^^^^^^^^^^
[hand_eye_visualization-4]   File "/opt/ros/jazzy/lib/python3.12/site-packages/rclpy/executors.py", line 781, in _wait_for_ready_callbacks
[hand_eye_visualization-4]     wait_set.wait(timeout_nsec)
[hand_eye_visualization-4] KeyboardInterrupt
[hand_eye_visualization-4] 
[hand_eye_visualization-4] During handling of the above exception, another exception occurred:
[hand_eye_visualization-4] 
[hand_eye_visualization-4] Traceback (most recent call last):
[hand_eye_visualization-4]   File "/home/jonas/Documents/Bachelorarbeit/robocal/install/annin_ar4_calibration/lib/annin_ar4_calibration/hand_eye_visualization", line 33, in <module>
[hand_eye_calibration-3]     rclpy.shutdown()
[hand_eye_calibration-3]   File "/opt/ros/jazzy/lib/python3.12/site-packages/rclpy/__init__.py", line 134, in shutdown
[hand_eye_calibration-3]     _shutdown(context=context)
[hand_eye_calibration-3]   File "/opt/ros/jazzy/lib/python3.12/site-packages/rclpy/utilities.py", line 82, in shutdown
[hand_eye_calibration-3]     context.shutdown()
[hand_eye_calibration-3]   File "/opt/ros/jazzy/lib/python3.12/site-packages/rclpy/context.py", line 129, in shutdown
[hand_eye_calibration-3]     self.__context.shutdown()
[hand_eye_calibration-3] rclpy._rclpy_pybind11.RCLError: failed to shutdown: rcl_shutdown already called on the given context, at ./src/rcl/init.c:333
[hand_eye_collector-2] Traceback (most recent call last):
[hand_eye_collector-2]   File "/home/jonas/Documents/Bachelorarbeit/robocal/install/annin_ar4_calibration/lib/python3.12/site-packages/annin_ar4_calibration/nodes/hand_eye_collector_node.py", line 282, in main
[hand_eye_visualization-4]     sys.exit(load_entry_point('annin-ar4-calibration==0.0.1', 'console_scripts', 'hand_eye_visualization')())
[hand_eye_visualization-4]              ^^^^^^^^^^^^^^^^^^^^^^^^^^^^^^^^^^^^^^^^^^^^^^^^^^^^^^^^^^^^^^^^^^^^^^^^^^^^^^^^^^^^^^^^^^^^^^^
[hand_eye_visualization-4]   File "/home/jonas/Documents/Bachelorarbeit/robocal/install/annin_ar4_calibration/lib/python3.12/site-packages/annin_ar4_calibration/nodes/hand_eye_visualization_node.py", line 188, in main
[hand_eye_visualization-4]     rclpy.shutdown()
[hand_eye_visualization-4]   File "/opt/ros/jazzy/lib/python3.12/site-packages/rclpy/__init__.py", line 134, in shutdown
[hand_eye_visualization-4]     _shutdown(context=context)
[hand_eye_visualization-4]   File "/opt/ros/jazzy/lib/python3.12/site-packages/rclpy/utilities.py", line 82, in shutdown
[hand_eye_visualization-4]     context.shutdown()
[hand_eye_visualization-4]   File "/opt/ros/jazzy/lib/python3.12/site-packages/rclpy/context.py", line 129, in shutdown
[hand_eye_visualization-4]     self.__context.shutdown()
[hand_eye_visualization-4] rclpy._rclpy_pybind11.RCLError: failed to shutdown: rcl_shutdown already called on the given context, at ./src/rcl/init.c:333
[hand_eye_collector-2]     executor.spin()
[hand_eye_collector-2]   File "/opt/ros/jazzy/lib/python3.12/site-packages/rclpy/executors.py", line 359, in spin
[hand_eye_collector-2]     self._spin_once_impl()
[hand_eye_collector-2]   File "/opt/ros/jazzy/lib/python3.12/site-packages/rclpy/executors.py", line 991, in _spin_once_impl
[hand_eye_collector-2]     handler, entity, node = self.wait_for_ready_callbacks(
[hand_eye_collector-2]                             ^^^^^^^^^^^^^^^^^^^^^^^^^^^^^^
[hand_eye_collector-2]   File "/opt/ros/jazzy/lib/python3.12/site-packages/rclpy/executors.py", line 877, in wait_for_ready_callbacks
[hand_eye_collector-2]     return next(self._cb_iter)
[hand_eye_collector-2]            ^^^^^^^^^^^^^^^^^^^
[hand_eye_collector-2]   File "/opt/ros/jazzy/lib/python3.12/site-packages/rclpy/executors.py", line 772, in _wait_for_ready_callbacks
[hand_eye_collector-2]     wait_set.add_service(srv_capsule)
[hand_eye_collector-2] KeyboardInterrupt
[hand_eye_collector-2] 
[hand_eye_collector-2] During handling of the above exception, another exception occurred:
[hand_eye_collector-2] 
[hand_eye_collector-2] Traceback (most recent call last):
[hand_eye_collector-2]   File "/home/jonas/Documents/Bachelorarbeit/robocal/install/annin_ar4_calibration/lib/annin_ar4_calibration/hand_eye_collector", line 33, in <module>
[hand_eye_collector-2]     sys.exit(load_entry_point('annin-ar4-calibration==0.0.1', 'console_scripts', 'hand_eye_collector')())
[hand_eye_collector-2]              ^^^^^^^^^^^^^^^^^^^^^^^^^^^^^^^^^^^^^^^^^^^^^^^^^^^^^^^^^^^^^^^^^^^^^^^^^^^^^^^^^^^^^^^^^^^
[hand_eye_collector-2]   File "/home/jonas/Documents/Bachelorarbeit/robocal/install/annin_ar4_calibration/lib/python3.12/site-packages/annin_ar4_calibration/nodes/hand_eye_collector_node.py", line 285, in main
[hand_eye_collector-2]     rclpy.shutdown()
[hand_eye_collector-2]   File "/opt/ros/jazzy/lib/python3.12/site-packages/rclpy/__init__.py", line 134, in shutdown
[hand_eye_collector-2]     _shutdown(context=context)
[hand_eye_collector-2]   File "/opt/ros/jazzy/lib/python3.12/site-packages/rclpy/utilities.py", line 82, in shutdown
[hand_eye_collector-2]     context.shutdown()
[hand_eye_collector-2]   File "/opt/ros/jazzy/lib/python3.12/site-packages/rclpy/context.py", line 129, in shutdown
[hand_eye_collector-2]     self.__context.shutdown()
[hand_eye_collector-2] rclpy._rclpy_pybind11.RCLError: failed to shutdown: rcl_shutdown already called on the given context, at ./src/rcl/init.c:333
[ERROR] [hand_eye_visualization-4]: process has died [pid 902335, exit code 1, cmd '/home/jonas/Documents/Bachelorarbeit/robocal/install/annin_ar4_calibration/lib/annin_ar4_calibration/hand_eye_visualization --ros-args -r __node:=hand_eye_visualization -p use_sim_time:=True --params-file /home/jonas/Documents/Bachelorarbeit/robocal/install/annin_ar4_calibration/share/annin_ar4_calibration/config/hand_eye_params.yaml --params-file /home/jonas/Documents/Bachelorarbeit/robocal/install/annin_ar4_calibration/share/annin_ar4_calibration/config/sim_overrides.yaml --params-file /home/jonas/benchmarks/runs/sim_wp4-s005-5c2b033458/extra_params.yaml'].
[ERROR] [hand_eye_calibration-3]: process has died [pid 902334, exit code 1, cmd '/home/jonas/Documents/Bachelorarbeit/robocal/install/annin_ar4_calibration/lib/annin_ar4_calibration/hand_eye_calibration --ros-args -r __node:=hand_eye_calibration -p use_sim_time:=True --params-file /home/jonas/Documents/Bachelorarbeit/robocal/install/annin_ar4_calibration/share/annin_ar4_calibration/config/hand_eye_params.yaml --params-file /home/jonas/Documents/Bachelorarbeit/robocal/install/annin_ar4_calibration/share/annin_ar4_calibration/config/sim_overrides.yaml --params-file /home/jonas/benchmarks/runs/sim_wp4-s005-5c2b033458/extra_params.yaml --params-file /tmp/launch_params_v4cyb7ii'].
[ERROR] [target_detector-1]: process has died [pid 902332, exit code 1, cmd '/home/jonas/Documents/Bachelorarbeit/robocal/install/annin_ar4_calibration/lib/annin_ar4_calibration/target_detector --ros-args -r __node:=target_detector -p use_sim_time:=True --params-file /home/jonas/Documents/Bachelorarbeit/robocal/install/annin_ar4_calibration/share/annin_ar4_calibration/config/hand_eye_params.yaml --params-file /home/jonas/Documents/Bachelorarbeit/robocal/install/annin_ar4_calibration/share/annin_ar4_calibration/config/sim_overrides.yaml --params-file /home/jonas/benchmarks/runs/sim_wp4-s005-5c2b033458/extra_params.yaml --params-file /tmp/launch_params_rh4dy8gl'].
[ERROR] [hand_eye_collector-2]: process has died [pid 902333, exit code 1, cmd '/home/jonas/Documents/Bachelorarbeit/robocal/install/annin_ar4_calibration/lib/annin_ar4_calibration/hand_eye_collector --ros-args -r __node:=hand_eye_collector -p use_sim_time:=True --params-file /home/jonas/Documents/Bachelorarbeit/robocal/install/annin_ar4_calibration/share/annin_ar4_calibration/config/hand_eye_params.yaml --params-file /home/jonas/Documents/Bachelorarbeit/robocal/install/annin_ar4_calibration/share/annin_ar4_calibration/config/sim_overrides.yaml --params-file /home/jonas/benchmarks/runs/sim_wp4-s005-5c2b033458/extra_params.yaml --params-file /tmp/launch_params_ompn55uu'].
[INFO] [launch]: All log files can be found below /home/jonas/benchmarks/runs/sim_wp4-s005-5c2b033458/ros_home/log/2026-08-26-09-07-50-385842-Feanor-1677787
[INFO] [launch]: Default logging verbosity is set to INFO
[INFO] [target_detector-1]: process started with pid [1677797]
[INFO] [hand_eye_collector-2]: process started with pid [1677798]
[INFO] [hand_eye_calibration-3]: process started with pid [1677799]
[INFO] [hand_eye_visualization-4]: process started with pid [1677800]
[hand_eye_calibration-3] [INFO] [1787728073.358511214] [hand_eye_calibration]: Loaded existing calibration from /home/jonas/benchmarks/runs/sim_wp4-s005-5c2b033458/ros_home/annin_ar4_calibration/hand_eye_result.yaml, re-broadcasting ee_link -> camera_color_optical_frame
[hand_eye_calibration-3] [INFO] [1787728073.389763218] [hand_eye_calibration]: Hand-eye calibration ready: calibration_type=eye_in_hand, sample_file=/home/jonas/benchmarks/runs/sim_wp4-s005-5c2b033458/ros_home/annin_ar4_calibration/hand_eye_samples.npy, result_file=/home/jonas/benchmarks/runs/sim_wp4-s005-5c2b033458/ros_home/annin_ar4_calibration/hand_eye_result.yaml
[target_detector-1] [INFO] [1787728073.902096622] [target_detector]: Target detector ready: target_type=charuco, target_frame=calibration_target
[target_detector-1] [WARN] [1787728074.072372268] [target_detector]: No CameraInfo received yet, skipping frame
[hand_eye_collector-2] [INFO] [1787728074.605762066] [hand_eye_collector]: Hand-eye collector ready: calibration_type=eye_in_hand, sample_file=/home/jonas/benchmarks/runs/sim_wp4-s005-5c2b033458/ros_home/annin_ar4_calibration/hand_eye_samples.npy. This node moves the robot during run_auto_sequence - clear the workspace first.
[hand_eye_collector-2] [WARN] [1787728083.768064398] [hand_eye_collector]: No fresh target detection at candidate pose, skipping
[hand_eye_collector-2] [WARN] [1787728096.374124330] [hand_eye_collector]: No fresh target detection at candidate pose, skipping
[hand_eye_collector-2] [WARN] [1787728117.835427947] [hand_eye_collector]: No fresh target detection at candidate pose, skipping
[hand_eye_collector-2] [WARN] [1787728131.201020441] [hand_eye_collector]: No fresh target detection at candidate pose, skipping
[hand_eye_collector-2] [WARN] [1787728145.882502657] [hand_eye_collector]: No fresh target detection at candidate pose, skipping
[hand_eye_collector-2] [WARN] [1787728169.463747768] [hand_eye_collector]: No fresh target detection at candidate pose, skipping
[hand_eye_collector-2] [WARN] [1787728186.908514695] [hand_eye_collector]: No fresh target detection at candidate pose, skipping
[hand_eye_collector-2] [WARN] [1787728234.712599734] [hand_eye_collector]: No fresh target detection at candidate pose, skipping
[hand_eye_collector-2] [WARN] [1787728250.548334288] [hand_eye_collector]: No fresh target detection at candidate pose, skipping
[hand_eye_collector-2] [WARN] [1787728254.980464602] [hand_eye_collector]: No fresh target detection at candidate pose, skipping
[hand_eye_collector-2] [WARN] [1787728264.483090568] [hand_eye_collector]: No fresh target detection at candidate pose, skipping
[hand_eye_collector-2] [WARN] [1787728352.522517922] [hand_eye_collector]: No fresh target detection at candidate pose, skipping
[hand_eye_collector-2] [WARN] [1787728356.309198854] [hand_eye_collector]: No fresh target detection at candidate pose, skipping
[hand_eye_collector-2] [WARN] [1787728390.217519153] [hand_eye_collector]: No fresh target detection at candidate pose, skipping
[hand_eye_collector-2] [WARN] [1787728400.511667358] [hand_eye_collector]: No fresh target detection at candidate pose, skipping
[hand_eye_collector-2] [WARN] [1787728447.655722285] [hand_eye_collector]: No fresh target detection at candidate pose, skipping
[hand_eye_collector-2] [WARN] [1787728610.553227888] [hand_eye_collector]: No fresh target detection at candidate pose, skipping
[hand_eye_collector-2] [WARN] [1787728649.465502638] [hand_eye_collector]: No fresh target detection at candidate pose, skipping
[hand_eye_collector-2] [WARN] [1787728660.479512633] [hand_eye_collector]: No fresh target detection at candidate pose, skipping
[hand_eye_collector-2] [WARN] [1787728674.994318095] [hand_eye_collector]: No fresh target detection at candidate pose, skipping
[WARNING] [launch]: user interrupted with ctrl-c (SIGINT)
[target_detector-1] Traceback (most recent call last):
[target_detector-1]   File "/home/jonas/Documents/Bachelorarbeit/robocal/install/annin_ar4_calibration/lib/python3.12/site-packages/annin_ar4_calibration/nodes/target_detector_node.py", line 122, in main
[target_detector-1]     rclpy.spin(node)
[target_detector-1]   File "/opt/ros/jazzy/lib/python3.12/site-packages/rclpy/__init__.py", line 247, in spin
[target_detector-1]     executor.spin_once()
[target_detector-1]   File "/opt/ros/jazzy/lib/python3.12/site-packages/rclpy/executors.py", line 926, in spin_once
[target_detector-1]     self._spin_once_impl(timeout_sec)
[target_detector-1]   File "/opt/ros/jazzy/lib/python3.12/site-packages/rclpy/executors.py", line 907, in _spin_once_impl
[target_detector-1]     handler, entity, node = self.wait_for_ready_callbacks(
[target_detector-1]                             ^^^^^^^^^^^^^^^^^^^^^^^^^^^^^^
[target_detector-1]   File "/opt/ros/jazzy/lib/python3.12/site-packages/rclpy/executors.py", line 877, in wait_for_ready_callbacks
[target_detector-1]     return next(self._cb_iter)
[target_detector-1]            ^^^^^^^^^^^^^^^^^^^
[target_detector-1]   File "/opt/ros/jazzy/lib/python3.12/site-packages/rclpy/executors.py", line 704, in _wait_for_ready_callbacks
[target_detector-1]     with ExitStack() as context_stack:
[target_detector-1]   File "/usr/lib/python3.12/contextlib.py", line 572, in __exit__
[target_detector-1]     frame_exc = sys.exc_info()[1]
[target_detector-1]                 ^^^^^^^^^^^^^^
[target_detector-1] KeyboardInterrupt
[target_detector-1] 
[target_detector-1] During handling of the above exception, another exception occurred:
[target_detector-1] 
[target_detector-1] Traceback (most recent call last):
[target_detector-1]   File "/home/jonas/Documents/Bachelorarbeit/robocal/install/annin_ar4_calibration/lib/annin_ar4_calibration/target_detector", line 33, in <module>
[target_detector-1]     sys.exit(load_entry_point('annin-ar4-calibration==0.0.1', 'console_scripts', 'target_detector')())
[target_detector-1]              ^^^^^^^^^^^^^^^^^^^^^^^^^^^^^^^^^^^^^^^^^^^^^^^^^^^^^^^^^^^^^^^^^^^^^^^^^^^^^^^^^^^^^^^^
[target_detector-1]   File "/home/jonas/Documents/Bachelorarbeit/robocal/install/annin_ar4_calibration/lib/python3.12/site-packages/annin_ar4_calibration/nodes/target_detector_node.py", line 125, in main
[hand_eye_calibration-3] Traceback (most recent call last):
[hand_eye_calibration-3]   File "/home/jonas/Documents/Bachelorarbeit/robocal/install/annin_ar4_calibration/lib/python3.12/site-packages/annin_ar4_calibration/nodes/hand_eye_calibration_node.py", line 166, in main
[target_detector-1]     rclpy.shutdown()
[target_detector-1]   File "/opt/ros/jazzy/lib/python3.12/site-packages/rclpy/__init__.py", line 134, in shutdown
[target_detector-1]     _shutdown(context=context)
[target_detector-1]   File "/opt/ros/jazzy/lib/python3.12/site-packages/rclpy/utilities.py", line 82, in shutdown
[target_detector-1]     context.shutdown()
[target_detector-1]   File "/opt/ros/jazzy/lib/python3.12/site-packages/rclpy/context.py", line 129, in shutdown
[target_detector-1]     self.__context.shutdown()
[target_detector-1] rclpy._rclpy_pybind11.RCLError: failed to shutdown: rcl_shutdown already called on the given context, at ./src/rcl/init.c:333
[hand_eye_calibration-3]     rclpy.spin(node)
[hand_eye_calibration-3]   File "/opt/ros/jazzy/lib/python3.12/site-packages/rclpy/__init__.py", line 247, in spin
[hand_eye_calibration-3]     executor.spin_once()
[hand_eye_calibration-3]   File "/opt/ros/jazzy/lib/python3.12/site-packages/rclpy/executors.py", line 926, in spin_once
[hand_eye_calibration-3]     self._spin_once_impl(timeout_sec)
[hand_eye_calibration-3]   File "/opt/ros/jazzy/lib/python3.12/site-packages/rclpy/executors.py", line 907, in _spin_once_impl
[hand_eye_calibration-3]     handler, entity, node = self.wait_for_ready_callbacks(
[hand_eye_calibration-3]                             ^^^^^^^^^^^^^^^^^^^^^^^^^^^^^^
[hand_eye_calibration-3]   File "/opt/ros/jazzy/lib/python3.12/site-packages/rclpy/executors.py", line 877, in wait_for_ready_callbacks
[hand_eye_calibration-3]     return next(self._cb_iter)
[hand_eye_calibration-3]            ^^^^^^^^^^^^^^^^^^^
[hand_eye_calibration-3]   File "/opt/ros/jazzy/lib/python3.12/site-packages/rclpy/executors.py", line 781, in _wait_for_ready_callbacks
[hand_eye_calibration-3]     wait_set.wait(timeout_nsec)
[hand_eye_calibration-3] KeyboardInterrupt
[hand_eye_calibration-3] 
[hand_eye_calibration-3] During handling of the above exception, another exception occurred:
[hand_eye_calibration-3] 
[hand_eye_calibration-3] Traceback (most recent call last):
[hand_eye_calibration-3]   File "/home/jonas/Documents/Bachelorarbeit/robocal/install/annin_ar4_calibration/lib/annin_ar4_calibration/hand_eye_calibration", line 33, in <module>
[hand_eye_collector-2] Traceback (most recent call last):
[hand_eye_collector-2]   File "/home/jonas/Documents/Bachelorarbeit/robocal/install/annin_ar4_calibration/lib/python3.12/site-packages/annin_ar4_calibration/nodes/hand_eye_collector_node.py", line 282, in main
[hand_eye_calibration-3]     sys.exit(load_entry_point('annin-ar4-calibration==0.0.1', 'console_scripts', 'hand_eye_calibration')())
[hand_eye_calibration-3]              ^^^^^^^^^^^^^^^^^^^^^^^^^^^^^^^^^^^^^^^^^^^^^^^^^^^^^^^^^^^^^^^^^^^^^^^^^^^^^^^^^^^^^^^^^^^^^
[hand_eye_calibration-3]   File "/home/jonas/Documents/Bachelorarbeit/robocal/install/annin_ar4_calibration/lib/python3.12/site-packages/annin_ar4_calibration/nodes/hand_eye_calibration_node.py", line 169, in main
[hand_eye_calibration-3]     rclpy.shutdown()
[hand_eye_calibration-3]   File "/opt/ros/jazzy/lib/python3.12/site-packages/rclpy/__init__.py", line 134, in shutdown
[hand_eye_calibration-3]     _shutdown(context=context)
[hand_eye_calibration-3]   File "/opt/ros/jazzy/lib/python3.12/site-packages/rclpy/utilities.py", line 82, in shutdown
[hand_eye_calibration-3]     context.shutdown()
[hand_eye_calibration-3]   File "/opt/ros/jazzy/lib/python3.12/site-packages/rclpy/context.py", line 129, in shutdown
[hand_eye_calibration-3]     self.__context.shutdown()
[hand_eye_calibration-3] rclpy._rclpy_pybind11.RCLError: failed to shutdown: rcl_shutdown already called on the given context, at ./src/rcl/init.c:333
[hand_eye_collector-2]     executor.spin()
[hand_eye_collector-2]   File "/opt/ros/jazzy/lib/python3.12/site-packages/rclpy/executors.py", line 359, in spin
[hand_eye_collector-2]     self._spin_once_impl()
[hand_eye_collector-2]   File "/opt/ros/jazzy/lib/python3.12/site-packages/rclpy/executors.py", line 991, in _spin_once_impl
[hand_eye_collector-2]     handler, entity, node = self.wait_for_ready_callbacks(
[hand_eye_collector-2]                             ^^^^^^^^^^^^^^^^^^^^^^^^^^^^^^
[hand_eye_collector-2]   File "/opt/ros/jazzy/lib/python3.12/site-packages/rclpy/executors.py", line 877, in wait_for_ready_callbacks
[hand_eye_collector-2]     return next(self._cb_iter)
[hand_eye_collector-2]            ^^^^^^^^^^^^^^^^^^^
[hand_eye_collector-2]   File "/opt/ros/jazzy/lib/python3.12/site-packages/rclpy/executors.py", line 749, in _wait_for_ready_callbacks
[hand_eye_collector-2]     entity_count += waitable.get_num_entities()
[hand_eye_collector-2]   File "/opt/ros/jazzy/lib/python3.12/site-packages/rclpy/waitable.py", line 40, in __add__
[hand_eye_collector-2]     left = getattr(self, attr)
[hand_eye_collector-2]            ^^^^^^^^^^^^^^^^^^^
[hand_eye_collector-2] KeyboardInterrupt
[hand_eye_collector-2] 
[hand_eye_collector-2] During handling of the above exception, another exception occurred:
[hand_eye_collector-2] 
[hand_eye_collector-2] Traceback (most recent call last):
[hand_eye_collector-2]   File "/home/jonas/Documents/Bachelorarbeit/robocal/install/annin_ar4_calibration/lib/annin_ar4_calibration/hand_eye_collector", line 33, in <module>
[hand_eye_visualization-4] Traceback (most recent call last):
[hand_eye_visualization-4]   File "/home/jonas/Documents/Bachelorarbeit/robocal/install/annin_ar4_calibration/lib/python3.12/site-packages/annin_ar4_calibration/nodes/hand_eye_visualization_node.py", line 185, in main
[hand_eye_collector-2]     sys.exit(load_entry_point('annin-ar4-calibration==0.0.1', 'console_scripts', 'hand_eye_collector')())
[hand_eye_collector-2]              ^^^^^^^^^^^^^^^^^^^^^^^^^^^^^^^^^^^^^^^^^^^^^^^^^^^^^^^^^^^^^^^^^^^^^^^^^^^^^^^^^^^^^^^^^^^
[hand_eye_collector-2]   File "/home/jonas/Documents/Bachelorarbeit/robocal/install/annin_ar4_calibration/lib/python3.12/site-packages/annin_ar4_calibration/nodes/hand_eye_collector_node.py", line 285, in main
[hand_eye_visualization-4]     rclpy.spin(node)
[hand_eye_visualization-4]   File "/opt/ros/jazzy/lib/python3.12/site-packages/rclpy/__init__.py", line 247, in spin
[hand_eye_visualization-4]     executor.spin_once()
[hand_eye_visualization-4]   File "/opt/ros/jazzy/lib/python3.12/site-packages/rclpy/executors.py", line 926, in spin_once
[hand_eye_visualization-4]     self._spin_once_impl(timeout_sec)
[hand_eye_visualization-4]   File "/opt/ros/jazzy/lib/python3.12/site-packages/rclpy/executors.py", line 907, in _spin_once_impl
[hand_eye_visualization-4]     handler, entity, node = self.wait_for_ready_callbacks(
[hand_eye_visualization-4]                             ^^^^^^^^^^^^^^^^^^^^^^^^^^^^^^
[hand_eye_visualization-4]   File "/opt/ros/jazzy/lib/python3.12/site-packages/rclpy/executors.py", line 877, in wait_for_ready_callbacks
[hand_eye_visualization-4]     return next(self._cb_iter)
[hand_eye_visualization-4]            ^^^^^^^^^^^^^^^^^^^
[hand_eye_visualization-4]   File "/opt/ros/jazzy/lib/python3.12/site-packages/rclpy/executors.py", line 704, in _wait_for_ready_callbacks
[hand_eye_visualization-4]     with ExitStack() as context_stack:
[hand_eye_visualization-4]   File "/usr/lib/python3.12/contextlib.py", line 610, in __exit__
[hand_eye_visualization-4]     raise exc_details[1]
[hand_eye_visualization-4]   File "/usr/lib/python3.12/contextlib.py", line 595, in __exit__
[hand_eye_visualization-4]     if cb(*exc_details):
[hand_eye_visualization-4]        ^^^^^^^^^^^^^^^^
[hand_eye_visualization-4]   File "/opt/ros/jazzy/lib/python3.12/site-packages/rclpy/event_handler.py", line 133, in __exit__
[hand_eye_visualization-4]     self.__event.__exit__(t, v, tb)
[hand_eye_visualization-4] KeyboardInterrupt
[hand_eye_visualization-4] 
[hand_eye_visualization-4] During handling of the above exception, another exception occurred:
[hand_eye_visualization-4] 
[hand_eye_visualization-4] Traceback (most recent call last):
[hand_eye_visualization-4]   File "/home/jonas/Documents/Bachelorarbeit/robocal/install/annin_ar4_calibration/lib/annin_ar4_calibration/hand_eye_visualization", line 33, in <module>
[hand_eye_collector-2]     rclpy.shutdown()
[hand_eye_collector-2]   File "/opt/ros/jazzy/lib/python3.12/site-packages/rclpy/__init__.py", line 134, in shutdown
[hand_eye_collector-2]     _shutdown(context=context)
[hand_eye_collector-2]   File "/opt/ros/jazzy/lib/python3.12/site-packages/rclpy/utilities.py", line 82, in shutdown
[hand_eye_collector-2]     context.shutdown()
[hand_eye_collector-2]   File "/opt/ros/jazzy/lib/python3.12/site-packages/rclpy/context.py", line 129, in shutdown
[hand_eye_collector-2]     self.__context.shutdown()
[hand_eye_collector-2] rclpy._rclpy_pybind11.RCLError: failed to shutdown: rcl_shutdown already called on the given context, at ./src/rcl/init.c:333
[hand_eye_visualization-4]     sys.exit(load_entry_point('annin-ar4-calibration==0.0.1', 'console_scripts', 'hand_eye_visualization')())
[hand_eye_visualization-4]              ^^^^^^^^^^^^^^^^^^^^^^^^^^^^^^^^^^^^^^^^^^^^^^^^^^^^^^^^^^^^^^^^^^^^^^^^^^^^^^^^^^^^^^^^^^^^^^^
[hand_eye_visualization-4]   File "/home/jonas/Documents/Bachelorarbeit/robocal/install/annin_ar4_calibration/lib/python3.12/site-packages/annin_ar4_calibration/nodes/hand_eye_visualization_node.py", line 188, in main
[hand_eye_visualization-4]     rclpy.shutdown()
[hand_eye_visualization-4]   File "/opt/ros/jazzy/lib/python3.12/site-packages/rclpy/__init__.py", line 134, in shutdown
[hand_eye_visualization-4]     _shutdown(context=context)
[hand_eye_visualization-4]   File "/opt/ros/jazzy/lib/python3.12/site-packages/rclpy/utilities.py", line 82, in shutdown
[hand_eye_visualization-4]     context.shutdown()
[hand_eye_visualization-4]   File "/opt/ros/jazzy/lib/python3.12/site-packages/rclpy/context.py", line 129, in shutdown
[hand_eye_visualization-4]     self.__context.shutdown()
[hand_eye_visualization-4] rclpy._rclpy_pybind11.RCLError: failed to shutdown: rcl_shutdown already called on the given context, at ./src/rcl/init.c:333
[ERROR] [hand_eye_visualization-4]: process has died [pid 1677800, exit code 1, cmd '/home/jonas/Documents/Bachelorarbeit/robocal/install/annin_ar4_calibration/lib/annin_ar4_calibration/hand_eye_visualization --ros-args -r __node:=hand_eye_visualization -p use_sim_time:=True --params-file /home/jonas/Documents/Bachelorarbeit/robocal/install/annin_ar4_calibration/share/annin_ar4_calibration/config/hand_eye_params.yaml --params-file /home/jonas/Documents/Bachelorarbeit/robocal/install/annin_ar4_calibration/share/annin_ar4_calibration/config/sim_overrides.yaml --params-file /home/jonas/benchmarks/runs/sim_wp4-s005-5c2b033458/extra_params.yaml'].
[ERROR] [hand_eye_calibration-3]: process has died [pid 1677799, exit code 1, cmd '/home/jonas/Documents/Bachelorarbeit/robocal/install/annin_ar4_calibration/lib/annin_ar4_calibration/hand_eye_calibration --ros-args -r __node:=hand_eye_calibration -p use_sim_time:=True --params-file /home/jonas/Documents/Bachelorarbeit/robocal/install/annin_ar4_calibration/share/annin_ar4_calibration/config/hand_eye_params.yaml --params-file /home/jonas/Documents/Bachelorarbeit/robocal/install/annin_ar4_calibration/share/annin_ar4_calibration/config/sim_overrides.yaml --params-file /home/jonas/benchmarks/runs/sim_wp4-s005-5c2b033458/extra_params.yaml --params-file /tmp/launch_params_hiagd2s9'].
[ERROR] [target_detector-1]: process has died [pid 1677797, exit code 1, cmd '/home/jonas/Documents/Bachelorarbeit/robocal/install/annin_ar4_calibration/lib/annin_ar4_calibration/target_detector --ros-args -r __node:=target_detector -p use_sim_time:=True --params-file /home/jonas/Documents/Bachelorarbeit/robocal/install/annin_ar4_calibration/share/annin_ar4_calibration/config/hand_eye_params.yaml --params-file /home/jonas/Documents/Bachelorarbeit/robocal/install/annin_ar4_calibration/share/annin_ar4_calibration/config/sim_overrides.yaml --params-file /home/jonas/benchmarks/runs/sim_wp4-s005-5c2b033458/extra_params.yaml --params-file /tmp/launch_params_wlcmctov'].
[ERROR] [hand_eye_collector-2]: process has died [pid 1677798, exit code 1, cmd '/home/jonas/Documents/Bachelorarbeit/robocal/install/annin_ar4_calibration/lib/annin_ar4_calibration/hand_eye_collector --ros-args -r __node:=hand_eye_collector -p use_sim_time:=True --params-file /home/jonas/Documents/Bachelorarbeit/robocal/install/annin_ar4_calibration/share/annin_ar4_calibration/config/hand_eye_params.yaml --params-file /home/jonas/Documents/Bachelorarbeit/robocal/install/annin_ar4_calibration/share/annin_ar4_calibration/config/sim_overrides.yaml --params-file /home/jonas/benchmarks/runs/sim_wp4-s005-5c2b033458/extra_params.yaml --params-file /tmp/launch_params_yl_jg3mi'].
