[INFO] [1787248232.433395943] [tcp_sim_poser]: Solving IK against the perturbed plant (/home/jonas/benchmarks/runs/sim_wp2-s005-8904c281a6/perturbation.yaml)
[INFO] [1787248232.628546521] [tcp_sim_poser]: TCP sim poser ready: reference_point=[0.3, 0.1, 0.2], tool_length=0.15 m, num_poses=30. Call ~/run_sequence to start.
[INFO] [1787248233.374777854] [tcp_sim_poser]: pose 1/30: executing (ik residual 0.0 um)
[WARN] [1787248238.861783091] [tcp_sim_poser]: Action 'move_action' was unsuccessful: STATUS_ABORTED.
[WARN] [1787248238.937041032] [tcp_sim_poser]: pose 1/30: SKIP motion failed
[INFO] [1787248239.387715933] [tcp_sim_poser]: pose 2/30: executing (ik residual 0.0 um)
[INFO] [1787248245.761088926] [tcp_sim_poser]: pose 2/30: collected (1 so far)
[INFO] [1787248246.409052034] [tcp_sim_poser]: pose 3/30: executing (ik residual 0.0 um)
[INFO] [1787248251.407183613] [tcp_sim_poser]: pose 3/30: collected (2 so far)
[INFO] [1787248251.722579020] [tcp_sim_poser]: pose 4/30: executing (ik residual 0.0 um)
[INFO] [1787248260.388759552] [tcp_sim_poser]: pose 4/30: collected (3 so far)
[INFO] [1787248261.885560210] [tcp_sim_poser]: pose 5/30: executing (ik residual 0.0 um)
[INFO] [1787248270.223612144] [tcp_sim_poser]: pose 5/30: collected (4 so far)
[INFO] [1787248271.640501711] [tcp_sim_poser]: pose 6/30: executing (ik residual 11.0 um)
[INFO] [1787248279.557446146] [tcp_sim_poser]: pose 6/30: collected (5 so far)
[INFO] [1787248280.982968504] [tcp_sim_poser]: pose 7/30: executing (ik residual 0.0 um)
[INFO] [1787248292.238503337] [tcp_sim_poser]: pose 7/30: collected (6 so far)
[INFO] [1787248292.615485217] [tcp_sim_poser]: pose 8/30: executing (ik residual 6.2 um)
[INFO] [1787248298.456707442] [tcp_sim_poser]: pose 8/30: collected (7 so far)
[INFO] [1787248298.766734598] [tcp_sim_poser]: pose 9/30: executing (ik residual 0.0 um)
[INFO] [1787248306.495106429] [tcp_sim_poser]: pose 9/30: collected (8 so far)
[INFO] [1787248308.792383335] [tcp_sim_poser]: pose 10/30: executing (ik residual 0.0 um)
[INFO] [1787248317.271064917] [tcp_sim_poser]: pose 10/30: collected (9 so far)
[INFO] [1787248317.716592712] [tcp_sim_poser]: pose 11/30: executing (ik residual 0.0 um)
[INFO] [1787248327.975486465] [tcp_sim_poser]: pose 11/30: collected (10 so far)
[INFO] [1787248328.339791199] [tcp_sim_poser]: pose 12/30: executing (ik residual 0.0 um)
[INFO] [1787248334.523857132] [tcp_sim_poser]: pose 12/30: collected (11 so far)
[INFO] [1787248334.962837594] [tcp_sim_poser]: pose 13/30: executing (ik residual 0.0 um)
[INFO] [1787248340.365662925] [tcp_sim_poser]: pose 13/30: collected (12 so far)
[INFO] [1787248340.804312774] [tcp_sim_poser]: pose 14/30: executing (ik residual 0.0 um)
[INFO] [1787248345.834785519] [tcp_sim_poser]: pose 14/30: collected (13 so far)
[INFO] [1787248346.157100487] [tcp_sim_poser]: pose 15/30: executing (ik residual 0.0 um)
[INFO] [1787248350.636224584] [tcp_sim_poser]: pose 15/30: collected (14 so far)
[INFO] [1787248351.141421299] [tcp_sim_poser]: pose 16/30: executing (ik residual 0.0 um)
[INFO] [1787248361.452216065] [tcp_sim_poser]: pose 16/30: collected (15 so far)
[INFO] [1787248361.946026539] [tcp_sim_poser]: pose 17/30: executing (ik residual 0.0 um)
[INFO] [1787248367.894046981] [tcp_sim_poser]: pose 17/30: collected (16 so far)
[INFO] [1787248368.226006267] [tcp_sim_poser]: pose 18/30: executing (ik residual 0.0 um)
[INFO] [1787248376.558488632] [tcp_sim_poser]: pose 18/30: collected (17 so far)
[INFO] [1787248377.188067926] [tcp_sim_poser]: pose 19/30: executing (ik residual 0.0 um)
[INFO] [1787248381.238255169] [tcp_sim_poser]: pose 19/30: collected (18 so far)
[INFO] [1787248381.561507433] [tcp_sim_poser]: pose 20/30: executing (ik residual 0.0 um)
[INFO] [1787248387.380075278] [tcp_sim_poser]: pose 20/30: collected (19 so far)
[INFO] [1787248387.717832322] [tcp_sim_poser]: pose 21/30: executing (ik residual 0.0 um)
[INFO] [1787248396.510221384] [tcp_sim_poser]: pose 21/30: collected (20 so far)
[INFO] [1787248396.795767211] [tcp_sim_poser]: pose 22/30: executing (ik residual 0.0 um)
[INFO] [1787248403.615070683] [tcp_sim_poser]: pose 22/30: collected (21 so far)
[INFO] [1787248405.151938468] [tcp_sim_poser]: pose 23/30: executing (ik residual 0.0 um)
[INFO] [1787248413.272156502] [tcp_sim_poser]: pose 23/30: collected (22 so far)
[INFO] [1787248415.868471191] [tcp_sim_poser]: pose 24/30: executing (ik residual 0.0 um)
[INFO] [1787248423.148837589] [tcp_sim_poser]: pose 24/30: collected (23 so far)
[INFO] [1787248423.674528200] [tcp_sim_poser]: pose 25/30: executing (ik residual 0.0 um)
[INFO] [1787248432.044097450] [tcp_sim_poser]: pose 25/30: collected (24 so far)
[INFO] [1787248432.443292989] [tcp_sim_poser]: pose 26/30: executing (ik residual 22.7 um)
[INFO] [1787248437.256787975] [tcp_sim_poser]: pose 26/30: collected (25 so far)
[INFO] [1787248437.717864693] [tcp_sim_poser]: pose 27/30: executing (ik residual 0.0 um)
[INFO] [1787248445.271197912] [tcp_sim_poser]: pose 27/30: collected (26 so far)
[INFO] [1787248445.528613862] [tcp_sim_poser]: pose 28/30: executing (ik residual 25.5 um)
[INFO] [1787248449.768423867] [tcp_sim_poser]: pose 28/30: collected (27 so far)
[INFO] [1787248450.532330172] [tcp_sim_poser]: pose 29/30: executing (ik residual 0.0 um)
[INFO] [1787248459.155304277] [tcp_sim_poser]: pose 29/30: collected (28 so far)
[INFO] [1787248459.579564982] [tcp_sim_poser]: pose 30/30: executing (ik residual 0.0 um)
[INFO] [1787248467.387857484] [tcp_sim_poser]: pose 30/30: collected (29 so far)
