[INFO] [1787253450.040429831] [tcp_sim_poser]: Solving IK against the perturbed plant (/home/jonas/benchmarks/runs/sim_wp2-s001-1abcd272c0/perturbation.yaml)
[INFO] [1787253450.325414790] [tcp_sim_poser]: TCP sim poser ready: reference_point=[0.3, 0.1, 0.2], tool_length=0.15 m, num_poses=40. Call ~/run_sequence to start.
[INFO] [1787253450.944523446] [tcp_sim_poser]: pose 1/40: executing (ik residual 0.0 um)
[INFO] [1787253459.089481358] [tcp_sim_poser]: pose 1/40: collected (1 so far)
[INFO] [1787253459.316749167] [tcp_sim_poser]: pose 2/40: executing (ik residual 0.0 um)
[INFO] [1787253466.465432673] [tcp_sim_poser]: pose 2/40: collected (2 so far)
[INFO] [1787253466.781521010] [tcp_sim_poser]: pose 3/40: executing (ik residual 0.0 um)
[INFO] [1787253475.952088201] [tcp_sim_poser]: pose 3/40: collected (3 so far)
[INFO] [1787253476.311254980] [tcp_sim_poser]: pose 4/40: executing (ik residual 0.0 um)
[INFO] [1787253481.295215756] [tcp_sim_poser]: pose 4/40: collected (4 so far)
[INFO] [1787253481.603767532] [tcp_sim_poser]: pose 5/40: executing (ik residual 9.2 um)
[INFO] [1787253487.847613434] [tcp_sim_poser]: pose 5/40: collected (5 so far)
[INFO] [1787253488.152970884] [tcp_sim_poser]: pose 6/40: executing (ik residual 0.0 um)
[INFO] [1787253493.814743801] [tcp_sim_poser]: pose 6/40: collected (6 so far)
[INFO] [1787253496.024856823] [tcp_sim_poser]: pose 7/40: executing (ik residual 5.9 um)
[INFO] [1787253509.306642491] [tcp_sim_poser]: pose 7/40: collected (7 so far)
[INFO] [1787253509.556156834] [tcp_sim_poser]: pose 8/40: executing (ik residual 2.6 um)
[INFO] [1787253515.995425970] [tcp_sim_poser]: pose 8/40: collected (8 so far)
[INFO] [1787253516.227711459] [tcp_sim_poser]: pose 9/40: executing (ik residual 15.6 um)
[INFO] [1787253521.927362319] [tcp_sim_poser]: pose 9/40: collected (9 so far)
[INFO] [1787253522.203238047] [tcp_sim_poser]: pose 10/40: executing (ik residual 0.0 um)
[INFO] [1787253531.289870218] [tcp_sim_poser]: pose 10/40: collected (10 so far)
[INFO] [1787253531.564025114] [tcp_sim_poser]: pose 11/40: executing (ik residual 10.8 um)
[INFO] [1787253543.219601415] [tcp_sim_poser]: pose 11/40: collected (11 so far)
[INFO] [1787253543.459778892] [tcp_sim_poser]: pose 12/40: executing (ik residual 11.4 um)
[INFO] [1787253551.117444833] [tcp_sim_poser]: pose 12/40: collected (12 so far)
[INFO] [1787253551.500087415] [tcp_sim_poser]: pose 13/40: executing (ik residual 0.0 um)
[INFO] [1787253557.533429883] [tcp_sim_poser]: pose 13/40: collected (13 so far)
[INFO] [1787253569.144874331] [tcp_sim_poser]: pose 14/40: executing (ik residual 0.0 um)
[INFO] [1787253581.533305166] [tcp_sim_poser]: pose 14/40: collected (14 so far)
[INFO] [1787253581.773100962] [tcp_sim_poser]: pose 15/40: executing (ik residual 0.0 um)
[INFO] [1787253586.826882834] [tcp_sim_poser]: pose 15/40: collected (15 so far)
[INFO] [1787253587.508832656] [tcp_sim_poser]: pose 16/40: executing (ik residual 0.0 um)
[INFO] [1787253599.069645856] [tcp_sim_poser]: pose 16/40: collected (16 so far)
[INFO] [1787253599.937607151] [tcp_sim_poser]: pose 17/40: executing (ik residual 39.8 um)
[INFO] [1787253610.083611187] [tcp_sim_poser]: pose 17/40: collected (17 so far)
[INFO] [1787253613.563813264] [tcp_sim_poser]: pose 18/40: executing (ik residual 0.0 um)
[INFO] [1787253623.735674079] [tcp_sim_poser]: pose 18/40: collected (18 so far)
[INFO] [1787253623.983852686] [tcp_sim_poser]: pose 19/40: executing (ik residual 0.0 um)
[INFO] [1787253631.342105330] [tcp_sim_poser]: pose 19/40: collected (19 so far)
[INFO] [1787253631.717375841] [tcp_sim_poser]: pose 20/40: executing (ik residual 0.0 um)
[INFO] [1787253640.035066362] [tcp_sim_poser]: pose 20/40: collected (20 so far)
[INFO] [1787253640.350735153] [tcp_sim_poser]: pose 21/40: executing (ik residual 0.0 um)
[INFO] [1787253648.726607759] [tcp_sim_poser]: pose 21/40: collected (21 so far)
[INFO] [1787253649.167124402] [tcp_sim_poser]: pose 22/40: executing (ik residual 0.0 um)
[INFO] [1787253656.442877171] [tcp_sim_poser]: pose 22/40: collected (22 so far)
[INFO] [1787253656.744353351] [tcp_sim_poser]: pose 23/40: executing (ik residual 0.0 um)
[INFO] [1787253664.972042818] [tcp_sim_poser]: pose 23/40: collected (23 so far)
[INFO] [1787253665.698897447] [tcp_sim_poser]: pose 24/40: executing (ik residual 0.0 um)
[INFO] [1787253680.250465885] [tcp_sim_poser]: pose 24/40: collected (24 so far)
[INFO] [1787253680.678564807] [tcp_sim_poser]: pose 25/40: executing (ik residual 47.3 um)
[WARN] [1787253683.812758171] [tcp_sim_poser]: Action 'move_action' was unsuccessful: STATUS_ABORTED.
[WARN] [1787253683.853702948] [tcp_sim_poser]: pose 25/40: SKIP motion failed
[INFO] [1787253684.241968437] [tcp_sim_poser]: pose 26/40: executing (ik residual 0.0 um)
[INFO] [1787253692.745130704] [tcp_sim_poser]: pose 26/40: collected (25 so far)
[INFO] [1787253692.894516350] [tcp_sim_poser]: pose 27/40: executing (ik residual 0.0 um)
[INFO] [1787253697.869557019] [tcp_sim_poser]: pose 27/40: collected (26 so far)
[INFO] [1787253698.096171539] [tcp_sim_poser]: pose 28/40: executing (ik residual 0.0 um)
[INFO] [1787253704.579030009] [tcp_sim_poser]: pose 28/40: collected (27 so far)
[INFO] [1787253704.946339553] [tcp_sim_poser]: pose 29/40: executing (ik residual 0.0 um)
[INFO] [1787253713.446226526] [tcp_sim_poser]: pose 29/40: collected (28 so far)
[INFO] [1787253720.198554040] [tcp_sim_poser]: pose 30/40: executing (ik residual 0.0 um)
[INFO] [1787253730.068210833] [tcp_sim_poser]: pose 30/40: collected (29 so far)
[INFO] [1787253730.403654717] [tcp_sim_poser]: pose 31/40: executing (ik residual 0.0 um)
[INFO] [1787253736.168382563] [tcp_sim_poser]: pose 31/40: collected (30 so far)
[INFO] [1787253736.456676390] [tcp_sim_poser]: pose 32/40: executing (ik residual 0.0 um)
[INFO] [1787253744.237960676] [tcp_sim_poser]: pose 32/40: collected (31 so far)
[INFO] [1787253744.523646636] [tcp_sim_poser]: pose 33/40: executing (ik residual 0.0 um)
[INFO] [1787253755.920552927] [tcp_sim_poser]: pose 33/40: collected (32 so far)
[INFO] [1787253756.123913172] [tcp_sim_poser]: pose 34/40: executing (ik residual 0.0 um)
[INFO] [1787253761.303136237] [tcp_sim_poser]: pose 34/40: collected (33 so far)
[INFO] [1787253761.649514478] [tcp_sim_poser]: pose 35/40: executing (ik residual 0.0 um)
[INFO] [1787253767.728672035] [tcp_sim_poser]: pose 35/40: collected (34 so far)
[INFO] [1787253768.362630243] [tcp_sim_poser]: pose 36/40: executing (ik residual 0.0 um)
[INFO] [1787253778.712020676] [tcp_sim_poser]: pose 36/40: collected (35 so far)
[INFO] [1787253778.906552975] [tcp_sim_poser]: pose 37/40: executing (ik residual 0.0 um)
[INFO] [1787253785.600219294] [tcp_sim_poser]: pose 37/40: collected (36 so far)
[INFO] [1787253785.809846303] [tcp_sim_poser]: pose 38/40: executing (ik residual 0.0 um)
[INFO] [1787253794.468060360] [tcp_sim_poser]: pose 38/40: collected (37 so far)
[INFO] [1787253794.645462869] [tcp_sim_poser]: pose 39/40: executing (ik residual 0.0 um)
[INFO] [1787253799.714530625] [tcp_sim_poser]: pose 39/40: collected (38 so far)
[INFO] [1787253799.962270719] [tcp_sim_poser]: pose 40/40: executing (ik residual 0.0 um)
[INFO] [1787253806.343324735] [tcp_sim_poser]: pose 40/40: collected (39 so far)
