[INFO] [launch]: All log files can be found below /home/jonas/benchmarks/runs/sim_wp4-s002-704d7b94ee/ros_home/log/2026-08-27-09-25-10-309772-Feanor-2166096
[INFO] [launch]: Default logging verbosity is set to INFO
[INFO] [target_detector-1]: process started with pid [2166107]
[INFO] [kinematic_collector-2]: process started with pid [2166108]
[INFO] [kinematic_calibration-3]: process started with pid [2166109]
[INFO] [kinematic_visualization-4]: process started with pid [2166110]
[kinematic_calibration-3] [WARN] [1787815512.524657659] [kinematic_calibration]: joint_2/joint_3 axes are near-parallel (|dot|=1.0000) - expect a poorly-conditioned direction there, mitigated by ridge regularization/bounds, not corrected exactly.
[kinematic_calibration-3] [INFO] [1787815512.544715014] [kinematic_calibration]: Kinematic calibration ready: calibration_type=eye_to_hand, sample_file=/home/jonas/benchmarks/runs/sim_wp4-s002-704d7b94ee/ros_home/annin_ar4_calibration/kinematic_samples.npy, result_file=/home/jonas/benchmarks/runs/sim_wp4-s002-704d7b94ee/ros_home/annin_ar4_calibration/kinematic_result.yaml
[target_detector-1] [INFO] [1787815513.395450137] [target_detector]: Target detector ready: target_type=charuco, target_frame=calibration_target
[kinematic_collector-2] [INFO] [1787815516.919980610] [kinematic_collector]: Kinematic collector ready: sample_file=/home/jonas/benchmarks/runs/sim_wp4-s002-704d7b94ee/ros_home/annin_ar4_calibration/kinematic_samples.npy. This node moves the robot during run_auto_sequence - clear the workspace first.
[kinematic_collector-2] [INFO] [1787815518.772700825] [kinematic_collector]: Candidate generation: 800/800 visible configs from 8192 draws (14.1% yield)
[kinematic_collector-2] [WARN] [1787815525.314736392] [kinematic_collector]: No fresh target detection at candidate pose, skipping
[kinematic_collector-2] [WARN] [1787815534.082889983] [kinematic_collector]: No fresh target detection at candidate pose, skipping
[kinematic_collector-2] [WARN] [1787815542.053061539] [kinematic_collector]: No fresh target detection at candidate pose, skipping
[kinematic_collector-2] [WARN] [1787815556.744265276] [kinematic_collector]: No fresh target detection at candidate pose, skipping
[kinematic_collector-2] [WARN] [1787815563.783718652] [kinematic_collector]: No fresh target detection at candidate pose, skipping
[kinematic_collector-2] [WARN] [1787815570.813066948] [kinematic_collector]: No fresh target detection at candidate pose, skipping
[kinematic_collector-2] [WARN] [1787815578.456892795] [kinematic_collector]: No fresh target detection at candidate pose, skipping
[kinematic_collector-2] [WARN] [1787815595.582630861] [kinematic_collector]: No fresh target detection at candidate pose, skipping
[kinematic_collector-2] [WARN] [1787815613.573211566] [kinematic_collector]: No fresh target detection at candidate pose, skipping
[kinematic_collector-2] [WARN] [1787815636.239221151] [kinematic_collector]: No fresh target detection at candidate pose, skipping
[kinematic_collector-2] [WARN] [1787815645.492579931] [kinematic_collector]: No fresh target detection at candidate pose, skipping
[kinematic_collector-2] [WARN] [1787815655.502396517] [kinematic_collector]: No fresh target detection at candidate pose, skipping
[kinematic_collector-2] [WARN] [1787815663.624037554] [kinematic_collector]: No fresh target detection at candidate pose, skipping
[kinematic_collector-2] [WARN] [1787815673.665693294] [kinematic_collector]: No fresh target detection at candidate pose, skipping
[kinematic_collector-2] [WARN] [1787815682.585692623] [kinematic_collector]: No fresh target detection at candidate pose, skipping
[kinematic_collector-2] [WARN] [1787815692.154774030] [kinematic_collector]: No fresh target detection at candidate pose, skipping
[kinematic_collector-2] [WARN] [1787815701.384480824] [kinematic_collector]: No fresh target detection at candidate pose, skipping
[kinematic_collector-2] [WARN] [1787815710.457201503] [kinematic_collector]: No fresh target detection at candidate pose, skipping
[kinematic_collector-2] [WARN] [1787815722.624133945] [kinematic_collector]: No fresh target detection at candidate pose, skipping
[kinematic_collector-2] [WARN] [1787815732.865321726] [kinematic_collector]: No fresh target detection at candidate pose, skipping
[kinematic_collector-2] [WARN] [1787815742.334817083] [kinematic_collector]: No fresh target detection at candidate pose, skipping
[kinematic_collector-2] [WARN] [1787815750.103974200] [kinematic_collector]: No fresh target detection at candidate pose, skipping
[kinematic_collector-2] [WARN] [1787815757.125159441] [kinematic_collector]: No fresh target detection at candidate pose, skipping
[kinematic_collector-2] [WARN] [1787815764.834929985] [kinematic_collector]: No fresh target detection at candidate pose, skipping
[kinematic_collector-2] [WARN] [1787815772.748281628] [kinematic_collector]: No fresh target detection at candidate pose, skipping
[kinematic_collector-2] [WARN] [1787815781.688581837] [kinematic_collector]: No fresh target detection at candidate pose, skipping
[kinematic_collector-2] [WARN] [1787815792.422990105] [kinematic_collector]: No fresh target detection at candidate pose, skipping
[kinematic_collector-2] [WARN] [1787815804.784812783] [kinematic_collector]: No fresh target detection at candidate pose, skipping
[kinematic_collector-2] [WARN] [1787815813.790304301] [kinematic_collector]: No fresh target detection at candidate pose, skipping
[kinematic_collector-2] [WARN] [1787815824.518796294] [kinematic_collector]: No fresh target detection at candidate pose, skipping
[kinematic_collector-2] [WARN] [1787815825.911140580] [kinematic_collector]: Action 'move_action' was unsuccessful: STATUS_ABORTED.
[kinematic_collector-2] [WARN] [1787815825.980376908] [kinematic_collector]: Candidate configuration skipped: motion failed
[kinematic_collector-2] [WARN] [1787815826.888005653] [kinematic_collector]: Action 'move_action' was unsuccessful: STATUS_ABORTED.
[kinematic_collector-2] [WARN] [1787815826.950775271] [kinematic_collector]: Candidate configuration skipped: motion failed
[kinematic_collector-2] [WARN] [1787815827.952784041] [kinematic_collector]: Action 'move_action' was unsuccessful: STATUS_ABORTED.
[kinematic_collector-2] [WARN] [1787815828.028092332] [kinematic_collector]: Candidate configuration skipped: motion failed
[kinematic_collector-2] [WARN] [1787815829.043705452] [kinematic_collector]: Action 'move_action' was unsuccessful: STATUS_ABORTED.
[kinematic_collector-2] [WARN] [1787815829.113630216] [kinematic_collector]: Candidate configuration skipped: motion failed
[kinematic_collector-2] [WARN] [1787815830.674452291] [kinematic_collector]: Action 'move_action' was unsuccessful: STATUS_ABORTED.
[kinematic_collector-2] [WARN] [1787815830.791459376] [kinematic_collector]: Candidate configuration skipped: motion failed
[kinematic_collector-2] [WARN] [1787815831.841717626] [kinematic_collector]: Action 'move_action' was unsuccessful: STATUS_ABORTED.
[kinematic_collector-2] [WARN] [1787815831.881188583] [kinematic_collector]: Candidate configuration skipped: motion failed
[kinematic_collector-2] [WARN] [1787815832.713173100] [kinematic_collector]: Action 'move_action' was unsuccessful: STATUS_ABORTED.
[kinematic_collector-2] [WARN] [1787815832.796453161] [kinematic_collector]: Candidate configuration skipped: motion failed
[kinematic_collector-2] [WARN] [1787815841.233024494] [kinematic_collector]: No fresh target detection at candidate pose, skipping
[kinematic_collector-2] [WARN] [1787815849.094878364] [kinematic_collector]: No fresh target detection at candidate pose, skipping
[kinematic_collector-2] [WARN] [1787815857.623815272] [kinematic_collector]: No fresh target detection at candidate pose, skipping
[kinematic_collector-2] [WARN] [1787815865.510171163] [kinematic_collector]: No fresh target detection at candidate pose, skipping
[kinematic_collector-2] [WARN] [1787815872.796941964] [kinematic_collector]: No fresh target detection at candidate pose, skipping
[kinematic_collector-2] [WARN] [1787815886.905668162] [kinematic_collector]: No fresh target detection at candidate pose, skipping
[kinematic_collector-2] [WARN] [1787815901.577963962] [kinematic_collector]: No fresh target detection at candidate pose, skipping
[kinematic_collector-2] [WARN] [1787815907.880493160] [kinematic_collector]: No fresh target detection at candidate pose, skipping
[kinematic_collector-2] [WARN] [1787815939.058479661] [kinematic_collector]: No fresh target detection at candidate pose, skipping
[kinematic_collector-2] [WARN] [1787815949.948956484] [kinematic_collector]: No fresh target detection at candidate pose, skipping
[kinematic_collector-2] [WARN] [1787815961.310941726] [kinematic_collector]: No fresh target detection at candidate pose, skipping
[kinematic_collector-2] [WARN] [1787815967.419413151] [kinematic_collector]: No fresh target detection at candidate pose, skipping
[kinematic_collector-2] [WARN] [1787815973.538787208] [kinematic_collector]: No fresh target detection at candidate pose, skipping
[kinematic_collector-2] [WARN] [1787815988.466117191] [kinematic_collector]: No fresh target detection at candidate pose, skipping
[kinematic_collector-2] [WARN] [1787816006.105556979] [kinematic_collector]: No fresh target detection at candidate pose, skipping
[kinematic_collector-2] [WARN] [1787816010.980217228] [kinematic_collector]: No fresh target detection at candidate pose, skipping
[kinematic_collector-2] [WARN] [1787816018.363077384] [kinematic_collector]: No fresh target detection at candidate pose, skipping
[kinematic_collector-2] [WARN] [1787816025.740541543] [kinematic_collector]: No fresh target detection at candidate pose, skipping
[kinematic_collector-2] [WARN] [1787816036.646013419] [kinematic_collector]: No fresh target detection at candidate pose, skipping
[kinematic_collector-2] [WARN] [1787816044.400698778] [kinematic_collector]: No fresh target detection at candidate pose, skipping
[kinematic_collector-2] [WARN] [1787816065.520954960] [kinematic_collector]: No fresh target detection at candidate pose, skipping
[kinematic_collector-2] [WARN] [1787816079.639553320] [kinematic_collector]: No fresh target detection at candidate pose, skipping
[kinematic_collector-2] [WARN] [1787816087.488395202] [kinematic_collector]: No fresh target detection at candidate pose, skipping
[kinematic_collector-2] [WARN] [1787816104.920494004] [kinematic_collector]: No fresh target detection at candidate pose, skipping
[kinematic_collector-2] [WARN] [1787816113.938766036] [kinematic_collector]: No fresh target detection at candidate pose, skipping
[kinematic_collector-2] [WARN] [1787816122.726527587] [kinematic_collector]: No fresh target detection at candidate pose, skipping
[kinematic_collector-2] [WARN] [1787816132.890695829] [kinematic_collector]: No fresh target detection at candidate pose, skipping
[kinematic_collector-2] [WARN] [1787816153.107988609] [kinematic_collector]: No fresh target detection at candidate pose, skipping
[kinematic_collector-2] [WARN] [1787816172.009219403] [kinematic_collector]: No fresh target detection at candidate pose, skipping
[kinematic_collector-2] [WARN] [1787816180.659348547] [kinematic_collector]: No fresh target detection at candidate pose, skipping
[kinematic_collector-2] [WARN] [1787816193.618775429] [kinematic_collector]: No fresh target detection at candidate pose, skipping
[kinematic_collector-2] [WARN] [1787816204.278845798] [kinematic_collector]: No fresh target detection at candidate pose, skipping
[kinematic_collector-2] [WARN] [1787816211.364145818] [kinematic_collector]: No fresh target detection at candidate pose, skipping
[kinematic_collector-2] [WARN] [1787816227.825684115] [kinematic_collector]: No fresh target detection at candidate pose, skipping
[kinematic_collector-2] [WARN] [1787816243.840721929] [kinematic_collector]: No fresh target detection at candidate pose, skipping
[kinematic_collector-2] [WARN] [1787816248.714395066] [kinematic_collector]: Action 'move_action' was unsuccessful: STATUS_ABORTED.
[kinematic_collector-2] [WARN] [1787816248.762506354] [kinematic_collector]: Candidate configuration skipped: motion failed
[kinematic_collector-2] [WARN] [1787816257.914090996] [kinematic_collector]: No fresh target detection at candidate pose, skipping
[kinematic_collector-2] [WARN] [1787816282.394342299] [kinematic_collector]: No fresh target detection at candidate pose, skipping
[kinematic_collector-2] [WARN] [1787816289.998419631] [kinematic_collector]: No fresh target detection at candidate pose, skipping
[kinematic_collector-2] [WARN] [1787816298.703502278] [kinematic_collector]: No fresh target detection at candidate pose, skipping
[kinematic_collector-2] [WARN] [1787816307.505584589] [kinematic_collector]: No fresh target detection at candidate pose, skipping
[kinematic_collector-2] [WARN] [1787816340.157793365] [kinematic_collector]: No fresh target detection at candidate pose, skipping
[kinematic_collector-2] [WARN] [1787816346.986517521] [kinematic_collector]: No fresh target detection at candidate pose, skipping
[kinematic_collector-2] [WARN] [1787816354.693661061] [kinematic_collector]: No fresh target detection at candidate pose, skipping
[kinematic_collector-2] [WARN] [1787816371.483474542] [kinematic_collector]: No fresh target detection at candidate pose, skipping
[kinematic_collector-2] [WARN] [1787816380.711745678] [kinematic_collector]: No fresh target detection at candidate pose, skipping
[kinematic_collector-2] [WARN] [1787816389.547646179] [kinematic_collector]: No fresh target detection at candidate pose, skipping
[kinematic_collector-2] [WARN] [1787816394.948489806] [kinematic_collector]: No fresh target detection at candidate pose, skipping
[kinematic_collector-2] [WARN] [1787816400.463617920] [kinematic_collector]: No fresh target detection at candidate pose, skipping
[kinematic_collector-2] [WARN] [1787816409.985555415] [kinematic_collector]: No fresh target detection at candidate pose, skipping
[kinematic_collector-2] [WARN] [1787816417.512666789] [kinematic_collector]: No fresh target detection at candidate pose, skipping
[kinematic_collector-2] [WARN] [1787816433.553344957] [kinematic_collector]: No fresh target detection at candidate pose, skipping
[kinematic_collector-2] [WARN] [1787816444.475904260] [kinematic_collector]: No fresh target detection at candidate pose, skipping
[kinematic_collector-2] [WARN] [1787816452.535224680] [kinematic_collector]: No fresh target detection at candidate pose, skipping
[kinematic_collector-2] [WARN] [1787816460.545482474] [kinematic_collector]: No fresh target detection at candidate pose, skipping
[kinematic_collector-2] [WARN] [1787816482.629050676] [kinematic_collector]: No fresh target detection at candidate pose, skipping
[kinematic_collector-2] [WARN] [1787816491.791223473] [kinematic_collector]: No fresh target detection at candidate pose, skipping
[kinematic_collector-2] [WARN] [1787816503.735858555] [kinematic_collector]: No fresh target detection at candidate pose, skipping
[kinematic_collector-2] [WARN] [1787816528.648102339] [kinematic_collector]: No fresh target detection at candidate pose, skipping
[kinematic_collector-2] [WARN] [1787816544.416277964] [kinematic_collector]: No fresh target detection at candidate pose, skipping
[kinematic_collector-2] [WARN] [1787816552.673983183] [kinematic_collector]: No fresh target detection at candidate pose, skipping
[kinematic_collector-2] [WARN] [1787816577.271095117] [kinematic_collector]: No fresh target detection at candidate pose, skipping
[kinematic_collector-2] [WARN] [1787816584.907836451] [kinematic_collector]: No fresh target detection at candidate pose, skipping
[kinematic_collector-2] [WARN] [1787816594.146069294] [kinematic_collector]: No fresh target detection at candidate pose, skipping
[kinematic_collector-2] [WARN] [1787816609.942972688] [kinematic_collector]: No fresh target detection at candidate pose, skipping
[kinematic_collector-2] [WARN] [1787816618.492250886] [kinematic_collector]: No fresh target detection at candidate pose, skipping
[kinematic_collector-2] [WARN] [1787816628.567316673] [kinematic_collector]: No fresh target detection at candidate pose, skipping
[kinematic_collector-2] [WARN] [1787816639.744537611] [kinematic_collector]: No fresh target detection at candidate pose, skipping
[kinematic_collector-2] [WARN] [1787816648.514734485] [kinematic_collector]: No fresh target detection at candidate pose, skipping
[kinematic_collector-2] [WARN] [1787816672.421892690] [kinematic_collector]: No fresh target detection at candidate pose, skipping
[kinematic_collector-2] [WARN] [1787816684.074049775] [kinematic_collector]: No fresh target detection at candidate pose, skipping
[kinematic_collector-2] [WARN] [1787816693.265588525] [kinematic_collector]: No fresh target detection at candidate pose, skipping
[kinematic_collector-2] [WARN] [1787816701.340123621] [kinematic_collector]: No fresh target detection at candidate pose, skipping
[kinematic_collector-2] [WARN] [1787816708.413219003] [kinematic_collector]: No fresh target detection at candidate pose, skipping
[kinematic_collector-2] [WARN] [1787816714.847931405] [kinematic_collector]: No fresh target detection at candidate pose, skipping
[kinematic_collector-2] [WARN] [1787816721.225374483] [kinematic_collector]: No fresh target detection at candidate pose, skipping
[kinematic_collector-2] [WARN] [1787816728.264369104] [kinematic_collector]: No fresh target detection at candidate pose, skipping
[kinematic_collector-2] [WARN] [1787816734.825875065] [kinematic_collector]: No fresh target detection at candidate pose, skipping
[kinematic_collector-2] [WARN] [1787816745.791144944] [kinematic_collector]: No fresh target detection at candidate pose, skipping
[kinematic_collector-2] [WARN] [1787816753.562355643] [kinematic_collector]: No fresh target detection at candidate pose, skipping
[kinematic_collector-2] [WARN] [1787816761.900731777] [kinematic_collector]: No fresh target detection at candidate pose, skipping
[kinematic_collector-2] [WARN] [1787816769.071998552] [kinematic_collector]: No fresh target detection at candidate pose, skipping
[kinematic_collector-2] [WARN] [1787816778.456071285] [kinematic_collector]: No fresh target detection at candidate pose, skipping
[kinematic_collector-2] [WARN] [1787816786.766494909] [kinematic_collector]: No fresh target detection at candidate pose, skipping
[kinematic_collector-2] [WARN] [1787816793.660053161] [kinematic_collector]: No fresh target detection at candidate pose, skipping
[kinematic_collector-2] [WARN] [1787816803.729179232] [kinematic_collector]: No fresh target detection at candidate pose, skipping
[kinematic_collector-2] [WARN] [1787816813.653962779] [kinematic_collector]: No fresh target detection at candidate pose, skipping
[kinematic_collector-2] [WARN] [1787816834.688066314] [kinematic_collector]: No fresh target detection at candidate pose, skipping
[kinematic_collector-2] [WARN] [1787816844.387993248] [kinematic_collector]: No fresh target detection at candidate pose, skipping
[kinematic_collector-2] [WARN] [1787816855.809612313] [kinematic_collector]: No fresh target detection at candidate pose, skipping
[kinematic_collector-2] [WARN] [1787816863.901649041] [kinematic_collector]: No fresh target detection at candidate pose, skipping
[kinematic_collector-2] [WARN] [1787816873.288002410] [kinematic_collector]: No fresh target detection at candidate pose, skipping
[kinematic_collector-2] [WARN] [1787816884.260633588] [kinematic_collector]: No fresh target detection at candidate pose, skipping
[kinematic_collector-2] [WARN] [1787816891.745958687] [kinematic_collector]: No fresh target detection at candidate pose, skipping
[kinematic_collector-2] [WARN] [1787816906.925749227] [kinematic_collector]: No fresh target detection at candidate pose, skipping
[kinematic_collector-2] [WARN] [1787816916.800718365] [kinematic_collector]: No fresh target detection at candidate pose, skipping
[kinematic_collector-2] [WARN] [1787816932.128342479] [kinematic_collector]: No fresh target detection at candidate pose, skipping
[kinematic_collector-2] [WARN] [1787816961.145989826] [kinematic_collector]: No fresh target detection at candidate pose, skipping
[kinematic_collector-2] [WARN] [1787816977.574750395] [kinematic_collector]: No fresh target detection at candidate pose, skipping
[kinematic_collector-2] [WARN] [1787816997.908738468] [kinematic_collector]: No fresh target detection at candidate pose, skipping
[kinematic_collector-2] [WARN] [1787817017.279708379] [kinematic_collector]: No fresh target detection at candidate pose, skipping
[kinematic_collector-2] [WARN] [1787817029.349710463] [kinematic_collector]: Action 'move_action' was unsuccessful: STATUS_ABORTED.
[kinematic_collector-2] [WARN] [1787817029.406800846] [kinematic_collector]: Candidate configuration skipped: motion failed
[kinematic_collector-2] [WARN] [1787817039.191203004] [kinematic_collector]: No fresh target detection at candidate pose, skipping
[kinematic_collector-2] [WARN] [1787817046.198016977] [kinematic_collector]: No fresh target detection at candidate pose, skipping
[kinematic_collector-2] [WARN] [1787817063.272050855] [kinematic_collector]: No fresh target detection at candidate pose, skipping
[kinematic_collector-2] [WARN] [1787817092.250805204] [kinematic_collector]: No fresh target detection at candidate pose, skipping
[kinematic_collector-2] [WARN] [1787817101.203830246] [kinematic_collector]: No fresh target detection at candidate pose, skipping
[kinematic_collector-2] [WARN] [1787817110.013975859] [kinematic_collector]: No fresh target detection at candidate pose, skipping
[kinematic_collector-2] [WARN] [1787817120.427067694] [kinematic_collector]: No fresh target detection at candidate pose, skipping
[kinematic_collector-2] [WARN] [1787817130.123219453] [kinematic_collector]: No fresh target detection at candidate pose, skipping
[kinematic_collector-2] [WARN] [1787817138.515272463] [kinematic_collector]: No fresh target detection at candidate pose, skipping
[kinematic_collector-2] [WARN] [1787817158.445429339] [kinematic_collector]: No fresh target detection at candidate pose, skipping
[kinematic_collector-2] [WARN] [1787817176.160140213] [kinematic_collector]: No fresh target detection at candidate pose, skipping
[kinematic_collector-2] [WARN] [1787817192.509320482] [kinematic_collector]: No fresh target detection at candidate pose, skipping
[kinematic_collector-2] [WARN] [1787817202.934535556] [kinematic_collector]: No fresh target detection at candidate pose, skipping
[kinematic_collector-2] [WARN] [1787817212.632709537] [kinematic_collector]: No fresh target detection at candidate pose, skipping
[kinematic_collector-2] [WARN] [1787817223.876157395] [kinematic_collector]: No fresh target detection at candidate pose, skipping
[kinematic_collector-2] [WARN] [1787817233.504584640] [kinematic_collector]: No fresh target detection at candidate pose, skipping
[kinematic_collector-2] [WARN] [1787817249.934155246] [kinematic_collector]: No fresh target detection at candidate pose, skipping
[kinematic_collector-2] [WARN] [1787817259.840940126] [kinematic_collector]: No fresh target detection at candidate pose, skipping
[kinematic_collector-2] [WARN] [1787817287.548889992] [kinematic_collector]: No fresh target detection at candidate pose, skipping
[kinematic_collector-2] [WARN] [1787817296.571524899] [kinematic_collector]: No fresh target detection at candidate pose, skipping
[kinematic_collector-2] [WARN] [1787817303.360263174] [kinematic_collector]: No fresh target detection at candidate pose, skipping
[kinematic_collector-2] [WARN] [1787817310.559093277] [kinematic_collector]: No fresh target detection at candidate pose, skipping
[kinematic_collector-2] [WARN] [1787817319.508006381] [kinematic_collector]: No fresh target detection at candidate pose, skipping
[kinematic_collector-2] [WARN] [1787817330.437104603] [kinematic_collector]: No fresh target detection at candidate pose, skipping
[kinematic_collector-2] [WARN] [1787817335.872137082] [kinematic_collector]: No fresh target detection at candidate pose, skipping
[kinematic_collector-2] [WARN] [1787817344.137751132] [kinematic_collector]: No fresh target detection at candidate pose, skipping
[kinematic_collector-2] [WARN] [1787817352.412836561] [kinematic_collector]: No fresh target detection at candidate pose, skipping
[kinematic_collector-2] [WARN] [1787817376.525083264] [kinematic_collector]: No fresh target detection at candidate pose, skipping
[kinematic_collector-2] [WARN] [1787817385.748670598] [kinematic_collector]: No fresh target detection at candidate pose, skipping
[kinematic_collector-2] [WARN] [1787817396.601726690] [kinematic_collector]: No fresh target detection at candidate pose, skipping
[kinematic_collector-2] [WARN] [1787817405.735562407] [kinematic_collector]: No fresh target detection at candidate pose, skipping
[kinematic_collector-2] [WARN] [1787817413.273624037] [kinematic_collector]: No fresh target detection at candidate pose, skipping
[kinematic_collector-2] [WARN] [1787817424.651671462] [kinematic_collector]: No fresh target detection at candidate pose, skipping
[kinematic_collector-2] [WARN] [1787817430.941021662] [kinematic_collector]: No fresh target detection at candidate pose, skipping
[kinematic_collector-2] [WARN] [1787817447.094368767] [kinematic_collector]: No fresh target detection at candidate pose, skipping
[kinematic_collector-2] [WARN] [1787817454.515841948] [kinematic_collector]: No fresh target detection at candidate pose, skipping
[kinematic_collector-2] [WARN] [1787817466.561032173] [kinematic_collector]: No fresh target detection at candidate pose, skipping
[kinematic_collector-2] [WARN] [1787817475.650468131] [kinematic_collector]: No fresh target detection at candidate pose, skipping
[kinematic_collector-2] [WARN] [1787817483.332972487] [kinematic_collector]: No fresh target detection at candidate pose, skipping
[kinematic_collector-2] [WARN] [1787817512.432261947] [kinematic_collector]: No fresh target detection at candidate pose, skipping
[kinematic_collector-2] [WARN] [1787817537.318498173] [kinematic_collector]: No fresh target detection at candidate pose, skipping
[kinematic_collector-2] [WARN] [1787817543.780387190] [kinematic_collector]: No fresh target detection at candidate pose, skipping
[kinematic_collector-2] [WARN] [1787817550.606188976] [kinematic_collector]: No fresh target detection at candidate pose, skipping
[kinematic_collector-2] [WARN] [1787817555.762757163] [kinematic_collector]: No fresh target detection at candidate pose, skipping
[kinematic_collector-2] [WARN] [1787817567.042972979] [kinematic_collector]: No fresh target detection at candidate pose, skipping
[kinematic_collector-2] [WARN] [1787817576.069977906] [kinematic_collector]: No fresh target detection at candidate pose, skipping
[kinematic_collector-2] [WARN] [1787817584.805892895] [kinematic_collector]: No fresh target detection at candidate pose, skipping
[kinematic_collector-2] [WARN] [1787817596.620059380] [kinematic_collector]: No fresh target detection at candidate pose, skipping
[kinematic_collector-2] [WARN] [1787817603.947206767] [kinematic_collector]: No fresh target detection at candidate pose, skipping
[kinematic_collector-2] [WARN] [1787817611.131296925] [kinematic_collector]: No fresh target detection at candidate pose, skipping
[kinematic_collector-2] [WARN] [1787817619.291405152] [kinematic_collector]: No fresh target detection at candidate pose, skipping
[kinematic_collector-2] [WARN] [1787817630.042114369] [kinematic_collector]: No fresh target detection at candidate pose, skipping
[kinematic_collector-2] [WARN] [1787817636.671807714] [kinematic_collector]: Action 'move_action' was unsuccessful: STATUS_ABORTED.
[kinematic_collector-2] [WARN] [1787817636.726875908] [kinematic_collector]: Candidate configuration skipped: motion failed
[kinematic_collector-2] [WARN] [1787817636.907756588] [kinematic_collector]: Action 'move_action' was unsuccessful: STATUS_ABORTED.
[kinematic_collector-2] [WARN] [1787817636.991277590] [kinematic_collector]: Candidate configuration skipped: motion failed
[kinematic_collector-2] [WARN] [1787817645.142605058] [kinematic_collector]: No fresh target detection at candidate pose, skipping
[kinematic_collector-2] [WARN] [1787817651.826491654] [kinematic_collector]: No fresh target detection at candidate pose, skipping
[kinematic_collector-2] [WARN] [1787817658.790112790] [kinematic_collector]: No fresh target detection at candidate pose, skipping
[kinematic_collector-2] [WARN] [1787817668.881459792] [kinematic_collector]: No fresh target detection at candidate pose, skipping
[kinematic_collector-2] [WARN] [1787817677.482004389] [kinematic_collector]: No fresh target detection at candidate pose, skipping
[kinematic_collector-2] [WARN] [1787817685.379410607] [kinematic_collector]: No fresh target detection at candidate pose, skipping
[kinematic_collector-2] [WARN] [1787817702.947254477] [kinematic_collector]: No fresh target detection at candidate pose, skipping
[kinematic_collector-2] [WARN] [1787817709.823082197] [kinematic_collector]: No fresh target detection at candidate pose, skipping
[kinematic_collector-2] [WARN] [1787817720.403340815] [kinematic_collector]: No fresh target detection at candidate pose, skipping
[kinematic_collector-2] [WARN] [1787817727.409602496] [kinematic_collector]: No fresh target detection at candidate pose, skipping
[kinematic_collector-2] [WARN] [1787817738.154991450] [kinematic_collector]: No fresh target detection at candidate pose, skipping
[kinematic_collector-2] [WARN] [1787817752.432674666] [kinematic_collector]: No fresh target detection at candidate pose, skipping
[kinematic_collector-2] [WARN] [1787817762.204225851] [kinematic_collector]: No fresh target detection at candidate pose, skipping
[kinematic_collector-2] [WARN] [1787817770.840089882] [kinematic_collector]: Action 'move_action' was unsuccessful: STATUS_ABORTED.
[kinematic_collector-2] [WARN] [1787817770.894492063] [kinematic_collector]: Candidate configuration skipped: motion failed
[kinematic_collector-2] [WARN] [1787817780.895685569] [kinematic_collector]: Action 'move_action' was unsuccessful: STATUS_ABORTED.
[kinematic_collector-2] [WARN] [1787817780.967302923] [kinematic_collector]: Candidate configuration skipped: motion failed
[kinematic_collector-2] [WARN] [1787817789.891381897] [kinematic_collector]: No fresh target detection at candidate pose, skipping
[kinematic_collector-2] [WARN] [1787817798.532537409] [kinematic_collector]: No fresh target detection at candidate pose, skipping
[kinematic_collector-2] [WARN] [1787817806.072458414] [kinematic_collector]: No fresh target detection at candidate pose, skipping
[kinematic_collector-2] [WARN] [1787817819.857697947] [kinematic_collector]: No fresh target detection at candidate pose, skipping
[kinematic_collector-2] [WARN] [1787817830.641901813] [kinematic_collector]: No fresh target detection at candidate pose, skipping
[kinematic_collector-2] [WARN] [1787817842.558511231] [kinematic_collector]: No fresh target detection at candidate pose, skipping
[kinematic_collector-2] [WARN] [1787817853.093925135] [kinematic_collector]: No fresh target detection at candidate pose, skipping
[kinematic_collector-2] [WARN] [1787817862.329037199] [kinematic_collector]: No fresh target detection at candidate pose, skipping
[kinematic_collector-2] [WARN] [1787817871.421050206] [kinematic_collector]: No fresh target detection at candidate pose, skipping
[kinematic_collector-2] [WARN] [1787817881.120742289] [kinematic_collector]: No fresh target detection at candidate pose, skipping
[kinematic_collector-2] [WARN] [1787817890.623654266] [kinematic_collector]: No fresh target detection at candidate pose, skipping
[kinematic_collector-2] [WARN] [1787817898.469519039] [kinematic_collector]: No fresh target detection at candidate pose, skipping
[kinematic_collector-2] [WARN] [1787817907.376975863] [kinematic_collector]: No fresh target detection at candidate pose, skipping
[kinematic_collector-2] [WARN] [1787817916.494412230] [kinematic_collector]: No fresh target detection at candidate pose, skipping
[kinematic_collector-2] [WARN] [1787817925.501441967] [kinematic_collector]: No fresh target detection at candidate pose, skipping
[kinematic_collector-2] [WARN] [1787817937.105236751] [kinematic_collector]: Action 'move_action' was unsuccessful: STATUS_ABORTED.
[kinematic_collector-2] [WARN] [1787817937.171369599] [kinematic_collector]: Candidate configuration skipped: motion failed
[kinematic_collector-2] [WARN] [1787817949.973693595] [kinematic_collector]: No fresh target detection at candidate pose, skipping
[kinematic_collector-2] [WARN] [1787817957.943566549] [kinematic_collector]: No fresh target detection at candidate pose, skipping
[kinematic_collector-2] [WARN] [1787817966.223764245] [kinematic_collector]: No fresh target detection at candidate pose, skipping
[kinematic_collector-2] [WARN] [1787817974.729202818] [kinematic_collector]: No fresh target detection at candidate pose, skipping
[kinematic_collector-2] [WARN] [1787817985.368498609] [kinematic_collector]: No fresh target detection at candidate pose, skipping
[kinematic_collector-2] [WARN] [1787817994.175217734] [kinematic_collector]: No fresh target detection at candidate pose, skipping
[kinematic_collector-2] [WARN] [1787818003.518855191] [kinematic_collector]: No fresh target detection at candidate pose, skipping
[kinematic_collector-2] [WARN] [1787818017.833763265] [kinematic_collector]: No fresh target detection at candidate pose, skipping
[kinematic_collector-2] [WARN] [1787818027.148107576] [kinematic_collector]: No fresh target detection at candidate pose, skipping
[kinematic_collector-2] [WARN] [1787818033.709087912] [kinematic_collector]: No fresh target detection at candidate pose, skipping
[kinematic_collector-2] [WARN] [1787818043.832704378] [kinematic_collector]: No fresh target detection at candidate pose, skipping
[kinematic_collector-2] [WARN] [1787818051.468031206] [kinematic_collector]: No fresh target detection at candidate pose, skipping
[kinematic_collector-2] [WARN] [1787818059.056457242] [kinematic_collector]: No fresh target detection at candidate pose, skipping
[kinematic_collector-2] [WARN] [1787818069.162976662] [kinematic_collector]: No fresh target detection at candidate pose, skipping
[kinematic_collector-2] [WARN] [1787818080.412004169] [kinematic_collector]: No fresh target detection at candidate pose, skipping
[kinematic_collector-2] [WARN] [1787818110.211610079] [kinematic_collector]: No fresh target detection at candidate pose, skipping
[kinematic_collector-2] [WARN] [1787818118.427097409] [kinematic_collector]: No fresh target detection at candidate pose, skipping
[kinematic_collector-2] [WARN] [1787818127.732876584] [kinematic_collector]: No fresh target detection at candidate pose, skipping
[kinematic_collector-2] [WARN] [1787818137.329044892] [kinematic_collector]: No fresh target detection at candidate pose, skipping
[kinematic_collector-2] [WARN] [1787818145.610336079] [kinematic_collector]: No fresh target detection at candidate pose, skipping
[kinematic_collector-2] [WARN] [1787818155.609797178] [kinematic_collector]: No fresh target detection at candidate pose, skipping
[kinematic_collector-2] [WARN] [1787818161.587431139] [kinematic_collector]: No fresh target detection at candidate pose, skipping
[kinematic_collector-2] [WARN] [1787818170.062917432] [kinematic_collector]: No fresh target detection at candidate pose, skipping
[kinematic_collector-2] [WARN] [1787818181.378746450] [kinematic_collector]: No fresh target detection at candidate pose, skipping
[kinematic_collector-2] [WARN] [1787818190.054205508] [kinematic_collector]: No fresh target detection at candidate pose, skipping
[kinematic_collector-2] [WARN] [1787818197.986184301] [kinematic_collector]: No fresh target detection at candidate pose, skipping
[kinematic_collector-2] [WARN] [1787818205.690833177] [kinematic_collector]: No fresh target detection at candidate pose, skipping
[kinematic_collector-2] [WARN] [1787818214.703118739] [kinematic_collector]: Action 'move_action' was unsuccessful: STATUS_ABORTED.
[kinematic_collector-2] [WARN] [1787818214.778482884] [kinematic_collector]: Candidate configuration skipped: motion failed
[kinematic_collector-2] [WARN] [1787818224.114880204] [kinematic_collector]: Action 'move_action' was unsuccessful: STATUS_ABORTED.
[kinematic_collector-2] [WARN] [1787818224.138155840] [kinematic_collector]: Candidate configuration skipped: motion failed
[kinematic_collector-2] [WARN] [1787818231.634469550] [kinematic_collector]: No fresh target detection at candidate pose, skipping
[kinematic_collector-2] [WARN] [1787818237.491679795] [kinematic_collector]: No fresh target detection at candidate pose, skipping
[kinematic_collector-2] [WARN] [1787818249.276492044] [kinematic_collector]: No fresh target detection at candidate pose, skipping
[kinematic_collector-2] [WARN] [1787818258.418197894] [kinematic_collector]: No fresh target detection at candidate pose, skipping
[kinematic_collector-2] [WARN] [1787818276.698933195] [kinematic_collector]: No fresh target detection at candidate pose, skipping
[kinematic_collector-2] [WARN] [1787818284.290240013] [kinematic_collector]: No fresh target detection at candidate pose, skipping
[kinematic_collector-2] [WARN] [1787818302.901549293] [kinematic_collector]: No fresh target detection at candidate pose, skipping
[kinematic_collector-2] [WARN] [1787818310.842740473] [kinematic_collector]: No fresh target detection at candidate pose, skipping
[kinematic_collector-2] [WARN] [1787818319.199463643] [kinematic_collector]: No fresh target detection at candidate pose, skipping
[kinematic_collector-2] [WARN] [1787818348.467064346] [kinematic_collector]: No fresh target detection at candidate pose, skipping
[kinematic_collector-2] [WARN] [1787818358.022385103] [kinematic_collector]: No fresh target detection at candidate pose, skipping
[WARNING] [launch]: user interrupted with ctrl-c (SIGINT)
[kinematic_visualization-4] Traceback (most recent call last):
[kinematic_visualization-4]   File "/home/jonas/Documents/Bachelorarbeit/robocal/install/annin_ar4_calibration/lib/python3.12/site-packages/annin_ar4_calibration/nodes/kinematic_visualization_node.py", line 250, in main
[kinematic_visualization-4]     rclpy.spin(node)
[kinematic_visualization-4]   File "/opt/ros/jazzy/lib/python3.12/site-packages/rclpy/__init__.py", line 247, in spin
[kinematic_visualization-4]     executor.spin_once()
[kinematic_visualization-4]   File "/opt/ros/jazzy/lib/python3.12/site-packages/rclpy/executors.py", line 926, in spin_once
[kinematic_visualization-4]     self._spin_once_impl(timeout_sec)
[kinematic_visualization-4]   File "/opt/ros/jazzy/lib/python3.12/site-packages/rclpy/executors.py", line 907, in _spin_once_impl
[kinematic_visualization-4]     handler, entity, node = self.wait_for_ready_callbacks(
[kinematic_visualization-4]                             ^^^^^^^^^^^^^^^^^^^^^^^^^^^^^^
[kinematic_visualization-4]   File "/opt/ros/jazzy/lib/python3.12/site-packages/rclpy/executors.py", line 877, in wait_for_ready_callbacks
[kinematic_visualization-4]     return next(self._cb_iter)
[kinematic_visualization-4]            ^^^^^^^^^^^^^^^^^^^
[kinematic_visualization-4]   File "/opt/ros/jazzy/lib/python3.12/site-packages/rclpy/executors.py", line 781, in _wait_for_ready_callbacks
[kinematic_visualization-4]     wait_set.wait(timeout_nsec)
[kinematic_visualization-4] KeyboardInterrupt
[kinematic_visualization-4] 
[kinematic_visualization-4] During handling of the above exception, another exception occurred:
[kinematic_visualization-4] 
[kinematic_visualization-4] Traceback (most recent call last):
[kinematic_visualization-4]   File "/home/jonas/Documents/Bachelorarbeit/robocal/install/annin_ar4_calibration/lib/annin_ar4_calibration/kinematic_visualization", line 33, in <module>
[kinematic_visualization-4]     sys.exit(load_entry_point('annin-ar4-calibration==0.0.1', 'console_scripts', 'kinematic_visualization')())
[kinematic_visualization-4]              ^^^^^^^^^^^^^^^^^^^^^^^^^^^^^^^^^^^^^^^^^^^^^^^^^^^^^^^^^^^^^^^^^^^^^^^^^^^^^^^^^^^^^^^^^^^^^^^^
[kinematic_visualization-4]   File "/home/jonas/Documents/Bachelorarbeit/robocal/install/annin_ar4_calibration/lib/python3.12/site-packages/annin_ar4_calibration/nodes/kinematic_visualization_node.py", line 253, in main
[kinematic_visualization-4]     rclpy.shutdown()
[kinematic_visualization-4]   File "/opt/ros/jazzy/lib/python3.12/site-packages/rclpy/__init__.py", line 134, in shutdown
[kinematic_visualization-4]     _shutdown(context=context)
[kinematic_visualization-4]   File "/opt/ros/jazzy/lib/python3.12/site-packages/rclpy/utilities.py", line 82, in shutdown
[kinematic_visualization-4]     context.shutdown()
[kinematic_visualization-4]   File "/opt/ros/jazzy/lib/python3.12/site-packages/rclpy/context.py", line 129, in shutdown
[kinematic_visualization-4]     self.__context.shutdown()
[kinematic_visualization-4] rclpy._rclpy_pybind11.RCLError: failed to shutdown: rcl_shutdown already called on the given context, at ./src/rcl/init.c:333
[kinematic_collector-2] Traceback (most recent call last):
[kinematic_collector-2]   File "/home/jonas/Documents/Bachelorarbeit/robocal/install/annin_ar4_calibration/lib/python3.12/site-packages/annin_ar4_calibration/nodes/kinematic_collector_node.py", line 642, in main
[kinematic_calibration-3] Traceback (most recent call last):
[kinematic_calibration-3]   File "/home/jonas/Documents/Bachelorarbeit/robocal/install/annin_ar4_calibration/lib/python3.12/site-packages/annin_ar4_calibration/nodes/kinematic_calibration_node.py", line 248, in main
[kinematic_calibration-3]     rclpy.spin(node)
[kinematic_calibration-3]   File "/opt/ros/jazzy/lib/python3.12/site-packages/rclpy/__init__.py", line 247, in spin
[kinematic_calibration-3]     executor.spin_once()
[kinematic_calibration-3]   File "/opt/ros/jazzy/lib/python3.12/site-packages/rclpy/executors.py", line 926, in spin_once
[kinematic_calibration-3]     self._spin_once_impl(timeout_sec)
[kinematic_calibration-3]   File "/opt/ros/jazzy/lib/python3.12/site-packages/rclpy/executors.py", line 907, in _spin_once_impl
[kinematic_calibration-3]     handler, entity, node = self.wait_for_ready_callbacks(
[kinematic_calibration-3]                             ^^^^^^^^^^^^^^^^^^^^^^^^^^^^^^
[kinematic_calibration-3]   File "/opt/ros/jazzy/lib/python3.12/site-packages/rclpy/executors.py", line 877, in wait_for_ready_callbacks
[kinematic_calibration-3]     return next(self._cb_iter)
[kinematic_calibration-3]            ^^^^^^^^^^^^^^^^^^^
[kinematic_calibration-3]   File "/opt/ros/jazzy/lib/python3.12/site-packages/rclpy/executors.py", line 781, in _wait_for_ready_callbacks
[kinematic_calibration-3]     wait_set.wait(timeout_nsec)
[kinematic_calibration-3] KeyboardInterrupt
[kinematic_calibration-3] 
[kinematic_calibration-3] During handling of the above exception, another exception occurred:
[kinematic_calibration-3] 
[kinematic_calibration-3] Traceback (most recent call last):
[kinematic_calibration-3]   File "/home/jonas/Documents/Bachelorarbeit/robocal/install/annin_ar4_calibration/lib/annin_ar4_calibration/kinematic_calibration", line 33, in <module>
[kinematic_collector-2]     executor.spin()
[kinematic_collector-2]   File "/opt/ros/jazzy/lib/python3.12/site-packages/rclpy/executors.py", line 359, in spin
[kinematic_collector-2]     self._spin_once_impl()
[kinematic_collector-2]   File "/opt/ros/jazzy/lib/python3.12/site-packages/rclpy/executors.py", line 991, in _spin_once_impl
[kinematic_collector-2]     handler, entity, node = self.wait_for_ready_callbacks(
[kinematic_collector-2]                             ^^^^^^^^^^^^^^^^^^^^^^^^^^^^^^
[kinematic_collector-2]   File "/opt/ros/jazzy/lib/python3.12/site-packages/rclpy/executors.py", line 877, in wait_for_ready_callbacks
[kinematic_collector-2]     return next(self._cb_iter)
[kinematic_collector-2]            ^^^^^^^^^^^^^^^^^^^
[kinematic_collector-2]   File "/opt/ros/jazzy/lib/python3.12/site-packages/rclpy/executors.py", line 748, in _wait_for_ready_callbacks
[kinematic_collector-2]     context_stack.enter_context(waitable)
[kinematic_collector-2]   File "/usr/lib/python3.12/contextlib.py", line 526, in enter_context
[kinematic_collector-2]     result = _enter(cm)
[kinematic_collector-2]              ^^^^^^^^^^
[kinematic_collector-2]   File "/opt/ros/jazzy/lib/python3.12/site-packages/rclpy/event_handler.py", line 129, in __enter__
[kinematic_collector-2]     self.__event.__enter__()
[kinematic_collector-2] KeyboardInterrupt
[kinematic_collector-2] 
[kinematic_collector-2] During handling of the above exception, another exception occurred:
[kinematic_collector-2] 
[kinematic_collector-2] Traceback (most recent call last):
[kinematic_collector-2]   File "/home/jonas/Documents/Bachelorarbeit/robocal/install/annin_ar4_calibration/lib/annin_ar4_calibration/kinematic_collector", line 33, in <module>
[kinematic_calibration-3]     sys.exit(load_entry_point('annin-ar4-calibration==0.0.1', 'console_scripts', 'kinematic_calibration')())
[kinematic_calibration-3]              ^^^^^^^^^^^^^^^^^^^^^^^^^^^^^^^^^^^^^^^^^^^^^^^^^^^^^^^^^^^^^^^^^^^^^^^^^^^^^^^^^^^^^^^^^^^^^^
[kinematic_calibration-3]   File "/home/jonas/Documents/Bachelorarbeit/robocal/install/annin_ar4_calibration/lib/python3.12/site-packages/annin_ar4_calibration/nodes/kinematic_calibration_node.py", line 251, in main
[kinematic_collector-2]     sys.exit(load_entry_point('annin-ar4-calibration==0.0.1', 'console_scripts', 'kinematic_collector')())
[kinematic_collector-2]              ^^^^^^^^^^^^^^^^^^^^^^^^^^^^^^^^^^^^^^^^^^^^^^^^^^^^^^^^^^^^^^^^^^^^^^^^^^^^^^^^^^^^^^^^^^^^
[kinematic_collector-2]   File "/home/jonas/Documents/Bachelorarbeit/robocal/install/annin_ar4_calibration/lib/python3.12/site-packages/annin_ar4_calibration/nodes/kinematic_collector_node.py", line 645, in main
[kinematic_calibration-3]     rclpy.shutdown()
[kinematic_calibration-3]   File "/opt/ros/jazzy/lib/python3.12/site-packages/rclpy/__init__.py", line 134, in shutdown
[kinematic_calibration-3]     _shutdown(context=context)
[kinematic_calibration-3]   File "/opt/ros/jazzy/lib/python3.12/site-packages/rclpy/utilities.py", line 82, in shutdown
[kinematic_calibration-3]     context.shutdown()
[kinematic_calibration-3]   File "/opt/ros/jazzy/lib/python3.12/site-packages/rclpy/context.py", line 129, in shutdown
[kinematic_calibration-3]     self.__context.shutdown()
[kinematic_calibration-3] rclpy._rclpy_pybind11.RCLError: failed to shutdown: rcl_shutdown already called on the given context, at ./src/rcl/init.c:333
[kinematic_collector-2]     rclpy.shutdown()
[kinematic_collector-2]   File "/opt/ros/jazzy/lib/python3.12/site-packages/rclpy/__init__.py", line 134, in shutdown
[kinematic_collector-2]     _shutdown(context=context)
[kinematic_collector-2]   File "/opt/ros/jazzy/lib/python3.12/site-packages/rclpy/utilities.py", line 82, in shutdown
[kinematic_collector-2]     context.shutdown()
[kinematic_collector-2]   File "/opt/ros/jazzy/lib/python3.12/site-packages/rclpy/context.py", line 129, in shutdown
[kinematic_collector-2]     self.__context.shutdown()
[kinematic_collector-2] rclpy._rclpy_pybind11.RCLError: failed to shutdown: rcl_shutdown already called on the given context, at ./src/rcl/init.c:333
[target_detector-1] Traceback (most recent call last):
[target_detector-1]   File "/home/jonas/Documents/Bachelorarbeit/robocal/install/annin_ar4_calibration/lib/python3.12/site-packages/annin_ar4_calibration/nodes/target_detector_node.py", line 122, in main
[target_detector-1]     rclpy.spin(node)
[target_detector-1]   File "/opt/ros/jazzy/lib/python3.12/site-packages/rclpy/__init__.py", line 247, in spin
[target_detector-1]     executor.spin_once()
[target_detector-1]   File "/opt/ros/jazzy/lib/python3.12/site-packages/rclpy/executors.py", line 926, in spin_once
[target_detector-1]     self._spin_once_impl(timeout_sec)
[target_detector-1]   File "/opt/ros/jazzy/lib/python3.12/site-packages/rclpy/executors.py", line 907, in _spin_once_impl
[target_detector-1]     handler, entity, node = self.wait_for_ready_callbacks(
[target_detector-1]                             ^^^^^^^^^^^^^^^^^^^^^^^^^^^^^^
[target_detector-1]   File "/opt/ros/jazzy/lib/python3.12/site-packages/rclpy/executors.py", line 877, in wait_for_ready_callbacks
[target_detector-1]     return next(self._cb_iter)
[target_detector-1]            ^^^^^^^^^^^^^^^^^^^
[target_detector-1]   File "/opt/ros/jazzy/lib/python3.12/site-packages/rclpy/executors.py", line 821, in _wait_for_ready_callbacks
[target_detector-1]     if sub.handle.pointer in subs_ready:
[target_detector-1]        ^^^^^^^^^^
[target_detector-1]   File "/opt/ros/jazzy/lib/python3.12/site-packages/rclpy/subscription.py", line 88, in handle
[target_detector-1]     @property
[target_detector-1] 
[target_detector-1] KeyboardInterrupt
[target_detector-1] 
[target_detector-1] During handling of the above exception, another exception occurred:
[target_detector-1] 
[target_detector-1] Traceback (most recent call last):
[target_detector-1]   File "/home/jonas/Documents/Bachelorarbeit/robocal/install/annin_ar4_calibration/lib/annin_ar4_calibration/target_detector", line 33, in <module>
[target_detector-1]     sys.exit(load_entry_point('annin-ar4-calibration==0.0.1', 'console_scripts', 'target_detector')())
[target_detector-1]              ^^^^^^^^^^^^^^^^^^^^^^^^^^^^^^^^^^^^^^^^^^^^^^^^^^^^^^^^^^^^^^^^^^^^^^^^^^^^^^^^^^^^^^^^
[target_detector-1]   File "/home/jonas/Documents/Bachelorarbeit/robocal/install/annin_ar4_calibration/lib/python3.12/site-packages/annin_ar4_calibration/nodes/target_detector_node.py", line 125, in main
[target_detector-1]     rclpy.shutdown()
[target_detector-1]   File "/opt/ros/jazzy/lib/python3.12/site-packages/rclpy/__init__.py", line 134, in shutdown
[target_detector-1]     _shutdown(context=context)
[target_detector-1]   File "/opt/ros/jazzy/lib/python3.12/site-packages/rclpy/utilities.py", line 82, in shutdown
[target_detector-1]     context.shutdown()
[target_detector-1]   File "/opt/ros/jazzy/lib/python3.12/site-packages/rclpy/context.py", line 129, in shutdown
[target_detector-1]     self.__context.shutdown()
[target_detector-1] rclpy._rclpy_pybind11.RCLError: failed to shutdown: rcl_shutdown already called on the given context, at ./src/rcl/init.c:333
[ERROR] [kinematic_visualization-4]: process has died [pid 2166110, exit code 1, cmd '/home/jonas/Documents/Bachelorarbeit/robocal/install/annin_ar4_calibration/lib/annin_ar4_calibration/kinematic_visualization --ros-args -r __node:=kinematic_visualization -p use_sim_time:=True --params-file /home/jonas/Documents/Bachelorarbeit/robocal/install/annin_ar4_calibration/share/annin_ar4_calibration/config/kinematic_params.yaml --params-file /home/jonas/Documents/Bachelorarbeit/robocal/install/annin_ar4_calibration/share/annin_ar4_calibration/config/sim_overrides.yaml --params-file /home/jonas/benchmarks/runs/sim_wp4-s002-704d7b94ee/extra_params.yaml'].
[ERROR] [kinematic_calibration-3]: process has died [pid 2166109, exit code 1, cmd '/home/jonas/Documents/Bachelorarbeit/robocal/install/annin_ar4_calibration/lib/annin_ar4_calibration/kinematic_calibration --ros-args -r __node:=kinematic_calibration -p use_sim_time:=True --params-file /home/jonas/Documents/Bachelorarbeit/robocal/install/annin_ar4_calibration/share/annin_ar4_calibration/config/kinematic_params.yaml --params-file /home/jonas/Documents/Bachelorarbeit/robocal/install/annin_ar4_calibration/share/annin_ar4_calibration/config/sim_overrides.yaml --params-file /home/jonas/benchmarks/runs/sim_wp4-s002-704d7b94ee/extra_params.yaml --params-file /tmp/launch_params_nak46jhm'].
[ERROR] [kinematic_collector-2]: process has died [pid 2166108, exit code 1, cmd '/home/jonas/Documents/Bachelorarbeit/robocal/install/annin_ar4_calibration/lib/annin_ar4_calibration/kinematic_collector --ros-args -r __node:=kinematic_collector -p use_sim_time:=True --params-file /home/jonas/Documents/Bachelorarbeit/robocal/install/annin_ar4_calibration/share/annin_ar4_calibration/config/kinematic_params.yaml --params-file /home/jonas/Documents/Bachelorarbeit/robocal/install/annin_ar4_calibration/share/annin_ar4_calibration/config/sim_overrides.yaml --params-file /home/jonas/benchmarks/runs/sim_wp4-s002-704d7b94ee/extra_params.yaml --params-file /tmp/launch_params_yfa58kkl'].
[ERROR] [target_detector-1]: process has died [pid 2166107, exit code 1, cmd '/home/jonas/Documents/Bachelorarbeit/robocal/install/annin_ar4_calibration/lib/annin_ar4_calibration/target_detector --ros-args -r __node:=target_detector -p use_sim_time:=True --params-file /home/jonas/Documents/Bachelorarbeit/robocal/install/annin_ar4_calibration/share/annin_ar4_calibration/config/kinematic_params.yaml --params-file /home/jonas/Documents/Bachelorarbeit/robocal/install/annin_ar4_calibration/share/annin_ar4_calibration/config/sim_overrides.yaml --params-file /home/jonas/benchmarks/runs/sim_wp4-s002-704d7b94ee/extra_params.yaml --params-file /tmp/launch_params_kwe7dqay'].
