[INFO] [1787258518.068869209] [tcp_sim_poser]: Solving IK against the perturbed plant (/home/jonas/benchmarks/runs/sim_wp2-s004-19cebfacef/perturbation.yaml)
[INFO] [1787258518.290372277] [tcp_sim_poser]: TCP sim poser ready: reference_point=[0.3, 0.1, 0.2], tool_length=0.15 m, num_poses=40. Call ~/run_sequence to start.
[INFO] [1787258519.161991006] [tcp_sim_poser]: pose 1/40: executing (ik residual 0.0 um)
[WARN] [1787258519.354857960] [tcp_sim_poser]: Action 'move_action' was unsuccessful: STATUS_ABORTED.
[WARN] [1787258519.447666616] [tcp_sim_poser]: pose 1/40: SKIP motion failed
[INFO] [1787258523.998752540] [tcp_sim_poser]: pose 2/40: executing (ik residual 0.0 um)
[INFO] [1787258531.978518028] [tcp_sim_poser]: pose 2/40: collected (1 so far)
[INFO] [1787258532.560652715] [tcp_sim_poser]: pose 3/40: executing (ik residual 4.4 um)
[INFO] [1787258538.884823914] [tcp_sim_poser]: pose 3/40: collected (2 so far)
[INFO] [1787258539.449704979] [tcp_sim_poser]: pose 4/40: executing (ik residual 1.6 um)
[INFO] [1787258544.769265527] [tcp_sim_poser]: pose 4/40: collected (3 so far)
[INFO] [1787258545.220262823] [tcp_sim_poser]: pose 5/40: executing (ik residual 6.0 um)
[INFO] [1787258552.263927680] [tcp_sim_poser]: pose 5/40: collected (4 so far)
[INFO] [1787258553.185111318] [tcp_sim_poser]: pose 6/40: executing (ik residual 1.2 um)
[INFO] [1787258560.729849732] [tcp_sim_poser]: pose 6/40: collected (5 so far)
[INFO] [1787258561.018758772] [tcp_sim_poser]: pose 7/40: executing (ik residual 2.0 um)
[INFO] [1787258566.761919788] [tcp_sim_poser]: pose 7/40: collected (6 so far)
[INFO] [1787258567.297254678] [tcp_sim_poser]: pose 8/40: executing (ik residual 4.5 um)
[INFO] [1787258575.845751073] [tcp_sim_poser]: pose 8/40: collected (7 so far)
[INFO] [1787258576.233410929] [tcp_sim_poser]: pose 9/40: executing (ik residual 1.3 um)
[INFO] [1787258583.294259208] [tcp_sim_poser]: pose 9/40: collected (8 so far)
[INFO] [1787258584.050654767] [tcp_sim_poser]: pose 10/40: executing (ik residual 0.0 um)
[INFO] [1787258592.043124862] [tcp_sim_poser]: pose 10/40: collected (9 so far)
[INFO] [1787258593.754658532] [tcp_sim_poser]: pose 11/40: executing (ik residual 0.0 um)
[INFO] [1787258602.320259751] [tcp_sim_poser]: pose 11/40: collected (10 so far)
[INFO] [1787258602.836814228] [tcp_sim_poser]: pose 12/40: executing (ik residual 0.0 um)
[INFO] [1787258607.909222609] [tcp_sim_poser]: pose 12/40: collected (11 so far)
[INFO] [1787258608.425702362] [tcp_sim_poser]: pose 13/40: executing (ik residual 28.6 um)
[INFO] [1787258614.474705779] [tcp_sim_poser]: pose 13/40: collected (12 so far)
[INFO] [1787258617.173223136] [tcp_sim_poser]: pose 14/40: executing (ik residual 0.0 um)
[INFO] [1787258625.823493583] [tcp_sim_poser]: pose 14/40: collected (13 so far)
[INFO] [1787258626.300323258] [tcp_sim_poser]: pose 15/40: executing (ik residual 0.0 um)
[INFO] [1787258633.682190292] [tcp_sim_poser]: pose 15/40: collected (14 so far)
[INFO] [1787258634.051886704] [tcp_sim_poser]: pose 16/40: executing (ik residual 0.0 um)
[INFO] [1787258640.858770888] [tcp_sim_poser]: pose 16/40: collected (15 so far)
[INFO] [1787258641.212731986] [tcp_sim_poser]: pose 17/40: executing (ik residual 0.0 um)
[INFO] [1787258647.482983494] [tcp_sim_poser]: pose 17/40: collected (16 so far)
[INFO] [1787258647.784355405] [tcp_sim_poser]: pose 18/40: executing (ik residual 0.0 um)
[INFO] [1787258654.689711445] [tcp_sim_poser]: pose 18/40: collected (17 so far)
[INFO] [1787258655.179284793] [tcp_sim_poser]: pose 19/40: executing (ik residual 0.0 um)
[INFO] [1787258660.846277082] [tcp_sim_poser]: pose 19/40: collected (18 so far)
[INFO] [1787258661.238395668] [tcp_sim_poser]: pose 20/40: executing (ik residual 0.0 um)
[INFO] [1787258668.759551692] [tcp_sim_poser]: pose 20/40: collected (19 so far)
[INFO] [1787258669.075051905] [tcp_sim_poser]: pose 21/40: executing (ik residual 0.0 um)
[INFO] [1787258676.344400904] [tcp_sim_poser]: pose 21/40: collected (20 so far)
[INFO] [1787258676.801462584] [tcp_sim_poser]: pose 22/40: executing (ik residual 0.0 um)
[INFO] [1787258682.299806873] [tcp_sim_poser]: pose 22/40: collected (21 so far)
[INFO] [1787258682.745528270] [tcp_sim_poser]: pose 23/40: executing (ik residual 0.0 um)
[INFO] [1787258688.630099508] [tcp_sim_poser]: pose 23/40: collected (22 so far)
[INFO] [1787258690.212056437] [tcp_sim_poser]: pose 24/40: executing (ik residual 24.1 um)
[INFO] [1787258699.522668596] [tcp_sim_poser]: pose 24/40: collected (23 so far)
[INFO] [1787258700.874120862] [tcp_sim_poser]: pose 25/40: executing (ik residual 0.0 um)
[INFO] [1787258708.617630338] [tcp_sim_poser]: pose 25/40: collected (24 so far)
[INFO] [1787258708.986862629] [tcp_sim_poser]: pose 26/40: executing (ik residual 0.0 um)
[INFO] [1787258714.689503717] [tcp_sim_poser]: pose 26/40: collected (25 so far)
[INFO] [1787258715.084986100] [tcp_sim_poser]: pose 27/40: executing (ik residual 0.0 um)
[INFO] [1787258722.415168286] [tcp_sim_poser]: pose 27/40: collected (26 so far)
[INFO] [1787258722.795367697] [tcp_sim_poser]: pose 28/40: executing (ik residual 0.0 um)
[INFO] [1787258728.264484374] [tcp_sim_poser]: pose 28/40: collected (27 so far)
[INFO] [1787258728.810328693] [tcp_sim_poser]: pose 29/40: executing (ik residual 0.0 um)
[INFO] [1787258736.949116365] [tcp_sim_poser]: pose 29/40: collected (28 so far)
[INFO] [1787258739.272756594] [tcp_sim_poser]: pose 30/40: executing (ik residual 0.0 um)
[INFO] [1787258747.539719524] [tcp_sim_poser]: pose 30/40: collected (29 so far)
[INFO] [1787258748.008569054] [tcp_sim_poser]: pose 31/40: executing (ik residual 1.8 um)
[INFO] [1787258753.346459650] [tcp_sim_poser]: pose 31/40: collected (30 so far)
[INFO] [1787258753.703964870] [tcp_sim_poser]: pose 32/40: executing (ik residual 19.1 um)
[INFO] [1787258759.739964709] [tcp_sim_poser]: pose 32/40: collected (31 so far)
[INFO] [1787258760.857444291] [tcp_sim_poser]: pose 33/40: executing (ik residual 13.7 um)
[INFO] [1787258769.893310794] [tcp_sim_poser]: pose 33/40: collected (32 so far)
[INFO] [1787258770.238004108] [tcp_sim_poser]: pose 34/40: executing (ik residual 2.6 um)
[INFO] [1787258774.758697391] [tcp_sim_poser]: pose 34/40: collected (33 so far)
[INFO] [1787258776.434105123] [tcp_sim_poser]: pose 35/40: executing (ik residual 0.9 um)
[INFO] [1787258785.779787316] [tcp_sim_poser]: pose 35/40: collected (34 so far)
[INFO] [1787258786.229084868] [tcp_sim_poser]: pose 36/40: executing (ik residual 3.5 um)
[INFO] [1787258791.638206095] [tcp_sim_poser]: pose 36/40: collected (35 so far)
[INFO] [1787258792.752741057] [tcp_sim_poser]: pose 37/40: executing (ik residual 26.7 um)
[INFO] [1787258804.535350384] [tcp_sim_poser]: pose 37/40: collected (36 so far)
[INFO] [1787258806.191669578] [tcp_sim_poser]: pose 38/40: executing (ik residual 7.6 um)
[INFO] [1787258818.151229320] [tcp_sim_poser]: pose 38/40: collected (37 so far)
[INFO] [1787258819.298923526] [tcp_sim_poser]: pose 39/40: executing (ik residual 0.0 um)
[INFO] [1787258827.533415987] [tcp_sim_poser]: pose 39/40: collected (38 so far)
[INFO] [1787258829.878282336] [tcp_sim_poser]: pose 40/40: executing (ik residual 0.0 um)
[INFO] [1787258838.318729781] [tcp_sim_poser]: pose 40/40: collected (39 so far)
