[INFO] [1787239636.388960033] [tcp_sim_poser]: Solving IK against the perturbed plant (/home/jonas/benchmarks/runs/sim_wp2-s004-be880a024e/perturbation.yaml)
[INFO] [1787239636.598041467] [tcp_sim_poser]: TCP sim poser ready: reference_point=[0.3, 0.1, 0.2], tool_length=0.15 m, num_poses=10. Call ~/run_sequence to start.
[INFO] [1787239636.800405554] [tcp_sim_poser]: pose 1/10: executing (ik residual 0.0 um)
[WARN] [1787239636.862302251] [tcp_sim_poser]: Action server 'move_action' is not yet available. Better luck next time!
[WARN] [1787239636.892853866] [tcp_sim_poser]: pose 1/10: SKIP motion never started (move action server unavailable)
[INFO] [1787239637.922033757] [tcp_sim_poser]: pose 2/10: executing (ik residual 0.0 um)
[INFO] [1787239648.618648821] [tcp_sim_poser]: pose 2/10: collected (1 so far)
[INFO] [1787239649.036127078] [tcp_sim_poser]: pose 3/10: executing (ik residual 4.4 um)
[INFO] [1787239656.012763749] [tcp_sim_poser]: pose 3/10: collected (2 so far)
[INFO] [1787239656.529269880] [tcp_sim_poser]: pose 4/10: executing (ik residual 1.6 um)
[INFO] [1787239661.600408487] [tcp_sim_poser]: pose 4/10: collected (3 so far)
[INFO] [1787239662.113999171] [tcp_sim_poser]: pose 5/10: executing (ik residual 6.0 um)
[INFO] [1787239668.677066359] [tcp_sim_poser]: pose 5/10: collected (4 so far)
[INFO] [1787239669.323473777] [tcp_sim_poser]: pose 6/10: executing (ik residual 1.2 um)
[INFO] [1787239676.338122679] [tcp_sim_poser]: pose 6/10: collected (5 so far)
[INFO] [1787239676.871916693] [tcp_sim_poser]: pose 7/10: executing (ik residual 2.0 um)
[INFO] [1787239684.670199777] [tcp_sim_poser]: pose 7/10: collected (6 so far)
[INFO] [1787239685.236882375] [tcp_sim_poser]: pose 8/10: executing (ik residual 4.4 um)
[INFO] [1787239693.123855130] [tcp_sim_poser]: pose 8/10: collected (7 so far)
[INFO] [1787239693.580195522] [tcp_sim_poser]: pose 9/10: executing (ik residual 1.3 um)
[INFO] [1787239700.198913571] [tcp_sim_poser]: pose 9/10: collected (8 so far)
[INFO] [1787239701.058141694] [tcp_sim_poser]: pose 10/10: executing (ik residual 0.0 um)
[INFO] [1787239708.504274829] [tcp_sim_poser]: pose 10/10: collected (9 so far)
[INFO] [1787261107.772988453] [tcp_sim_poser]: Solving IK against the perturbed plant (/home/jonas/benchmarks/runs/sim_wp2-s004-be880a024e/perturbation.yaml)
[INFO] [1787261107.989871640] [tcp_sim_poser]: TCP sim poser ready: reference_point=[0.3, 0.1, 0.2], tool_length=0.15 m, num_poses=10. Call ~/run_sequence to start.
[INFO] [1787261109.026003710] [tcp_sim_poser]: pose 1/10: executing (ik residual 0.0 um)
[INFO] [1787261116.995717466] [tcp_sim_poser]: pose 1/10: collected (1 so far)
[INFO] [1787261120.014383558] [tcp_sim_poser]: pose 2/10: executing (ik residual 0.0 um)
[INFO] [1787261127.933646851] [tcp_sim_poser]: pose 2/10: collected (2 so far)
[INFO] [1787261128.440360013] [tcp_sim_poser]: pose 3/10: executing (ik residual 4.4 um)
[INFO] [1787261134.815054275] [tcp_sim_poser]: pose 3/10: collected (3 so far)
[INFO] [1787261135.182701954] [tcp_sim_poser]: pose 4/10: executing (ik residual 1.6 um)
[INFO] [1787261140.394771557] [tcp_sim_poser]: pose 4/10: collected (4 so far)
[INFO] [1787261140.712928114] [tcp_sim_poser]: pose 5/10: executing (ik residual 6.0 um)
[INFO] [1787261147.743029431] [tcp_sim_poser]: pose 5/10: collected (5 so far)
[INFO] [1787261148.382322063] [tcp_sim_poser]: pose 6/10: executing (ik residual 1.2 um)
[INFO] [1787261155.937266416] [tcp_sim_poser]: pose 6/10: collected (6 so far)
[INFO] [1787261156.417834209] [tcp_sim_poser]: pose 7/10: executing (ik residual 2.0 um)
[INFO] [1787261162.357228123] [tcp_sim_poser]: pose 7/10: collected (7 so far)
[INFO] [1787261162.610240745] [tcp_sim_poser]: pose 8/10: executing (ik residual 4.4 um)
[INFO] [1787261171.022442493] [tcp_sim_poser]: pose 8/10: collected (8 so far)
[INFO] [1787261171.345466901] [tcp_sim_poser]: pose 9/10: executing (ik residual 1.3 um)
[INFO] [1787261178.531300404] [tcp_sim_poser]: pose 9/10: collected (9 so far)
[INFO] [1787261179.280623072] [tcp_sim_poser]: pose 10/10: executing (ik residual 0.0 um)
[INFO] [1787261187.254592163] [tcp_sim_poser]: pose 10/10: collected (10 so far)
