[INFO] [1787238810.102213685] [tcp_sim_poser]: Solving IK against the perturbed plant (/home/jonas/benchmarks/runs/sim_wp2-s002-e186c2ce55/perturbation.yaml)
[INFO] [1787238810.323688423] [tcp_sim_poser]: TCP sim poser ready: reference_point=[0.3, 0.1, 0.2], tool_length=0.15 m, num_poses=10. Call ~/run_sequence to start.
[INFO] [1787238810.489131489] [tcp_sim_poser]: pose 1/10: executing (ik residual 0.0 um)
[WARN] [1787238810.544357934] [tcp_sim_poser]: Action server 'move_action' is not yet available. Better luck next time!
[WARN] [1787238810.571360521] [tcp_sim_poser]: pose 1/10: SKIP motion never started (move action server unavailable)
[INFO] [1787238811.772887598] [tcp_sim_poser]: pose 2/10: executing (ik residual 11.9 um)
[WARN] [1787238811.802341423] [tcp_sim_poser]: Action server 'move_action' is not yet available. Better luck next time!
[WARN] [1787238811.825436682] [tcp_sim_poser]: pose 2/10: SKIP motion never started (move action server unavailable)
[INFO] [1787238812.054300288] [tcp_sim_poser]: pose 3/10: executing (ik residual 0.0 um)
[INFO] [1787238818.792374594] [tcp_sim_poser]: pose 3/10: collected (1 so far)
[INFO] [1787238819.256144063] [tcp_sim_poser]: pose 4/10: executing (ik residual 0.0 um)
[INFO] [1787238824.871387174] [tcp_sim_poser]: pose 4/10: collected (2 so far)
[INFO] [1787238825.322014762] [tcp_sim_poser]: pose 5/10: executing (ik residual 0.0 um)
[INFO] [1787238835.668210942] [tcp_sim_poser]: pose 5/10: collected (3 so far)
[INFO] [1787238839.839121242] [tcp_sim_poser]: pose 6/10: executing (ik residual 0.0 um)
[INFO] [1787238847.062685227] [tcp_sim_poser]: pose 6/10: collected (4 so far)
[INFO] [1787238847.432242326] [tcp_sim_poser]: pose 7/10: executing (ik residual 0.7 um)
[INFO] [1787238852.231864205] [tcp_sim_poser]: pose 7/10: collected (5 so far)
[INFO] [1787238852.671095989] [tcp_sim_poser]: pose 8/10: executing (ik residual 0.0 um)
[INFO] [1787238856.784500023] [tcp_sim_poser]: pose 8/10: collected (6 so far)
[INFO] [1787238857.293868848] [tcp_sim_poser]: pose 9/10: executing (ik residual 4.1 um)
[INFO] [1787238861.431463866] [tcp_sim_poser]: pose 9/10: collected (7 so far)
[INFO] [1787238862.044207152] [tcp_sim_poser]: pose 10/10: executing (ik residual 0.4 um)
[INFO] [1787238866.851567854] [tcp_sim_poser]: pose 10/10: collected (8 so far)
[INFO] [1787260856.163920061] [tcp_sim_poser]: Solving IK against the perturbed plant (/home/jonas/benchmarks/runs/sim_wp2-s002-e186c2ce55/perturbation.yaml)
[INFO] [1787260856.396288015] [tcp_sim_poser]: TCP sim poser ready: reference_point=[0.3, 0.1, 0.2], tool_length=0.15 m, num_poses=10. Call ~/run_sequence to start.
[INFO] [1787260857.249581194] [tcp_sim_poser]: pose 1/10: executing (ik residual 0.0 um)
[INFO] [1787260865.342600257] [tcp_sim_poser]: pose 1/10: collected (1 so far)
[INFO] [1787260869.855646154] [tcp_sim_poser]: pose 2/10: executing (ik residual 11.9 um)
[INFO] [1787260878.994033233] [tcp_sim_poser]: pose 2/10: collected (2 so far)
[INFO] [1787260880.556487479] [tcp_sim_poser]: pose 3/10: executing (ik residual 0.0 um)
[INFO] [1787260888.560423967] [tcp_sim_poser]: pose 3/10: collected (3 so far)
[INFO] [1787260888.948686052] [tcp_sim_poser]: pose 4/10: executing (ik residual 0.0 um)
[INFO] [1787260895.042261177] [tcp_sim_poser]: pose 4/10: collected (4 so far)
[INFO] [1787260895.819132293] [tcp_sim_poser]: pose 5/10: executing (ik residual 0.0 um)
[INFO] [1787260903.148789510] [tcp_sim_poser]: pose 5/10: collected (5 so far)
[INFO] [1787260906.798566362] [tcp_sim_poser]: pose 6/10: executing (ik residual 0.0 um)
[INFO] [1787260914.773060297] [tcp_sim_poser]: pose 6/10: collected (6 so far)
[INFO] [1787260914.948110265] [tcp_sim_poser]: pose 7/10: executing (ik residual 0.7 um)
[INFO] [1787260920.035738189] [tcp_sim_poser]: pose 7/10: collected (7 so far)
[INFO] [1787260920.589466250] [tcp_sim_poser]: pose 8/10: executing (ik residual 0.0 um)
[INFO] [1787260924.874510810] [tcp_sim_poser]: pose 8/10: collected (8 so far)
[INFO] [1787260925.321953734] [tcp_sim_poser]: pose 9/10: executing (ik residual 4.1 um)
[INFO] [1787260929.756722904] [tcp_sim_poser]: pose 9/10: collected (9 so far)
[INFO] [1787260930.058642522] [tcp_sim_poser]: pose 10/10: executing (ik residual 0.4 um)
[INFO] [1787260935.110415866] [tcp_sim_poser]: pose 10/10: collected (10 so far)
