[INFO] [launch]: All log files can be found below /home/jonas/benchmarks/runs/sim_wp4-s001-2143ade799/ros_home/log/2026-08-23-21-33-54-043104-Feanor-950065
[INFO] [launch]: Default logging verbosity is set to INFO
[INFO] [target_detector-1]: process started with pid [950075]
[INFO] [hand_eye_collector-2]: process started with pid [950076]
[INFO] [hand_eye_calibration-3]: process started with pid [950077]
[INFO] [hand_eye_visualization-4]: process started with pid [950078]
[target_detector-1] [INFO] [1787513637.232604392] [target_detector]: Target detector ready: target_type=charuco, target_frame=calibration_target
[hand_eye_calibration-3] [INFO] [1787513637.233691085] [hand_eye_calibration]: Hand-eye calibration ready: calibration_type=eye_to_hand, sample_file=/home/jonas/benchmarks/runs/sim_wp4-s001-2143ade799/ros_home/annin_ar4_calibration/hand_eye_samples.npy, result_file=/home/jonas/benchmarks/runs/sim_wp4-s001-2143ade799/ros_home/annin_ar4_calibration/hand_eye_result.yaml
[hand_eye_collector-2] [INFO] [1787513638.221750088] [hand_eye_collector]: Hand-eye collector ready: calibration_type=eye_to_hand, sample_file=/home/jonas/benchmarks/runs/sim_wp4-s001-2143ade799/ros_home/annin_ar4_calibration/hand_eye_samples.npy. This node moves the robot during run_auto_sequence - clear the workspace first.
[WARNING] [launch]: user interrupted with ctrl-c (SIGINT)
[hand_eye_calibration-3] Traceback (most recent call last):
[hand_eye_calibration-3]   File "/home/jonas/Documents/Bachelorarbeit/robocal/install/annin_ar4_calibration/lib/python3.12/site-packages/annin_ar4_calibration/nodes/hand_eye_calibration_node.py", line 166, in main
[target_detector-1] Traceback (most recent call last):
[target_detector-1]   File "/home/jonas/Documents/Bachelorarbeit/robocal/install/annin_ar4_calibration/lib/python3.12/site-packages/annin_ar4_calibration/nodes/target_detector_node.py", line 122, in main
[hand_eye_calibration-3]     rclpy.spin(node)
[hand_eye_calibration-3]   File "/opt/ros/jazzy/lib/python3.12/site-packages/rclpy/__init__.py", line 247, in spin
[hand_eye_calibration-3]     executor.spin_once()
[hand_eye_calibration-3]   File "/opt/ros/jazzy/lib/python3.12/site-packages/rclpy/executors.py", line 926, in spin_once
[hand_eye_calibration-3]     self._spin_once_impl(timeout_sec)
[hand_eye_calibration-3]   File "/opt/ros/jazzy/lib/python3.12/site-packages/rclpy/executors.py", line 907, in _spin_once_impl
[hand_eye_calibration-3]     handler, entity, node = self.wait_for_ready_callbacks(
[hand_eye_calibration-3]                             ^^^^^^^^^^^^^^^^^^^^^^^^^^^^^^
[hand_eye_calibration-3]   File "/opt/ros/jazzy/lib/python3.12/site-packages/rclpy/executors.py", line 877, in wait_for_ready_callbacks
[hand_eye_calibration-3]     return next(self._cb_iter)
[hand_eye_calibration-3]            ^^^^^^^^^^^^^^^^^^^
[hand_eye_calibration-3]   File "/opt/ros/jazzy/lib/python3.12/site-packages/rclpy/executors.py", line 781, in _wait_for_ready_callbacks
[hand_eye_calibration-3]     wait_set.wait(timeout_nsec)
[hand_eye_calibration-3] KeyboardInterrupt
[hand_eye_calibration-3] 
[hand_eye_calibration-3] During handling of the above exception, another exception occurred:
[hand_eye_calibration-3] 
[hand_eye_calibration-3] Traceback (most recent call last):
[hand_eye_calibration-3]   File "/home/jonas/Documents/Bachelorarbeit/robocal/install/annin_ar4_calibration/lib/annin_ar4_calibration/hand_eye_calibration", line 33, in <module>
[target_detector-1]     rclpy.spin(node)
[target_detector-1]   File "/opt/ros/jazzy/lib/python3.12/site-packages/rclpy/__init__.py", line 247, in spin
[target_detector-1]     executor.spin_once()
[target_detector-1]   File "/opt/ros/jazzy/lib/python3.12/site-packages/rclpy/executors.py", line 926, in spin_once
[target_detector-1]     self._spin_once_impl(timeout_sec)
[target_detector-1]   File "/opt/ros/jazzy/lib/python3.12/site-packages/rclpy/executors.py", line 907, in _spin_once_impl
[target_detector-1]     handler, entity, node = self.wait_for_ready_callbacks(
[target_detector-1]                             ^^^^^^^^^^^^^^^^^^^^^^^^^^^^^^
[target_detector-1]   File "/opt/ros/jazzy/lib/python3.12/site-packages/rclpy/executors.py", line 877, in wait_for_ready_callbacks
[target_detector-1]     return next(self._cb_iter)
[target_detector-1]            ^^^^^^^^^^^^^^^^^^^
[target_detector-1]   File "/opt/ros/jazzy/lib/python3.12/site-packages/rclpy/executors.py", line 781, in _wait_for_ready_callbacks
[target_detector-1]     wait_set.wait(timeout_nsec)
[target_detector-1] KeyboardInterrupt
[target_detector-1] 
[target_detector-1] During handling of the above exception, another exception occurred:
[target_detector-1] 
[target_detector-1] Traceback (most recent call last):
[target_detector-1]   File "/home/jonas/Documents/Bachelorarbeit/robocal/install/annin_ar4_calibration/lib/annin_ar4_calibration/target_detector", line 33, in <module>
[hand_eye_visualization-4] Traceback (most recent call last):
[hand_eye_visualization-4]   File "/home/jonas/Documents/Bachelorarbeit/robocal/install/annin_ar4_calibration/lib/python3.12/site-packages/annin_ar4_calibration/nodes/hand_eye_visualization_node.py", line 185, in main
[hand_eye_collector-2] Traceback (most recent call last):
[hand_eye_collector-2]   File "/home/jonas/Documents/Bachelorarbeit/robocal/install/annin_ar4_calibration/lib/python3.12/site-packages/annin_ar4_calibration/nodes/hand_eye_collector_node.py", line 282, in main
[hand_eye_calibration-3]     sys.exit(load_entry_point('annin-ar4-calibration==0.0.1', 'console_scripts', 'hand_eye_calibration')())
[hand_eye_calibration-3]              ^^^^^^^^^^^^^^^^^^^^^^^^^^^^^^^^^^^^^^^^^^^^^^^^^^^^^^^^^^^^^^^^^^^^^^^^^^^^^^^^^^^^^^^^^^^^^
[hand_eye_calibration-3]   File "/home/jonas/Documents/Bachelorarbeit/robocal/install/annin_ar4_calibration/lib/python3.12/site-packages/annin_ar4_calibration/nodes/hand_eye_calibration_node.py", line 169, in main
[target_detector-1]     sys.exit(load_entry_point('annin-ar4-calibration==0.0.1', 'console_scripts', 'target_detector')())
[target_detector-1]              ^^^^^^^^^^^^^^^^^^^^^^^^^^^^^^^^^^^^^^^^^^^^^^^^^^^^^^^^^^^^^^^^^^^^^^^^^^^^^^^^^^^^^^^^
[target_detector-1]   File "/home/jonas/Documents/Bachelorarbeit/robocal/install/annin_ar4_calibration/lib/python3.12/site-packages/annin_ar4_calibration/nodes/target_detector_node.py", line 125, in main
[hand_eye_visualization-4]     rclpy.spin(node)
[hand_eye_visualization-4]   File "/opt/ros/jazzy/lib/python3.12/site-packages/rclpy/__init__.py", line 247, in spin
[hand_eye_visualization-4]     executor.spin_once()
[hand_eye_visualization-4]   File "/opt/ros/jazzy/lib/python3.12/site-packages/rclpy/executors.py", line 926, in spin_once
[hand_eye_calibration-3]     rclpy.shutdown()
[hand_eye_calibration-3]   File "/opt/ros/jazzy/lib/python3.12/site-packages/rclpy/__init__.py", line 134, in shutdown
[hand_eye_visualization-4]     self._spin_once_impl(timeout_sec)
[hand_eye_visualization-4]   File "/opt/ros/jazzy/lib/python3.12/site-packages/rclpy/executors.py", line 907, in _spin_once_impl
[hand_eye_calibration-3]     _shutdown(context=context)
[hand_eye_calibration-3]   File "/opt/ros/jazzy/lib/python3.12/site-packages/rclpy/utilities.py", line 82, in shutdown
[hand_eye_calibration-3]     context.shutdown()
[target_detector-1]     rclpy.shutdown()
[target_detector-1]   File "/opt/ros/jazzy/lib/python3.12/site-packages/rclpy/__init__.py", line 134, in shutdown
[hand_eye_calibration-3]   File "/opt/ros/jazzy/lib/python3.12/site-packages/rclpy/context.py", line 129, in shutdown
[hand_eye_calibration-3]     self.__context.shutdown()
[hand_eye_calibration-3] rclpy._rclpy_pybind11.RCLError: failed to shutdown: rcl_shutdown already called on the given context, at ./src/rcl/init.c:333
[target_detector-1]     _shutdown(context=context)
[target_detector-1]   File "/opt/ros/jazzy/lib/python3.12/site-packages/rclpy/utilities.py", line 82, in shutdown
[target_detector-1]     context.shutdown()
[target_detector-1]   File "/opt/ros/jazzy/lib/python3.12/site-packages/rclpy/context.py", line 129, in shutdown
[target_detector-1]     self.__context.shutdown()
[target_detector-1] rclpy._rclpy_pybind11.RCLError: failed to shutdown: rcl_shutdown already called on the given context, at ./src/rcl/init.c:333
[hand_eye_visualization-4]     handler, entity, node = self.wait_for_ready_callbacks(
[hand_eye_visualization-4]                             ^^^^^^^^^^^^^^^^^^^^^^^^^^^^^^
[hand_eye_visualization-4]   File "/opt/ros/jazzy/lib/python3.12/site-packages/rclpy/executors.py", line 877, in wait_for_ready_callbacks
[hand_eye_visualization-4]     return next(self._cb_iter)
[hand_eye_visualization-4]            ^^^^^^^^^^^^^^^^^^^
[hand_eye_visualization-4]   File "/opt/ros/jazzy/lib/python3.12/site-packages/rclpy/executors.py", line 781, in _wait_for_ready_callbacks
[hand_eye_visualization-4]     wait_set.wait(timeout_nsec)
[hand_eye_visualization-4] KeyboardInterrupt
[hand_eye_visualization-4] 
[hand_eye_visualization-4] During handling of the above exception, another exception occurred:
[hand_eye_visualization-4] 
[hand_eye_visualization-4] Traceback (most recent call last):
[hand_eye_visualization-4]   File "/home/jonas/Documents/Bachelorarbeit/robocal/install/annin_ar4_calibration/lib/annin_ar4_calibration/hand_eye_visualization", line 33, in <module>
[hand_eye_collector-2]     executor.spin()
[hand_eye_collector-2]   File "/opt/ros/jazzy/lib/python3.12/site-packages/rclpy/executors.py", line 359, in spin
[hand_eye_collector-2]     self._spin_once_impl()
[hand_eye_collector-2]   File "/opt/ros/jazzy/lib/python3.12/site-packages/rclpy/executors.py", line 991, in _spin_once_impl
[hand_eye_collector-2]     handler, entity, node = self.wait_for_ready_callbacks(
[hand_eye_collector-2]                             ^^^^^^^^^^^^^^^^^^^^^^^^^^^^^^
[hand_eye_collector-2]   File "/opt/ros/jazzy/lib/python3.12/site-packages/rclpy/executors.py", line 877, in wait_for_ready_callbacks
[hand_eye_collector-2]     return next(self._cb_iter)
[hand_eye_collector-2]            ^^^^^^^^^^^^^^^^^^^
[hand_eye_collector-2]   File "/opt/ros/jazzy/lib/python3.12/site-packages/rclpy/executors.py", line 757, in _wait_for_ready_callbacks
[hand_eye_collector-2]     wait_set = _rclpy.WaitSet(
[hand_eye_collector-2]                ^^^^^^^^^^^^^^^
[hand_eye_collector-2] KeyboardInterrupt
[hand_eye_collector-2] 
[hand_eye_collector-2] During handling of the above exception, another exception occurred:
[hand_eye_collector-2] 
[hand_eye_collector-2] Traceback (most recent call last):
[hand_eye_collector-2]   File "/home/jonas/Documents/Bachelorarbeit/robocal/install/annin_ar4_calibration/lib/annin_ar4_calibration/hand_eye_collector", line 33, in <module>
[hand_eye_visualization-4]     sys.exit(load_entry_point('annin-ar4-calibration==0.0.1', 'console_scripts', 'hand_eye_visualization')())
[hand_eye_visualization-4]              ^^^^^^^^^^^^^^^^^^^^^^^^^^^^^^^^^^^^^^^^^^^^^^^^^^^^^^^^^^^^^^^^^^^^^^^^^^^^^^^^^^^^^^^^^^^^^^^
[hand_eye_visualization-4]   File "/home/jonas/Documents/Bachelorarbeit/robocal/install/annin_ar4_calibration/lib/python3.12/site-packages/annin_ar4_calibration/nodes/hand_eye_visualization_node.py", line 188, in main
[hand_eye_collector-2]     sys.exit(load_entry_point('annin-ar4-calibration==0.0.1', 'console_scripts', 'hand_eye_collector')())
[hand_eye_collector-2]              ^^^^^^^^^^^^^^^^^^^^^^^^^^^^^^^^^^^^^^^^^^^^^^^^^^^^^^^^^^^^^^^^^^^^^^^^^^^^^^^^^^^^^^^^^^^
[hand_eye_collector-2]   File "/home/jonas/Documents/Bachelorarbeit/robocal/install/annin_ar4_calibration/lib/python3.12/site-packages/annin_ar4_calibration/nodes/hand_eye_collector_node.py", line 285, in main
[hand_eye_visualization-4]     rclpy.shutdown()
[hand_eye_visualization-4]   File "/opt/ros/jazzy/lib/python3.12/site-packages/rclpy/__init__.py", line 134, in shutdown
[hand_eye_visualization-4]     _shutdown(context=context)
[hand_eye_visualization-4]   File "/opt/ros/jazzy/lib/python3.12/site-packages/rclpy/utilities.py", line 82, in shutdown
[hand_eye_visualization-4]     context.shutdown()
[hand_eye_visualization-4]   File "/opt/ros/jazzy/lib/python3.12/site-packages/rclpy/context.py", line 129, in shutdown
[hand_eye_visualization-4]     self.__context.shutdown()
[hand_eye_visualization-4] rclpy._rclpy_pybind11.RCLError: failed to shutdown: rcl_shutdown already called on the given context, at ./src/rcl/init.c:333
[hand_eye_collector-2]     rclpy.shutdown()
[hand_eye_collector-2]   File "/opt/ros/jazzy/lib/python3.12/site-packages/rclpy/__init__.py", line 134, in shutdown
[hand_eye_collector-2]     _shutdown(context=context)
[hand_eye_collector-2]   File "/opt/ros/jazzy/lib/python3.12/site-packages/rclpy/utilities.py", line 82, in shutdown
[hand_eye_collector-2]     context.shutdown()
[hand_eye_collector-2]   File "/opt/ros/jazzy/lib/python3.12/site-packages/rclpy/context.py", line 129, in shutdown
[hand_eye_collector-2]     self.__context.shutdown()
[hand_eye_collector-2] rclpy._rclpy_pybind11.RCLError: failed to shutdown: rcl_shutdown already called on the given context, at ./src/rcl/init.c:333
[ERROR] [hand_eye_visualization-4]: process has died [pid 950078, exit code 1, cmd '/home/jonas/Documents/Bachelorarbeit/robocal/install/annin_ar4_calibration/lib/annin_ar4_calibration/hand_eye_visualization --ros-args -r __node:=hand_eye_visualization -p use_sim_time:=True --params-file /home/jonas/Documents/Bachelorarbeit/robocal/install/annin_ar4_calibration/share/annin_ar4_calibration/config/hand_eye_params.yaml --params-file /home/jonas/Documents/Bachelorarbeit/robocal/install/annin_ar4_calibration/share/annin_ar4_calibration/config/sim_overrides.yaml --params-file /home/jonas/benchmarks/runs/sim_wp4-s001-2143ade799/extra_params.yaml'].
[ERROR] [hand_eye_calibration-3]: process has died [pid 950077, exit code 1, cmd '/home/jonas/Documents/Bachelorarbeit/robocal/install/annin_ar4_calibration/lib/annin_ar4_calibration/hand_eye_calibration --ros-args -r __node:=hand_eye_calibration -p use_sim_time:=True --params-file /home/jonas/Documents/Bachelorarbeit/robocal/install/annin_ar4_calibration/share/annin_ar4_calibration/config/hand_eye_params.yaml --params-file /home/jonas/Documents/Bachelorarbeit/robocal/install/annin_ar4_calibration/share/annin_ar4_calibration/config/sim_overrides.yaml --params-file /home/jonas/benchmarks/runs/sim_wp4-s001-2143ade799/extra_params.yaml --params-file /tmp/launch_params__xbswg4p'].
[ERROR] [target_detector-1]: process has died [pid 950075, exit code 1, cmd '/home/jonas/Documents/Bachelorarbeit/robocal/install/annin_ar4_calibration/lib/annin_ar4_calibration/target_detector --ros-args -r __node:=target_detector -p use_sim_time:=True --params-file /home/jonas/Documents/Bachelorarbeit/robocal/install/annin_ar4_calibration/share/annin_ar4_calibration/config/hand_eye_params.yaml --params-file /home/jonas/Documents/Bachelorarbeit/robocal/install/annin_ar4_calibration/share/annin_ar4_calibration/config/sim_overrides.yaml --params-file /home/jonas/benchmarks/runs/sim_wp4-s001-2143ade799/extra_params.yaml --params-file /tmp/launch_params_ddehoswb'].
[ERROR] [hand_eye_collector-2]: process has died [pid 950076, exit code 1, cmd '/home/jonas/Documents/Bachelorarbeit/robocal/install/annin_ar4_calibration/lib/annin_ar4_calibration/hand_eye_collector --ros-args -r __node:=hand_eye_collector -p use_sim_time:=True --params-file /home/jonas/Documents/Bachelorarbeit/robocal/install/annin_ar4_calibration/share/annin_ar4_calibration/config/hand_eye_params.yaml --params-file /home/jonas/Documents/Bachelorarbeit/robocal/install/annin_ar4_calibration/share/annin_ar4_calibration/config/sim_overrides.yaml --params-file /home/jonas/benchmarks/runs/sim_wp4-s001-2143ade799/extra_params.yaml --params-file /tmp/launch_params_ofwit0yx'].
[INFO] [launch]: All log files can be found below /home/jonas/benchmarks/runs/sim_wp4-s001-2143ade799/ros_home/log/2026-08-26-19-48-38-500016-Feanor-1897870
[INFO] [launch]: Default logging verbosity is set to INFO
[INFO] [target_detector-1]: process started with pid [1897882]
[INFO] [hand_eye_collector-2]: process started with pid [1897883]
[INFO] [hand_eye_calibration-3]: process started with pid [1897884]
[INFO] [hand_eye_visualization-4]: process started with pid [1897885]
[hand_eye_calibration-3] [INFO] [1787766521.346107138] [hand_eye_calibration]: Loaded existing calibration from /home/jonas/benchmarks/runs/sim_wp4-s001-2143ade799/ros_home/annin_ar4_calibration/hand_eye_result.yaml, re-broadcasting base_link -> camera_color_optical_frame
[target_detector-1] [INFO] [1787766521.346558833] [target_detector]: Target detector ready: target_type=charuco, target_frame=calibration_target
[hand_eye_calibration-3] [INFO] [1787766521.371354310] [hand_eye_calibration]: Hand-eye calibration ready: calibration_type=eye_to_hand, sample_file=/home/jonas/benchmarks/runs/sim_wp4-s001-2143ade799/ros_home/annin_ar4_calibration/hand_eye_samples.npy, result_file=/home/jonas/benchmarks/runs/sim_wp4-s001-2143ade799/ros_home/annin_ar4_calibration/hand_eye_result.yaml
[hand_eye_collector-2] [INFO] [1787766521.910721971] [hand_eye_collector]: Hand-eye collector ready: calibration_type=eye_to_hand, sample_file=/home/jonas/benchmarks/runs/sim_wp4-s001-2143ade799/ros_home/annin_ar4_calibration/hand_eye_samples.npy. This node moves the robot during run_auto_sequence - clear the workspace first.
[hand_eye_collector-2] [WARN] [1787766527.165693347] [hand_eye_collector]: Action 'move_action' was unsuccessful: STATUS_ABORTED.
[hand_eye_collector-2] [WARN] [1787766527.232259594] [hand_eye_collector]: Candidate pose skipped: motion failed
[WARNING] [launch]: user interrupted with ctrl-c (SIGINT)
[target_detector-1] Traceback (most recent call last):
[target_detector-1]   File "/home/jonas/Documents/Bachelorarbeit/robocal/install/annin_ar4_calibration/lib/python3.12/site-packages/annin_ar4_calibration/nodes/target_detector_node.py", line 122, in main
[target_detector-1]     rclpy.spin(node)
[target_detector-1]   File "/opt/ros/jazzy/lib/python3.12/site-packages/rclpy/__init__.py", line 247, in spin
[target_detector-1]     executor.spin_once()
[target_detector-1]   File "/opt/ros/jazzy/lib/python3.12/site-packages/rclpy/executors.py", line 926, in spin_once
[target_detector-1]     self._spin_once_impl(timeout_sec)
[target_detector-1]   File "/opt/ros/jazzy/lib/python3.12/site-packages/rclpy/executors.py", line 907, in _spin_once_impl
[hand_eye_calibration-3] Traceback (most recent call last):
[hand_eye_calibration-3]   File "/home/jonas/Documents/Bachelorarbeit/robocal/install/annin_ar4_calibration/lib/python3.12/site-packages/annin_ar4_calibration/nodes/hand_eye_calibration_node.py", line 166, in main
[target_detector-1]     handler, entity, node = self.wait_for_ready_callbacks(
[target_detector-1]                             ^^^^^^^^^^^^^^^^^^^^^^^^^^^^^^
[target_detector-1]   File "/opt/ros/jazzy/lib/python3.12/site-packages/rclpy/executors.py", line 877, in wait_for_ready_callbacks
[target_detector-1]     return next(self._cb_iter)
[target_detector-1]            ^^^^^^^^^^^^^^^^^^^
[target_detector-1]   File "/opt/ros/jazzy/lib/python3.12/site-packages/rclpy/executors.py", line 781, in _wait_for_ready_callbacks
[target_detector-1]     wait_set.wait(timeout_nsec)
[target_detector-1] KeyboardInterrupt
[target_detector-1] 
[target_detector-1] During handling of the above exception, another exception occurred:
[target_detector-1] 
[target_detector-1] Traceback (most recent call last):
[target_detector-1]   File "/home/jonas/Documents/Bachelorarbeit/robocal/install/annin_ar4_calibration/lib/annin_ar4_calibration/target_detector", line 33, in <module>
[target_detector-1]     sys.exit(load_entry_point('annin-ar4-calibration==0.0.1', 'console_scripts', 'target_detector')())
[target_detector-1]              ^^^^^^^^^^^^^^^^^^^^^^^^^^^^^^^^^^^^^^^^^^^^^^^^^^^^^^^^^^^^^^^^^^^^^^^^^^^^^^^^^^^^^^^^
[target_detector-1]   File "/home/jonas/Documents/Bachelorarbeit/robocal/install/annin_ar4_calibration/lib/python3.12/site-packages/annin_ar4_calibration/nodes/target_detector_node.py", line 125, in main
[hand_eye_calibration-3]     rclpy.spin(node)
[hand_eye_calibration-3]   File "/opt/ros/jazzy/lib/python3.12/site-packages/rclpy/__init__.py", line 247, in spin
[hand_eye_calibration-3]     executor.spin_once()
[hand_eye_calibration-3]   File "/opt/ros/jazzy/lib/python3.12/site-packages/rclpy/executors.py", line 926, in spin_once
[hand_eye_calibration-3]     self._spin_once_impl(timeout_sec)
[hand_eye_calibration-3]   File "/opt/ros/jazzy/lib/python3.12/site-packages/rclpy/executors.py", line 907, in _spin_once_impl
[hand_eye_calibration-3]     handler, entity, node = self.wait_for_ready_callbacks(
[hand_eye_calibration-3]                             ^^^^^^^^^^^^^^^^^^^^^^^^^^^^^^
[hand_eye_calibration-3]   File "/opt/ros/jazzy/lib/python3.12/site-packages/rclpy/executors.py", line 877, in wait_for_ready_callbacks
[hand_eye_calibration-3]     return next(self._cb_iter)
[hand_eye_calibration-3]            ^^^^^^^^^^^^^^^^^^^
[hand_eye_calibration-3]   File "/opt/ros/jazzy/lib/python3.12/site-packages/rclpy/executors.py", line 781, in _wait_for_ready_callbacks
[hand_eye_calibration-3]     wait_set.wait(timeout_nsec)
[hand_eye_calibration-3] KeyboardInterrupt
[hand_eye_calibration-3] 
[hand_eye_calibration-3] During handling of the above exception, another exception occurred:
[hand_eye_calibration-3] 
[hand_eye_calibration-3] Traceback (most recent call last):
[hand_eye_calibration-3]   File "/home/jonas/Documents/Bachelorarbeit/robocal/install/annin_ar4_calibration/lib/annin_ar4_calibration/hand_eye_calibration", line 33, in <module>
[target_detector-1]     rclpy.shutdown()
[target_detector-1]   File "/opt/ros/jazzy/lib/python3.12/site-packages/rclpy/__init__.py", line 134, in shutdown
[target_detector-1]     _shutdown(context=context)
[target_detector-1]   File "/opt/ros/jazzy/lib/python3.12/site-packages/rclpy/utilities.py", line 82, in shutdown
[target_detector-1]     context.shutdown()
[target_detector-1]   File "/opt/ros/jazzy/lib/python3.12/site-packages/rclpy/context.py", line 129, in shutdown
[target_detector-1]     self.__context.shutdown()
[target_detector-1] rclpy._rclpy_pybind11.RCLError: failed to shutdown: rcl_shutdown already called on the given context, at ./src/rcl/init.c:333
[hand_eye_calibration-3]     sys.exit(load_entry_point('annin-ar4-calibration==0.0.1', 'console_scripts', 'hand_eye_calibration')())
[hand_eye_calibration-3]              ^^^^^^^^^^^^^^^^^^^^^^^^^^^^^^^^^^^^^^^^^^^^^^^^^^^^^^^^^^^^^^^^^^^^^^^^^^^^^^^^^^^^^^^^^^^^^
[hand_eye_calibration-3]   File "/home/jonas/Documents/Bachelorarbeit/robocal/install/annin_ar4_calibration/lib/python3.12/site-packages/annin_ar4_calibration/nodes/hand_eye_calibration_node.py", line 169, in main
[hand_eye_collector-2] Traceback (most recent call last):
[hand_eye_collector-2]   File "/home/jonas/Documents/Bachelorarbeit/robocal/install/annin_ar4_calibration/lib/python3.12/site-packages/annin_ar4_calibration/nodes/hand_eye_collector_node.py", line 282, in main
[hand_eye_calibration-3]     rclpy.shutdown()
[hand_eye_calibration-3]   File "/opt/ros/jazzy/lib/python3.12/site-packages/rclpy/__init__.py", line 134, in shutdown
[hand_eye_calibration-3]     _shutdown(context=context)
[hand_eye_calibration-3]   File "/opt/ros/jazzy/lib/python3.12/site-packages/rclpy/utilities.py", line 82, in shutdown
[hand_eye_calibration-3]     context.shutdown()
[hand_eye_calibration-3]   File "/opt/ros/jazzy/lib/python3.12/site-packages/rclpy/context.py", line 129, in shutdown
[hand_eye_calibration-3]     self.__context.shutdown()
[hand_eye_calibration-3] rclpy._rclpy_pybind11.RCLError: failed to shutdown: rcl_shutdown already called on the given context, at ./src/rcl/init.c:333
[hand_eye_visualization-4] Traceback (most recent call last):
[hand_eye_visualization-4]   File "/home/jonas/Documents/Bachelorarbeit/robocal/install/annin_ar4_calibration/lib/python3.12/site-packages/annin_ar4_calibration/nodes/hand_eye_visualization_node.py", line 185, in main
[hand_eye_collector-2]     executor.spin()
[hand_eye_collector-2]   File "/opt/ros/jazzy/lib/python3.12/site-packages/rclpy/executors.py", line 359, in spin
[hand_eye_collector-2]     self._spin_once_impl()
[hand_eye_collector-2]   File "/opt/ros/jazzy/lib/python3.12/site-packages/rclpy/executors.py", line 991, in _spin_once_impl
[hand_eye_collector-2]     handler, entity, node = self.wait_for_ready_callbacks(
[hand_eye_collector-2]                             ^^^^^^^^^^^^^^^^^^^^^^^^^^^^^^
[hand_eye_collector-2]   File "/opt/ros/jazzy/lib/python3.12/site-packages/rclpy/executors.py", line 877, in wait_for_ready_callbacks
[hand_eye_collector-2]     return next(self._cb_iter)
[hand_eye_collector-2]            ^^^^^^^^^^^^^^^^^^^
[hand_eye_collector-2]   File "/opt/ros/jazzy/lib/python3.12/site-packages/rclpy/executors.py", line 781, in _wait_for_ready_callbacks
[hand_eye_collector-2]     wait_set.wait(timeout_nsec)
[hand_eye_collector-2] KeyboardInterrupt
[hand_eye_collector-2] 
[hand_eye_collector-2] During handling of the above exception, another exception occurred:
[hand_eye_collector-2] 
[hand_eye_collector-2] Traceback (most recent call last):
[hand_eye_collector-2]   File "/home/jonas/Documents/Bachelorarbeit/robocal/install/annin_ar4_calibration/lib/annin_ar4_calibration/hand_eye_collector", line 33, in <module>
[hand_eye_visualization-4]     rclpy.spin(node)
[hand_eye_visualization-4]   File "/opt/ros/jazzy/lib/python3.12/site-packages/rclpy/__init__.py", line 247, in spin
[hand_eye_visualization-4]     executor.spin_once()
[hand_eye_visualization-4]   File "/opt/ros/jazzy/lib/python3.12/site-packages/rclpy/executors.py", line 926, in spin_once
[hand_eye_visualization-4]     self._spin_once_impl(timeout_sec)
[hand_eye_visualization-4]   File "/opt/ros/jazzy/lib/python3.12/site-packages/rclpy/executors.py", line 907, in _spin_once_impl
[hand_eye_visualization-4]     handler, entity, node = self.wait_for_ready_callbacks(
[hand_eye_visualization-4]                             ^^^^^^^^^^^^^^^^^^^^^^^^^^^^^^
[hand_eye_visualization-4]   File "/opt/ros/jazzy/lib/python3.12/site-packages/rclpy/executors.py", line 877, in wait_for_ready_callbacks
[hand_eye_visualization-4]     return next(self._cb_iter)
[hand_eye_visualization-4]            ^^^^^^^^^^^^^^^^^^^
[hand_eye_visualization-4]   File "/opt/ros/jazzy/lib/python3.12/site-packages/rclpy/executors.py", line 781, in _wait_for_ready_callbacks
[hand_eye_visualization-4]     wait_set.wait(timeout_nsec)
[hand_eye_visualization-4] KeyboardInterrupt
[hand_eye_visualization-4] 
[hand_eye_visualization-4] During handling of the above exception, another exception occurred:
[hand_eye_visualization-4] 
[hand_eye_visualization-4] Traceback (most recent call last):
[hand_eye_visualization-4]   File "/home/jonas/Documents/Bachelorarbeit/robocal/install/annin_ar4_calibration/lib/annin_ar4_calibration/hand_eye_visualization", line 33, in <module>
[hand_eye_collector-2]     sys.exit(load_entry_point('annin-ar4-calibration==0.0.1', 'console_scripts', 'hand_eye_collector')())
[hand_eye_collector-2]              ^^^^^^^^^^^^^^^^^^^^^^^^^^^^^^^^^^^^^^^^^^^^^^^^^^^^^^^^^^^^^^^^^^^^^^^^^^^^^^^^^^^^^^^^^^^
[hand_eye_collector-2]   File "/home/jonas/Documents/Bachelorarbeit/robocal/install/annin_ar4_calibration/lib/python3.12/site-packages/annin_ar4_calibration/nodes/hand_eye_collector_node.py", line 285, in main
[hand_eye_visualization-4]     sys.exit(load_entry_point('annin-ar4-calibration==0.0.1', 'console_scripts', 'hand_eye_visualization')())
[hand_eye_visualization-4]              ^^^^^^^^^^^^^^^^^^^^^^^^^^^^^^^^^^^^^^^^^^^^^^^^^^^^^^^^^^^^^^^^^^^^^^^^^^^^^^^^^^^^^^^^^^^^^^^
[hand_eye_visualization-4]   File "/home/jonas/Documents/Bachelorarbeit/robocal/install/annin_ar4_calibration/lib/python3.12/site-packages/annin_ar4_calibration/nodes/hand_eye_visualization_node.py", line 188, in main
[hand_eye_collector-2]     rclpy.shutdown()
[hand_eye_collector-2]   File "/opt/ros/jazzy/lib/python3.12/site-packages/rclpy/__init__.py", line 134, in shutdown
[hand_eye_collector-2]     _shutdown(context=context)
[hand_eye_collector-2]   File "/opt/ros/jazzy/lib/python3.12/site-packages/rclpy/utilities.py", line 82, in shutdown
[hand_eye_collector-2]     context.shutdown()
[hand_eye_collector-2]   File "/opt/ros/jazzy/lib/python3.12/site-packages/rclpy/context.py", line 129, in shutdown
[hand_eye_collector-2]     self.__context.shutdown()
[hand_eye_collector-2] rclpy._rclpy_pybind11.RCLError: failed to shutdown: rcl_shutdown already called on the given context, at ./src/rcl/init.c:333
[hand_eye_visualization-4]     rclpy.shutdown()
[hand_eye_visualization-4]   File "/opt/ros/jazzy/lib/python3.12/site-packages/rclpy/__init__.py", line 134, in shutdown
[hand_eye_visualization-4]     _shutdown(context=context)
[hand_eye_visualization-4]   File "/opt/ros/jazzy/lib/python3.12/site-packages/rclpy/utilities.py", line 82, in shutdown
[hand_eye_visualization-4]     context.shutdown()
[hand_eye_visualization-4]   File "/opt/ros/jazzy/lib/python3.12/site-packages/rclpy/context.py", line 129, in shutdown
[hand_eye_visualization-4]     self.__context.shutdown()
[hand_eye_visualization-4] rclpy._rclpy_pybind11.RCLError: failed to shutdown: rcl_shutdown already called on the given context, at ./src/rcl/init.c:333
[ERROR] [hand_eye_visualization-4]: process has died [pid 1897885, exit code 1, cmd '/home/jonas/Documents/Bachelorarbeit/robocal/install/annin_ar4_calibration/lib/annin_ar4_calibration/hand_eye_visualization --ros-args -r __node:=hand_eye_visualization -p use_sim_time:=True --params-file /home/jonas/Documents/Bachelorarbeit/robocal/install/annin_ar4_calibration/share/annin_ar4_calibration/config/hand_eye_params.yaml --params-file /home/jonas/Documents/Bachelorarbeit/robocal/install/annin_ar4_calibration/share/annin_ar4_calibration/config/sim_overrides.yaml --params-file /home/jonas/benchmarks/runs/sim_wp4-s001-2143ade799/extra_params.yaml'].
[ERROR] [hand_eye_calibration-3]: process has died [pid 1897884, exit code 1, cmd '/home/jonas/Documents/Bachelorarbeit/robocal/install/annin_ar4_calibration/lib/annin_ar4_calibration/hand_eye_calibration --ros-args -r __node:=hand_eye_calibration -p use_sim_time:=True --params-file /home/jonas/Documents/Bachelorarbeit/robocal/install/annin_ar4_calibration/share/annin_ar4_calibration/config/hand_eye_params.yaml --params-file /home/jonas/Documents/Bachelorarbeit/robocal/install/annin_ar4_calibration/share/annin_ar4_calibration/config/sim_overrides.yaml --params-file /home/jonas/benchmarks/runs/sim_wp4-s001-2143ade799/extra_params.yaml --params-file /tmp/launch_params_rfx4psmy'].
[ERROR] [target_detector-1]: process has died [pid 1897882, exit code 1, cmd '/home/jonas/Documents/Bachelorarbeit/robocal/install/annin_ar4_calibration/lib/annin_ar4_calibration/target_detector --ros-args -r __node:=target_detector -p use_sim_time:=True --params-file /home/jonas/Documents/Bachelorarbeit/robocal/install/annin_ar4_calibration/share/annin_ar4_calibration/config/hand_eye_params.yaml --params-file /home/jonas/Documents/Bachelorarbeit/robocal/install/annin_ar4_calibration/share/annin_ar4_calibration/config/sim_overrides.yaml --params-file /home/jonas/benchmarks/runs/sim_wp4-s001-2143ade799/extra_params.yaml --params-file /tmp/launch_params_jtkmwv0c'].
[ERROR] [hand_eye_collector-2]: process has died [pid 1897883, exit code 1, cmd '/home/jonas/Documents/Bachelorarbeit/robocal/install/annin_ar4_calibration/lib/annin_ar4_calibration/hand_eye_collector --ros-args -r __node:=hand_eye_collector -p use_sim_time:=True --params-file /home/jonas/Documents/Bachelorarbeit/robocal/install/annin_ar4_calibration/share/annin_ar4_calibration/config/hand_eye_params.yaml --params-file /home/jonas/Documents/Bachelorarbeit/robocal/install/annin_ar4_calibration/share/annin_ar4_calibration/config/sim_overrides.yaml --params-file /home/jonas/benchmarks/runs/sim_wp4-s001-2143ade799/extra_params.yaml --params-file /tmp/launch_params_j0dv5a06'].
[INFO] [launch]: All log files can be found below /home/jonas/benchmarks/runs/sim_wp4-s001-2143ade799/ros_home/log/2026-08-27-20-50-37-351741-Feanor-10935
[INFO] [launch]: Default logging verbosity is set to INFO
[INFO] [target_detector-1]: process started with pid [10939]
[INFO] [hand_eye_collector-2]: process started with pid [10940]
[INFO] [hand_eye_calibration-3]: process started with pid [10941]
[INFO] [hand_eye_visualization-4]: process started with pid [10942]
[target_detector-1] [INFO] [1787856640.597718733] [target_detector]: Target detector ready: target_type=charuco, target_frame=calibration_target
[hand_eye_calibration-3] [INFO] [1787856640.744031421] [hand_eye_calibration]: Loaded existing calibration from /home/jonas/benchmarks/runs/sim_wp4-s001-2143ade799/ros_home/annin_ar4_calibration/hand_eye_result.yaml, re-broadcasting base_link -> camera_color_optical_frame
[hand_eye_calibration-3] [INFO] [1787856640.777117849] [hand_eye_calibration]: Hand-eye calibration ready: calibration_type=eye_to_hand, sample_file=/home/jonas/benchmarks/runs/sim_wp4-s001-2143ade799/ros_home/annin_ar4_calibration/hand_eye_samples.npy, result_file=/home/jonas/benchmarks/runs/sim_wp4-s001-2143ade799/ros_home/annin_ar4_calibration/hand_eye_result.yaml
[hand_eye_collector-2] [INFO] [1787856641.180995149] [hand_eye_collector]: Hand-eye collector ready: calibration_type=eye_to_hand, sample_file=/home/jonas/benchmarks/runs/sim_wp4-s001-2143ade799/ros_home/annin_ar4_calibration/hand_eye_samples.npy. This node moves the robot during run_auto_sequence - clear the workspace first.
[WARNING] [launch]: user interrupted with ctrl-c (SIGINT)
[hand_eye_calibration-3] Traceback (most recent call last):
[hand_eye_calibration-3]   File "/home/jonas/Documents/Bachelorarbeit/robocal/install/annin_ar4_calibration/lib/python3.12/site-packages/annin_ar4_calibration/nodes/hand_eye_calibration_node.py", line 166, in main
[hand_eye_visualization-4] Traceback (most recent call last):
[hand_eye_visualization-4]   File "/home/jonas/Documents/Bachelorarbeit/robocal/install/annin_ar4_calibration/lib/python3.12/site-packages/annin_ar4_calibration/nodes/hand_eye_visualization_node.py", line 185, in main
[hand_eye_visualization-4]     rclpy.spin(node)
[hand_eye_visualization-4]   File "/opt/ros/jazzy/lib/python3.12/site-packages/rclpy/__init__.py", line 247, in spin
[hand_eye_visualization-4]     executor.spin_once()
[hand_eye_visualization-4]   File "/opt/ros/jazzy/lib/python3.12/site-packages/rclpy/executors.py", line 926, in spin_once
[hand_eye_visualization-4]     self._spin_once_impl(timeout_sec)
[hand_eye_visualization-4]   File "/opt/ros/jazzy/lib/python3.12/site-packages/rclpy/executors.py", line 907, in _spin_once_impl
[hand_eye_visualization-4]     handler, entity, node = self.wait_for_ready_callbacks(
[hand_eye_visualization-4]                             ^^^^^^^^^^^^^^^^^^^^^^^^^^^^^^
[hand_eye_visualization-4]   File "/opt/ros/jazzy/lib/python3.12/site-packages/rclpy/executors.py", line 877, in wait_for_ready_callbacks
[hand_eye_calibration-3]     rclpy.spin(node)
[hand_eye_calibration-3]   File "/opt/ros/jazzy/lib/python3.12/site-packages/rclpy/__init__.py", line 247, in spin
[hand_eye_visualization-4]     return next(self._cb_iter)
[hand_eye_visualization-4]            ^^^^^^^^^^^^^^^^^^^
[hand_eye_visualization-4]   File "/opt/ros/jazzy/lib/python3.12/site-packages/rclpy/executors.py", line 781, in _wait_for_ready_callbacks
[hand_eye_calibration-3]     executor.spin_once()
[hand_eye_calibration-3]   File "/opt/ros/jazzy/lib/python3.12/site-packages/rclpy/executors.py", line 926, in spin_once
[hand_eye_visualization-4]     wait_set.wait(timeout_nsec)
[hand_eye_visualization-4] KeyboardInterrupt
[hand_eye_visualization-4] 
[hand_eye_visualization-4] During handling of the above exception, another exception occurred:
[hand_eye_visualization-4] 
[hand_eye_visualization-4] Traceback (most recent call last):
[hand_eye_visualization-4]   File "/home/jonas/Documents/Bachelorarbeit/robocal/install/annin_ar4_calibration/lib/annin_ar4_calibration/hand_eye_visualization", line 33, in <module>
[hand_eye_calibration-3]     self._spin_once_impl(timeout_sec)
[hand_eye_calibration-3]   File "/opt/ros/jazzy/lib/python3.12/site-packages/rclpy/executors.py", line 907, in _spin_once_impl
[hand_eye_calibration-3]     handler, entity, node = self.wait_for_ready_callbacks(
[hand_eye_calibration-3]                             ^^^^^^^^^^^^^^^^^^^^^^^^^^^^^^
[hand_eye_calibration-3]   File "/opt/ros/jazzy/lib/python3.12/site-packages/rclpy/executors.py", line 877, in wait_for_ready_callbacks
[hand_eye_calibration-3]     return next(self._cb_iter)
[hand_eye_calibration-3]            ^^^^^^^^^^^^^^^^^^^
[hand_eye_calibration-3]   File "/opt/ros/jazzy/lib/python3.12/site-packages/rclpy/executors.py", line 781, in _wait_for_ready_callbacks
[hand_eye_calibration-3]     wait_set.wait(timeout_nsec)
[hand_eye_calibration-3] KeyboardInterrupt
[hand_eye_calibration-3] 
[hand_eye_calibration-3] During handling of the above exception, another exception occurred:
[hand_eye_calibration-3] 
[hand_eye_calibration-3] Traceback (most recent call last):
[hand_eye_calibration-3]   File "/home/jonas/Documents/Bachelorarbeit/robocal/install/annin_ar4_calibration/lib/annin_ar4_calibration/hand_eye_calibration", line 33, in <module>
[hand_eye_visualization-4]     sys.exit(load_entry_point('annin-ar4-calibration==0.0.1', 'console_scripts', 'hand_eye_visualization')())
[hand_eye_calibration-3]     sys.exit(load_entry_point('annin-ar4-calibration==0.0.1', 'console_scripts', 'hand_eye_calibration')())
[hand_eye_calibration-3]              ^^^^^^^^^^^^^^^^^^^^^^^^^^^^^^^^^^^^^^^^^^^^^^^^^^^^^^^^^^^^^^^^^^^^^^^^^^^^^^^^^^^^^^^^^^^^^
[hand_eye_calibration-3]   File "/home/jonas/Documents/Bachelorarbeit/robocal/install/annin_ar4_calibration/lib/python3.12/site-packages/annin_ar4_calibration/nodes/hand_eye_calibration_node.py", line 169, in main
[hand_eye_visualization-4]              ^^^^^^^^^^^^^^^^^^^^^^^^^^^^^^^^^^^^^^^^^^^^^^^^^^^^^^^^^^^^^^^^^^^^^^^^^^^^^^^^^^^^^^^^^^^^^^^
[hand_eye_visualization-4]   File "/home/jonas/Documents/Bachelorarbeit/robocal/install/annin_ar4_calibration/lib/python3.12/site-packages/annin_ar4_calibration/nodes/hand_eye_visualization_node.py", line 188, in main
[target_detector-1] Traceback (most recent call last):
[target_detector-1]   File "/home/jonas/Documents/Bachelorarbeit/robocal/install/annin_ar4_calibration/lib/python3.12/site-packages/annin_ar4_calibration/nodes/target_detector_node.py", line 122, in main
[hand_eye_calibration-3]     rclpy.shutdown()
[hand_eye_visualization-4]     rclpy.shutdown()
[hand_eye_visualization-4]   File "/opt/ros/jazzy/lib/python3.12/site-packages/rclpy/__init__.py", line 134, in shutdown
[hand_eye_calibration-3]   File "/opt/ros/jazzy/lib/python3.12/site-packages/rclpy/__init__.py", line 134, in shutdown
[hand_eye_visualization-4]     _shutdown(context=context)
[hand_eye_visualization-4]   File "/opt/ros/jazzy/lib/python3.12/site-packages/rclpy/utilities.py", line 82, in shutdown
[hand_eye_visualization-4]     context.shutdown()
[hand_eye_visualization-4]   File "/opt/ros/jazzy/lib/python3.12/site-packages/rclpy/context.py", line 129, in shutdown
[hand_eye_calibration-3]     _shutdown(context=context)
[hand_eye_calibration-3]   File "/opt/ros/jazzy/lib/python3.12/site-packages/rclpy/utilities.py", line 82, in shutdown
[hand_eye_calibration-3]     context.shutdown()
[hand_eye_calibration-3]   File "/opt/ros/jazzy/lib/python3.12/site-packages/rclpy/context.py", line 129, in shutdown
[hand_eye_visualization-4]     self.__context.shutdown()
[hand_eye_visualization-4] rclpy._rclpy_pybind11.RCLError: failed to shutdown: rcl_shutdown already called on the given context, at ./src/rcl/init.c:333
[hand_eye_calibration-3]     self.__context.shutdown()
[hand_eye_calibration-3] rclpy._rclpy_pybind11.RCLError: failed to shutdown: rcl_shutdown already called on the given context, at ./src/rcl/init.c:333
[target_detector-1]     rclpy.spin(node)
[target_detector-1]   File "/opt/ros/jazzy/lib/python3.12/site-packages/rclpy/__init__.py", line 247, in spin
[target_detector-1]     executor.spin_once()
[target_detector-1]   File "/opt/ros/jazzy/lib/python3.12/site-packages/rclpy/executors.py", line 926, in spin_once
[target_detector-1]     self._spin_once_impl(timeout_sec)
[target_detector-1]   File "/opt/ros/jazzy/lib/python3.12/site-packages/rclpy/executors.py", line 907, in _spin_once_impl
[target_detector-1]     handler, entity, node = self.wait_for_ready_callbacks(
[target_detector-1]                             ^^^^^^^^^^^^^^^^^^^^^^^^^^^^^^
[target_detector-1]   File "/opt/ros/jazzy/lib/python3.12/site-packages/rclpy/executors.py", line 877, in wait_for_ready_callbacks
[target_detector-1]     return next(self._cb_iter)
[target_detector-1]            ^^^^^^^^^^^^^^^^^^^
[target_detector-1]   File "/opt/ros/jazzy/lib/python3.12/site-packages/rclpy/executors.py", line 781, in _wait_for_ready_callbacks
[target_detector-1]     wait_set.wait(timeout_nsec)
[target_detector-1] KeyboardInterrupt
[target_detector-1] 
[target_detector-1] During handling of the above exception, another exception occurred:
[target_detector-1] 
[target_detector-1] Traceback (most recent call last):
[target_detector-1]   File "/home/jonas/Documents/Bachelorarbeit/robocal/install/annin_ar4_calibration/lib/annin_ar4_calibration/target_detector", line 33, in <module>
[hand_eye_collector-2] Traceback (most recent call last):
[hand_eye_collector-2]   File "/home/jonas/Documents/Bachelorarbeit/robocal/install/annin_ar4_calibration/lib/python3.12/site-packages/annin_ar4_calibration/nodes/hand_eye_collector_node.py", line 282, in main
[target_detector-1]     sys.exit(load_entry_point('annin-ar4-calibration==0.0.1', 'console_scripts', 'target_detector')())
[target_detector-1]              ^^^^^^^^^^^^^^^^^^^^^^^^^^^^^^^^^^^^^^^^^^^^^^^^^^^^^^^^^^^^^^^^^^^^^^^^^^^^^^^^^^^^^^^^
[target_detector-1]   File "/home/jonas/Documents/Bachelorarbeit/robocal/install/annin_ar4_calibration/lib/python3.12/site-packages/annin_ar4_calibration/nodes/target_detector_node.py", line 125, in main
[target_detector-1]     rclpy.shutdown()
[target_detector-1]   File "/opt/ros/jazzy/lib/python3.12/site-packages/rclpy/__init__.py", line 134, in shutdown
[target_detector-1]     _shutdown(context=context)
[target_detector-1]   File "/opt/ros/jazzy/lib/python3.12/site-packages/rclpy/utilities.py", line 82, in shutdown
[target_detector-1]     context.shutdown()
[target_detector-1]   File "/opt/ros/jazzy/lib/python3.12/site-packages/rclpy/context.py", line 129, in shutdown
[target_detector-1]     self.__context.shutdown()
[target_detector-1] rclpy._rclpy_pybind11.RCLError: failed to shutdown: rcl_shutdown already called on the given context, at ./src/rcl/init.c:333
[hand_eye_collector-2]     executor.spin()
[hand_eye_collector-2]   File "/opt/ros/jazzy/lib/python3.12/site-packages/rclpy/executors.py", line 359, in spin
[hand_eye_collector-2]     self._spin_once_impl()
[hand_eye_collector-2]   File "/opt/ros/jazzy/lib/python3.12/site-packages/rclpy/executors.py", line 991, in _spin_once_impl
[hand_eye_collector-2]     handler, entity, node = self.wait_for_ready_callbacks(
[hand_eye_collector-2]                             ^^^^^^^^^^^^^^^^^^^^^^^^^^^^^^
[hand_eye_collector-2]   File "/opt/ros/jazzy/lib/python3.12/site-packages/rclpy/executors.py", line 877, in wait_for_ready_callbacks
[hand_eye_collector-2]     return next(self._cb_iter)
[hand_eye_collector-2]            ^^^^^^^^^^^^^^^^^^^
[hand_eye_collector-2]   File "/opt/ros/jazzy/lib/python3.12/site-packages/rclpy/executors.py", line 748, in _wait_for_ready_callbacks
[hand_eye_collector-2]     context_stack.enter_context(waitable)
[hand_eye_collector-2]   File "/usr/lib/python3.12/contextlib.py", line 526, in enter_context
[hand_eye_collector-2]     result = _enter(cm)
[hand_eye_collector-2]              ^^^^^^^^^^
[hand_eye_collector-2]   File "/opt/ros/jazzy/lib/python3.12/site-packages/rclpy/event_handler.py", line 129, in __enter__
[hand_eye_collector-2]     self.__event.__enter__()
[hand_eye_collector-2] KeyboardInterrupt
[hand_eye_collector-2] 
[hand_eye_collector-2] During handling of the above exception, another exception occurred:
[hand_eye_collector-2] 
[hand_eye_collector-2] Traceback (most recent call last):
[hand_eye_collector-2]   File "/home/jonas/Documents/Bachelorarbeit/robocal/install/annin_ar4_calibration/lib/annin_ar4_calibration/hand_eye_collector", line 33, in <module>
[hand_eye_collector-2]     sys.exit(load_entry_point('annin-ar4-calibration==0.0.1', 'console_scripts', 'hand_eye_collector')())
[hand_eye_collector-2]              ^^^^^^^^^^^^^^^^^^^^^^^^^^^^^^^^^^^^^^^^^^^^^^^^^^^^^^^^^^^^^^^^^^^^^^^^^^^^^^^^^^^^^^^^^^^
[hand_eye_collector-2]   File "/home/jonas/Documents/Bachelorarbeit/robocal/install/annin_ar4_calibration/lib/python3.12/site-packages/annin_ar4_calibration/nodes/hand_eye_collector_node.py", line 285, in main
[hand_eye_collector-2]     rclpy.shutdown()
[hand_eye_collector-2]   File "/opt/ros/jazzy/lib/python3.12/site-packages/rclpy/__init__.py", line 134, in shutdown
[hand_eye_collector-2]     _shutdown(context=context)
[hand_eye_collector-2]   File "/opt/ros/jazzy/lib/python3.12/site-packages/rclpy/utilities.py", line 82, in shutdown
[hand_eye_collector-2]     context.shutdown()
[hand_eye_collector-2]   File "/opt/ros/jazzy/lib/python3.12/site-packages/rclpy/context.py", line 129, in shutdown
[hand_eye_collector-2]     self.__context.shutdown()
[hand_eye_collector-2] rclpy._rclpy_pybind11.RCLError: failed to shutdown: rcl_shutdown already called on the given context, at ./src/rcl/init.c:333
[ERROR] [hand_eye_visualization-4]: process has died [pid 10942, exit code 1, cmd '/home/jonas/Documents/Bachelorarbeit/robocal/install/annin_ar4_calibration/lib/annin_ar4_calibration/hand_eye_visualization --ros-args -r __node:=hand_eye_visualization -p use_sim_time:=True --params-file /home/jonas/Documents/Bachelorarbeit/robocal/install/annin_ar4_calibration/share/annin_ar4_calibration/config/hand_eye_params.yaml --params-file /home/jonas/Documents/Bachelorarbeit/robocal/install/annin_ar4_calibration/share/annin_ar4_calibration/config/sim_overrides.yaml --params-file /home/jonas/benchmarks/runs/sim_wp4-s001-2143ade799/extra_params.yaml'].
[ERROR] [hand_eye_calibration-3]: process has died [pid 10941, exit code 1, cmd '/home/jonas/Documents/Bachelorarbeit/robocal/install/annin_ar4_calibration/lib/annin_ar4_calibration/hand_eye_calibration --ros-args -r __node:=hand_eye_calibration -p use_sim_time:=True --params-file /home/jonas/Documents/Bachelorarbeit/robocal/install/annin_ar4_calibration/share/annin_ar4_calibration/config/hand_eye_params.yaml --params-file /home/jonas/Documents/Bachelorarbeit/robocal/install/annin_ar4_calibration/share/annin_ar4_calibration/config/sim_overrides.yaml --params-file /home/jonas/benchmarks/runs/sim_wp4-s001-2143ade799/extra_params.yaml --params-file /tmp/launch_params_75yzsc3w'].
[ERROR] [target_detector-1]: process has died [pid 10939, exit code 1, cmd '/home/jonas/Documents/Bachelorarbeit/robocal/install/annin_ar4_calibration/lib/annin_ar4_calibration/target_detector --ros-args -r __node:=target_detector -p use_sim_time:=True --params-file /home/jonas/Documents/Bachelorarbeit/robocal/install/annin_ar4_calibration/share/annin_ar4_calibration/config/hand_eye_params.yaml --params-file /home/jonas/Documents/Bachelorarbeit/robocal/install/annin_ar4_calibration/share/annin_ar4_calibration/config/sim_overrides.yaml --params-file /home/jonas/benchmarks/runs/sim_wp4-s001-2143ade799/extra_params.yaml --params-file /tmp/launch_params_n3evnqjg'].
[ERROR] [hand_eye_collector-2]: process has died [pid 10940, exit code 1, cmd '/home/jonas/Documents/Bachelorarbeit/robocal/install/annin_ar4_calibration/lib/annin_ar4_calibration/hand_eye_collector --ros-args -r __node:=hand_eye_collector -p use_sim_time:=True --params-file /home/jonas/Documents/Bachelorarbeit/robocal/install/annin_ar4_calibration/share/annin_ar4_calibration/config/hand_eye_params.yaml --params-file /home/jonas/Documents/Bachelorarbeit/robocal/install/annin_ar4_calibration/share/annin_ar4_calibration/config/sim_overrides.yaml --params-file /home/jonas/benchmarks/runs/sim_wp4-s001-2143ade799/extra_params.yaml --params-file /tmp/launch_params_dfezvl67'].
[INFO] [launch]: All log files can be found below /home/jonas/benchmarks/runs/sim_wp4-s001-2143ade799/ros_home/log/2026-09-02-17-15-01-927842-Feanor-141960
[INFO] [launch]: Default logging verbosity is set to INFO
[INFO] [target_detector-1]: process started with pid [141974]
[INFO] [hand_eye_collector-2]: process started with pid [141975]
[INFO] [hand_eye_calibration-3]: process started with pid [141976]
[INFO] [hand_eye_visualization-4]: process started with pid [141977]
[target_detector-1] [INFO] [1788362105.041778159] [target_detector]: Target detector ready: target_type=charuco, target_frame=calibration_target
[hand_eye_calibration-3] [INFO] [1788362105.043930403] [hand_eye_calibration]: Loaded existing calibration from /home/jonas/benchmarks/runs/sim_wp4-s001-2143ade799/ros_home/annin_ar4_calibration/hand_eye_result.yaml, re-broadcasting base_link -> camera_color_optical_frame
[hand_eye_calibration-3] [INFO] [1788362105.073899884] [hand_eye_calibration]: Hand-eye calibration ready: calibration_type=eye_to_hand, sample_file=/home/jonas/benchmarks/runs/sim_wp4-s001-2143ade799/ros_home/annin_ar4_calibration/hand_eye_samples.npy, result_file=/home/jonas/benchmarks/runs/sim_wp4-s001-2143ade799/ros_home/annin_ar4_calibration/hand_eye_result.yaml
[hand_eye_collector-2] [INFO] [1788362105.846300844] [hand_eye_collector]: Hand-eye collector ready: calibration_type=eye_to_hand, sample_file=/home/jonas/benchmarks/runs/sim_wp4-s001-2143ade799/ros_home/annin_ar4_calibration/hand_eye_samples.npy. This node moves the robot during run_auto_sequence - clear the workspace first.
[WARNING] [launch]: user interrupted with ctrl-c (SIGINT)
[hand_eye_calibration-3] Traceback (most recent call last):
[hand_eye_calibration-3]   File "/home/jonas/Documents/Bachelorarbeit/robocal/install/annin_ar4_calibration/lib/python3.12/site-packages/annin_ar4_calibration/nodes/hand_eye_calibration_node.py", line 166, in main
[hand_eye_calibration-3]     rclpy.spin(node)
[hand_eye_calibration-3]   File "/opt/ros/jazzy/lib/python3.12/site-packages/rclpy/__init__.py", line 247, in spin
[hand_eye_calibration-3]     executor.spin_once()
[hand_eye_calibration-3]   File "/opt/ros/jazzy/lib/python3.12/site-packages/rclpy/executors.py", line 926, in spin_once
[hand_eye_calibration-3]     self._spin_once_impl(timeout_sec)
[hand_eye_calibration-3]   File "/opt/ros/jazzy/lib/python3.12/site-packages/rclpy/executors.py", line 907, in _spin_once_impl
[hand_eye_calibration-3]     handler, entity, node = self.wait_for_ready_callbacks(
[hand_eye_calibration-3]                             ^^^^^^^^^^^^^^^^^^^^^^^^^^^^^^
[hand_eye_calibration-3]   File "/opt/ros/jazzy/lib/python3.12/site-packages/rclpy/executors.py", line 877, in wait_for_ready_callbacks
[hand_eye_calibration-3]     return next(self._cb_iter)
[hand_eye_calibration-3]            ^^^^^^^^^^^^^^^^^^^
[hand_eye_calibration-3]   File "/opt/ros/jazzy/lib/python3.12/site-packages/rclpy/executors.py", line 781, in _wait_for_ready_callbacks
[hand_eye_calibration-3]     wait_set.wait(timeout_nsec)
[hand_eye_calibration-3] KeyboardInterrupt
[hand_eye_calibration-3] 
[hand_eye_calibration-3] During handling of the above exception, another exception occurred:
[hand_eye_calibration-3] 
[hand_eye_calibration-3] Traceback (most recent call last):
[hand_eye_calibration-3]   File "/home/jonas/Documents/Bachelorarbeit/robocal/install/annin_ar4_calibration/lib/annin_ar4_calibration/hand_eye_calibration", line 33, in <module>
[hand_eye_visualization-4] Traceback (most recent call last):
[hand_eye_visualization-4]   File "/home/jonas/Documents/Bachelorarbeit/robocal/install/annin_ar4_calibration/lib/python3.12/site-packages/annin_ar4_calibration/nodes/hand_eye_visualization_node.py", line 185, in main
[hand_eye_calibration-3]     sys.exit(load_entry_point('annin-ar4-calibration==0.0.1', 'console_scripts', 'hand_eye_calibration')())
[hand_eye_calibration-3]              ^^^^^^^^^^^^^^^^^^^^^^^^^^^^^^^^^^^^^^^^^^^^^^^^^^^^^^^^^^^^^^^^^^^^^^^^^^^^^^^^^^^^^^^^^^^^^
[hand_eye_calibration-3]   File "/home/jonas/Documents/Bachelorarbeit/robocal/install/annin_ar4_calibration/lib/python3.12/site-packages/annin_ar4_calibration/nodes/hand_eye_calibration_node.py", line 169, in main
[hand_eye_calibration-3]     rclpy.shutdown()
[hand_eye_calibration-3]   File "/opt/ros/jazzy/lib/python3.12/site-packages/rclpy/__init__.py", line 134, in shutdown
[hand_eye_calibration-3]     _shutdown(context=context)
[hand_eye_calibration-3]   File "/opt/ros/jazzy/lib/python3.12/site-packages/rclpy/utilities.py", line 82, in shutdown
[hand_eye_calibration-3]     context.shutdown()
[hand_eye_calibration-3]   File "/opt/ros/jazzy/lib/python3.12/site-packages/rclpy/context.py", line 129, in shutdown
[hand_eye_calibration-3]     self.__context.shutdown()
[hand_eye_calibration-3] rclpy._rclpy_pybind11.RCLError: failed to shutdown: rcl_shutdown already called on the given context, at ./src/rcl/init.c:333
[target_detector-1] Traceback (most recent call last):
[target_detector-1]   File "/home/jonas/Documents/Bachelorarbeit/robocal/install/annin_ar4_calibration/lib/python3.12/site-packages/annin_ar4_calibration/nodes/target_detector_node.py", line 122, in main
[target_detector-1]     rclpy.spin(node)
[target_detector-1]   File "/opt/ros/jazzy/lib/python3.12/site-packages/rclpy/__init__.py", line 247, in spin
[target_detector-1]     executor.spin_once()
[target_detector-1]   File "/opt/ros/jazzy/lib/python3.12/site-packages/rclpy/executors.py", line 926, in spin_once
[target_detector-1]     self._spin_once_impl(timeout_sec)
[target_detector-1]   File "/opt/ros/jazzy/lib/python3.12/site-packages/rclpy/executors.py", line 907, in _spin_once_impl
[target_detector-1]     handler, entity, node = self.wait_for_ready_callbacks(
[target_detector-1]                             ^^^^^^^^^^^^^^^^^^^^^^^^^^^^^^
[target_detector-1]   File "/opt/ros/jazzy/lib/python3.12/site-packages/rclpy/executors.py", line 877, in wait_for_ready_callbacks
[target_detector-1]     return next(self._cb_iter)
[target_detector-1]            ^^^^^^^^^^^^^^^^^^^
[target_detector-1]   File "/opt/ros/jazzy/lib/python3.12/site-packages/rclpy/executors.py", line 781, in _wait_for_ready_callbacks
[target_detector-1]     wait_set.wait(timeout_nsec)
[target_detector-1] KeyboardInterrupt
[target_detector-1] 
[target_detector-1] During handling of the above exception, another exception occurred:
[target_detector-1] 
[target_detector-1] Traceback (most recent call last):
[target_detector-1]   File "/home/jonas/Documents/Bachelorarbeit/robocal/install/annin_ar4_calibration/lib/annin_ar4_calibration/target_detector", line 33, in <module>
[target_detector-1]     sys.exit(load_entry_point('annin-ar4-calibration==0.0.1', 'console_scripts', 'target_detector')())
[target_detector-1]              ^^^^^^^^^^^^^^^^^^^^^^^^^^^^^^^^^^^^^^^^^^^^^^^^^^^^^^^^^^^^^^^^^^^^^^^^^^^^^^^^^^^^^^^^
[target_detector-1]   File "/home/jonas/Documents/Bachelorarbeit/robocal/install/annin_ar4_calibration/lib/python3.12/site-packages/annin_ar4_calibration/nodes/target_detector_node.py", line 125, in main
[target_detector-1]     rclpy.shutdown()
[target_detector-1]   File "/opt/ros/jazzy/lib/python3.12/site-packages/rclpy/__init__.py", line 134, in shutdown
[target_detector-1]     _shutdown(context=context)
[target_detector-1]   File "/opt/ros/jazzy/lib/python3.12/site-packages/rclpy/utilities.py", line 82, in shutdown
[target_detector-1]     context.shutdown()
[target_detector-1]   File "/opt/ros/jazzy/lib/python3.12/site-packages/rclpy/context.py", line 129, in shutdown
[target_detector-1]     self.__context.shutdown()
[target_detector-1] rclpy._rclpy_pybind11.RCLError: failed to shutdown: rcl_shutdown already called on the given context, at ./src/rcl/init.c:333
[hand_eye_visualization-4]     rclpy.spin(node)
[hand_eye_visualization-4]   File "/opt/ros/jazzy/lib/python3.12/site-packages/rclpy/__init__.py", line 247, in spin
[hand_eye_visualization-4]     executor.spin_once()
[hand_eye_visualization-4]   File "/opt/ros/jazzy/lib/python3.12/site-packages/rclpy/executors.py", line 926, in spin_once
[hand_eye_visualization-4]     self._spin_once_impl(timeout_sec)
[hand_eye_visualization-4]   File "/opt/ros/jazzy/lib/python3.12/site-packages/rclpy/executors.py", line 907, in _spin_once_impl
[hand_eye_visualization-4]     handler, entity, node = self.wait_for_ready_callbacks(
[hand_eye_visualization-4]                             ^^^^^^^^^^^^^^^^^^^^^^^^^^^^^^
[hand_eye_visualization-4]   File "/opt/ros/jazzy/lib/python3.12/site-packages/rclpy/executors.py", line 877, in wait_for_ready_callbacks
[hand_eye_collector-2] Traceback (most recent call last):
[hand_eye_collector-2]   File "/home/jonas/Documents/Bachelorarbeit/robocal/install/annin_ar4_calibration/lib/python3.12/site-packages/annin_ar4_calibration/nodes/hand_eye_collector_node.py", line 282, in main
[hand_eye_visualization-4]     return next(self._cb_iter)
[hand_eye_visualization-4]            ^^^^^^^^^^^^^^^^^^^
[hand_eye_visualization-4]   File "/opt/ros/jazzy/lib/python3.12/site-packages/rclpy/executors.py", line 781, in _wait_for_ready_callbacks
[hand_eye_visualization-4]     wait_set.wait(timeout_nsec)
[hand_eye_visualization-4] KeyboardInterrupt
[hand_eye_visualization-4] 
[hand_eye_visualization-4] During handling of the above exception, another exception occurred:
[hand_eye_visualization-4] 
[hand_eye_visualization-4] Traceback (most recent call last):
[hand_eye_visualization-4]   File "/home/jonas/Documents/Bachelorarbeit/robocal/install/annin_ar4_calibration/lib/annin_ar4_calibration/hand_eye_visualization", line 33, in <module>
[hand_eye_visualization-4]     sys.exit(load_entry_point('annin-ar4-calibration==0.0.1', 'console_scripts', 'hand_eye_visualization')())
[hand_eye_visualization-4]              ^^^^^^^^^^^^^^^^^^^^^^^^^^^^^^^^^^^^^^^^^^^^^^^^^^^^^^^^^^^^^^^^^^^^^^^^^^^^^^^^^^^^^^^^^^^^^^^
[hand_eye_visualization-4]   File "/home/jonas/Documents/Bachelorarbeit/robocal/install/annin_ar4_calibration/lib/python3.12/site-packages/annin_ar4_calibration/nodes/hand_eye_visualization_node.py", line 188, in main
[hand_eye_collector-2]     executor.spin()
[hand_eye_collector-2]   File "/opt/ros/jazzy/lib/python3.12/site-packages/rclpy/executors.py", line 359, in spin
[hand_eye_collector-2]     self._spin_once_impl()
[hand_eye_collector-2]   File "/opt/ros/jazzy/lib/python3.12/site-packages/rclpy/executors.py", line 991, in _spin_once_impl
[hand_eye_collector-2]     handler, entity, node = self.wait_for_ready_callbacks(
[hand_eye_collector-2]                             ^^^^^^^^^^^^^^^^^^^^^^^^^^^^^^
[hand_eye_collector-2]   File "/opt/ros/jazzy/lib/python3.12/site-packages/rclpy/executors.py", line 877, in wait_for_ready_callbacks
[hand_eye_collector-2]     return next(self._cb_iter)
[hand_eye_collector-2]            ^^^^^^^^^^^^^^^^^^^
[hand_eye_collector-2]   File "/opt/ros/jazzy/lib/python3.12/site-packages/rclpy/executors.py", line 781, in _wait_for_ready_callbacks
[hand_eye_collector-2]     wait_set.wait(timeout_nsec)
[hand_eye_collector-2] KeyboardInterrupt
[hand_eye_collector-2] 
[hand_eye_collector-2] During handling of the above exception, another exception occurred:
[hand_eye_collector-2] 
[hand_eye_collector-2] Traceback (most recent call last):
[hand_eye_collector-2]   File "/home/jonas/Documents/Bachelorarbeit/robocal/install/annin_ar4_calibration/lib/annin_ar4_calibration/hand_eye_collector", line 33, in <module>
[hand_eye_visualization-4]     rclpy.shutdown()
[hand_eye_visualization-4]   File "/opt/ros/jazzy/lib/python3.12/site-packages/rclpy/__init__.py", line 134, in shutdown
[hand_eye_visualization-4]     _shutdown(context=context)
[hand_eye_visualization-4]   File "/opt/ros/jazzy/lib/python3.12/site-packages/rclpy/utilities.py", line 82, in shutdown
[hand_eye_visualization-4]     context.shutdown()
[hand_eye_visualization-4]   File "/opt/ros/jazzy/lib/python3.12/site-packages/rclpy/context.py", line 129, in shutdown
[hand_eye_visualization-4]     self.__context.shutdown()
[hand_eye_visualization-4] rclpy._rclpy_pybind11.RCLError: failed to shutdown: rcl_shutdown already called on the given context, at ./src/rcl/init.c:333
[hand_eye_collector-2]     sys.exit(load_entry_point('annin-ar4-calibration==0.0.1', 'console_scripts', 'hand_eye_collector')())
[hand_eye_collector-2]              ^^^^^^^^^^^^^^^^^^^^^^^^^^^^^^^^^^^^^^^^^^^^^^^^^^^^^^^^^^^^^^^^^^^^^^^^^^^^^^^^^^^^^^^^^^^
[hand_eye_collector-2]   File "/home/jonas/Documents/Bachelorarbeit/robocal/install/annin_ar4_calibration/lib/python3.12/site-packages/annin_ar4_calibration/nodes/hand_eye_collector_node.py", line 285, in main
[hand_eye_collector-2]     rclpy.shutdown()
[hand_eye_collector-2]   File "/opt/ros/jazzy/lib/python3.12/site-packages/rclpy/__init__.py", line 134, in shutdown
[hand_eye_collector-2]     _shutdown(context=context)
[hand_eye_collector-2]   File "/opt/ros/jazzy/lib/python3.12/site-packages/rclpy/utilities.py", line 82, in shutdown
[hand_eye_collector-2]     context.shutdown()
[hand_eye_collector-2]   File "/opt/ros/jazzy/lib/python3.12/site-packages/rclpy/context.py", line 129, in shutdown
[hand_eye_collector-2]     self.__context.shutdown()
[hand_eye_collector-2] rclpy._rclpy_pybind11.RCLError: failed to shutdown: rcl_shutdown already called on the given context, at ./src/rcl/init.c:333
[ERROR] [hand_eye_calibration-3]: process has died [pid 141976, exit code 1, cmd '/home/jonas/Documents/Bachelorarbeit/robocal/install/annin_ar4_calibration/lib/annin_ar4_calibration/hand_eye_calibration --ros-args -r __node:=hand_eye_calibration -p use_sim_time:=True --params-file /home/jonas/Documents/Bachelorarbeit/robocal/install/annin_ar4_calibration/share/annin_ar4_calibration/config/hand_eye_params.yaml --params-file /home/jonas/Documents/Bachelorarbeit/robocal/install/annin_ar4_calibration/share/annin_ar4_calibration/config/sim_overrides.yaml --params-file /home/jonas/benchmarks/runs/sim_wp4-s001-2143ade799/extra_params.yaml --params-file /tmp/launch_params_47oik5kc'].
[ERROR] [hand_eye_visualization-4]: process has died [pid 141977, exit code 1, cmd '/home/jonas/Documents/Bachelorarbeit/robocal/install/annin_ar4_calibration/lib/annin_ar4_calibration/hand_eye_visualization --ros-args -r __node:=hand_eye_visualization -p use_sim_time:=True --params-file /home/jonas/Documents/Bachelorarbeit/robocal/install/annin_ar4_calibration/share/annin_ar4_calibration/config/hand_eye_params.yaml --params-file /home/jonas/Documents/Bachelorarbeit/robocal/install/annin_ar4_calibration/share/annin_ar4_calibration/config/sim_overrides.yaml --params-file /home/jonas/benchmarks/runs/sim_wp4-s001-2143ade799/extra_params.yaml'].
[ERROR] [target_detector-1]: process has died [pid 141974, exit code 1, cmd '/home/jonas/Documents/Bachelorarbeit/robocal/install/annin_ar4_calibration/lib/annin_ar4_calibration/target_detector --ros-args -r __node:=target_detector -p use_sim_time:=True --params-file /home/jonas/Documents/Bachelorarbeit/robocal/install/annin_ar4_calibration/share/annin_ar4_calibration/config/hand_eye_params.yaml --params-file /home/jonas/Documents/Bachelorarbeit/robocal/install/annin_ar4_calibration/share/annin_ar4_calibration/config/sim_overrides.yaml --params-file /home/jonas/benchmarks/runs/sim_wp4-s001-2143ade799/extra_params.yaml --params-file /tmp/launch_params_58mldhje'].
[ERROR] [hand_eye_collector-2]: process has died [pid 141975, exit code 1, cmd '/home/jonas/Documents/Bachelorarbeit/robocal/install/annin_ar4_calibration/lib/annin_ar4_calibration/hand_eye_collector --ros-args -r __node:=hand_eye_collector -p use_sim_time:=True --params-file /home/jonas/Documents/Bachelorarbeit/robocal/install/annin_ar4_calibration/share/annin_ar4_calibration/config/hand_eye_params.yaml --params-file /home/jonas/Documents/Bachelorarbeit/robocal/install/annin_ar4_calibration/share/annin_ar4_calibration/config/sim_overrides.yaml --params-file /home/jonas/benchmarks/runs/sim_wp4-s001-2143ade799/extra_params.yaml --params-file /tmp/launch_params_vysmc8yk'].
[INFO] [launch]: All log files can be found below /home/jonas/benchmarks/runs/sim_wp4-s001-2143ade799/ros_home/log/2026-09-02-18-58-46-169196-Feanor-179300
[INFO] [launch]: Default logging verbosity is set to INFO
[INFO] [target_detector-1]: process started with pid [179372]
[INFO] [hand_eye_collector-2]: process started with pid [179373]
[INFO] [hand_eye_calibration-3]: process started with pid [179374]
[INFO] [hand_eye_visualization-4]: process started with pid [179375]
[target_detector-1] [INFO] [1788368329.068172804] [target_detector]: Target detector ready: target_type=charuco, target_frame=calibration_target
[hand_eye_calibration-3] [INFO] [1788368329.101193170] [hand_eye_calibration]: Loaded existing calibration from /home/jonas/benchmarks/runs/sim_wp4-s001-2143ade799/ros_home/annin_ar4_calibration/hand_eye_result.yaml, re-broadcasting base_link -> camera_color_optical_frame
[hand_eye_calibration-3] [INFO] [1788368329.139333801] [hand_eye_calibration]: Hand-eye calibration ready: calibration_type=eye_to_hand, sample_file=/home/jonas/benchmarks/runs/sim_wp4-s001-2143ade799/ros_home/annin_ar4_calibration/hand_eye_samples.npy, result_file=/home/jonas/benchmarks/runs/sim_wp4-s001-2143ade799/ros_home/annin_ar4_calibration/hand_eye_result.yaml
[hand_eye_collector-2] [INFO] [1788368329.681432798] [hand_eye_collector]: Hand-eye collector ready: calibration_type=eye_to_hand, sample_file=/home/jonas/benchmarks/runs/sim_wp4-s001-2143ade799/ros_home/annin_ar4_calibration/hand_eye_samples.npy. This node moves the robot during run_auto_sequence - clear the workspace first.
[WARNING] [launch]: user interrupted with ctrl-c (SIGINT)
[hand_eye_visualization-4] Traceback (most recent call last):
[hand_eye_visualization-4]   File "/home/jonas/Documents/Bachelorarbeit/robocal/install/annin_ar4_calibration/lib/python3.12/site-packages/annin_ar4_calibration/nodes/hand_eye_visualization_node.py", line 185, in main
[hand_eye_calibration-3] Traceback (most recent call last):
[hand_eye_calibration-3]   File "/home/jonas/Documents/Bachelorarbeit/robocal/install/annin_ar4_calibration/lib/python3.12/site-packages/annin_ar4_calibration/nodes/hand_eye_calibration_node.py", line 166, in main
[hand_eye_calibration-3]     rclpy.spin(node)
[hand_eye_calibration-3]   File "/opt/ros/jazzy/lib/python3.12/site-packages/rclpy/__init__.py", line 247, in spin
[hand_eye_calibration-3]     executor.spin_once()
[hand_eye_calibration-3]   File "/opt/ros/jazzy/lib/python3.12/site-packages/rclpy/executors.py", line 926, in spin_once
[hand_eye_calibration-3]     self._spin_once_impl(timeout_sec)
[hand_eye_calibration-3]   File "/opt/ros/jazzy/lib/python3.12/site-packages/rclpy/executors.py", line 907, in _spin_once_impl
[hand_eye_calibration-3]     handler, entity, node = self.wait_for_ready_callbacks(
[hand_eye_calibration-3]                             ^^^^^^^^^^^^^^^^^^^^^^^^^^^^^^
[hand_eye_calibration-3]   File "/opt/ros/jazzy/lib/python3.12/site-packages/rclpy/executors.py", line 877, in wait_for_ready_callbacks
[hand_eye_calibration-3]     return next(self._cb_iter)
[hand_eye_calibration-3]            ^^^^^^^^^^^^^^^^^^^
[hand_eye_calibration-3]   File "/opt/ros/jazzy/lib/python3.12/site-packages/rclpy/executors.py", line 781, in _wait_for_ready_callbacks
[hand_eye_calibration-3]     wait_set.wait(timeout_nsec)
[hand_eye_calibration-3] KeyboardInterrupt
[hand_eye_calibration-3] 
[hand_eye_calibration-3] During handling of the above exception, another exception occurred:
[hand_eye_calibration-3] 
[hand_eye_calibration-3] Traceback (most recent call last):
[hand_eye_calibration-3]   File "/home/jonas/Documents/Bachelorarbeit/robocal/install/annin_ar4_calibration/lib/annin_ar4_calibration/hand_eye_calibration", line 33, in <module>
[hand_eye_visualization-4]     rclpy.spin(node)
[hand_eye_visualization-4]   File "/opt/ros/jazzy/lib/python3.12/site-packages/rclpy/__init__.py", line 247, in spin
[hand_eye_visualization-4]     executor.spin_once()
[hand_eye_visualization-4]   File "/opt/ros/jazzy/lib/python3.12/site-packages/rclpy/executors.py", line 926, in spin_once
[hand_eye_visualization-4]     self._spin_once_impl(timeout_sec)
[hand_eye_visualization-4]   File "/opt/ros/jazzy/lib/python3.12/site-packages/rclpy/executors.py", line 907, in _spin_once_impl
[hand_eye_visualization-4]     handler, entity, node = self.wait_for_ready_callbacks(
[hand_eye_visualization-4]                             ^^^^^^^^^^^^^^^^^^^^^^^^^^^^^^
[hand_eye_visualization-4]   File "/opt/ros/jazzy/lib/python3.12/site-packages/rclpy/executors.py", line 877, in wait_for_ready_callbacks
[hand_eye_visualization-4]     return next(self._cb_iter)
[hand_eye_visualization-4]            ^^^^^^^^^^^^^^^^^^^
[hand_eye_visualization-4]   File "/opt/ros/jazzy/lib/python3.12/site-packages/rclpy/executors.py", line 781, in _wait_for_ready_callbacks
[hand_eye_visualization-4]     wait_set.wait(timeout_nsec)
[hand_eye_visualization-4] KeyboardInterrupt
[hand_eye_visualization-4] 
[hand_eye_visualization-4] During handling of the above exception, another exception occurred:
[hand_eye_visualization-4] 
[hand_eye_visualization-4] Traceback (most recent call last):
[hand_eye_visualization-4]   File "/home/jonas/Documents/Bachelorarbeit/robocal/install/annin_ar4_calibration/lib/annin_ar4_calibration/hand_eye_visualization", line 33, in <module>
[target_detector-1] Traceback (most recent call last):
[target_detector-1]   File "/home/jonas/Documents/Bachelorarbeit/robocal/install/annin_ar4_calibration/lib/python3.12/site-packages/annin_ar4_calibration/nodes/target_detector_node.py", line 122, in main
[hand_eye_calibration-3]     sys.exit(load_entry_point('annin-ar4-calibration==0.0.1', 'console_scripts', 'hand_eye_calibration')())
[hand_eye_calibration-3]              ^^^^^^^^^^^^^^^^^^^^^^^^^^^^^^^^^^^^^^^^^^^^^^^^^^^^^^^^^^^^^^^^^^^^^^^^^^^^^^^^^^^^^^^^^^^^^
[hand_eye_calibration-3]   File "/home/jonas/Documents/Bachelorarbeit/robocal/install/annin_ar4_calibration/lib/python3.12/site-packages/annin_ar4_calibration/nodes/hand_eye_calibration_node.py", line 169, in main
[hand_eye_visualization-4]     sys.exit(load_entry_point('annin-ar4-calibration==0.0.1', 'console_scripts', 'hand_eye_visualization')())
[hand_eye_visualization-4]              ^^^^^^^^^^^^^^^^^^^^^^^^^^^^^^^^^^^^^^^^^^^^^^^^^^^^^^^^^^^^^^^^^^^^^^^^^^^^^^^^^^^^^^^^^^^^^^^
[hand_eye_visualization-4]   File "/home/jonas/Documents/Bachelorarbeit/robocal/install/annin_ar4_calibration/lib/python3.12/site-packages/annin_ar4_calibration/nodes/hand_eye_visualization_node.py", line 188, in main
[hand_eye_calibration-3]     rclpy.shutdown()
[hand_eye_calibration-3]   File "/opt/ros/jazzy/lib/python3.12/site-packages/rclpy/__init__.py", line 134, in shutdown
[hand_eye_visualization-4]     rclpy.shutdown()
[hand_eye_visualization-4]   File "/opt/ros/jazzy/lib/python3.12/site-packages/rclpy/__init__.py", line 134, in shutdown
[hand_eye_calibration-3]     _shutdown(context=context)
[hand_eye_calibration-3]   File "/opt/ros/jazzy/lib/python3.12/site-packages/rclpy/utilities.py", line 82, in shutdown
[hand_eye_calibration-3]     context.shutdown()
[hand_eye_calibration-3]   File "/opt/ros/jazzy/lib/python3.12/site-packages/rclpy/context.py", line 129, in shutdown
[hand_eye_calibration-3]     self.__context.shutdown()
[hand_eye_calibration-3] rclpy._rclpy_pybind11.RCLError: failed to shutdown: rcl_shutdown already called on the given context, at ./src/rcl/init.c:333
[hand_eye_visualization-4]     _shutdown(context=context)
[hand_eye_visualization-4]   File "/opt/ros/jazzy/lib/python3.12/site-packages/rclpy/utilities.py", line 82, in shutdown
[hand_eye_visualization-4]     context.shutdown()
[hand_eye_visualization-4]   File "/opt/ros/jazzy/lib/python3.12/site-packages/rclpy/context.py", line 129, in shutdown
[hand_eye_visualization-4]     self.__context.shutdown()
[hand_eye_visualization-4] rclpy._rclpy_pybind11.RCLError: failed to shutdown: rcl_shutdown already called on the given context, at ./src/rcl/init.c:333
[target_detector-1]     rclpy.spin(node)
[target_detector-1]   File "/opt/ros/jazzy/lib/python3.12/site-packages/rclpy/__init__.py", line 247, in spin
[target_detector-1]     executor.spin_once()
[target_detector-1]   File "/opt/ros/jazzy/lib/python3.12/site-packages/rclpy/executors.py", line 926, in spin_once
[target_detector-1]     self._spin_once_impl(timeout_sec)
[target_detector-1]   File "/opt/ros/jazzy/lib/python3.12/site-packages/rclpy/executors.py", line 907, in _spin_once_impl
[target_detector-1]     handler, entity, node = self.wait_for_ready_callbacks(
[target_detector-1]                             ^^^^^^^^^^^^^^^^^^^^^^^^^^^^^^
[target_detector-1]   File "/opt/ros/jazzy/lib/python3.12/site-packages/rclpy/executors.py", line 877, in wait_for_ready_callbacks
[target_detector-1]     return next(self._cb_iter)
[target_detector-1]            ^^^^^^^^^^^^^^^^^^^
[target_detector-1]   File "/opt/ros/jazzy/lib/python3.12/site-packages/rclpy/executors.py", line 781, in _wait_for_ready_callbacks
[target_detector-1]     wait_set.wait(timeout_nsec)
[target_detector-1] KeyboardInterrupt
[target_detector-1] 
[target_detector-1] During handling of the above exception, another exception occurred:
[target_detector-1] 
[target_detector-1] Traceback (most recent call last):
[target_detector-1]   File "/home/jonas/Documents/Bachelorarbeit/robocal/install/annin_ar4_calibration/lib/annin_ar4_calibration/target_detector", line 33, in <module>
[target_detector-1]     sys.exit(load_entry_point('annin-ar4-calibration==0.0.1', 'console_scripts', 'target_detector')())
[target_detector-1]              ^^^^^^^^^^^^^^^^^^^^^^^^^^^^^^^^^^^^^^^^^^^^^^^^^^^^^^^^^^^^^^^^^^^^^^^^^^^^^^^^^^^^^^^^
[target_detector-1]   File "/home/jonas/Documents/Bachelorarbeit/robocal/install/annin_ar4_calibration/lib/python3.12/site-packages/annin_ar4_calibration/nodes/target_detector_node.py", line 125, in main
[hand_eye_collector-2] Traceback (most recent call last):
[hand_eye_collector-2]   File "/home/jonas/Documents/Bachelorarbeit/robocal/install/annin_ar4_calibration/lib/python3.12/site-packages/annin_ar4_calibration/nodes/hand_eye_collector_node.py", line 282, in main
[target_detector-1]     rclpy.shutdown()
[target_detector-1]   File "/opt/ros/jazzy/lib/python3.12/site-packages/rclpy/__init__.py", line 134, in shutdown
[target_detector-1]     _shutdown(context=context)
[target_detector-1]   File "/opt/ros/jazzy/lib/python3.12/site-packages/rclpy/utilities.py", line 82, in shutdown
[target_detector-1]     context.shutdown()
[target_detector-1]   File "/opt/ros/jazzy/lib/python3.12/site-packages/rclpy/context.py", line 129, in shutdown
[target_detector-1]     self.__context.shutdown()
[target_detector-1] rclpy._rclpy_pybind11.RCLError: failed to shutdown: rcl_shutdown already called on the given context, at ./src/rcl/init.c:333
[hand_eye_collector-2]     executor.spin()
[hand_eye_collector-2]   File "/opt/ros/jazzy/lib/python3.12/site-packages/rclpy/executors.py", line 359, in spin
[hand_eye_collector-2]     self._spin_once_impl()
[hand_eye_collector-2]   File "/opt/ros/jazzy/lib/python3.12/site-packages/rclpy/executors.py", line 991, in _spin_once_impl
[hand_eye_collector-2]     handler, entity, node = self.wait_for_ready_callbacks(
[hand_eye_collector-2]                             ^^^^^^^^^^^^^^^^^^^^^^^^^^^^^^
[hand_eye_collector-2]   File "/opt/ros/jazzy/lib/python3.12/site-packages/rclpy/executors.py", line 877, in wait_for_ready_callbacks
[hand_eye_collector-2]     return next(self._cb_iter)
[hand_eye_collector-2]            ^^^^^^^^^^^^^^^^^^^
[hand_eye_collector-2]   File "/opt/ros/jazzy/lib/python3.12/site-packages/rclpy/executors.py", line 781, in _wait_for_ready_callbacks
[hand_eye_collector-2]     wait_set.wait(timeout_nsec)
[hand_eye_collector-2] KeyboardInterrupt
[hand_eye_collector-2] 
[hand_eye_collector-2] During handling of the above exception, another exception occurred:
[hand_eye_collector-2] 
[hand_eye_collector-2] Traceback (most recent call last):
[hand_eye_collector-2]   File "/home/jonas/Documents/Bachelorarbeit/robocal/install/annin_ar4_calibration/lib/annin_ar4_calibration/hand_eye_collector", line 33, in <module>
[hand_eye_collector-2]     sys.exit(load_entry_point('annin-ar4-calibration==0.0.1', 'console_scripts', 'hand_eye_collector')())
[hand_eye_collector-2]              ^^^^^^^^^^^^^^^^^^^^^^^^^^^^^^^^^^^^^^^^^^^^^^^^^^^^^^^^^^^^^^^^^^^^^^^^^^^^^^^^^^^^^^^^^^^
[hand_eye_collector-2]   File "/home/jonas/Documents/Bachelorarbeit/robocal/install/annin_ar4_calibration/lib/python3.12/site-packages/annin_ar4_calibration/nodes/hand_eye_collector_node.py", line 285, in main
[hand_eye_collector-2]     rclpy.shutdown()
[hand_eye_collector-2]   File "/opt/ros/jazzy/lib/python3.12/site-packages/rclpy/__init__.py", line 134, in shutdown
[hand_eye_collector-2]     _shutdown(context=context)
[hand_eye_collector-2]   File "/opt/ros/jazzy/lib/python3.12/site-packages/rclpy/utilities.py", line 82, in shutdown
[hand_eye_collector-2]     context.shutdown()
[hand_eye_collector-2]   File "/opt/ros/jazzy/lib/python3.12/site-packages/rclpy/context.py", line 129, in shutdown
[hand_eye_collector-2]     self.__context.shutdown()
[hand_eye_collector-2] rclpy._rclpy_pybind11.RCLError: failed to shutdown: rcl_shutdown already called on the given context, at ./src/rcl/init.c:333
[ERROR] [hand_eye_visualization-4]: process has died [pid 179375, exit code 1, cmd '/home/jonas/Documents/Bachelorarbeit/robocal/install/annin_ar4_calibration/lib/annin_ar4_calibration/hand_eye_visualization --ros-args -r __node:=hand_eye_visualization -p use_sim_time:=True --params-file /home/jonas/Documents/Bachelorarbeit/robocal/install/annin_ar4_calibration/share/annin_ar4_calibration/config/hand_eye_params.yaml --params-file /home/jonas/Documents/Bachelorarbeit/robocal/install/annin_ar4_calibration/share/annin_ar4_calibration/config/sim_overrides.yaml --params-file /home/jonas/benchmarks/runs/sim_wp4-s001-2143ade799/extra_params.yaml'].
[ERROR] [hand_eye_calibration-3]: process has died [pid 179374, exit code 1, cmd '/home/jonas/Documents/Bachelorarbeit/robocal/install/annin_ar4_calibration/lib/annin_ar4_calibration/hand_eye_calibration --ros-args -r __node:=hand_eye_calibration -p use_sim_time:=True --params-file /home/jonas/Documents/Bachelorarbeit/robocal/install/annin_ar4_calibration/share/annin_ar4_calibration/config/hand_eye_params.yaml --params-file /home/jonas/Documents/Bachelorarbeit/robocal/install/annin_ar4_calibration/share/annin_ar4_calibration/config/sim_overrides.yaml --params-file /home/jonas/benchmarks/runs/sim_wp4-s001-2143ade799/extra_params.yaml --params-file /tmp/launch_params_4ana3i0m'].
[ERROR] [target_detector-1]: process has died [pid 179372, exit code 1, cmd '/home/jonas/Documents/Bachelorarbeit/robocal/install/annin_ar4_calibration/lib/annin_ar4_calibration/target_detector --ros-args -r __node:=target_detector -p use_sim_time:=True --params-file /home/jonas/Documents/Bachelorarbeit/robocal/install/annin_ar4_calibration/share/annin_ar4_calibration/config/hand_eye_params.yaml --params-file /home/jonas/Documents/Bachelorarbeit/robocal/install/annin_ar4_calibration/share/annin_ar4_calibration/config/sim_overrides.yaml --params-file /home/jonas/benchmarks/runs/sim_wp4-s001-2143ade799/extra_params.yaml --params-file /tmp/launch_params_v2fp3v8_'].
[ERROR] [hand_eye_collector-2]: process has died [pid 179373, exit code 1, cmd '/home/jonas/Documents/Bachelorarbeit/robocal/install/annin_ar4_calibration/lib/annin_ar4_calibration/hand_eye_collector --ros-args -r __node:=hand_eye_collector -p use_sim_time:=True --params-file /home/jonas/Documents/Bachelorarbeit/robocal/install/annin_ar4_calibration/share/annin_ar4_calibration/config/hand_eye_params.yaml --params-file /home/jonas/Documents/Bachelorarbeit/robocal/install/annin_ar4_calibration/share/annin_ar4_calibration/config/sim_overrides.yaml --params-file /home/jonas/benchmarks/runs/sim_wp4-s001-2143ade799/extra_params.yaml --params-file /tmp/launch_params_2kt_kl5x'].
