[INFO] [1787246756.607797367] [tcp_sim_poser]: Solving IK against the perturbed plant (/home/jonas/benchmarks/runs/sim_wp2-s005-d56de2dbfe/perturbation.yaml)
[INFO] [1787246756.799547773] [tcp_sim_poser]: TCP sim poser ready: reference_point=[0.3, 0.1, 0.2], tool_length=0.15 m, num_poses=30. Call ~/run_sequence to start.
[INFO] [1787246757.531853309] [tcp_sim_poser]: pose 1/30: executing (ik residual 0.0 um)
[WARN] [1787246762.970662746] [tcp_sim_poser]: Action 'move_action' was unsuccessful: STATUS_ABORTED.
[WARN] [1787246763.109940628] [tcp_sim_poser]: pose 1/30: SKIP motion failed
[INFO] [1787246763.632084147] [tcp_sim_poser]: pose 2/30: executing (ik residual 0.0 um)
[INFO] [1787246768.607218190] [tcp_sim_poser]: pose 2/30: collected (1 so far)
[INFO] [1787246768.939587851] [tcp_sim_poser]: pose 3/30: executing (ik residual 0.0 um)
[INFO] [1787246773.228808931] [tcp_sim_poser]: pose 3/30: collected (2 so far)
[INFO] [1787246773.720023643] [tcp_sim_poser]: pose 4/30: executing (ik residual 0.0 um)
[INFO] [1787246783.851237529] [tcp_sim_poser]: pose 4/30: collected (3 so far)
[INFO] [1787246784.082071523] [tcp_sim_poser]: pose 5/30: executing (ik residual 0.0 um)
[INFO] [1787246788.133315550] [tcp_sim_poser]: pose 5/30: collected (4 so far)
[INFO] [1787246789.826230759] [tcp_sim_poser]: pose 6/30: executing (ik residual 0.0 um)
[INFO] [1787246797.685787805] [tcp_sim_poser]: pose 6/30: collected (5 so far)
[INFO] [1787246801.534056659] [tcp_sim_poser]: pose 7/30: executing (ik residual 0.0 um)
[INFO] [1787246809.041307698] [tcp_sim_poser]: pose 7/30: collected (6 so far)
[INFO] [1787246809.757353823] [tcp_sim_poser]: pose 8/30: executing (ik residual 0.0 um)
[INFO] [1787246820.317221695] [tcp_sim_poser]: pose 8/30: collected (7 so far)
[INFO] [1787246821.946520692] [tcp_sim_poser]: pose 9/30: executing (ik residual 11.5 um)
[INFO] [1787246831.810957720] [tcp_sim_poser]: pose 9/30: collected (8 so far)
[INFO] [1787246835.414912893] [tcp_sim_poser]: pose 10/30: executing (ik residual 0.0 um)
[INFO] [1787246844.287495388] [tcp_sim_poser]: pose 10/30: collected (9 so far)
[INFO] [1787246845.180249564] [tcp_sim_poser]: pose 11/30: executing (ik residual 0.0 um)
[INFO] [1787246858.208064133] [tcp_sim_poser]: pose 11/30: collected (10 so far)
[INFO] [1787246858.583754418] [tcp_sim_poser]: pose 12/30: executing (ik residual 0.0 um)
[INFO] [1787246866.329092572] [tcp_sim_poser]: pose 12/30: collected (11 so far)
[INFO] [1787246866.639920671] [tcp_sim_poser]: pose 13/30: executing (ik residual 25.6 um)
[INFO] [1787246874.750546442] [tcp_sim_poser]: pose 13/30: collected (12 so far)
[INFO] [1787246876.381546066] [tcp_sim_poser]: pose 14/30: executing (ik residual 0.0 um)
[INFO] [1787246887.385243182] [tcp_sim_poser]: pose 14/30: collected (13 so far)
[INFO] [1787246887.671979724] [tcp_sim_poser]: pose 15/30: executing (ik residual 0.0 um)
[INFO] [1787246894.839089947] [tcp_sim_poser]: pose 15/30: collected (14 so far)
[INFO] [1787246895.242723298] [tcp_sim_poser]: pose 16/30: executing (ik residual 0.0 um)
[INFO] [1787246902.167720527] [tcp_sim_poser]: pose 16/30: collected (15 so far)
[INFO] [1787246902.481820221] [tcp_sim_poser]: pose 17/30: executing (ik residual 0.0 um)
[INFO] [1787246907.094818123] [tcp_sim_poser]: pose 17/30: collected (16 so far)
[INFO] [1787246907.579541240] [tcp_sim_poser]: pose 18/30: executing (ik residual 0.0 um)
[INFO] [1787246913.048545591] [tcp_sim_poser]: pose 18/30: collected (17 so far)
[INFO] [1787246913.325928996] [tcp_sim_poser]: pose 19/30: executing (ik residual 0.0 um)
[INFO] [1787246917.213198512] [tcp_sim_poser]: pose 19/30: collected (18 so far)
[INFO] [1787246917.777087731] [tcp_sim_poser]: pose 20/30: executing (ik residual 0.0 um)
[INFO] [1787246928.400257153] [tcp_sim_poser]: pose 20/30: collected (19 so far)
[INFO] [1787246929.076902533] [tcp_sim_poser]: pose 21/30: executing (ik residual 0.0 um)
[INFO] [1787246935.781774534] [tcp_sim_poser]: pose 21/30: collected (20 so far)
[INFO] [1787246936.170570333] [tcp_sim_poser]: pose 22/30: executing (ik residual 6.8 um)
[INFO] [1787246942.793786728] [tcp_sim_poser]: pose 22/30: collected (21 so far)
[INFO] [1787246943.158796503] [tcp_sim_poser]: pose 23/30: executing (ik residual 0.0 um)
[INFO] [1787246948.849901348] [tcp_sim_poser]: pose 23/30: collected (22 so far)
[INFO] [1787246949.055706094] [tcp_sim_poser]: pose 24/30: executing (ik residual 0.0 um)
[INFO] [1787246953.313564631] [tcp_sim_poser]: pose 24/30: collected (23 so far)
[INFO] [1787246953.560197692] [tcp_sim_poser]: pose 25/30: executing (ik residual 0.0 um)
[INFO] [1787246963.713108516] [tcp_sim_poser]: pose 25/30: collected (24 so far)
[INFO] [1787246965.268726448] [tcp_sim_poser]: pose 26/30: executing (ik residual 16.3 um)
[INFO] [1787246972.972755741] [tcp_sim_poser]: pose 26/30: collected (25 so far)
[INFO] [1787246973.340920015] [tcp_sim_poser]: pose 27/30: executing (ik residual 25.4 um)
[INFO] [1787246978.586159556] [tcp_sim_poser]: pose 27/30: collected (26 so far)
[INFO] [1787246979.368500334] [tcp_sim_poser]: pose 28/30: executing (ik residual 13.3 um)
[INFO] [1787246985.568914229] [tcp_sim_poser]: pose 28/30: collected (27 so far)
[INFO] [1787246987.086463639] [tcp_sim_poser]: pose 29/30: executing (ik residual 0.0 um)
[INFO] [1787246999.642392841] [tcp_sim_poser]: pose 29/30: collected (28 so far)
[INFO] [1787247000.107388475] [tcp_sim_poser]: pose 30/30: executing (ik residual 0.3 um)
[INFO] [1787247007.818790684] [tcp_sim_poser]: pose 30/30: collected (29 so far)
