[INFO] [1787245378.717526701] [tcp_sim_poser]: Solving IK against the perturbed plant (/home/jonas/benchmarks/runs/sim_wp2-s005-3d0cc785f6/perturbation.yaml)
[INFO] [1787245378.913132178] [tcp_sim_poser]: TCP sim poser ready: reference_point=[0.3, 0.1, 0.2], tool_length=0.15 m, num_poses=20. Call ~/run_sequence to start.
[INFO] [1787245379.570861633] [tcp_sim_poser]: pose 1/20: executing (ik residual 0.0 um)
[INFO] [1787245385.728545100] [tcp_sim_poser]: pose 1/20: collected (1 so far)
[INFO] [1787245386.300042263] [tcp_sim_poser]: pose 2/20: executing (ik residual 0.0 um)
[INFO] [1787245392.570136172] [tcp_sim_poser]: pose 2/20: collected (2 so far)
[INFO] [1787245393.350173805] [tcp_sim_poser]: pose 3/20: executing (ik residual 0.0 um)
[INFO] [1787245398.443051221] [tcp_sim_poser]: pose 3/20: collected (3 so far)
[INFO] [1787245398.815113460] [tcp_sim_poser]: pose 4/20: executing (ik residual 0.0 um)
[INFO] [1787245404.417749863] [tcp_sim_poser]: pose 4/20: collected (4 so far)
[INFO] [1787245406.209867077] [tcp_sim_poser]: pose 5/20: executing (ik residual 0.0 um)
[INFO] [1787245417.410964179] [tcp_sim_poser]: pose 5/20: collected (5 so far)
[INFO] [1787245418.999494132] [tcp_sim_poser]: pose 6/20: executing (ik residual 9.4 um)
[INFO] [1787245426.911335951] [tcp_sim_poser]: pose 6/20: collected (6 so far)
[INFO] [1787245429.231592275] [tcp_sim_poser]: pose 7/20: executing (ik residual 0.0 um)
[INFO] [1787245437.711256488] [tcp_sim_poser]: pose 7/20: collected (7 so far)
[INFO] [1787245438.146831528] [tcp_sim_poser]: pose 8/20: executing (ik residual 6.3 um)
[INFO] [1787245446.779129861] [tcp_sim_poser]: pose 8/20: collected (8 so far)
[INFO] [1787245447.332977383] [tcp_sim_poser]: pose 9/20: executing (ik residual 0.0 um)
[INFO] [1787245455.215394724] [tcp_sim_poser]: pose 9/20: collected (9 so far)
[INFO] [1787245457.992659584] [tcp_sim_poser]: pose 10/20: executing (ik residual 0.0 um)
[INFO] [1787245466.234631185] [tcp_sim_poser]: pose 10/20: collected (10 so far)
[INFO] [1787245466.758395922] [tcp_sim_poser]: pose 11/20: executing (ik residual 0.0 um)
[INFO] [1787245473.968583117] [tcp_sim_poser]: pose 11/20: collected (11 so far)
[INFO] [1787245474.288898416] [tcp_sim_poser]: pose 12/20: executing (ik residual 0.0 um)
[INFO] [1787245483.300900281] [tcp_sim_poser]: pose 12/20: collected (12 so far)
[INFO] [1787245483.696421243] [tcp_sim_poser]: pose 13/20: executing (ik residual 0.0 um)
[INFO] [1787245489.100353203] [tcp_sim_poser]: pose 13/20: collected (13 so far)
[INFO] [1787245489.538835385] [tcp_sim_poser]: pose 14/20: executing (ik residual 0.0 um)
[INFO] [1787245494.479135124] [tcp_sim_poser]: pose 14/20: collected (14 so far)
[INFO] [1787245494.764005229] [tcp_sim_poser]: pose 15/20: executing (ik residual 0.0 um)
[INFO] [1787245499.173462735] [tcp_sim_poser]: pose 15/20: collected (15 so far)
[INFO] [1787245499.686465122] [tcp_sim_poser]: pose 16/20: executing (ik residual 0.0 um)
[INFO] [1787245506.980961795] [tcp_sim_poser]: pose 16/20: collected (16 so far)
[INFO] [1787245507.449391167] [tcp_sim_poser]: pose 17/20: executing (ik residual 0.0 um)
[INFO] [1787245512.759382654] [tcp_sim_poser]: pose 17/20: collected (17 so far)
[INFO] [1787245513.249351084] [tcp_sim_poser]: pose 18/20: executing (ik residual 0.0 um)
[WARN] [1787245516.340813431] [tcp_sim_poser]: Action 'move_action' was unsuccessful: STATUS_ABORTED.
[WARN] [1787245516.434867740] [tcp_sim_poser]: pose 18/20: SKIP motion failed
[INFO] [1787245516.749689969] [tcp_sim_poser]: pose 19/20: executing (ik residual 0.0 um)
[INFO] [1787245524.795460042] [tcp_sim_poser]: pose 19/20: collected (18 so far)
[INFO] [1787245525.123254460] [tcp_sim_poser]: pose 20/20: executing (ik residual 0.0 um)
[INFO] [1787245530.773073100] [tcp_sim_poser]: pose 20/20: collected (19 so far)
