[INFO] [1787250564.931745864] [tcp_sim_poser]: Solving IK against the perturbed plant (/home/jonas/benchmarks/runs/sim_wp2-s003-d083ffcb23/perturbation.yaml)
[INFO] [1787250565.138899510] [tcp_sim_poser]: TCP sim poser ready: reference_point=[0.3, 0.1, 0.2], tool_length=0.15 m, num_poses=30. Call ~/run_sequence to start.
[INFO] [1787250565.470452833] [tcp_sim_poser]: pose 1/30: executing (ik residual 0.0 um)
[WARN] [1787250571.656815118] [tcp_sim_poser]: Action 'move_action' was unsuccessful: STATUS_ABORTED.
[WARN] [1787250571.750402143] [tcp_sim_poser]: pose 1/30: SKIP motion failed
[INFO] [1787250572.414827359] [tcp_sim_poser]: pose 2/30: executing (ik residual 20.3 um)
[INFO] [1787250583.962747404] [tcp_sim_poser]: pose 2/30: collected (1 so far)
[INFO] [1787250584.396412987] [tcp_sim_poser]: pose 3/30: executing (ik residual 0.0 um)
[INFO] [1787250591.846763190] [tcp_sim_poser]: pose 3/30: collected (2 so far)
[INFO] [1787250592.200819733] [tcp_sim_poser]: pose 4/30: executing (ik residual 0.0 um)
[INFO] [1787250600.556950481] [tcp_sim_poser]: pose 4/30: collected (3 so far)
[INFO] [1787250601.246866986] [tcp_sim_poser]: pose 5/30: executing (ik residual 0.0 um)
[INFO] [1787250613.124538242] [tcp_sim_poser]: pose 5/30: collected (4 so far)
[INFO] [1787250614.679380686] [tcp_sim_poser]: pose 6/30: executing (ik residual 1.4 um)
[INFO] [1787250622.619398188] [tcp_sim_poser]: pose 6/30: collected (5 so far)
[INFO] [1787250623.097960635] [tcp_sim_poser]: pose 7/30: executing (ik residual 0.0 um)
[INFO] [1787250630.395836364] [tcp_sim_poser]: pose 7/30: collected (6 so far)
[INFO] [1787250631.172890864] [tcp_sim_poser]: pose 8/30: executing (ik residual 22.1 um)
[INFO] [1787250638.316955496] [tcp_sim_poser]: pose 8/30: collected (7 so far)
[INFO] [1787250638.597207324] [tcp_sim_poser]: pose 9/30: executing (ik residual 0.0 um)
[INFO] [1787250647.268882642] [tcp_sim_poser]: pose 9/30: collected (8 so far)
[INFO] [1787250647.511875331] [tcp_sim_poser]: pose 10/30: executing (ik residual 0.0 um)
[INFO] [1787250655.153173026] [tcp_sim_poser]: pose 10/30: collected (9 so far)
[INFO] [1787250655.973783842] [tcp_sim_poser]: pose 11/30: executing (ik residual 0.0 um)
[INFO] [1787250663.682064334] [tcp_sim_poser]: pose 11/30: collected (10 so far)
[INFO] [1787250664.038301587] [tcp_sim_poser]: pose 12/30: executing (ik residual 0.0 um)
[INFO] [1787250670.089628844] [tcp_sim_poser]: pose 12/30: collected (11 so far)
[INFO] [1787250670.555251840] [tcp_sim_poser]: pose 13/30: executing (ik residual 0.0 um)
[INFO] [1787250676.290146185] [tcp_sim_poser]: pose 13/30: collected (12 so far)
[INFO] [1787250676.623553498] [tcp_sim_poser]: pose 14/30: executing (ik residual 0.0 um)
[INFO] [1787250683.951236454] [tcp_sim_poser]: pose 14/30: collected (13 so far)
[INFO] [1787250684.820578537] [tcp_sim_poser]: pose 15/30: executing (ik residual 0.0 um)
[INFO] [1787250692.411475433] [tcp_sim_poser]: pose 15/30: collected (14 so far)
[INFO] [1787250692.962177300] [tcp_sim_poser]: pose 16/30: executing (ik residual 0.0 um)
[INFO] [1787250698.634437467] [tcp_sim_poser]: pose 16/30: collected (15 so far)
[INFO] [1787250698.975476725] [tcp_sim_poser]: pose 17/30: executing (ik residual 0.0 um)
[INFO] [1787250705.352173634] [tcp_sim_poser]: pose 17/30: collected (16 so far)
[INFO] [1787250710.166518033] [tcp_sim_poser]: pose 18/30: executing (ik residual 32.0 um)
[INFO] [1787250720.912617163] [tcp_sim_poser]: pose 18/30: collected (17 so far)
[INFO] [1787250721.680529079] [tcp_sim_poser]: pose 19/30: executing (ik residual 19.0 um)
[INFO] [1787250728.949825797] [tcp_sim_poser]: pose 19/30: collected (18 so far)
[INFO] [1787250732.469840550] [tcp_sim_poser]: pose 20/30: executing (ik residual 31.6 um)
[INFO] [1787250743.753941555] [tcp_sim_poser]: pose 20/30: collected (19 so far)
[INFO] [1787250745.257836587] [tcp_sim_poser]: pose 21/30: executing (ik residual 0.0 um)
[INFO] [1787250755.280941139] [tcp_sim_poser]: pose 21/30: collected (20 so far)
[INFO] [1787250758.104311538] [tcp_sim_poser]: pose 22/30: executing (ik residual 0.0 um)
[INFO] [1787250766.194147657] [tcp_sim_poser]: pose 22/30: collected (21 so far)
[INFO] [1787250766.487346197] [tcp_sim_poser]: pose 23/30: executing (ik residual 0.0 um)
[INFO] [1787250772.579895474] [tcp_sim_poser]: pose 23/30: collected (22 so far)
[INFO] [1787250772.808878496] [tcp_sim_poser]: pose 24/30: executing (ik residual 0.0 um)
[INFO] [1787250778.138520485] [tcp_sim_poser]: pose 24/30: collected (23 so far)
[INFO] [1787250778.535929770] [tcp_sim_poser]: pose 25/30: executing (ik residual 0.0 um)
[INFO] [1787250783.655100543] [tcp_sim_poser]: pose 25/30: collected (24 so far)
[INFO] [1787250786.880462624] [tcp_sim_poser]: pose 26/30: executing (ik residual 2.3 um)
[INFO] [1787250792.646776336] [tcp_sim_poser]: pose 26/30: collected (25 so far)
[INFO] [1787250792.987523277] [tcp_sim_poser]: pose 27/30: executing (ik residual 0.0 um)
[INFO] [1787250798.502559128] [tcp_sim_poser]: pose 27/30: collected (26 so far)
[INFO] [1787250798.863659357] [tcp_sim_poser]: pose 28/30: executing (ik residual 0.0 um)
[INFO] [1787250803.861091473] [tcp_sim_poser]: pose 28/30: collected (27 so far)
[INFO] [1787250804.331199385] [tcp_sim_poser]: pose 29/30: executing (ik residual 0.0 um)
[INFO] [1787250810.725743332] [tcp_sim_poser]: pose 29/30: collected (28 so far)
[INFO] [1787250811.135484495] [tcp_sim_poser]: pose 30/30: executing (ik residual 0.0 um)
[INFO] [1787250816.931656235] [tcp_sim_poser]: pose 30/30: collected (29 so far)
