[INFO] [launch]: All log files can be found below /home/jonas/benchmarks/runs/sim_wp4-s001-38d16a3645/ros_home/log/2026-08-23-22-22-52-186083-Feanor-970123
[INFO] [launch]: Default logging verbosity is set to INFO
[INFO] [target_detector-1]: process started with pid [970128]
[INFO] [kinematic_collector-2]: process started with pid [970129]
[INFO] [kinematic_calibration-3]: process started with pid [970130]
[INFO] [kinematic_visualization-4]: process started with pid [970131]
[kinematic_calibration-3] [WARN] [1787516574.857372940] [kinematic_calibration]: joint_2/joint_3 axes are near-parallel (|dot|=1.0000) - expect a poorly-conditioned direction there, mitigated by ridge regularization/bounds, not corrected exactly.
[kinematic_calibration-3] [INFO] [1787516574.881970235] [kinematic_calibration]: Kinematic calibration ready: calibration_type=eye_to_hand, sample_file=/home/jonas/benchmarks/runs/sim_wp4-s001-38d16a3645/ros_home/annin_ar4_calibration/kinematic_samples.npy, result_file=/home/jonas/benchmarks/runs/sim_wp4-s001-38d16a3645/ros_home/annin_ar4_calibration/kinematic_result.yaml
[target_detector-1] [INFO] [1787516575.053649293] [target_detector]: Target detector ready: target_type=charuco, target_frame=calibration_target
[kinematic_collector-2] [INFO] [1787516576.127151990] [kinematic_collector]: Kinematic collector ready: sample_file=/home/jonas/benchmarks/runs/sim_wp4-s001-38d16a3645/ros_home/annin_ar4_calibration/kinematic_samples.npy. This node moves the robot during run_auto_sequence - clear the workspace first.
[WARNING] [launch]: user interrupted with ctrl-c (SIGINT)
[kinematic_calibration-3] Traceback (most recent call last):
[kinematic_calibration-3]   File "/home/jonas/Documents/Bachelorarbeit/robocal/install/annin_ar4_calibration/lib/python3.12/site-packages/annin_ar4_calibration/nodes/kinematic_calibration_node.py", line 248, in main
[kinematic_visualization-4] Traceback (most recent call last):
[kinematic_visualization-4]   File "/home/jonas/Documents/Bachelorarbeit/robocal/install/annin_ar4_calibration/lib/python3.12/site-packages/annin_ar4_calibration/nodes/kinematic_visualization_node.py", line 250, in main
[kinematic_visualization-4]     rclpy.spin(node)
[kinematic_visualization-4]   File "/opt/ros/jazzy/lib/python3.12/site-packages/rclpy/__init__.py", line 247, in spin
[kinematic_visualization-4]     executor.spin_once()
[kinematic_visualization-4]   File "/opt/ros/jazzy/lib/python3.12/site-packages/rclpy/executors.py", line 926, in spin_once
[kinematic_visualization-4]     self._spin_once_impl(timeout_sec)
[kinematic_visualization-4]   File "/opt/ros/jazzy/lib/python3.12/site-packages/rclpy/executors.py", line 907, in _spin_once_impl
[kinematic_visualization-4]     handler, entity, node = self.wait_for_ready_callbacks(
[kinematic_visualization-4]                             ^^^^^^^^^^^^^^^^^^^^^^^^^^^^^^
[kinematic_visualization-4]   File "/opt/ros/jazzy/lib/python3.12/site-packages/rclpy/executors.py", line 877, in wait_for_ready_callbacks
[kinematic_visualization-4]     return next(self._cb_iter)
[kinematic_visualization-4]            ^^^^^^^^^^^^^^^^^^^
[kinematic_visualization-4]   File "/opt/ros/jazzy/lib/python3.12/site-packages/rclpy/executors.py", line 781, in _wait_for_ready_callbacks
[kinematic_visualization-4]     wait_set.wait(timeout_nsec)
[kinematic_visualization-4] KeyboardInterrupt
[kinematic_visualization-4] 
[kinematic_visualization-4] During handling of the above exception, another exception occurred:
[kinematic_visualization-4] 
[kinematic_visualization-4] Traceback (most recent call last):
[kinematic_visualization-4]   File "/home/jonas/Documents/Bachelorarbeit/robocal/install/annin_ar4_calibration/lib/annin_ar4_calibration/kinematic_visualization", line 33, in <module>
[kinematic_calibration-3]     rclpy.spin(node)
[kinematic_calibration-3]   File "/opt/ros/jazzy/lib/python3.12/site-packages/rclpy/__init__.py", line 247, in spin
[kinematic_calibration-3]     executor.spin_once()
[kinematic_calibration-3]   File "/opt/ros/jazzy/lib/python3.12/site-packages/rclpy/executors.py", line 926, in spin_once
[kinematic_calibration-3]     self._spin_once_impl(timeout_sec)
[kinematic_calibration-3]   File "/opt/ros/jazzy/lib/python3.12/site-packages/rclpy/executors.py", line 907, in _spin_once_impl
[kinematic_calibration-3]     handler, entity, node = self.wait_for_ready_callbacks(
[kinematic_calibration-3]                             ^^^^^^^^^^^^^^^^^^^^^^^^^^^^^^
[kinematic_calibration-3]   File "/opt/ros/jazzy/lib/python3.12/site-packages/rclpy/executors.py", line 877, in wait_for_ready_callbacks
[kinematic_calibration-3]     return next(self._cb_iter)
[kinematic_calibration-3]            ^^^^^^^^^^^^^^^^^^^
[kinematic_calibration-3]   File "/opt/ros/jazzy/lib/python3.12/site-packages/rclpy/executors.py", line 781, in _wait_for_ready_callbacks
[kinematic_calibration-3]     wait_set.wait(timeout_nsec)
[kinematic_calibration-3] KeyboardInterrupt
[kinematic_calibration-3] 
[kinematic_calibration-3] During handling of the above exception, another exception occurred:
[kinematic_calibration-3] 
[kinematic_calibration-3] Traceback (most recent call last):
[kinematic_calibration-3]   File "/home/jonas/Documents/Bachelorarbeit/robocal/install/annin_ar4_calibration/lib/annin_ar4_calibration/kinematic_calibration", line 33, in <module>
[target_detector-1] Traceback (most recent call last):
[target_detector-1]   File "/home/jonas/Documents/Bachelorarbeit/robocal/install/annin_ar4_calibration/lib/python3.12/site-packages/annin_ar4_calibration/nodes/target_detector_node.py", line 122, in main
[kinematic_visualization-4]     sys.exit(load_entry_point('annin-ar4-calibration==0.0.1', 'console_scripts', 'kinematic_visualization')())
[kinematic_visualization-4]              ^^^^^^^^^^^^^^^^^^^^^^^^^^^^^^^^^^^^^^^^^^^^^^^^^^^^^^^^^^^^^^^^^^^^^^^^^^^^^^^^^^^^^^^^^^^^^^^^
[kinematic_visualization-4]   File "/home/jonas/Documents/Bachelorarbeit/robocal/install/annin_ar4_calibration/lib/python3.12/site-packages/annin_ar4_calibration/nodes/kinematic_visualization_node.py", line 253, in main
[kinematic_calibration-3]     sys.exit(load_entry_point('annin-ar4-calibration==0.0.1', 'console_scripts', 'kinematic_calibration')())
[kinematic_calibration-3]              ^^^^^^^^^^^^^^^^^^^^^^^^^^^^^^^^^^^^^^^^^^^^^^^^^^^^^^^^^^^^^^^^^^^^^^^^^^^^^^^^^^^^^^^^^^^^^^
[kinematic_calibration-3]   File "/home/jonas/Documents/Bachelorarbeit/robocal/install/annin_ar4_calibration/lib/python3.12/site-packages/annin_ar4_calibration/nodes/kinematic_calibration_node.py", line 251, in main
[target_detector-1]     rclpy.spin(node)
[target_detector-1]   File "/opt/ros/jazzy/lib/python3.12/site-packages/rclpy/__init__.py", line 247, in spin
[target_detector-1]     executor.spin_once()
[target_detector-1]   File "/opt/ros/jazzy/lib/python3.12/site-packages/rclpy/executors.py", line 926, in spin_once
[target_detector-1]     self._spin_once_impl(timeout_sec)
[target_detector-1]   File "/opt/ros/jazzy/lib/python3.12/site-packages/rclpy/executors.py", line 907, in _spin_once_impl
[kinematic_visualization-4]     rclpy.shutdown()
[kinematic_visualization-4]   File "/opt/ros/jazzy/lib/python3.12/site-packages/rclpy/__init__.py", line 134, in shutdown
[kinematic_visualization-4]     _shutdown(context=context)
[kinematic_visualization-4]   File "/opt/ros/jazzy/lib/python3.12/site-packages/rclpy/utilities.py", line 82, in shutdown
[kinematic_visualization-4]     context.shutdown()
[kinematic_visualization-4]   File "/opt/ros/jazzy/lib/python3.12/site-packages/rclpy/context.py", line 129, in shutdown
[kinematic_visualization-4]     self.__context.shutdown()
[target_detector-1]     handler, entity, node = self.wait_for_ready_callbacks(
[target_detector-1]                             ^^^^^^^^^^^^^^^^^^^^^^^^^^^^^^
[target_detector-1]   File "/opt/ros/jazzy/lib/python3.12/site-packages/rclpy/executors.py", line 877, in wait_for_ready_callbacks
[kinematic_visualization-4] rclpy._rclpy_pybind11.RCLError: failed to shutdown: rcl_shutdown already called on the given context, at ./src/rcl/init.c:333
[target_detector-1]     return next(self._cb_iter)
[target_detector-1]            ^^^^^^^^^^^^^^^^^^^
[target_detector-1]   File "/opt/ros/jazzy/lib/python3.12/site-packages/rclpy/executors.py", line 781, in _wait_for_ready_callbacks
[target_detector-1]     wait_set.wait(timeout_nsec)
[target_detector-1] KeyboardInterrupt
[target_detector-1] 
[target_detector-1] During handling of the above exception, another exception occurred:
[target_detector-1] 
[target_detector-1] Traceback (most recent call last):
[target_detector-1]   File "/home/jonas/Documents/Bachelorarbeit/robocal/install/annin_ar4_calibration/lib/annin_ar4_calibration/target_detector", line 33, in <module>
[kinematic_calibration-3]     rclpy.shutdown()
[kinematic_calibration-3]   File "/opt/ros/jazzy/lib/python3.12/site-packages/rclpy/__init__.py", line 134, in shutdown
[kinematic_calibration-3]     _shutdown(context=context)
[kinematic_calibration-3]   File "/opt/ros/jazzy/lib/python3.12/site-packages/rclpy/utilities.py", line 82, in shutdown
[kinematic_calibration-3]     context.shutdown()
[kinematic_calibration-3]   File "/opt/ros/jazzy/lib/python3.12/site-packages/rclpy/context.py", line 129, in shutdown
[kinematic_calibration-3]     self.__context.shutdown()
[kinematic_calibration-3] rclpy._rclpy_pybind11.RCLError: failed to shutdown: rcl_shutdown already called on the given context, at ./src/rcl/init.c:333
[target_detector-1]     sys.exit(load_entry_point('annin-ar4-calibration==0.0.1', 'console_scripts', 'target_detector')())
[target_detector-1]              ^^^^^^^^^^^^^^^^^^^^^^^^^^^^^^^^^^^^^^^^^^^^^^^^^^^^^^^^^^^^^^^^^^^^^^^^^^^^^^^^^^^^^^^^
[target_detector-1]   File "/home/jonas/Documents/Bachelorarbeit/robocal/install/annin_ar4_calibration/lib/python3.12/site-packages/annin_ar4_calibration/nodes/target_detector_node.py", line 125, in main
[target_detector-1]     rclpy.shutdown()
[target_detector-1]   File "/opt/ros/jazzy/lib/python3.12/site-packages/rclpy/__init__.py", line 134, in shutdown
[target_detector-1]     _shutdown(context=context)
[target_detector-1]   File "/opt/ros/jazzy/lib/python3.12/site-packages/rclpy/utilities.py", line 82, in shutdown
[target_detector-1]     context.shutdown()
[target_detector-1]   File "/opt/ros/jazzy/lib/python3.12/site-packages/rclpy/context.py", line 129, in shutdown
[target_detector-1]     self.__context.shutdown()
[target_detector-1] rclpy._rclpy_pybind11.RCLError: failed to shutdown: rcl_shutdown already called on the given context, at ./src/rcl/init.c:333
[kinematic_collector-2] Traceback (most recent call last):
[kinematic_collector-2]   File "/home/jonas/Documents/Bachelorarbeit/robocal/install/annin_ar4_calibration/lib/python3.12/site-packages/annin_ar4_calibration/nodes/kinematic_collector_node.py", line 529, in main
[kinematic_collector-2]     executor.spin()
[kinematic_collector-2]   File "/opt/ros/jazzy/lib/python3.12/site-packages/rclpy/executors.py", line 359, in spin
[kinematic_collector-2]     self._spin_once_impl()
[kinematic_collector-2]   File "/opt/ros/jazzy/lib/python3.12/site-packages/rclpy/executors.py", line 991, in _spin_once_impl
[kinematic_collector-2]     handler, entity, node = self.wait_for_ready_callbacks(
[kinematic_collector-2]                             ^^^^^^^^^^^^^^^^^^^^^^^^^^^^^^
[kinematic_collector-2]   File "/opt/ros/jazzy/lib/python3.12/site-packages/rclpy/executors.py", line 877, in wait_for_ready_callbacks
[kinematic_collector-2]     return next(self._cb_iter)
[kinematic_collector-2]            ^^^^^^^^^^^^^^^^^^^
[kinematic_collector-2]   File "/opt/ros/jazzy/lib/python3.12/site-packages/rclpy/executors.py", line 781, in _wait_for_ready_callbacks
[kinematic_collector-2]     wait_set.wait(timeout_nsec)
[kinematic_collector-2] KeyboardInterrupt
[kinematic_collector-2] 
[kinematic_collector-2] During handling of the above exception, another exception occurred:
[kinematic_collector-2] 
[kinematic_collector-2] Traceback (most recent call last):
[kinematic_collector-2]   File "/home/jonas/Documents/Bachelorarbeit/robocal/install/annin_ar4_calibration/lib/annin_ar4_calibration/kinematic_collector", line 33, in <module>
[kinematic_collector-2]     sys.exit(load_entry_point('annin-ar4-calibration==0.0.1', 'console_scripts', 'kinematic_collector')())
[kinematic_collector-2]              ^^^^^^^^^^^^^^^^^^^^^^^^^^^^^^^^^^^^^^^^^^^^^^^^^^^^^^^^^^^^^^^^^^^^^^^^^^^^^^^^^^^^^^^^^^^^
[kinematic_collector-2]   File "/home/jonas/Documents/Bachelorarbeit/robocal/install/annin_ar4_calibration/lib/python3.12/site-packages/annin_ar4_calibration/nodes/kinematic_collector_node.py", line 532, in main
[kinematic_collector-2]     rclpy.shutdown()
[kinematic_collector-2]   File "/opt/ros/jazzy/lib/python3.12/site-packages/rclpy/__init__.py", line 134, in shutdown
[kinematic_collector-2]     _shutdown(context=context)
[kinematic_collector-2]   File "/opt/ros/jazzy/lib/python3.12/site-packages/rclpy/utilities.py", line 82, in shutdown
[kinematic_collector-2]     context.shutdown()
[kinematic_collector-2]   File "/opt/ros/jazzy/lib/python3.12/site-packages/rclpy/context.py", line 129, in shutdown
[kinematic_collector-2]     self.__context.shutdown()
[kinematic_collector-2] rclpy._rclpy_pybind11.RCLError: failed to shutdown: rcl_shutdown already called on the given context, at ./src/rcl/init.c:333
[ERROR] [kinematic_calibration-3]: process has died [pid 970130, exit code 1, cmd '/home/jonas/Documents/Bachelorarbeit/robocal/install/annin_ar4_calibration/lib/annin_ar4_calibration/kinematic_calibration --ros-args -r __node:=kinematic_calibration -p use_sim_time:=True --params-file /home/jonas/Documents/Bachelorarbeit/robocal/install/annin_ar4_calibration/share/annin_ar4_calibration/config/kinematic_params.yaml --params-file /home/jonas/Documents/Bachelorarbeit/robocal/install/annin_ar4_calibration/share/annin_ar4_calibration/config/sim_overrides.yaml --params-file /home/jonas/benchmarks/runs/sim_wp4-s001-38d16a3645/extra_params.yaml --params-file /tmp/launch_params_0efizms8'].
[ERROR] [kinematic_visualization-4]: process has died [pid 970131, exit code 1, cmd '/home/jonas/Documents/Bachelorarbeit/robocal/install/annin_ar4_calibration/lib/annin_ar4_calibration/kinematic_visualization --ros-args -r __node:=kinematic_visualization -p use_sim_time:=True --params-file /home/jonas/Documents/Bachelorarbeit/robocal/install/annin_ar4_calibration/share/annin_ar4_calibration/config/kinematic_params.yaml --params-file /home/jonas/Documents/Bachelorarbeit/robocal/install/annin_ar4_calibration/share/annin_ar4_calibration/config/sim_overrides.yaml --params-file /home/jonas/benchmarks/runs/sim_wp4-s001-38d16a3645/extra_params.yaml'].
[ERROR] [target_detector-1]: process has died [pid 970128, exit code 1, cmd '/home/jonas/Documents/Bachelorarbeit/robocal/install/annin_ar4_calibration/lib/annin_ar4_calibration/target_detector --ros-args -r __node:=target_detector -p use_sim_time:=True --params-file /home/jonas/Documents/Bachelorarbeit/robocal/install/annin_ar4_calibration/share/annin_ar4_calibration/config/kinematic_params.yaml --params-file /home/jonas/Documents/Bachelorarbeit/robocal/install/annin_ar4_calibration/share/annin_ar4_calibration/config/sim_overrides.yaml --params-file /home/jonas/benchmarks/runs/sim_wp4-s001-38d16a3645/extra_params.yaml --params-file /tmp/launch_params_mm5o9gzk'].
[ERROR] [kinematic_collector-2]: process has died [pid 970129, exit code 1, cmd '/home/jonas/Documents/Bachelorarbeit/robocal/install/annin_ar4_calibration/lib/annin_ar4_calibration/kinematic_collector --ros-args -r __node:=kinematic_collector -p use_sim_time:=True --params-file /home/jonas/Documents/Bachelorarbeit/robocal/install/annin_ar4_calibration/share/annin_ar4_calibration/config/kinematic_params.yaml --params-file /home/jonas/Documents/Bachelorarbeit/robocal/install/annin_ar4_calibration/share/annin_ar4_calibration/config/sim_overrides.yaml --params-file /home/jonas/benchmarks/runs/sim_wp4-s001-38d16a3645/extra_params.yaml'].
[INFO] [launch]: All log files can be found below /home/jonas/benchmarks/runs/sim_wp4-s001-38d16a3645/ros_home/log/2026-08-26-23-32-07-666108-Feanor-1962962
[INFO] [launch]: Default logging verbosity is set to INFO
[INFO] [target_detector-1]: process started with pid [1962973]
[INFO] [kinematic_collector-2]: process started with pid [1962974]
[INFO] [kinematic_calibration-3]: process started with pid [1962975]
[INFO] [kinematic_visualization-4]: process started with pid [1962976]
[kinematic_calibration-3] [WARN] [1787779931.364353157] [kinematic_calibration]: joint_2/joint_3 axes are near-parallel (|dot|=1.0000) - expect a poorly-conditioned direction there, mitigated by ridge regularization/bounds, not corrected exactly.
[kinematic_calibration-3] [INFO] [1787779931.390973448] [kinematic_calibration]: Kinematic calibration ready: calibration_type=eye_to_hand, sample_file=/home/jonas/benchmarks/runs/sim_wp4-s001-38d16a3645/ros_home/annin_ar4_calibration/kinematic_samples.npy, result_file=/home/jonas/benchmarks/runs/sim_wp4-s001-38d16a3645/ros_home/annin_ar4_calibration/kinematic_result.yaml
[target_detector-1] [INFO] [1787779931.787423725] [target_detector]: Target detector ready: target_type=charuco, target_frame=calibration_target
[kinematic_collector-2] [INFO] [1787779932.697725631] [kinematic_collector]: Kinematic collector ready: sample_file=/home/jonas/benchmarks/runs/sim_wp4-s001-38d16a3645/ros_home/annin_ar4_calibration/kinematic_samples.npy. This node moves the robot during run_auto_sequence - clear the workspace first.
[kinematic_collector-2] [INFO] [1787779934.045246974] [kinematic_collector]: Candidate generation: 800/800 visible configs from 8192 draws (14.2% yield)
[kinematic_collector-2] [WARN] [1787779962.535681777] [kinematic_collector]: No fresh target detection at candidate pose, skipping
[kinematic_collector-2] [WARN] [1787779971.502885038] [kinematic_collector]: No fresh target detection at candidate pose, skipping
[kinematic_collector-2] [WARN] [1787779982.558015897] [kinematic_collector]: No fresh target detection at candidate pose, skipping
[kinematic_collector-2] [WARN] [1787779998.367072043] [kinematic_collector]: No fresh target detection at candidate pose, skipping
[kinematic_collector-2] [WARN] [1787780007.939679328] [kinematic_collector]: No fresh target detection at candidate pose, skipping
[kinematic_collector-2] [WARN] [1787780017.749749308] [kinematic_collector]: No fresh target detection at candidate pose, skipping
[kinematic_collector-2] [WARN] [1787780026.201951350] [kinematic_collector]: No fresh target detection at candidate pose, skipping
[kinematic_collector-2] [WARN] [1787780041.156874408] [kinematic_collector]: No fresh target detection at candidate pose, skipping
[kinematic_collector-2] [WARN] [1787780058.230407072] [kinematic_collector]: No fresh target detection at candidate pose, skipping
[kinematic_collector-2] [WARN] [1787780069.995219235] [kinematic_collector]: No fresh target detection at candidate pose, skipping
[kinematic_collector-2] [WARN] [1787780088.626382714] [kinematic_collector]: No fresh target detection at candidate pose, skipping
[kinematic_collector-2] [WARN] [1787780113.117393026] [kinematic_collector]: No fresh target detection at candidate pose, skipping
[kinematic_collector-2] [WARN] [1787780133.441237385] [kinematic_collector]: No fresh target detection at candidate pose, skipping
[kinematic_collector-2] [WARN] [1787780146.732750988] [kinematic_collector]: No fresh target detection at candidate pose, skipping
[kinematic_collector-2] [WARN] [1787780168.517975624] [kinematic_collector]: No fresh target detection at candidate pose, skipping
[kinematic_collector-2] [WARN] [1787780183.245295081] [kinematic_collector]: No fresh target detection at candidate pose, skipping
[kinematic_collector-2] [WARN] [1787780193.642789425] [kinematic_collector]: No fresh target detection at candidate pose, skipping
[kinematic_collector-2] [WARN] [1787780205.419310283] [kinematic_collector]: No fresh target detection at candidate pose, skipping
[kinematic_collector-2] [WARN] [1787780218.170804237] [kinematic_collector]: No fresh target detection at candidate pose, skipping
[kinematic_collector-2] [WARN] [1787780228.068500835] [kinematic_collector]: No fresh target detection at candidate pose, skipping
[kinematic_collector-2] [WARN] [1787780235.681765446] [kinematic_collector]: No fresh target detection at candidate pose, skipping
[kinematic_collector-2] [WARN] [1787780259.010417117] [kinematic_collector]: No fresh target detection at candidate pose, skipping
[kinematic_collector-2] [WARN] [1787780268.773357219] [kinematic_collector]: Action 'move_action' was unsuccessful: STATUS_ABORTED.
[kinematic_collector-2] [WARN] [1787780268.855320060] [kinematic_collector]: Candidate configuration skipped: motion failed
[kinematic_collector-2] [WARN] [1787780307.461960889] [kinematic_collector]: No fresh target detection at candidate pose, skipping
[kinematic_collector-2] [WARN] [1787780322.054671897] [kinematic_collector]: No fresh target detection at candidate pose, skipping
[kinematic_collector-2] [WARN] [1787780330.454381006] [kinematic_collector]: No fresh target detection at candidate pose, skipping
[kinematic_collector-2] [WARN] [1787780341.745812521] [kinematic_collector]: No fresh target detection at candidate pose, skipping
[kinematic_collector-2] [WARN] [1787780362.103437178] [kinematic_collector]: No fresh target detection at candidate pose, skipping
[kinematic_collector-2] [WARN] [1787780373.348073333] [kinematic_collector]: No fresh target detection at candidate pose, skipping
[kinematic_collector-2] [WARN] [1787780384.757177021] [kinematic_collector]: No fresh target detection at candidate pose, skipping
[kinematic_collector-2] [WARN] [1787780400.171266519] [kinematic_collector]: No fresh target detection at candidate pose, skipping
[kinematic_collector-2] [WARN] [1787780410.817907025] [kinematic_collector]: No fresh target detection at candidate pose, skipping
[kinematic_collector-2] [WARN] [1787780416.562025400] [kinematic_collector]: No fresh target detection at candidate pose, skipping
[kinematic_collector-2] [WARN] [1787780428.341231861] [kinematic_collector]: No fresh target detection at candidate pose, skipping
[kinematic_collector-2] [WARN] [1787780441.538258105] [kinematic_collector]: No fresh target detection at candidate pose, skipping
[kinematic_collector-2] [WARN] [1787780451.953158087] [kinematic_collector]: No fresh target detection at candidate pose, skipping
[kinematic_collector-2] [WARN] [1787780471.236334604] [kinematic_collector]: No fresh target detection at candidate pose, skipping
[kinematic_collector-2] [WARN] [1787780482.692988723] [kinematic_collector]: No fresh target detection at candidate pose, skipping
[kinematic_collector-2] [WARN] [1787780492.987505157] [kinematic_collector]: No fresh target detection at candidate pose, skipping
[kinematic_collector-2] [WARN] [1787780514.366704013] [kinematic_collector]: No fresh target detection at candidate pose, skipping
[kinematic_collector-2] [WARN] [1787780526.720366727] [kinematic_collector]: No fresh target detection at candidate pose, skipping
[kinematic_collector-2] [WARN] [1787780542.956368115] [kinematic_collector]: No fresh target detection at candidate pose, skipping
[kinematic_collector-2] [WARN] [1787780552.537363972] [kinematic_collector]: No fresh target detection at candidate pose, skipping
[kinematic_collector-2] [WARN] [1787780560.913129979] [kinematic_collector]: No fresh target detection at candidate pose, skipping
[kinematic_collector-2] [WARN] [1787780578.295141238] [kinematic_collector]: No fresh target detection at candidate pose, skipping
[kinematic_collector-2] [WARN] [1787780586.551453130] [kinematic_collector]: No fresh target detection at candidate pose, skipping
[kinematic_collector-2] [WARN] [1787780596.045209802] [kinematic_collector]: No fresh target detection at candidate pose, skipping
[kinematic_collector-2] [WARN] [1787780610.918827740] [kinematic_collector]: No fresh target detection at candidate pose, skipping
[kinematic_collector-2] [WARN] [1787780619.878075815] [kinematic_collector]: No fresh target detection at candidate pose, skipping
[kinematic_collector-2] [WARN] [1787780639.027341631] [kinematic_collector]: No fresh target detection at candidate pose, skipping
[kinematic_collector-2] [WARN] [1787780653.523446977] [kinematic_collector]: No fresh target detection at candidate pose, skipping
[kinematic_collector-2] [WARN] [1787780665.348037612] [kinematic_collector]: No fresh target detection at candidate pose, skipping
[kinematic_collector-2] [WARN] [1787780679.106283768] [kinematic_collector]: No fresh target detection at candidate pose, skipping
[kinematic_collector-2] [WARN] [1787780691.227819226] [kinematic_collector]: No fresh target detection at candidate pose, skipping
[kinematic_collector-2] [WARN] [1787780714.738999655] [kinematic_collector]: No fresh target detection at candidate pose, skipping
[kinematic_collector-2] [WARN] [1787780727.891681907] [kinematic_collector]: No fresh target detection at candidate pose, skipping
[kinematic_collector-2] [WARN] [1787780739.962376221] [kinematic_collector]: No fresh target detection at candidate pose, skipping
[kinematic_collector-2] [WARN] [1787780754.798045550] [kinematic_collector]: No fresh target detection at candidate pose, skipping
[kinematic_collector-2] [WARN] [1787780766.038348990] [kinematic_collector]: No fresh target detection at candidate pose, skipping
[kinematic_collector-2] [WARN] [1787780787.607956441] [kinematic_collector]: No fresh target detection at candidate pose, skipping
[kinematic_collector-2] [WARN] [1787780809.862318698] [kinematic_collector]: No fresh target detection at candidate pose, skipping
[kinematic_collector-2] [WARN] [1787780817.056286051] [kinematic_collector]: No fresh target detection at candidate pose, skipping
[kinematic_collector-2] [WARN] [1787780829.026722913] [kinematic_collector]: No fresh target detection at candidate pose, skipping
[kinematic_collector-2] [WARN] [1787780852.153607379] [kinematic_collector]: No fresh target detection at candidate pose, skipping
[kinematic_collector-2] [WARN] [1787780868.242376836] [kinematic_collector]: No fresh target detection at candidate pose, skipping
[kinematic_collector-2] [WARN] [1787780876.336230856] [kinematic_collector]: No fresh target detection at candidate pose, skipping
[kinematic_collector-2] [WARN] [1787780884.749828310] [kinematic_collector]: No fresh target detection at candidate pose, skipping
[kinematic_collector-2] [WARN] [1787780898.124416510] [kinematic_collector]: No fresh target detection at candidate pose, skipping
[kinematic_collector-2] [WARN] [1787780908.846898884] [kinematic_collector]: No fresh target detection at candidate pose, skipping
[kinematic_collector-2] [WARN] [1787780919.490805593] [kinematic_collector]: No fresh target detection at candidate pose, skipping
[kinematic_collector-2] [WARN] [1787780935.016113222] [kinematic_collector]: No fresh target detection at candidate pose, skipping
[kinematic_collector-2] [WARN] [1787780942.891107195] [kinematic_collector]: No fresh target detection at candidate pose, skipping
[kinematic_collector-2] [WARN] [1787780957.323092087] [kinematic_collector]: No fresh target detection at candidate pose, skipping
[kinematic_collector-2] [WARN] [1787780970.708352838] [kinematic_collector]: No fresh target detection at candidate pose, skipping
[kinematic_collector-2] [WARN] [1787780981.311117131] [kinematic_collector]: No fresh target detection at candidate pose, skipping
[kinematic_collector-2] [WARN] [1787781003.445894601] [kinematic_collector]: No fresh target detection at candidate pose, skipping
[kinematic_collector-2] [WARN] [1787781015.849431448] [kinematic_collector]: No fresh target detection at candidate pose, skipping
[kinematic_collector-2] [WARN] [1787781028.048451783] [kinematic_collector]: No fresh target detection at candidate pose, skipping
[kinematic_collector-2] [WARN] [1787781043.721906920] [kinematic_collector]: No fresh target detection at candidate pose, skipping
[kinematic_collector-2] [WARN] [1787781056.248548110] [kinematic_collector]: No fresh target detection at candidate pose, skipping
[kinematic_collector-2] [WARN] [1787781062.151719168] [kinematic_collector]: No fresh target detection at candidate pose, skipping
[kinematic_collector-2] [WARN] [1787781073.213867171] [kinematic_collector]: No fresh target detection at candidate pose, skipping
[kinematic_collector-2] [WARN] [1787781093.937188604] [kinematic_collector]: No fresh target detection at candidate pose, skipping
[kinematic_collector-2] [WARN] [1787781106.791598996] [kinematic_collector]: No fresh target detection at candidate pose, skipping
[kinematic_collector-2] [WARN] [1787781113.582992219] [kinematic_collector]: No fresh target detection at candidate pose, skipping
[kinematic_collector-2] [WARN] [1787781132.388195511] [kinematic_collector]: No fresh target detection at candidate pose, skipping
[kinematic_collector-2] [WARN] [1787781148.293163298] [kinematic_collector]: No fresh target detection at candidate pose, skipping
[kinematic_collector-2] [WARN] [1787781158.652767050] [kinematic_collector]: No fresh target detection at candidate pose, skipping
[kinematic_collector-2] [WARN] [1787781167.983447963] [kinematic_collector]: No fresh target detection at candidate pose, skipping
[kinematic_collector-2] [WARN] [1787781189.175127926] [kinematic_collector]: No fresh target detection at candidate pose, skipping
[kinematic_collector-2] [WARN] [1787781201.822627791] [kinematic_collector]: No fresh target detection at candidate pose, skipping
[kinematic_collector-2] [WARN] [1787781218.729016196] [kinematic_collector]: Action 'move_action' was unsuccessful: STATUS_ABORTED.
[kinematic_collector-2] [WARN] [1787781218.795532275] [kinematic_collector]: Candidate configuration skipped: motion failed
[kinematic_collector-2] [WARN] [1787781234.215722930] [kinematic_collector]: No fresh target detection at candidate pose, skipping
[kinematic_collector-2] [WARN] [1787781261.432906014] [kinematic_collector]: No fresh target detection at candidate pose, skipping
[kinematic_collector-2] [WARN] [1787781274.342104493] [kinematic_collector]: No fresh target detection at candidate pose, skipping
[kinematic_collector-2] [WARN] [1787781288.748839260] [kinematic_collector]: No fresh target detection at candidate pose, skipping
[kinematic_collector-2] [WARN] [1787781296.847529072] [kinematic_collector]: No fresh target detection at candidate pose, skipping
[kinematic_collector-2] [WARN] [1787781312.434419091] [kinematic_collector]: No fresh target detection at candidate pose, skipping
[kinematic_collector-2] [WARN] [1787781327.306429719] [kinematic_collector]: No fresh target detection at candidate pose, skipping
[kinematic_collector-2] [WARN] [1787781338.606996438] [kinematic_collector]: No fresh target detection at candidate pose, skipping
[kinematic_collector-2] [WARN] [1787781345.058220577] [kinematic_collector]: No fresh target detection at candidate pose, skipping
[kinematic_collector-2] [WARN] [1787781360.763261762] [kinematic_collector]: No fresh target detection at candidate pose, skipping
[kinematic_collector-2] [WARN] [1787781382.507620267] [kinematic_collector]: No fresh target detection at candidate pose, skipping
[kinematic_collector-2] [WARN] [1787781394.964714818] [kinematic_collector]: No fresh target detection at candidate pose, skipping
[kinematic_collector-2] [WARN] [1787781405.351890404] [kinematic_collector]: No fresh target detection at candidate pose, skipping
[kinematic_collector-2] [WARN] [1787781435.030167740] [kinematic_collector]: No fresh target detection at candidate pose, skipping
[kinematic_collector-2] [WARN] [1787781459.225880438] [kinematic_collector]: No fresh target detection at candidate pose, skipping
[kinematic_collector-2] [WARN] [1787781480.668672629] [kinematic_collector]: No fresh target detection at candidate pose, skipping
[kinematic_collector-2] [WARN] [1787781492.849396517] [kinematic_collector]: No fresh target detection at candidate pose, skipping
[kinematic_collector-2] [WARN] [1787781514.471130322] [kinematic_collector]: No fresh target detection at candidate pose, skipping
[kinematic_collector-2] [WARN] [1787781532.127216474] [kinematic_collector]: No fresh target detection at candidate pose, skipping
[kinematic_collector-2] [WARN] [1787781546.917870361] [kinematic_collector]: No fresh target detection at candidate pose, skipping
[kinematic_collector-2] [WARN] [1787781557.826550526] [kinematic_collector]: No fresh target detection at candidate pose, skipping
[kinematic_collector-2] [WARN] [1787781572.626645145] [kinematic_collector]: No fresh target detection at candidate pose, skipping
[kinematic_collector-2] [WARN] [1787781583.986493216] [kinematic_collector]: No fresh target detection at candidate pose, skipping
[kinematic_collector-2] [WARN] [1787781596.617925128] [kinematic_collector]: No fresh target detection at candidate pose, skipping
[kinematic_collector-2] [WARN] [1787781611.982056749] [kinematic_collector]: No fresh target detection at candidate pose, skipping
[kinematic_collector-2] [WARN] [1787781623.517469328] [kinematic_collector]: No fresh target detection at candidate pose, skipping
[kinematic_collector-2] [WARN] [1787781629.827329817] [kinematic_collector]: No fresh target detection at candidate pose, skipping
[kinematic_collector-2] [WARN] [1787781644.275633223] [kinematic_collector]: No fresh target detection at candidate pose, skipping
[kinematic_collector-2] [WARN] [1787781655.663062785] [kinematic_collector]: No fresh target detection at candidate pose, skipping
[kinematic_collector-2] [WARN] [1787781668.144926409] [kinematic_collector]: No fresh target detection at candidate pose, skipping
[kinematic_collector-2] [WARN] [1787781692.213879303] [kinematic_collector]: No fresh target detection at candidate pose, skipping
[kinematic_collector-2] [WARN] [1787781722.933769645] [kinematic_collector]: No fresh target detection at candidate pose, skipping
[kinematic_collector-2] [WARN] [1787781734.638066082] [kinematic_collector]: No fresh target detection at candidate pose, skipping
[kinematic_collector-2] [WARN] [1787781754.936822982] [kinematic_collector]: No fresh target detection at candidate pose, skipping
[kinematic_collector-2] [WARN] [1787781765.426481939] [kinematic_collector]: No fresh target detection at candidate pose, skipping
[kinematic_collector-2] [WARN] [1787781774.442412593] [kinematic_collector]: No fresh target detection at candidate pose, skipping
[kinematic_collector-2] [WARN] [1787781799.144858696] [kinematic_collector]: No fresh target detection at candidate pose, skipping
[kinematic_collector-2] [WARN] [1787781810.481208882] [kinematic_collector]: No fresh target detection at candidate pose, skipping
[kinematic_collector-2] [WARN] [1787781824.747704093] [kinematic_collector]: No fresh target detection at candidate pose, skipping
[kinematic_collector-2] [WARN] [1787781829.571451623] [kinematic_collector]: No fresh target detection at candidate pose, skipping
[kinematic_collector-2] [WARN] [1787781840.993069329] [kinematic_collector]: No fresh target detection at candidate pose, skipping
[kinematic_collector-2] [WARN] [1787781850.664343664] [kinematic_collector]: No fresh target detection at candidate pose, skipping
[kinematic_collector-2] [WARN] [1787781872.959672102] [kinematic_collector]: No fresh target detection at candidate pose, skipping
[kinematic_collector-2] [WARN] [1787781879.936660222] [kinematic_collector]: No fresh target detection at candidate pose, skipping
[kinematic_collector-2] [WARN] [1787781891.168951024] [kinematic_collector]: No fresh target detection at candidate pose, skipping
[kinematic_collector-2] [WARN] [1787781905.421229176] [kinematic_collector]: No fresh target detection at candidate pose, skipping
[kinematic_collector-2] [WARN] [1787781915.069871255] [kinematic_collector]: No fresh target detection at candidate pose, skipping
[kinematic_collector-2] [WARN] [1787781938.345360162] [kinematic_collector]: No fresh target detection at candidate pose, skipping
[kinematic_collector-2] [WARN] [1787781950.180997876] [kinematic_collector]: No fresh target detection at candidate pose, skipping
[kinematic_collector-2] [WARN] [1787781962.736827465] [kinematic_collector]: No fresh target detection at candidate pose, skipping
[kinematic_collector-2] [WARN] [1787781975.759169151] [kinematic_collector]: No fresh target detection at candidate pose, skipping
[kinematic_collector-2] [WARN] [1787781986.976603767] [kinematic_collector]: No fresh target detection at candidate pose, skipping
[kinematic_collector-2] [WARN] [1787781995.589184532] [kinematic_collector]: No fresh target detection at candidate pose, skipping
[kinematic_collector-2] [WARN] [1787782009.939243516] [kinematic_collector]: No fresh target detection at candidate pose, skipping
[kinematic_collector-2] [WARN] [1787782020.164098038] [kinematic_collector]: No fresh target detection at candidate pose, skipping
[kinematic_collector-2] [WARN] [1787782029.801601043] [kinematic_collector]: No fresh target detection at candidate pose, skipping
[kinematic_collector-2] [WARN] [1787782052.401100192] [kinematic_collector]: No fresh target detection at candidate pose, skipping
[kinematic_collector-2] [WARN] [1787782069.522891748] [kinematic_collector]: No fresh target detection at candidate pose, skipping
[kinematic_collector-2] [WARN] [1787782081.047132449] [kinematic_collector]: No fresh target detection at candidate pose, skipping
[kinematic_collector-2] [WARN] [1787782097.763513824] [kinematic_collector]: No fresh target detection at candidate pose, skipping
[kinematic_collector-2] [WARN] [1787782117.769628826] [kinematic_collector]: No fresh target detection at candidate pose, skipping
[kinematic_collector-2] [WARN] [1787782127.409063431] [kinematic_collector]: No fresh target detection at candidate pose, skipping
[kinematic_collector-2] [WARN] [1787782135.964412957] [kinematic_collector]: No fresh target detection at candidate pose, skipping
[kinematic_collector-2] [WARN] [1787782147.233115220] [kinematic_collector]: No fresh target detection at candidate pose, skipping
[kinematic_collector-2] [WARN] [1787782155.463397221] [kinematic_collector]: No fresh target detection at candidate pose, skipping
[kinematic_collector-2] [WARN] [1787782160.764848428] [kinematic_collector]: No fresh target detection at candidate pose, skipping
[kinematic_collector-2] [WARN] [1787782170.404998872] [kinematic_collector]: No fresh target detection at candidate pose, skipping
[kinematic_collector-2] [WARN] [1787782177.056040580] [kinematic_collector]: No fresh target detection at candidate pose, skipping
[kinematic_collector-2] [WARN] [1787782187.988471605] [kinematic_collector]: No fresh target detection at candidate pose, skipping
[kinematic_collector-2] [WARN] [1787782196.168489410] [kinematic_collector]: No fresh target detection at candidate pose, skipping
[kinematic_collector-2] [WARN] [1787782212.279119748] [kinematic_collector]: No fresh target detection at candidate pose, skipping
[kinematic_collector-2] [WARN] [1787782225.625372873] [kinematic_collector]: No fresh target detection at candidate pose, skipping
[kinematic_collector-2] [WARN] [1787782234.446389754] [kinematic_collector]: No fresh target detection at candidate pose, skipping
[kinematic_collector-2] [WARN] [1787782244.211022657] [kinematic_collector]: No fresh target detection at candidate pose, skipping
[kinematic_collector-2] [WARN] [1787782261.824642075] [kinematic_collector]: No fresh target detection at candidate pose, skipping
[kinematic_collector-2] [WARN] [1787782267.342744724] [kinematic_collector]: No fresh target detection at candidate pose, skipping
[kinematic_collector-2] [WARN] [1787782277.070066164] [kinematic_collector]: No fresh target detection at candidate pose, skipping
[kinematic_collector-2] [WARN] [1787782288.966807011] [kinematic_collector]: No fresh target detection at candidate pose, skipping
[kinematic_collector-2] [WARN] [1787782297.913850272] [kinematic_collector]: No fresh target detection at candidate pose, skipping
[kinematic_collector-2] [WARN] [1787782305.187360611] [kinematic_collector]: No fresh target detection at candidate pose, skipping
[kinematic_collector-2] [WARN] [1787782311.105705804] [kinematic_collector]: No fresh target detection at candidate pose, skipping
[kinematic_collector-2] [WARN] [1787782320.320341577] [kinematic_collector]: No fresh target detection at candidate pose, skipping
[kinematic_collector-2] [WARN] [1787782329.554813467] [kinematic_collector]: No fresh target detection at candidate pose, skipping
[kinematic_collector-2] [WARN] [1787782344.277696306] [kinematic_collector]: No fresh target detection at candidate pose, skipping
[kinematic_collector-2] [WARN] [1787782352.223567180] [kinematic_collector]: No fresh target detection at candidate pose, skipping
[kinematic_collector-2] [WARN] [1787782374.985918424] [kinematic_collector]: No fresh target detection at candidate pose, skipping
[kinematic_collector-2] [WARN] [1787782388.773993634] [kinematic_collector]: No fresh target detection at candidate pose, skipping
[kinematic_collector-2] [WARN] [1787782402.847978723] [kinematic_collector]: No fresh target detection at candidate pose, skipping
[kinematic_collector-2] [WARN] [1787782412.309523066] [kinematic_collector]: No fresh target detection at candidate pose, skipping
[kinematic_collector-2] [WARN] [1787782432.306777358] [kinematic_collector]: No fresh target detection at candidate pose, skipping
[kinematic_collector-2] [WARN] [1787782442.495781961] [kinematic_collector]: No fresh target detection at candidate pose, skipping
[kinematic_collector-2] [WARN] [1787782449.756575809] [kinematic_collector]: No fresh target detection at candidate pose, skipping
[kinematic_collector-2] [WARN] [1787782458.538138534] [kinematic_collector]: No fresh target detection at candidate pose, skipping
[kinematic_collector-2] [WARN] [1787782477.087489663] [kinematic_collector]: No fresh target detection at candidate pose, skipping
[kinematic_collector-2] [WARN] [1787782485.620349334] [kinematic_collector]: No fresh target detection at candidate pose, skipping
[kinematic_collector-2] [WARN] [1787782500.160497452] [kinematic_collector]: No fresh target detection at candidate pose, skipping
[kinematic_collector-2] [WARN] [1787782511.669333803] [kinematic_collector]: No fresh target detection at candidate pose, skipping
[kinematic_collector-2] [WARN] [1787782519.393252034] [kinematic_collector]: No fresh target detection at candidate pose, skipping
[kinematic_collector-2] [WARN] [1787782539.800476123] [kinematic_collector]: No fresh target detection at candidate pose, skipping
[kinematic_collector-2] [WARN] [1787782547.790287102] [kinematic_collector]: No fresh target detection at candidate pose, skipping
[kinematic_collector-2] [WARN] [1787782554.251028818] [kinematic_collector]: No fresh target detection at candidate pose, skipping
[kinematic_collector-2] [WARN] [1787782569.635994768] [kinematic_collector]: No fresh target detection at candidate pose, skipping
[kinematic_collector-2] [WARN] [1787782581.318546372] [kinematic_collector]: No fresh target detection at candidate pose, skipping
[kinematic_collector-2] [WARN] [1787782587.363241114] [kinematic_collector]: No fresh target detection at candidate pose, skipping
[kinematic_collector-2] [WARN] [1787782594.851405946] [kinematic_collector]: No fresh target detection at candidate pose, skipping
[kinematic_collector-2] [WARN] [1787782612.886379758] [kinematic_collector]: No fresh target detection at candidate pose, skipping
[kinematic_collector-2] [WARN] [1787782621.409884996] [kinematic_collector]: No fresh target detection at candidate pose, skipping
[kinematic_collector-2] [WARN] [1787782635.965907168] [kinematic_collector]: No fresh target detection at candidate pose, skipping
[kinematic_collector-2] [WARN] [1787782648.772929983] [kinematic_collector]: No fresh target detection at candidate pose, skipping
[kinematic_collector-2] [WARN] [1787782657.433663337] [kinematic_collector]: No fresh target detection at candidate pose, skipping
[kinematic_collector-2] [WARN] [1787782664.606786746] [kinematic_collector]: No fresh target detection at candidate pose, skipping
[kinematic_collector-2] [WARN] [1787782673.026639593] [kinematic_collector]: No fresh target detection at candidate pose, skipping
[kinematic_collector-2] [WARN] [1787782684.358786284] [kinematic_collector]: No fresh target detection at candidate pose, skipping
[kinematic_collector-2] [WARN] [1787782698.296041339] [kinematic_collector]: No fresh target detection at candidate pose, skipping
[kinematic_collector-2] [WARN] [1787782706.576553752] [kinematic_collector]: No fresh target detection at candidate pose, skipping
[kinematic_collector-2] [WARN] [1787782714.122453629] [kinematic_collector]: No fresh target detection at candidate pose, skipping
[kinematic_collector-2] [WARN] [1787782765.543867397] [kinematic_collector]: No fresh target detection at candidate pose, skipping
[kinematic_collector-2] [WARN] [1787782772.634927279] [kinematic_collector]: No fresh target detection at candidate pose, skipping
[kinematic_collector-2] [WARN] [1787782779.470154367] [kinematic_collector]: No fresh target detection at candidate pose, skipping
[kinematic_collector-2] [WARN] [1787782801.651711765] [kinematic_collector]: No fresh target detection at candidate pose, skipping
[kinematic_collector-2] [WARN] [1787782814.324572456] [kinematic_collector]: No fresh target detection at candidate pose, skipping
[kinematic_collector-2] [WARN] [1787782824.752106855] [kinematic_collector]: No fresh target detection at candidate pose, skipping
[kinematic_collector-2] [WARN] [1787782832.449670472] [kinematic_collector]: No fresh target detection at candidate pose, skipping
[kinematic_collector-2] [WARN] [1787782840.499816025] [kinematic_collector]: No fresh target detection at candidate pose, skipping
[kinematic_collector-2] [WARN] [1787782847.844024830] [kinematic_collector]: No fresh target detection at candidate pose, skipping
[kinematic_collector-2] [WARN] [1787782868.184517637] [kinematic_collector]: No fresh target detection at candidate pose, skipping
[kinematic_collector-2] [WARN] [1787782874.097951767] [kinematic_collector]: No fresh target detection at candidate pose, skipping
[kinematic_collector-2] [WARN] [1787782883.589557675] [kinematic_collector]: No fresh target detection at candidate pose, skipping
[kinematic_collector-2] [WARN] [1787782893.433663238] [kinematic_collector]: No fresh target detection at candidate pose, skipping
[kinematic_collector-2] [WARN] [1787782898.990992736] [kinematic_collector]: No fresh target detection at candidate pose, skipping
[kinematic_collector-2] [WARN] [1787782906.319374785] [kinematic_collector]: No fresh target detection at candidate pose, skipping
[kinematic_collector-2] [WARN] [1787782913.553553199] [kinematic_collector]: No fresh target detection at candidate pose, skipping
[kinematic_collector-2] [WARN] [1787782922.598034847] [kinematic_collector]: No fresh target detection at candidate pose, skipping
[kinematic_collector-2] [WARN] [1787782933.406349924] [kinematic_collector]: No fresh target detection at candidate pose, skipping
[kinematic_collector-2] [WARN] [1787782942.444245098] [kinematic_collector]: No fresh target detection at candidate pose, skipping
[kinematic_collector-2] [WARN] [1787782947.844892866] [kinematic_collector]: No fresh target detection at candidate pose, skipping
[kinematic_collector-2] [WARN] [1787782956.779644708] [kinematic_collector]: No fresh target detection at candidate pose, skipping
[kinematic_collector-2] [WARN] [1787782967.193676344] [kinematic_collector]: No fresh target detection at candidate pose, skipping
[kinematic_collector-2] [WARN] [1787782975.419773598] [kinematic_collector]: No fresh target detection at candidate pose, skipping
[kinematic_collector-2] [WARN] [1787782983.894757704] [kinematic_collector]: No fresh target detection at candidate pose, skipping
[kinematic_collector-2] [WARN] [1787782994.677846109] [kinematic_collector]: No fresh target detection at candidate pose, skipping
[kinematic_collector-2] [WARN] [1787783003.297066404] [kinematic_collector]: No fresh target detection at candidate pose, skipping
[kinematic_collector-2] [WARN] [1787783008.640206546] [kinematic_collector]: No fresh target detection at candidate pose, skipping
[kinematic_collector-2] [WARN] [1787783049.835746437] [kinematic_collector]: No fresh target detection at candidate pose, skipping
[kinematic_collector-2] [WARN] [1787783069.518826263] [kinematic_collector]: No fresh target detection at candidate pose, skipping
[kinematic_collector-2] [WARN] [1787783076.922069332] [kinematic_collector]: No fresh target detection at candidate pose, skipping
[kinematic_collector-2] [WARN] [1787783085.975369446] [kinematic_collector]: No fresh target detection at candidate pose, skipping
[kinematic_collector-2] [WARN] [1787783103.929489494] [kinematic_collector]: No fresh target detection at candidate pose, skipping
[kinematic_collector-2] [WARN] [1787783113.087916509] [kinematic_collector]: No fresh target detection at candidate pose, skipping
[kinematic_collector-2] [WARN] [1787783135.304688836] [kinematic_collector]: No fresh target detection at candidate pose, skipping
[kinematic_collector-2] [WARN] [1787783152.323570651] [kinematic_collector]: No fresh target detection at candidate pose, skipping
[kinematic_collector-2] [WARN] [1787783162.477821995] [kinematic_collector]: No fresh target detection at candidate pose, skipping
[kinematic_collector-2] [WARN] [1787783167.996825920] [kinematic_collector]: No fresh target detection at candidate pose, skipping
[kinematic_collector-2] [WARN] [1787783176.876980737] [kinematic_collector]: No fresh target detection at candidate pose, skipping
[kinematic_collector-2] [WARN] [1787783186.003188349] [kinematic_collector]: No fresh target detection at candidate pose, skipping
[kinematic_collector-2] [WARN] [1787783198.189495695] [kinematic_collector]: No fresh target detection at candidate pose, skipping
[kinematic_collector-2] [WARN] [1787783212.638072055] [kinematic_collector]: No fresh target detection at candidate pose, skipping
[kinematic_collector-2] [WARN] [1787783221.454546966] [kinematic_collector]: No fresh target detection at candidate pose, skipping
[kinematic_collector-2] [WARN] [1787783231.440828971] [kinematic_collector]: No fresh target detection at candidate pose, skipping
[kinematic_collector-2] [WARN] [1787783238.109661691] [kinematic_collector]: No fresh target detection at candidate pose, skipping
[kinematic_collector-2] [WARN] [1787783246.960411539] [kinematic_collector]: No fresh target detection at candidate pose, skipping
[kinematic_collector-2] [WARN] [1787783260.517259754] [kinematic_collector]: No fresh target detection at candidate pose, skipping
[kinematic_collector-2] [WARN] [1787783269.647415368] [kinematic_collector]: No fresh target detection at candidate pose, skipping
[kinematic_collector-2] [WARN] [1787783279.572690556] [kinematic_collector]: No fresh target detection at candidate pose, skipping
[kinematic_collector-2] [WARN] [1787783288.158698183] [kinematic_collector]: No fresh target detection at candidate pose, skipping
[kinematic_collector-2] [WARN] [1787783299.038222801] [kinematic_collector]: No fresh target detection at candidate pose, skipping
[kinematic_collector-2] [WARN] [1787783308.221739128] [kinematic_collector]: No fresh target detection at candidate pose, skipping
[kinematic_collector-2] [WARN] [1787783319.367575896] [kinematic_collector]: No fresh target detection at candidate pose, skipping
[kinematic_collector-2] [WARN] [1787783330.197355587] [kinematic_collector]: No fresh target detection at candidate pose, skipping
[kinematic_collector-2] [WARN] [1787783335.881171387] [kinematic_collector]: No fresh target detection at candidate pose, skipping
[WARNING] [launch]: user interrupted with ctrl-c (SIGINT)
[kinematic_visualization-4] Traceback (most recent call last):
[kinematic_visualization-4]   File "/home/jonas/Documents/Bachelorarbeit/robocal/install/annin_ar4_calibration/lib/python3.12/site-packages/annin_ar4_calibration/nodes/kinematic_visualization_node.py", line 250, in main
[kinematic_visualization-4]     rclpy.spin(node)
[kinematic_visualization-4]   File "/opt/ros/jazzy/lib/python3.12/site-packages/rclpy/__init__.py", line 247, in spin
[kinematic_visualization-4]     executor.spin_once()
[kinematic_visualization-4]   File "/opt/ros/jazzy/lib/python3.12/site-packages/rclpy/executors.py", line 926, in spin_once
[kinematic_visualization-4]     self._spin_once_impl(timeout_sec)
[kinematic_visualization-4]   File "/opt/ros/jazzy/lib/python3.12/site-packages/rclpy/executors.py", line 907, in _spin_once_impl
[kinematic_visualization-4]     handler, entity, node = self.wait_for_ready_callbacks(
[kinematic_visualization-4]                             ^^^^^^^^^^^^^^^^^^^^^^^^^^^^^^
[kinematic_visualization-4]   File "/opt/ros/jazzy/lib/python3.12/site-packages/rclpy/executors.py", line 877, in wait_for_ready_callbacks
[kinematic_visualization-4]     return next(self._cb_iter)
[kinematic_visualization-4]            ^^^^^^^^^^^^^^^^^^^
[kinematic_visualization-4]   File "/opt/ros/jazzy/lib/python3.12/site-packages/rclpy/executors.py", line 781, in _wait_for_ready_callbacks
[kinematic_visualization-4]     wait_set.wait(timeout_nsec)
[kinematic_visualization-4] KeyboardInterrupt
[kinematic_visualization-4] 
[kinematic_visualization-4] During handling of the above exception, another exception occurred:
[kinematic_visualization-4] 
[kinematic_visualization-4] Traceback (most recent call last):
[kinematic_visualization-4]   File "/home/jonas/Documents/Bachelorarbeit/robocal/install/annin_ar4_calibration/lib/annin_ar4_calibration/kinematic_visualization", line 33, in <module>
[kinematic_visualization-4]     sys.exit(load_entry_point('annin-ar4-calibration==0.0.1', 'console_scripts', 'kinematic_visualization')())
[kinematic_visualization-4]              ^^^^^^^^^^^^^^^^^^^^^^^^^^^^^^^^^^^^^^^^^^^^^^^^^^^^^^^^^^^^^^^^^^^^^^^^^^^^^^^^^^^^^^^^^^^^^^^^
[kinematic_visualization-4]   File "/home/jonas/Documents/Bachelorarbeit/robocal/install/annin_ar4_calibration/lib/python3.12/site-packages/annin_ar4_calibration/nodes/kinematic_visualization_node.py", line 253, in main
[kinematic_visualization-4]     rclpy.shutdown()
[kinematic_visualization-4]   File "/opt/ros/jazzy/lib/python3.12/site-packages/rclpy/__init__.py", line 134, in shutdown
[kinematic_visualization-4]     _shutdown(context=context)
[kinematic_visualization-4]   File "/opt/ros/jazzy/lib/python3.12/site-packages/rclpy/utilities.py", line 82, in shutdown
[kinematic_visualization-4]     context.shutdown()
[kinematic_visualization-4]   File "/opt/ros/jazzy/lib/python3.12/site-packages/rclpy/context.py", line 129, in shutdown
[kinematic_visualization-4]     self.__context.shutdown()
[kinematic_visualization-4] rclpy._rclpy_pybind11.RCLError: failed to shutdown: rcl_shutdown already called on the given context, at ./src/rcl/init.c:333
[kinematic_collector-2] Traceback (most recent call last):
[kinematic_collector-2]   File "/home/jonas/Documents/Bachelorarbeit/robocal/install/annin_ar4_calibration/lib/python3.12/site-packages/annin_ar4_calibration/nodes/kinematic_collector_node.py", line 642, in main
[kinematic_collector-2]     executor.spin()
[kinematic_collector-2]   File "/opt/ros/jazzy/lib/python3.12/site-packages/rclpy/executors.py", line 359, in spin
[kinematic_collector-2]     self._spin_once_impl()
[kinematic_collector-2]   File "/opt/ros/jazzy/lib/python3.12/site-packages/rclpy/executors.py", line 991, in _spin_once_impl
[kinematic_collector-2]     handler, entity, node = self.wait_for_ready_callbacks(
[kinematic_collector-2]                             ^^^^^^^^^^^^^^^^^^^^^^^^^^^^^^
[kinematic_collector-2]   File "/opt/ros/jazzy/lib/python3.12/site-packages/rclpy/executors.py", line 877, in wait_for_ready_callbacks
[kinematic_collector-2]     return next(self._cb_iter)
[kinematic_collector-2]            ^^^^^^^^^^^^^^^^^^^
[kinematic_collector-2]   File "/opt/ros/jazzy/lib/python3.12/site-packages/rclpy/executors.py", line 781, in _wait_for_ready_callbacks
[kinematic_collector-2]     wait_set.wait(timeout_nsec)
[kinematic_collector-2] KeyboardInterrupt
[kinematic_collector-2] 
[kinematic_collector-2] During handling of the above exception, another exception occurred:
[kinematic_collector-2] 
[kinematic_collector-2] Traceback (most recent call last):
[kinematic_collector-2]   File "/home/jonas/Documents/Bachelorarbeit/robocal/install/annin_ar4_calibration/lib/annin_ar4_calibration/kinematic_collector", line 33, in <module>
[kinematic_collector-2]     sys.exit(load_entry_point('annin-ar4-calibration==0.0.1', 'console_scripts', 'kinematic_collector')())
[kinematic_collector-2]              ^^^^^^^^^^^^^^^^^^^^^^^^^^^^^^^^^^^^^^^^^^^^^^^^^^^^^^^^^^^^^^^^^^^^^^^^^^^^^^^^^^^^^^^^^^^^
[kinematic_collector-2]   File "/home/jonas/Documents/Bachelorarbeit/robocal/install/annin_ar4_calibration/lib/python3.12/site-packages/annin_ar4_calibration/nodes/kinematic_collector_node.py", line 645, in main
[kinematic_collector-2]     rclpy.shutdown()
[kinematic_collector-2]   File "/opt/ros/jazzy/lib/python3.12/site-packages/rclpy/__init__.py", line 134, in shutdown
[kinematic_collector-2]     _shutdown(context=context)
[kinematic_collector-2]   File "/opt/ros/jazzy/lib/python3.12/site-packages/rclpy/utilities.py", line 82, in shutdown
[kinematic_collector-2]     context.shutdown()
[kinematic_collector-2]   File "/opt/ros/jazzy/lib/python3.12/site-packages/rclpy/context.py", line 129, in shutdown
[kinematic_collector-2]     self.__context.shutdown()
[kinematic_collector-2] rclpy._rclpy_pybind11.RCLError: failed to shutdown: rcl_shutdown already called on the given context, at ./src/rcl/init.c:333
[target_detector-1] Traceback (most recent call last):
[target_detector-1]   File "/home/jonas/Documents/Bachelorarbeit/robocal/install/annin_ar4_calibration/lib/python3.12/site-packages/annin_ar4_calibration/nodes/target_detector_node.py", line 122, in main
[target_detector-1]     rclpy.spin(node)
[target_detector-1]   File "/opt/ros/jazzy/lib/python3.12/site-packages/rclpy/__init__.py", line 247, in spin
[target_detector-1]     executor.spin_once()
[target_detector-1]   File "/opt/ros/jazzy/lib/python3.12/site-packages/rclpy/executors.py", line 926, in spin_once
[target_detector-1]     self._spin_once_impl(timeout_sec)
[target_detector-1]   File "/opt/ros/jazzy/lib/python3.12/site-packages/rclpy/executors.py", line 907, in _spin_once_impl
[target_detector-1]     handler, entity, node = self.wait_for_ready_callbacks(
[target_detector-1]                             ^^^^^^^^^^^^^^^^^^^^^^^^^^^^^^
[target_detector-1]   File "/opt/ros/jazzy/lib/python3.12/site-packages/rclpy/executors.py", line 877, in wait_for_ready_callbacks
[target_detector-1]     return next(self._cb_iter)
[target_detector-1]            ^^^^^^^^^^^^^^^^^^^
[target_detector-1]   File "/opt/ros/jazzy/lib/python3.12/site-packages/rclpy/executors.py", line 781, in _wait_for_ready_callbacks
[target_detector-1]     wait_set.wait(timeout_nsec)
[target_detector-1] KeyboardInterrupt
[target_detector-1] 
[target_detector-1] During handling of the above exception, another exception occurred:
[target_detector-1] 
[target_detector-1] Traceback (most recent call last):
[target_detector-1]   File "/home/jonas/Documents/Bachelorarbeit/robocal/install/annin_ar4_calibration/lib/annin_ar4_calibration/target_detector", line 33, in <module>
[target_detector-1]     sys.exit(load_entry_point('annin-ar4-calibration==0.0.1', 'console_scripts', 'target_detector')())
[target_detector-1]              ^^^^^^^^^^^^^^^^^^^^^^^^^^^^^^^^^^^^^^^^^^^^^^^^^^^^^^^^^^^^^^^^^^^^^^^^^^^^^^^^^^^^^^^^
[target_detector-1]   File "/home/jonas/Documents/Bachelorarbeit/robocal/install/annin_ar4_calibration/lib/python3.12/site-packages/annin_ar4_calibration/nodes/target_detector_node.py", line 125, in main
[kinematic_calibration-3] Traceback (most recent call last):
[kinematic_calibration-3]   File "/home/jonas/Documents/Bachelorarbeit/robocal/install/annin_ar4_calibration/lib/python3.12/site-packages/annin_ar4_calibration/nodes/kinematic_calibration_node.py", line 248, in main
[target_detector-1]     rclpy.shutdown()
[target_detector-1]   File "/opt/ros/jazzy/lib/python3.12/site-packages/rclpy/__init__.py", line 134, in shutdown
[target_detector-1]     _shutdown(context=context)
[target_detector-1]   File "/opt/ros/jazzy/lib/python3.12/site-packages/rclpy/utilities.py", line 82, in shutdown
[target_detector-1]     context.shutdown()
[target_detector-1]   File "/opt/ros/jazzy/lib/python3.12/site-packages/rclpy/context.py", line 129, in shutdown
[target_detector-1]     self.__context.shutdown()
[target_detector-1] rclpy._rclpy_pybind11.RCLError: failed to shutdown: rcl_shutdown already called on the given context, at ./src/rcl/init.c:333
[kinematic_calibration-3]     rclpy.spin(node)
[kinematic_calibration-3]   File "/opt/ros/jazzy/lib/python3.12/site-packages/rclpy/__init__.py", line 247, in spin
[kinematic_calibration-3]     executor.spin_once()
[kinematic_calibration-3]   File "/opt/ros/jazzy/lib/python3.12/site-packages/rclpy/executors.py", line 926, in spin_once
[kinematic_calibration-3]     self._spin_once_impl(timeout_sec)
[kinematic_calibration-3]   File "/opt/ros/jazzy/lib/python3.12/site-packages/rclpy/executors.py", line 907, in _spin_once_impl
[kinematic_calibration-3]     handler, entity, node = self.wait_for_ready_callbacks(
[kinematic_calibration-3]                             ^^^^^^^^^^^^^^^^^^^^^^^^^^^^^^
[kinematic_calibration-3]   File "/opt/ros/jazzy/lib/python3.12/site-packages/rclpy/executors.py", line 877, in wait_for_ready_callbacks
[kinematic_calibration-3]     return next(self._cb_iter)
[kinematic_calibration-3]            ^^^^^^^^^^^^^^^^^^^
[kinematic_calibration-3]   File "/opt/ros/jazzy/lib/python3.12/site-packages/rclpy/executors.py", line 781, in _wait_for_ready_callbacks
[kinematic_calibration-3]     wait_set.wait(timeout_nsec)
[kinematic_calibration-3] KeyboardInterrupt
[kinematic_calibration-3] 
[kinematic_calibration-3] During handling of the above exception, another exception occurred:
[kinematic_calibration-3] 
[kinematic_calibration-3] Traceback (most recent call last):
[kinematic_calibration-3]   File "/home/jonas/Documents/Bachelorarbeit/robocal/install/annin_ar4_calibration/lib/annin_ar4_calibration/kinematic_calibration", line 33, in <module>
[kinematic_calibration-3]     sys.exit(load_entry_point('annin-ar4-calibration==0.0.1', 'console_scripts', 'kinematic_calibration')())
[kinematic_calibration-3]              ^^^^^^^^^^^^^^^^^^^^^^^^^^^^^^^^^^^^^^^^^^^^^^^^^^^^^^^^^^^^^^^^^^^^^^^^^^^^^^^^^^^^^^^^^^^^^^
[kinematic_calibration-3]   File "/home/jonas/Documents/Bachelorarbeit/robocal/install/annin_ar4_calibration/lib/python3.12/site-packages/annin_ar4_calibration/nodes/kinematic_calibration_node.py", line 251, in main
[kinematic_calibration-3]     rclpy.shutdown()
[kinematic_calibration-3]   File "/opt/ros/jazzy/lib/python3.12/site-packages/rclpy/__init__.py", line 134, in shutdown
[kinematic_calibration-3]     _shutdown(context=context)
[kinematic_calibration-3]   File "/opt/ros/jazzy/lib/python3.12/site-packages/rclpy/utilities.py", line 82, in shutdown
[kinematic_calibration-3]     context.shutdown()
[kinematic_calibration-3]   File "/opt/ros/jazzy/lib/python3.12/site-packages/rclpy/context.py", line 129, in shutdown
[kinematic_calibration-3]     self.__context.shutdown()
[kinematic_calibration-3] rclpy._rclpy_pybind11.RCLError: failed to shutdown: rcl_shutdown already called on the given context, at ./src/rcl/init.c:333
[ERROR] [kinematic_calibration-3]: process has died [pid 1962975, exit code 1, cmd '/home/jonas/Documents/Bachelorarbeit/robocal/install/annin_ar4_calibration/lib/annin_ar4_calibration/kinematic_calibration --ros-args -r __node:=kinematic_calibration -p use_sim_time:=True --params-file /home/jonas/Documents/Bachelorarbeit/robocal/install/annin_ar4_calibration/share/annin_ar4_calibration/config/kinematic_params.yaml --params-file /home/jonas/Documents/Bachelorarbeit/robocal/install/annin_ar4_calibration/share/annin_ar4_calibration/config/sim_overrides.yaml --params-file /home/jonas/benchmarks/runs/sim_wp4-s001-38d16a3645/extra_params.yaml --params-file /tmp/launch_params_xmag451y'].
[ERROR] [kinematic_visualization-4]: process has died [pid 1962976, exit code 1, cmd '/home/jonas/Documents/Bachelorarbeit/robocal/install/annin_ar4_calibration/lib/annin_ar4_calibration/kinematic_visualization --ros-args -r __node:=kinematic_visualization -p use_sim_time:=True --params-file /home/jonas/Documents/Bachelorarbeit/robocal/install/annin_ar4_calibration/share/annin_ar4_calibration/config/kinematic_params.yaml --params-file /home/jonas/Documents/Bachelorarbeit/robocal/install/annin_ar4_calibration/share/annin_ar4_calibration/config/sim_overrides.yaml --params-file /home/jonas/benchmarks/runs/sim_wp4-s001-38d16a3645/extra_params.yaml'].
[ERROR] [kinematic_collector-2]: process has died [pid 1962974, exit code 1, cmd '/home/jonas/Documents/Bachelorarbeit/robocal/install/annin_ar4_calibration/lib/annin_ar4_calibration/kinematic_collector --ros-args -r __node:=kinematic_collector -p use_sim_time:=True --params-file /home/jonas/Documents/Bachelorarbeit/robocal/install/annin_ar4_calibration/share/annin_ar4_calibration/config/kinematic_params.yaml --params-file /home/jonas/Documents/Bachelorarbeit/robocal/install/annin_ar4_calibration/share/annin_ar4_calibration/config/sim_overrides.yaml --params-file /home/jonas/benchmarks/runs/sim_wp4-s001-38d16a3645/extra_params.yaml --params-file /tmp/launch_params_lls_6f8r'].
[ERROR] [target_detector-1]: process has died [pid 1962973, exit code 1, cmd '/home/jonas/Documents/Bachelorarbeit/robocal/install/annin_ar4_calibration/lib/annin_ar4_calibration/target_detector --ros-args -r __node:=target_detector -p use_sim_time:=True --params-file /home/jonas/Documents/Bachelorarbeit/robocal/install/annin_ar4_calibration/share/annin_ar4_calibration/config/kinematic_params.yaml --params-file /home/jonas/Documents/Bachelorarbeit/robocal/install/annin_ar4_calibration/share/annin_ar4_calibration/config/sim_overrides.yaml --params-file /home/jonas/benchmarks/runs/sim_wp4-s001-38d16a3645/extra_params.yaml --params-file /tmp/launch_params_5abpx8tb'].
