[INFO] [launch]: All log files can be found below /home/jonas/benchmarks/runs/sim_wp4-s005-02dc5f10fb/ros_home/log/2026-09-03-08-30-40-408074-Feanor-441608
[INFO] [launch]: Default logging verbosity is set to INFO
[INFO] [target_detector-1]: process started with pid [441666]
[INFO] [kinematic_collector-2]: process started with pid [441667]
[INFO] [kinematic_calibration-3]: process started with pid [441668]
[INFO] [kinematic_visualization-4]: process started with pid [441669]
[kinematic_calibration-3] [WARN] [1788417042.723192556] [kinematic_calibration]: joint_2/joint_3 axes are near-parallel (|dot|=1.0000) - expect a poorly-conditioned direction there, mitigated by ridge regularization/bounds, not corrected exactly.
[kinematic_calibration-3] [INFO] [1788417042.752665008] [kinematic_calibration]: Kinematic calibration ready: calibration_type=eye_to_hand, sample_file=/home/jonas/benchmarks/runs/sim_wp4-s005-02dc5f10fb/ros_home/annin_ar4_calibration/kinematic_samples.npy, result_file=/home/jonas/benchmarks/runs/sim_wp4-s005-02dc5f10fb/ros_home/annin_ar4_calibration/kinematic_result.yaml
[target_detector-1] [INFO] [1788417043.544098446] [target_detector]: Target detector ready: target_type=charuco, target_frame=calibration_target
[kinematic_collector-2] [INFO] [1788417044.147793643] [kinematic_collector]: Kinematic collector ready: sample_file=/home/jonas/benchmarks/runs/sim_wp4-s005-02dc5f10fb/ros_home/annin_ar4_calibration/kinematic_samples.npy. This node moves the robot during run_auto_sequence - clear the workspace first.
[kinematic_collector-2] [INFO] [1788417045.414953555] [kinematic_collector]: Target marker face: board +Z (learned from the seed detection)
[kinematic_collector-2] [INFO] [1788417045.866183011] [kinematic_collector]: Candidate generation: 800/800 visible configs from 24576 draws (3.8% yield)
[kinematic_collector-2] [WARN] [1788417052.763662871] [kinematic_collector]: Action 'move_action' was unsuccessful: STATUS_ABORTED.
[kinematic_collector-2] [WARN] [1788417052.815740861] [kinematic_collector]: Candidate configuration skipped: motion failed
[kinematic_collector-2] [WARN] [1788417193.687421760] [kinematic_collector]: No fresh target detection at candidate pose, skipping
[kinematic_collector-2] [WARN] [1788417203.046786287] [kinematic_collector]: Action 'move_action' was unsuccessful: STATUS_ABORTED.
[kinematic_collector-2] [WARN] [1788417203.104146582] [kinematic_collector]: Candidate configuration skipped: motion failed
[kinematic_collector-2] [WARN] [1788417369.115566736] [kinematic_collector]: Action 'move_action' was unsuccessful: STATUS_ABORTED.
[kinematic_collector-2] [WARN] [1788417369.175504042] [kinematic_collector]: Candidate configuration skipped: motion failed
[kinematic_collector-2] [WARN] [1788417456.221556361] [kinematic_collector]: Action 'move_action' was unsuccessful: STATUS_ABORTED.
[kinematic_collector-2] [WARN] [1788417456.281221474] [kinematic_collector]: Candidate configuration skipped: motion failed
[kinematic_collector-2] [WARN] [1788417512.050002731] [kinematic_collector]: No fresh target detection at candidate pose, skipping
[kinematic_collector-2] [WARN] [1788417606.148491287] [kinematic_collector]: No fresh target detection at candidate pose, skipping
[kinematic_collector-2] [WARN] [1788417627.721719927] [kinematic_collector]: Action 'move_action' was unsuccessful: STATUS_ABORTED.
[kinematic_collector-2] [WARN] [1788417627.776577177] [kinematic_collector]: Candidate configuration skipped: motion failed
[kinematic_collector-2] [WARN] [1788417746.782057306] [kinematic_collector]: No fresh target detection at candidate pose, skipping
[kinematic_collector-2] [WARN] [1788417800.378601243] [kinematic_collector]: No fresh target detection at candidate pose, skipping
[kinematic_collector-2] [WARN] [1788417815.824188697] [kinematic_collector]: No fresh target detection at candidate pose, skipping
[kinematic_collector-2] [WARN] [1788417921.392292701] [kinematic_collector]: No fresh target detection at candidate pose, skipping
[kinematic_collector-2] [WARN] [1788418185.627383968] [kinematic_collector]: No fresh target detection at candidate pose, skipping
[kinematic_collector-2] [WARN] [1788418193.975625322] [kinematic_collector]: No fresh target detection at candidate pose, skipping
[WARNING] [launch]: user interrupted with ctrl-c (SIGINT)
[kinematic_visualization-4] Traceback (most recent call last):
[kinematic_visualization-4]   File "/home/jonas/Documents/Bachelorarbeit/robocal/install/annin_ar4_calibration/lib/python3.12/site-packages/annin_ar4_calibration/nodes/kinematic_visualization_node.py", line 250, in main
[target_detector-1] Traceback (most recent call last):
[target_detector-1]   File "/home/jonas/Documents/Bachelorarbeit/robocal/install/annin_ar4_calibration/lib/python3.12/site-packages/annin_ar4_calibration/nodes/target_detector_node.py", line 122, in main
[kinematic_visualization-4]     rclpy.spin(node)
[kinematic_visualization-4]   File "/opt/ros/jazzy/lib/python3.12/site-packages/rclpy/__init__.py", line 247, in spin
[kinematic_visualization-4]     executor.spin_once()
[kinematic_visualization-4]   File "/opt/ros/jazzy/lib/python3.12/site-packages/rclpy/executors.py", line 926, in spin_once
[kinematic_calibration-3] Traceback (most recent call last):
[kinematic_calibration-3]   File "/home/jonas/Documents/Bachelorarbeit/robocal/install/annin_ar4_calibration/lib/python3.12/site-packages/annin_ar4_calibration/nodes/kinematic_calibration_node.py", line 248, in main
[kinematic_visualization-4]     self._spin_once_impl(timeout_sec)
[kinematic_visualization-4]   File "/opt/ros/jazzy/lib/python3.12/site-packages/rclpy/executors.py", line 907, in _spin_once_impl
[kinematic_visualization-4]     handler, entity, node = self.wait_for_ready_callbacks(
[kinematic_visualization-4]                             ^^^^^^^^^^^^^^^^^^^^^^^^^^^^^^
[kinematic_visualization-4]   File "/opt/ros/jazzy/lib/python3.12/site-packages/rclpy/executors.py", line 877, in wait_for_ready_callbacks
[kinematic_visualization-4]     return next(self._cb_iter)
[kinematic_visualization-4]            ^^^^^^^^^^^^^^^^^^^
[kinematic_visualization-4]   File "/opt/ros/jazzy/lib/python3.12/site-packages/rclpy/executors.py", line 781, in _wait_for_ready_callbacks
[kinematic_visualization-4]     wait_set.wait(timeout_nsec)
[kinematic_visualization-4] KeyboardInterrupt
[kinematic_visualization-4] 
[kinematic_visualization-4] During handling of the above exception, another exception occurred:
[kinematic_visualization-4] 
[kinematic_visualization-4] Traceback (most recent call last):
[kinematic_visualization-4]   File "/home/jonas/Documents/Bachelorarbeit/robocal/install/annin_ar4_calibration/lib/annin_ar4_calibration/kinematic_visualization", line 33, in <module>
[kinematic_visualization-4]     sys.exit(load_entry_point('annin-ar4-calibration==0.0.1', 'console_scripts', 'kinematic_visualization')())
[kinematic_visualization-4]              ^^^^^^^^^^^^^^^^^^^^^^^^^^^^^^^^^^^^^^^^^^^^^^^^^^^^^^^^^^^^^^^^^^^^^^^^^^^^^^^^^^^^^^^^^^^^^^^^
[kinematic_visualization-4]   File "/home/jonas/Documents/Bachelorarbeit/robocal/install/annin_ar4_calibration/lib/python3.12/site-packages/annin_ar4_calibration/nodes/kinematic_visualization_node.py", line 253, in main
[target_detector-1]     rclpy.spin(node)
[target_detector-1]   File "/opt/ros/jazzy/lib/python3.12/site-packages/rclpy/__init__.py", line 247, in spin
[target_detector-1]     executor.spin_once()
[target_detector-1]   File "/opt/ros/jazzy/lib/python3.12/site-packages/rclpy/executors.py", line 926, in spin_once
[target_detector-1]     self._spin_once_impl(timeout_sec)
[target_detector-1]   File "/opt/ros/jazzy/lib/python3.12/site-packages/rclpy/executors.py", line 916, in _spin_once_impl
[target_detector-1]     handler()
[kinematic_calibration-3]     rclpy.spin(node)
[kinematic_calibration-3]   File "/opt/ros/jazzy/lib/python3.12/site-packages/rclpy/__init__.py", line 247, in spin
[target_detector-1]   File "/opt/ros/jazzy/lib/python3.12/site-packages/rclpy/task.py", line 270, in __call__
[target_detector-1]     self._execute_coroutine_step(self._handler)
[target_detector-1]   File "/opt/ros/jazzy/lib/python3.12/site-packages/rclpy/task.py", line 286, in _execute_coroutine_step
[target_detector-1]     result = coro.send(None)
[target_detector-1]              ^^^^^^^^^^^^^^^
[target_detector-1]   File "/opt/ros/jazzy/lib/python3.12/site-packages/rclpy/executors.py", line 592, in handler
[kinematic_calibration-3]     executor.spin_once()
[kinematic_calibration-3]   File "/opt/ros/jazzy/lib/python3.12/site-packages/rclpy/executors.py", line 926, in spin_once
[kinematic_calibration-3]     self._spin_once_impl(timeout_sec)
[target_detector-1]     await call_coroutine()
[target_detector-1]   File "/opt/ros/jazzy/lib/python3.12/site-packages/rclpy/executors.py", line 480, in _execute
[kinematic_calibration-3]   File "/opt/ros/jazzy/lib/python3.12/site-packages/rclpy/executors.py", line 907, in _spin_once_impl
[target_detector-1]     await await_or_execute(sub.callback, *msg_tuple)
[target_detector-1]   File "/opt/ros/jazzy/lib/python3.12/site-packages/rclpy/executors.py", line 115, in await_or_execute
[target_detector-1]     return callback(*args)
[target_detector-1]            ^^^^^^^^^^^^^^^
[target_detector-1]   File "/home/jonas/Documents/Bachelorarbeit/robocal/install/annin_ar4_calibration/lib/python3.12/site-packages/annin_ar4_calibration/nodes/target_detector_node.py", line 96, in _image_cb
[kinematic_calibration-3]     handler, entity, node = self.wait_for_ready_callbacks(
[kinematic_calibration-3]                             ^^^^^^^^^^^^^^^^^^^^^^^^^^^^^^
[kinematic_calibration-3]   File "/opt/ros/jazzy/lib/python3.12/site-packages/rclpy/executors.py", line 877, in wait_for_ready_callbacks
[kinematic_calibration-3]     return next(self._cb_iter)
[kinematic_calibration-3]            ^^^^^^^^^^^^^^^^^^^
[kinematic_calibration-3]   File "/opt/ros/jazzy/lib/python3.12/site-packages/rclpy/executors.py", line 781, in _wait_for_ready_callbacks
[kinematic_calibration-3]     wait_set.wait(timeout_nsec)
[kinematic_calibration-3] KeyboardInterrupt
[kinematic_calibration-3] 
[kinematic_calibration-3] During handling of the above exception, another exception occurred:
[kinematic_calibration-3] 
[kinematic_calibration-3] Traceback (most recent call last):
[kinematic_calibration-3]   File "/home/jonas/Documents/Bachelorarbeit/robocal/install/annin_ar4_calibration/lib/annin_ar4_calibration/kinematic_calibration", line 33, in <module>
[kinematic_visualization-4]     rclpy.shutdown()
[kinematic_visualization-4]   File "/opt/ros/jazzy/lib/python3.12/site-packages/rclpy/__init__.py", line 134, in shutdown
[kinematic_visualization-4]     _shutdown(context=context)
[kinematic_visualization-4]   File "/opt/ros/jazzy/lib/python3.12/site-packages/rclpy/utilities.py", line 82, in shutdown
[kinematic_visualization-4]     context.shutdown()
[kinematic_visualization-4]   File "/opt/ros/jazzy/lib/python3.12/site-packages/rclpy/context.py", line 129, in shutdown
[kinematic_visualization-4]     self.__context.shutdown()
[kinematic_visualization-4] rclpy._rclpy_pybind11.RCLError: failed to shutdown: rcl_shutdown already called on the given context, at ./src/rcl/init.c:333
[target_detector-1]     result = target_detection.detect(
[target_detector-1]              ^^^^^^^^^^^^^^^^^^^^^^^^
[target_detector-1]   File "/home/jonas/Documents/Bachelorarbeit/robocal/install/annin_ar4_calibration/lib/python3.12/site-packages/annin_ar4_calibration/core/target_detection.py", line 232, in detect
[kinematic_calibration-3]     sys.exit(load_entry_point('annin-ar4-calibration==0.0.1', 'console_scripts', 'kinematic_calibration')())
[kinematic_calibration-3]              ^^^^^^^^^^^^^^^^^^^^^^^^^^^^^^^^^^^^^^^^^^^^^^^^^^^^^^^^^^^^^^^^^^^^^^^^^^^^^^^^^^^^^^^^^^^^^^
[kinematic_calibration-3]   File "/home/jonas/Documents/Bachelorarbeit/robocal/install/annin_ar4_calibration/lib/python3.12/site-packages/annin_ar4_calibration/nodes/kinematic_calibration_node.py", line 251, in main
[kinematic_calibration-3]     rclpy.shutdown()
[kinematic_calibration-3]   File "/opt/ros/jazzy/lib/python3.12/site-packages/rclpy/__init__.py", line 134, in shutdown
[kinematic_calibration-3]     _shutdown(context=context)
[kinematic_calibration-3]   File "/opt/ros/jazzy/lib/python3.12/site-packages/rclpy/utilities.py", line 82, in shutdown
[kinematic_calibration-3]     context.shutdown()
[kinematic_calibration-3]   File "/opt/ros/jazzy/lib/python3.12/site-packages/rclpy/context.py", line 129, in shutdown
[kinematic_calibration-3]     self.__context.shutdown()
[kinematic_calibration-3] rclpy._rclpy_pybind11.RCLError: failed to shutdown: rcl_shutdown already called on the given context, at ./src/rcl/init.c:333
[target_detector-1]     return _detect_charuco(
[target_detector-1]            ^^^^^^^^^^^^^^^^
[target_detector-1]   File "/home/jonas/Documents/Bachelorarbeit/robocal/install/annin_ar4_calibration/lib/python3.12/site-packages/annin_ar4_calibration/core/target_detection.py", line 130, in _detect_charuco
[target_detector-1]     cv2.aruco.drawDetectedMarkers(debug_image, corners, ids)
[target_detector-1] KeyboardInterrupt
[target_detector-1] 
[target_detector-1] During handling of the above exception, another exception occurred:
[target_detector-1] 
[target_detector-1] Traceback (most recent call last):
[target_detector-1]   File "/home/jonas/Documents/Bachelorarbeit/robocal/install/annin_ar4_calibration/lib/annin_ar4_calibration/target_detector", line 33, in <module>
[target_detector-1]     sys.exit(load_entry_point('annin-ar4-calibration==0.0.1', 'console_scripts', 'target_detector')())
[target_detector-1]              ^^^^^^^^^^^^^^^^^^^^^^^^^^^^^^^^^^^^^^^^^^^^^^^^^^^^^^^^^^^^^^^^^^^^^^^^^^^^^^^^^^^^^^^^
[target_detector-1]   File "/home/jonas/Documents/Bachelorarbeit/robocal/install/annin_ar4_calibration/lib/python3.12/site-packages/annin_ar4_calibration/nodes/target_detector_node.py", line 125, in main
[target_detector-1]     rclpy.shutdown()
[target_detector-1]   File "/opt/ros/jazzy/lib/python3.12/site-packages/rclpy/__init__.py", line 134, in shutdown
[target_detector-1]     _shutdown(context=context)
[target_detector-1]   File "/opt/ros/jazzy/lib/python3.12/site-packages/rclpy/utilities.py", line 82, in shutdown
[target_detector-1]     context.shutdown()
[target_detector-1]   File "/opt/ros/jazzy/lib/python3.12/site-packages/rclpy/context.py", line 129, in shutdown
[target_detector-1]     self.__context.shutdown()
[target_detector-1] rclpy._rclpy_pybind11.RCLError: failed to shutdown: rcl_shutdown already called on the given context, at ./src/rcl/init.c:333
[kinematic_collector-2] Traceback (most recent call last):
[kinematic_collector-2]   File "/home/jonas/Documents/Bachelorarbeit/robocal/install/annin_ar4_calibration/lib/python3.12/site-packages/annin_ar4_calibration/nodes/kinematic_collector_node.py", line 655, in main
[kinematic_collector-2]     executor.spin()
[kinematic_collector-2]   File "/opt/ros/jazzy/lib/python3.12/site-packages/rclpy/executors.py", line 359, in spin
[kinematic_collector-2]     self._spin_once_impl()
[kinematic_collector-2]   File "/opt/ros/jazzy/lib/python3.12/site-packages/rclpy/executors.py", line 991, in _spin_once_impl
[kinematic_collector-2]     handler, entity, node = self.wait_for_ready_callbacks(
[kinematic_collector-2]                             ^^^^^^^^^^^^^^^^^^^^^^^^^^^^^^
[kinematic_collector-2]   File "/opt/ros/jazzy/lib/python3.12/site-packages/rclpy/executors.py", line 877, in wait_for_ready_callbacks
[kinematic_collector-2]     return next(self._cb_iter)
[kinematic_collector-2]            ^^^^^^^^^^^^^^^^^^^
[kinematic_collector-2]   File "/opt/ros/jazzy/lib/python3.12/site-packages/rclpy/executors.py", line 781, in _wait_for_ready_callbacks
[kinematic_collector-2]     wait_set.wait(timeout_nsec)
[kinematic_collector-2] KeyboardInterrupt
[kinematic_collector-2] 
[kinematic_collector-2] During handling of the above exception, another exception occurred:
[kinematic_collector-2] 
[kinematic_collector-2] Traceback (most recent call last):
[kinematic_collector-2]   File "/home/jonas/Documents/Bachelorarbeit/robocal/install/annin_ar4_calibration/lib/annin_ar4_calibration/kinematic_collector", line 33, in <module>
[kinematic_collector-2]     sys.exit(load_entry_point('annin-ar4-calibration==0.0.1', 'console_scripts', 'kinematic_collector')())
[kinematic_collector-2]              ^^^^^^^^^^^^^^^^^^^^^^^^^^^^^^^^^^^^^^^^^^^^^^^^^^^^^^^^^^^^^^^^^^^^^^^^^^^^^^^^^^^^^^^^^^^^
[kinematic_collector-2]   File "/home/jonas/Documents/Bachelorarbeit/robocal/install/annin_ar4_calibration/lib/python3.12/site-packages/annin_ar4_calibration/nodes/kinematic_collector_node.py", line 658, in main
[kinematic_collector-2]     rclpy.shutdown()
[kinematic_collector-2]   File "/opt/ros/jazzy/lib/python3.12/site-packages/rclpy/__init__.py", line 134, in shutdown
[kinematic_collector-2]     _shutdown(context=context)
[kinematic_collector-2]   File "/opt/ros/jazzy/lib/python3.12/site-packages/rclpy/utilities.py", line 82, in shutdown
[kinematic_collector-2]     context.shutdown()
[kinematic_collector-2]   File "/opt/ros/jazzy/lib/python3.12/site-packages/rclpy/context.py", line 129, in shutdown
[kinematic_collector-2]     self.__context.shutdown()
[kinematic_collector-2] rclpy._rclpy_pybind11.RCLError: failed to shutdown: rcl_shutdown already called on the given context, at ./src/rcl/init.c:333
[ERROR] [kinematic_calibration-3]: process has died [pid 441668, exit code 1, cmd '/home/jonas/Documents/Bachelorarbeit/robocal/install/annin_ar4_calibration/lib/annin_ar4_calibration/kinematic_calibration --ros-args -r __node:=kinematic_calibration -p use_sim_time:=True --params-file /home/jonas/Documents/Bachelorarbeit/robocal/install/annin_ar4_calibration/share/annin_ar4_calibration/config/kinematic_params.yaml --params-file /home/jonas/Documents/Bachelorarbeit/robocal/install/annin_ar4_calibration/share/annin_ar4_calibration/config/sim_overrides.yaml --params-file /home/jonas/benchmarks/runs/sim_wp4-s005-02dc5f10fb/extra_params.yaml --params-file /tmp/launch_params_9a702vya'].
[ERROR] [kinematic_visualization-4]: process has died [pid 441669, exit code 1, cmd '/home/jonas/Documents/Bachelorarbeit/robocal/install/annin_ar4_calibration/lib/annin_ar4_calibration/kinematic_visualization --ros-args -r __node:=kinematic_visualization -p use_sim_time:=True --params-file /home/jonas/Documents/Bachelorarbeit/robocal/install/annin_ar4_calibration/share/annin_ar4_calibration/config/kinematic_params.yaml --params-file /home/jonas/Documents/Bachelorarbeit/robocal/install/annin_ar4_calibration/share/annin_ar4_calibration/config/sim_overrides.yaml --params-file /home/jonas/benchmarks/runs/sim_wp4-s005-02dc5f10fb/extra_params.yaml'].
[ERROR] [target_detector-1]: process has died [pid 441666, exit code 1, cmd '/home/jonas/Documents/Bachelorarbeit/robocal/install/annin_ar4_calibration/lib/annin_ar4_calibration/target_detector --ros-args -r __node:=target_detector -p use_sim_time:=True --params-file /home/jonas/Documents/Bachelorarbeit/robocal/install/annin_ar4_calibration/share/annin_ar4_calibration/config/kinematic_params.yaml --params-file /home/jonas/Documents/Bachelorarbeit/robocal/install/annin_ar4_calibration/share/annin_ar4_calibration/config/sim_overrides.yaml --params-file /home/jonas/benchmarks/runs/sim_wp4-s005-02dc5f10fb/extra_params.yaml --params-file /tmp/launch_params_k34nfavc'].
[ERROR] [kinematic_collector-2]: process has died [pid 441667, exit code 1, cmd '/home/jonas/Documents/Bachelorarbeit/robocal/install/annin_ar4_calibration/lib/annin_ar4_calibration/kinematic_collector --ros-args -r __node:=kinematic_collector -p use_sim_time:=True --params-file /home/jonas/Documents/Bachelorarbeit/robocal/install/annin_ar4_calibration/share/annin_ar4_calibration/config/kinematic_params.yaml --params-file /home/jonas/Documents/Bachelorarbeit/robocal/install/annin_ar4_calibration/share/annin_ar4_calibration/config/sim_overrides.yaml --params-file /home/jonas/benchmarks/runs/sim_wp4-s005-02dc5f10fb/extra_params.yaml --params-file /tmp/launch_params_0vj_4es6'].
