[INFO] [launch]: All log files can be found below /home/jonas/benchmarks/runs/sim_wp4-s001-da063f4c13/ros_home/log/2026-08-23-12-46-54-141357-Feanor-721693
[INFO] [launch]: Default logging verbosity is set to INFO
[INFO] [target_detector-1]: process started with pid [721703]
[INFO] [hand_eye_collector-2]: process started with pid [721704]
[INFO] [hand_eye_calibration-3]: process started with pid [721705]
[INFO] [hand_eye_visualization-4]: process started with pid [721706]
[target_detector-1] [INFO] [1787482016.998931461] [target_detector]: Target detector ready: target_type=charuco, target_frame=calibration_target
[hand_eye_calibration-3] [INFO] [1787482017.057659404] [hand_eye_calibration]: Hand-eye calibration ready: calibration_type=eye_in_hand, sample_file=/home/jonas/benchmarks/runs/sim_wp4-s001-da063f4c13/ros_home/annin_ar4_calibration/hand_eye_samples.npy, result_file=/home/jonas/benchmarks/runs/sim_wp4-s001-da063f4c13/ros_home/annin_ar4_calibration/hand_eye_result.yaml
[hand_eye_collector-2] [INFO] [1787482017.634211698] [hand_eye_collector]: Hand-eye collector ready: calibration_type=eye_in_hand, sample_file=/home/jonas/benchmarks/runs/sim_wp4-s001-da063f4c13/ros_home/annin_ar4_calibration/hand_eye_samples.npy. This node moves the robot during run_auto_sequence - clear the workspace first.
[hand_eye_collector-2] [WARN] [1787482023.350758978] [hand_eye_collector]: No fresh target detection at candidate pose, skipping
[hand_eye_collector-2] [WARN] [1787482038.553300686] [hand_eye_collector]: No fresh target detection at candidate pose, skipping
[hand_eye_collector-2] [WARN] [1787482079.131086926] [hand_eye_collector]: Action 'move_action' was unsuccessful: STATUS_ABORTED.
[hand_eye_collector-2] [WARN] [1787482079.205543827] [hand_eye_collector]: Candidate pose skipped: motion failed
[hand_eye_collector-2] [WARN] [1787482088.206340309] [hand_eye_collector]: No fresh target detection at candidate pose, skipping
[hand_eye_collector-2] [WARN] [1787482125.404059933] [hand_eye_collector]: No fresh target detection at candidate pose, skipping
[hand_eye_collector-2] [WARN] [1787482135.523600248] [hand_eye_collector]: No fresh target detection at candidate pose, skipping
[hand_eye_collector-2] [WARN] [1787482156.602119355] [hand_eye_collector]: No fresh target detection at candidate pose, skipping
[hand_eye_collector-2] [WARN] [1787482164.675638738] [hand_eye_collector]: No fresh target detection at candidate pose, skipping
[hand_eye_collector-2] [WARN] [1787482213.733585795] [hand_eye_collector]: No fresh target detection at candidate pose, skipping
[hand_eye_collector-2] [WARN] [1787482223.550001620] [hand_eye_collector]: No fresh target detection at candidate pose, skipping
[hand_eye_collector-2] [WARN] [1787482244.568506672] [hand_eye_collector]: No fresh target detection at candidate pose, skipping
[hand_eye_collector-2] [WARN] [1787482287.764785214] [hand_eye_collector]: No fresh target detection at candidate pose, skipping
[hand_eye_collector-2] [WARN] [1787482306.294187952] [hand_eye_collector]: No fresh target detection at candidate pose, skipping
[WARNING] [launch]: user interrupted with ctrl-c (SIGINT)
[target_detector-1] Traceback (most recent call last):
[target_detector-1]   File "/home/jonas/Documents/Bachelorarbeit/robocal/install/annin_ar4_calibration/lib/python3.12/site-packages/annin_ar4_calibration/nodes/target_detector_node.py", line 122, in main
[target_detector-1]     rclpy.spin(node)
[target_detector-1]   File "/opt/ros/jazzy/lib/python3.12/site-packages/rclpy/__init__.py", line 247, in spin
[target_detector-1]     executor.spin_once()
[target_detector-1]   File "/opt/ros/jazzy/lib/python3.12/site-packages/rclpy/executors.py", line 926, in spin_once
[target_detector-1]     self._spin_once_impl(timeout_sec)
[target_detector-1]   File "/opt/ros/jazzy/lib/python3.12/site-packages/rclpy/executors.py", line 907, in _spin_once_impl
[target_detector-1]     handler, entity, node = self.wait_for_ready_callbacks(
[target_detector-1]                             ^^^^^^^^^^^^^^^^^^^^^^^^^^^^^^
[target_detector-1]   File "/opt/ros/jazzy/lib/python3.12/site-packages/rclpy/executors.py", line 877, in wait_for_ready_callbacks
[target_detector-1]     return next(self._cb_iter)
[target_detector-1]            ^^^^^^^^^^^^^^^^^^^
[target_detector-1]   File "/opt/ros/jazzy/lib/python3.12/site-packages/rclpy/executors.py", line 781, in _wait_for_ready_callbacks
[target_detector-1]     wait_set.wait(timeout_nsec)
[target_detector-1] KeyboardInterrupt
[target_detector-1] 
[target_detector-1] During handling of the above exception, another exception occurred:
[target_detector-1] 
[target_detector-1] Traceback (most recent call last):
[target_detector-1]   File "/home/jonas/Documents/Bachelorarbeit/robocal/install/annin_ar4_calibration/lib/annin_ar4_calibration/target_detector", line 33, in <module>
[hand_eye_calibration-3] Traceback (most recent call last):
[hand_eye_calibration-3]   File "/home/jonas/Documents/Bachelorarbeit/robocal/install/annin_ar4_calibration/lib/python3.12/site-packages/annin_ar4_calibration/nodes/hand_eye_calibration_node.py", line 166, in main
[target_detector-1]     sys.exit(load_entry_point('annin-ar4-calibration==0.0.1', 'console_scripts', 'target_detector')())
[target_detector-1]              ^^^^^^^^^^^^^^^^^^^^^^^^^^^^^^^^^^^^^^^^^^^^^^^^^^^^^^^^^^^^^^^^^^^^^^^^^^^^^^^^^^^^^^^^
[target_detector-1]   File "/home/jonas/Documents/Bachelorarbeit/robocal/install/annin_ar4_calibration/lib/python3.12/site-packages/annin_ar4_calibration/nodes/target_detector_node.py", line 125, in main
[hand_eye_calibration-3]     rclpy.spin(node)
[hand_eye_calibration-3]   File "/opt/ros/jazzy/lib/python3.12/site-packages/rclpy/__init__.py", line 247, in spin
[hand_eye_calibration-3]     executor.spin_once()
[hand_eye_calibration-3]   File "/opt/ros/jazzy/lib/python3.12/site-packages/rclpy/executors.py", line 926, in spin_once
[hand_eye_calibration-3]     self._spin_once_impl(timeout_sec)
[hand_eye_calibration-3]   File "/opt/ros/jazzy/lib/python3.12/site-packages/rclpy/executors.py", line 907, in _spin_once_impl
[hand_eye_calibration-3]     handler, entity, node = self.wait_for_ready_callbacks(
[hand_eye_calibration-3]                             ^^^^^^^^^^^^^^^^^^^^^^^^^^^^^^
[hand_eye_calibration-3]   File "/opt/ros/jazzy/lib/python3.12/site-packages/rclpy/executors.py", line 877, in wait_for_ready_callbacks
[hand_eye_calibration-3]     return next(self._cb_iter)
[hand_eye_calibration-3]            ^^^^^^^^^^^^^^^^^^^
[hand_eye_calibration-3]   File "/opt/ros/jazzy/lib/python3.12/site-packages/rclpy/executors.py", line 781, in _wait_for_ready_callbacks
[hand_eye_calibration-3]     wait_set.wait(timeout_nsec)
[hand_eye_calibration-3] KeyboardInterrupt
[hand_eye_calibration-3] 
[hand_eye_calibration-3] During handling of the above exception, another exception occurred:
[hand_eye_calibration-3] 
[hand_eye_calibration-3] Traceback (most recent call last):
[hand_eye_calibration-3]   File "/home/jonas/Documents/Bachelorarbeit/robocal/install/annin_ar4_calibration/lib/annin_ar4_calibration/hand_eye_calibration", line 33, in <module>
[target_detector-1]     rclpy.shutdown()
[target_detector-1]   File "/opt/ros/jazzy/lib/python3.12/site-packages/rclpy/__init__.py", line 134, in shutdown
[target_detector-1]     _shutdown(context=context)
[target_detector-1]   File "/opt/ros/jazzy/lib/python3.12/site-packages/rclpy/utilities.py", line 82, in shutdown
[target_detector-1]     context.shutdown()
[target_detector-1]   File "/opt/ros/jazzy/lib/python3.12/site-packages/rclpy/context.py", line 129, in shutdown
[target_detector-1]     self.__context.shutdown()
[target_detector-1] rclpy._rclpy_pybind11.RCLError: failed to shutdown: rcl_shutdown already called on the given context, at ./src/rcl/init.c:333
[hand_eye_calibration-3]     sys.exit(load_entry_point('annin-ar4-calibration==0.0.1', 'console_scripts', 'hand_eye_calibration')())
[hand_eye_calibration-3]              ^^^^^^^^^^^^^^^^^^^^^^^^^^^^^^^^^^^^^^^^^^^^^^^^^^^^^^^^^^^^^^^^^^^^^^^^^^^^^^^^^^^^^^^^^^^^^
[hand_eye_calibration-3]   File "/home/jonas/Documents/Bachelorarbeit/robocal/install/annin_ar4_calibration/lib/python3.12/site-packages/annin_ar4_calibration/nodes/hand_eye_calibration_node.py", line 169, in main
[hand_eye_visualization-4] Traceback (most recent call last):
[hand_eye_visualization-4]   File "/home/jonas/Documents/Bachelorarbeit/robocal/install/annin_ar4_calibration/lib/python3.12/site-packages/annin_ar4_calibration/nodes/hand_eye_visualization_node.py", line 185, in main
[hand_eye_visualization-4]     rclpy.spin(node)
[hand_eye_visualization-4]   File "/opt/ros/jazzy/lib/python3.12/site-packages/rclpy/__init__.py", line 247, in spin
[hand_eye_visualization-4]     executor.spin_once()
[hand_eye_visualization-4]   File "/opt/ros/jazzy/lib/python3.12/site-packages/rclpy/executors.py", line 926, in spin_once
[hand_eye_visualization-4]     self._spin_once_impl(timeout_sec)
[hand_eye_visualization-4]   File "/opt/ros/jazzy/lib/python3.12/site-packages/rclpy/executors.py", line 907, in _spin_once_impl
[hand_eye_visualization-4]     handler, entity, node = self.wait_for_ready_callbacks(
[hand_eye_visualization-4]                             ^^^^^^^^^^^^^^^^^^^^^^^^^^^^^^
[hand_eye_visualization-4]   File "/opt/ros/jazzy/lib/python3.12/site-packages/rclpy/executors.py", line 877, in wait_for_ready_callbacks
[hand_eye_visualization-4]     return next(self._cb_iter)
[hand_eye_visualization-4]            ^^^^^^^^^^^^^^^^^^^
[hand_eye_visualization-4]   File "/opt/ros/jazzy/lib/python3.12/site-packages/rclpy/executors.py", line 781, in _wait_for_ready_callbacks
[hand_eye_visualization-4]     wait_set.wait(timeout_nsec)
[hand_eye_visualization-4] KeyboardInterrupt
[hand_eye_visualization-4] 
[hand_eye_visualization-4] During handling of the above exception, another exception occurred:
[hand_eye_visualization-4] 
[hand_eye_visualization-4] Traceback (most recent call last):
[hand_eye_visualization-4]   File "/home/jonas/Documents/Bachelorarbeit/robocal/install/annin_ar4_calibration/lib/annin_ar4_calibration/hand_eye_visualization", line 33, in <module>
[hand_eye_calibration-3]     rclpy.shutdown()
[hand_eye_calibration-3]   File "/opt/ros/jazzy/lib/python3.12/site-packages/rclpy/__init__.py", line 134, in shutdown
[hand_eye_calibration-3]     _shutdown(context=context)
[hand_eye_calibration-3]   File "/opt/ros/jazzy/lib/python3.12/site-packages/rclpy/utilities.py", line 82, in shutdown
[hand_eye_calibration-3]     context.shutdown()
[hand_eye_calibration-3]   File "/opt/ros/jazzy/lib/python3.12/site-packages/rclpy/context.py", line 129, in shutdown
[hand_eye_calibration-3]     self.__context.shutdown()
[hand_eye_calibration-3] rclpy._rclpy_pybind11.RCLError: failed to shutdown: rcl_shutdown already called on the given context, at ./src/rcl/init.c:333
[hand_eye_visualization-4]     sys.exit(load_entry_point('annin-ar4-calibration==0.0.1', 'console_scripts', 'hand_eye_visualization')())
[hand_eye_visualization-4]              ^^^^^^^^^^^^^^^^^^^^^^^^^^^^^^^^^^^^^^^^^^^^^^^^^^^^^^^^^^^^^^^^^^^^^^^^^^^^^^^^^^^^^^^^^^^^^^^
[hand_eye_visualization-4]   File "/home/jonas/Documents/Bachelorarbeit/robocal/install/annin_ar4_calibration/lib/python3.12/site-packages/annin_ar4_calibration/nodes/hand_eye_visualization_node.py", line 188, in main
[hand_eye_collector-2] Traceback (most recent call last):
[hand_eye_collector-2]   File "/home/jonas/Documents/Bachelorarbeit/robocal/install/annin_ar4_calibration/lib/python3.12/site-packages/annin_ar4_calibration/nodes/hand_eye_collector_node.py", line 282, in main
[hand_eye_visualization-4]     rclpy.shutdown()
[hand_eye_visualization-4]   File "/opt/ros/jazzy/lib/python3.12/site-packages/rclpy/__init__.py", line 134, in shutdown
[hand_eye_visualization-4]     _shutdown(context=context)
[hand_eye_visualization-4]   File "/opt/ros/jazzy/lib/python3.12/site-packages/rclpy/utilities.py", line 82, in shutdown
[hand_eye_visualization-4]     context.shutdown()
[hand_eye_visualization-4]   File "/opt/ros/jazzy/lib/python3.12/site-packages/rclpy/context.py", line 129, in shutdown
[hand_eye_visualization-4]     self.__context.shutdown()
[hand_eye_visualization-4] rclpy._rclpy_pybind11.RCLError: failed to shutdown: rcl_shutdown already called on the given context, at ./src/rcl/init.c:333
[hand_eye_collector-2]     executor.spin()
[hand_eye_collector-2]   File "/opt/ros/jazzy/lib/python3.12/site-packages/rclpy/executors.py", line 359, in spin
[hand_eye_collector-2]     self._spin_once_impl()
[hand_eye_collector-2]   File "/opt/ros/jazzy/lib/python3.12/site-packages/rclpy/executors.py", line 991, in _spin_once_impl
[hand_eye_collector-2]     handler, entity, node = self.wait_for_ready_callbacks(
[hand_eye_collector-2]                             ^^^^^^^^^^^^^^^^^^^^^^^^^^^^^^
[hand_eye_collector-2]   File "/opt/ros/jazzy/lib/python3.12/site-packages/rclpy/executors.py", line 877, in wait_for_ready_callbacks
[hand_eye_collector-2]     return next(self._cb_iter)
[hand_eye_collector-2]            ^^^^^^^^^^^^^^^^^^^
[hand_eye_collector-2]   File "/opt/ros/jazzy/lib/python3.12/site-packages/rclpy/executors.py", line 781, in _wait_for_ready_callbacks
[hand_eye_collector-2]     wait_set.wait(timeout_nsec)
[hand_eye_collector-2] KeyboardInterrupt
[hand_eye_collector-2] 
[hand_eye_collector-2] During handling of the above exception, another exception occurred:
[hand_eye_collector-2] 
[hand_eye_collector-2] Traceback (most recent call last):
[hand_eye_collector-2]   File "/home/jonas/Documents/Bachelorarbeit/robocal/install/annin_ar4_calibration/lib/annin_ar4_calibration/hand_eye_collector", line 33, in <module>
[hand_eye_collector-2]     sys.exit(load_entry_point('annin-ar4-calibration==0.0.1', 'console_scripts', 'hand_eye_collector')())
[hand_eye_collector-2]              ^^^^^^^^^^^^^^^^^^^^^^^^^^^^^^^^^^^^^^^^^^^^^^^^^^^^^^^^^^^^^^^^^^^^^^^^^^^^^^^^^^^^^^^^^^^
[hand_eye_collector-2]   File "/home/jonas/Documents/Bachelorarbeit/robocal/install/annin_ar4_calibration/lib/python3.12/site-packages/annin_ar4_calibration/nodes/hand_eye_collector_node.py", line 285, in main
[hand_eye_collector-2]     rclpy.shutdown()
[hand_eye_collector-2]   File "/opt/ros/jazzy/lib/python3.12/site-packages/rclpy/__init__.py", line 134, in shutdown
[hand_eye_collector-2]     _shutdown(context=context)
[hand_eye_collector-2]   File "/opt/ros/jazzy/lib/python3.12/site-packages/rclpy/utilities.py", line 82, in shutdown
[hand_eye_collector-2]     context.shutdown()
[hand_eye_collector-2]   File "/opt/ros/jazzy/lib/python3.12/site-packages/rclpy/context.py", line 129, in shutdown
[hand_eye_collector-2]     self.__context.shutdown()
[hand_eye_collector-2] rclpy._rclpy_pybind11.RCLError: failed to shutdown: rcl_shutdown already called on the given context, at ./src/rcl/init.c:333
[ERROR] [hand_eye_visualization-4]: process has died [pid 721706, exit code 1, cmd '/home/jonas/Documents/Bachelorarbeit/robocal/install/annin_ar4_calibration/lib/annin_ar4_calibration/hand_eye_visualization --ros-args -r __node:=hand_eye_visualization -p use_sim_time:=True --params-file /home/jonas/Documents/Bachelorarbeit/robocal/install/annin_ar4_calibration/share/annin_ar4_calibration/config/hand_eye_params.yaml --params-file /home/jonas/Documents/Bachelorarbeit/robocal/install/annin_ar4_calibration/share/annin_ar4_calibration/config/sim_overrides.yaml --params-file /home/jonas/benchmarks/runs/sim_wp4-s001-da063f4c13/extra_params.yaml'].
[ERROR] [target_detector-1]: process has died [pid 721703, exit code 1, cmd '/home/jonas/Documents/Bachelorarbeit/robocal/install/annin_ar4_calibration/lib/annin_ar4_calibration/target_detector --ros-args -r __node:=target_detector -p use_sim_time:=True --params-file /home/jonas/Documents/Bachelorarbeit/robocal/install/annin_ar4_calibration/share/annin_ar4_calibration/config/hand_eye_params.yaml --params-file /home/jonas/Documents/Bachelorarbeit/robocal/install/annin_ar4_calibration/share/annin_ar4_calibration/config/sim_overrides.yaml --params-file /home/jonas/benchmarks/runs/sim_wp4-s001-da063f4c13/extra_params.yaml --params-file /tmp/launch_params_hv_tks60'].
[ERROR] [hand_eye_calibration-3]: process has died [pid 721705, exit code 1, cmd '/home/jonas/Documents/Bachelorarbeit/robocal/install/annin_ar4_calibration/lib/annin_ar4_calibration/hand_eye_calibration --ros-args -r __node:=hand_eye_calibration -p use_sim_time:=True --params-file /home/jonas/Documents/Bachelorarbeit/robocal/install/annin_ar4_calibration/share/annin_ar4_calibration/config/hand_eye_params.yaml --params-file /home/jonas/Documents/Bachelorarbeit/robocal/install/annin_ar4_calibration/share/annin_ar4_calibration/config/sim_overrides.yaml --params-file /home/jonas/benchmarks/runs/sim_wp4-s001-da063f4c13/extra_params.yaml --params-file /tmp/launch_params_6o1b9f64'].
[ERROR] [hand_eye_collector-2]: process has died [pid 721704, exit code 1, cmd '/home/jonas/Documents/Bachelorarbeit/robocal/install/annin_ar4_calibration/lib/annin_ar4_calibration/hand_eye_collector --ros-args -r __node:=hand_eye_collector -p use_sim_time:=True --params-file /home/jonas/Documents/Bachelorarbeit/robocal/install/annin_ar4_calibration/share/annin_ar4_calibration/config/hand_eye_params.yaml --params-file /home/jonas/Documents/Bachelorarbeit/robocal/install/annin_ar4_calibration/share/annin_ar4_calibration/config/sim_overrides.yaml --params-file /home/jonas/benchmarks/runs/sim_wp4-s001-da063f4c13/extra_params.yaml --params-file /tmp/launch_params_sqpsfna4'].
[INFO] [launch]: All log files can be found below /home/jonas/benchmarks/runs/sim_wp4-s001-da063f4c13/ros_home/log/2026-08-25-16-35-08-779962-Feanor-1312708
[INFO] [launch]: Default logging verbosity is set to INFO
[INFO] [target_detector-1]: process started with pid [1312712]
[INFO] [hand_eye_collector-2]: process started with pid [1312714]
[INFO] [hand_eye_calibration-3]: process started with pid [1312715]
[INFO] [hand_eye_visualization-4]: process started with pid [1312718]
[hand_eye_calibration-3] [INFO] [1787668512.110737409] [hand_eye_calibration]: Loaded existing calibration from /home/jonas/benchmarks/runs/sim_wp4-s001-da063f4c13/ros_home/annin_ar4_calibration/hand_eye_result.yaml, re-broadcasting ee_link -> camera_color_optical_frame
[target_detector-1] [INFO] [1787668512.124005326] [target_detector]: Target detector ready: target_type=charuco, target_frame=calibration_target
[hand_eye_calibration-3] [INFO] [1787668512.124741777] [hand_eye_calibration]: Hand-eye calibration ready: calibration_type=eye_in_hand, sample_file=/home/jonas/benchmarks/runs/sim_wp4-s001-da063f4c13/ros_home/annin_ar4_calibration/hand_eye_samples.npy, result_file=/home/jonas/benchmarks/runs/sim_wp4-s001-da063f4c13/ros_home/annin_ar4_calibration/hand_eye_result.yaml
[hand_eye_collector-2] [INFO] [1787668515.672581724] [hand_eye_collector]: Hand-eye collector ready: calibration_type=eye_in_hand, sample_file=/home/jonas/benchmarks/runs/sim_wp4-s001-da063f4c13/ros_home/annin_ar4_calibration/hand_eye_samples.npy. This node moves the robot during run_auto_sequence - clear the workspace first.
[hand_eye_collector-2] [WARN] [1787668554.212865607] [hand_eye_collector]: No fresh target detection at candidate pose, skipping
[hand_eye_collector-2] [WARN] [1787668563.220942062] [hand_eye_collector]: No fresh target detection at candidate pose, skipping
[hand_eye_collector-2] [WARN] [1787668613.856897805] [hand_eye_collector]: No fresh target detection at candidate pose, skipping
[hand_eye_collector-2] [WARN] [1787668632.882014755] [hand_eye_collector]: No fresh target detection at candidate pose, skipping
[hand_eye_collector-2] [WARN] [1787668683.144876897] [hand_eye_collector]: No fresh target detection at candidate pose, skipping
[hand_eye_collector-2] [WARN] [1787668698.887677977] [hand_eye_collector]: No fresh target detection at candidate pose, skipping
[hand_eye_collector-2] [WARN] [1787668739.205426327] [hand_eye_collector]: No fresh target detection at candidate pose, skipping
[hand_eye_collector-2] [WARN] [1787668762.349308650] [hand_eye_collector]: No fresh target detection at candidate pose, skipping
[hand_eye_collector-2] [WARN] [1787668784.118947746] [hand_eye_collector]: No fresh target detection at candidate pose, skipping
[hand_eye_collector-2] [WARN] [1787668837.933765496] [hand_eye_collector]: No fresh target detection at candidate pose, skipping
[hand_eye_collector-2] [WARN] [1787668842.927840246] [hand_eye_collector]: No fresh target detection at candidate pose, skipping
[hand_eye_collector-2] [WARN] [1787668873.560310674] [hand_eye_collector]: No fresh target detection at candidate pose, skipping
[hand_eye_collector-2] [WARN] [1787668904.005815736] [hand_eye_collector]: No fresh target detection at candidate pose, skipping
[hand_eye_collector-2] [WARN] [1787668939.960816858] [hand_eye_collector]: No fresh target detection at candidate pose, skipping
[hand_eye_collector-2] [WARN] [1787668948.423252812] [hand_eye_collector]: No fresh target detection at candidate pose, skipping
[hand_eye_collector-2] [WARN] [1787668953.289384561] [hand_eye_collector]: No fresh target detection at candidate pose, skipping
[WARNING] [launch]: user interrupted with ctrl-c (SIGINT)
[hand_eye_calibration-3] Traceback (most recent call last):
[hand_eye_calibration-3]   File "/home/jonas/Documents/Bachelorarbeit/robocal/install/annin_ar4_calibration/lib/python3.12/site-packages/annin_ar4_calibration/nodes/hand_eye_calibration_node.py", line 166, in main
[hand_eye_visualization-4] Traceback (most recent call last):
[hand_eye_visualization-4]   File "/home/jonas/Documents/Bachelorarbeit/robocal/install/annin_ar4_calibration/lib/python3.12/site-packages/annin_ar4_calibration/nodes/hand_eye_visualization_node.py", line 185, in main
[hand_eye_collector-2] Traceback (most recent call last):
[hand_eye_collector-2]   File "/home/jonas/Documents/Bachelorarbeit/robocal/install/annin_ar4_calibration/lib/python3.12/site-packages/annin_ar4_calibration/nodes/hand_eye_collector_node.py", line 282, in main
[hand_eye_calibration-3]     rclpy.spin(node)
[hand_eye_calibration-3]   File "/opt/ros/jazzy/lib/python3.12/site-packages/rclpy/__init__.py", line 247, in spin
[hand_eye_collector-2]     executor.spin()
[hand_eye_collector-2]   File "/opt/ros/jazzy/lib/python3.12/site-packages/rclpy/executors.py", line 359, in spin
[hand_eye_collector-2]     self._spin_once_impl()
[hand_eye_collector-2]   File "/opt/ros/jazzy/lib/python3.12/site-packages/rclpy/executors.py", line 991, in _spin_once_impl
[hand_eye_calibration-3]     executor.spin_once()
[hand_eye_calibration-3]   File "/opt/ros/jazzy/lib/python3.12/site-packages/rclpy/executors.py", line 926, in spin_once
[hand_eye_calibration-3]     self._spin_once_impl(timeout_sec)
[hand_eye_calibration-3]   File "/opt/ros/jazzy/lib/python3.12/site-packages/rclpy/executors.py", line 907, in _spin_once_impl
[hand_eye_collector-2]     handler, entity, node = self.wait_for_ready_callbacks(
[hand_eye_collector-2]                             ^^^^^^^^^^^^^^^^^^^^^^^^^^^^^^
[hand_eye_collector-2]   File "/opt/ros/jazzy/lib/python3.12/site-packages/rclpy/executors.py", line 877, in wait_for_ready_callbacks
[hand_eye_collector-2]     return next(self._cb_iter)
[hand_eye_collector-2]            ^^^^^^^^^^^^^^^^^^^
[hand_eye_collector-2]   File "/opt/ros/jazzy/lib/python3.12/site-packages/rclpy/executors.py", line 748, in _wait_for_ready_callbacks
[hand_eye_collector-2]     context_stack.enter_context(waitable)
[hand_eye_collector-2]   File "/usr/lib/python3.12/contextlib.py", line 526, in enter_context
[hand_eye_calibration-3]     handler, entity, node = self.wait_for_ready_callbacks(
[hand_eye_calibration-3]                             ^^^^^^^^^^^^^^^^^^^^^^^^^^^^^^
[hand_eye_calibration-3]   File "/opt/ros/jazzy/lib/python3.12/site-packages/rclpy/executors.py", line 877, in wait_for_ready_callbacks
[hand_eye_calibration-3]     return next(self._cb_iter)
[hand_eye_calibration-3]            ^^^^^^^^^^^^^^^^^^^
[hand_eye_calibration-3]   File "/opt/ros/jazzy/lib/python3.12/site-packages/rclpy/executors.py", line 781, in _wait_for_ready_callbacks
[hand_eye_visualization-4]     rclpy.spin(node)
[hand_eye_visualization-4]   File "/opt/ros/jazzy/lib/python3.12/site-packages/rclpy/__init__.py", line 247, in spin
[hand_eye_visualization-4]     executor.spin_once()
[hand_eye_visualization-4]   File "/opt/ros/jazzy/lib/python3.12/site-packages/rclpy/executors.py", line 926, in spin_once
[hand_eye_visualization-4]     self._spin_once_impl(timeout_sec)
[hand_eye_visualization-4]   File "/opt/ros/jazzy/lib/python3.12/site-packages/rclpy/executors.py", line 907, in _spin_once_impl
[hand_eye_collector-2]     result = _enter(cm)
[hand_eye_collector-2]              ^^^^^^^^^^
[hand_eye_collector-2]   File "/opt/ros/jazzy/lib/python3.12/site-packages/rclpy/event_handler.py", line 129, in __enter__
[hand_eye_collector-2]     self.__event.__enter__()
[hand_eye_collector-2] KeyboardInterrupt
[hand_eye_collector-2] 
[hand_eye_collector-2] During handling of the above exception, another exception occurred:
[hand_eye_collector-2] 
[hand_eye_collector-2] Traceback (most recent call last):
[hand_eye_collector-2]   File "/home/jonas/Documents/Bachelorarbeit/robocal/install/annin_ar4_calibration/lib/annin_ar4_calibration/hand_eye_collector", line 33, in <module>
[hand_eye_calibration-3]     wait_set.wait(timeout_nsec)
[hand_eye_calibration-3] KeyboardInterrupt
[hand_eye_calibration-3] 
[hand_eye_calibration-3] During handling of the above exception, another exception occurred:
[hand_eye_calibration-3] 
[hand_eye_calibration-3] Traceback (most recent call last):
[hand_eye_calibration-3]   File "/home/jonas/Documents/Bachelorarbeit/robocal/install/annin_ar4_calibration/lib/annin_ar4_calibration/hand_eye_calibration", line 33, in <module>
[hand_eye_visualization-4]     handler, entity, node = self.wait_for_ready_callbacks(
[hand_eye_visualization-4]                             ^^^^^^^^^^^^^^^^^^^^^^^^^^^^^^
[hand_eye_visualization-4]   File "/opt/ros/jazzy/lib/python3.12/site-packages/rclpy/executors.py", line 877, in wait_for_ready_callbacks
[hand_eye_visualization-4]     return next(self._cb_iter)
[hand_eye_visualization-4]            ^^^^^^^^^^^^^^^^^^^
[hand_eye_visualization-4]   File "/opt/ros/jazzy/lib/python3.12/site-packages/rclpy/executors.py", line 781, in _wait_for_ready_callbacks
[hand_eye_visualization-4]     wait_set.wait(timeout_nsec)
[hand_eye_visualization-4] KeyboardInterrupt
[hand_eye_visualization-4] 
[hand_eye_visualization-4] During handling of the above exception, another exception occurred:
[hand_eye_visualization-4] 
[hand_eye_visualization-4] Traceback (most recent call last):
[hand_eye_visualization-4]   File "/home/jonas/Documents/Bachelorarbeit/robocal/install/annin_ar4_calibration/lib/annin_ar4_calibration/hand_eye_visualization", line 33, in <module>
[hand_eye_calibration-3]     sys.exit(load_entry_point('annin-ar4-calibration==0.0.1', 'console_scripts', 'hand_eye_calibration')())
[hand_eye_calibration-3]              ^^^^^^^^^^^^^^^^^^^^^^^^^^^^^^^^^^^^^^^^^^^^^^^^^^^^^^^^^^^^^^^^^^^^^^^^^^^^^^^^^^^^^^^^^^^^^
[hand_eye_calibration-3]   File "/home/jonas/Documents/Bachelorarbeit/robocal/install/annin_ar4_calibration/lib/python3.12/site-packages/annin_ar4_calibration/nodes/hand_eye_calibration_node.py", line 169, in main
[hand_eye_collector-2]     sys.exit(load_entry_point('annin-ar4-calibration==0.0.1', 'console_scripts', 'hand_eye_collector')())
[hand_eye_collector-2]              ^^^^^^^^^^^^^^^^^^^^^^^^^^^^^^^^^^^^^^^^^^^^^^^^^^^^^^^^^^^^^^^^^^^^^^^^^^^^^^^^^^^^^^^^^^^
[hand_eye_collector-2]   File "/home/jonas/Documents/Bachelorarbeit/robocal/install/annin_ar4_calibration/lib/python3.12/site-packages/annin_ar4_calibration/nodes/hand_eye_collector_node.py", line 285, in main
[hand_eye_visualization-4]     sys.exit(load_entry_point('annin-ar4-calibration==0.0.1', 'console_scripts', 'hand_eye_visualization')())
[hand_eye_visualization-4]              ^^^^^^^^^^^^^^^^^^^^^^^^^^^^^^^^^^^^^^^^^^^^^^^^^^^^^^^^^^^^^^^^^^^^^^^^^^^^^^^^^^^^^^^^^^^^^^^
[hand_eye_visualization-4]   File "/home/jonas/Documents/Bachelorarbeit/robocal/install/annin_ar4_calibration/lib/python3.12/site-packages/annin_ar4_calibration/nodes/hand_eye_visualization_node.py", line 188, in main
[target_detector-1] Traceback (most recent call last):
[target_detector-1]   File "/home/jonas/Documents/Bachelorarbeit/robocal/install/annin_ar4_calibration/lib/python3.12/site-packages/annin_ar4_calibration/nodes/target_detector_node.py", line 122, in main
[hand_eye_calibration-3]     rclpy.shutdown()
[hand_eye_calibration-3]   File "/opt/ros/jazzy/lib/python3.12/site-packages/rclpy/__init__.py", line 134, in shutdown
[hand_eye_visualization-4]     rclpy.shutdown()
[hand_eye_visualization-4]   File "/opt/ros/jazzy/lib/python3.12/site-packages/rclpy/__init__.py", line 134, in shutdown
[hand_eye_visualization-4]     _shutdown(context=context)
[hand_eye_visualization-4]   File "/opt/ros/jazzy/lib/python3.12/site-packages/rclpy/utilities.py", line 82, in shutdown
[hand_eye_visualization-4]     context.shutdown()
[hand_eye_visualization-4]   File "/opt/ros/jazzy/lib/python3.12/site-packages/rclpy/context.py", line 129, in shutdown
[hand_eye_calibration-3]     _shutdown(context=context)
[hand_eye_calibration-3]   File "/opt/ros/jazzy/lib/python3.12/site-packages/rclpy/utilities.py", line 82, in shutdown
[hand_eye_calibration-3]     context.shutdown()
[hand_eye_calibration-3]   File "/opt/ros/jazzy/lib/python3.12/site-packages/rclpy/context.py", line 129, in shutdown
[hand_eye_calibration-3]     self.__context.shutdown()
[hand_eye_calibration-3] rclpy._rclpy_pybind11.RCLError: failed to shutdown: rcl_shutdown already called on the given context, at ./src/rcl/init.c:333
[hand_eye_collector-2]     rclpy.shutdown()
[hand_eye_collector-2]   File "/opt/ros/jazzy/lib/python3.12/site-packages/rclpy/__init__.py", line 134, in shutdown
[hand_eye_visualization-4]     self.__context.shutdown()
[hand_eye_visualization-4] rclpy._rclpy_pybind11.RCLError: failed to shutdown: rcl_shutdown already called on the given context, at ./src/rcl/init.c:333
[hand_eye_collector-2]     _shutdown(context=context)
[hand_eye_collector-2]   File "/opt/ros/jazzy/lib/python3.12/site-packages/rclpy/utilities.py", line 82, in shutdown
[hand_eye_collector-2]     context.shutdown()
[hand_eye_collector-2]   File "/opt/ros/jazzy/lib/python3.12/site-packages/rclpy/context.py", line 129, in shutdown
[hand_eye_collector-2]     self.__context.shutdown()
[hand_eye_collector-2] rclpy._rclpy_pybind11.RCLError: failed to shutdown: rcl_shutdown already called on the given context, at ./src/rcl/init.c:333
[target_detector-1]     rclpy.spin(node)
[target_detector-1]   File "/opt/ros/jazzy/lib/python3.12/site-packages/rclpy/__init__.py", line 247, in spin
[target_detector-1]     executor.spin_once()
[target_detector-1]   File "/opt/ros/jazzy/lib/python3.12/site-packages/rclpy/executors.py", line 926, in spin_once
[target_detector-1]     self._spin_once_impl(timeout_sec)
[target_detector-1]   File "/opt/ros/jazzy/lib/python3.12/site-packages/rclpy/executors.py", line 907, in _spin_once_impl
[target_detector-1]     handler, entity, node = self.wait_for_ready_callbacks(
[target_detector-1]                             ^^^^^^^^^^^^^^^^^^^^^^^^^^^^^^
[target_detector-1]   File "/opt/ros/jazzy/lib/python3.12/site-packages/rclpy/executors.py", line 877, in wait_for_ready_callbacks
[target_detector-1]     return next(self._cb_iter)
[target_detector-1]            ^^^^^^^^^^^^^^^^^^^
[target_detector-1]   File "/opt/ros/jazzy/lib/python3.12/site-packages/rclpy/executors.py", line 781, in _wait_for_ready_callbacks
[target_detector-1]     wait_set.wait(timeout_nsec)
[target_detector-1] KeyboardInterrupt
[target_detector-1] 
[target_detector-1] During handling of the above exception, another exception occurred:
[target_detector-1] 
[target_detector-1] Traceback (most recent call last):
[target_detector-1]   File "/home/jonas/Documents/Bachelorarbeit/robocal/install/annin_ar4_calibration/lib/annin_ar4_calibration/target_detector", line 33, in <module>
[target_detector-1]     sys.exit(load_entry_point('annin-ar4-calibration==0.0.1', 'console_scripts', 'target_detector')())
[target_detector-1]              ^^^^^^^^^^^^^^^^^^^^^^^^^^^^^^^^^^^^^^^^^^^^^^^^^^^^^^^^^^^^^^^^^^^^^^^^^^^^^^^^^^^^^^^^
[target_detector-1]   File "/home/jonas/Documents/Bachelorarbeit/robocal/install/annin_ar4_calibration/lib/python3.12/site-packages/annin_ar4_calibration/nodes/target_detector_node.py", line 125, in main
[target_detector-1]     rclpy.shutdown()
[target_detector-1]   File "/opt/ros/jazzy/lib/python3.12/site-packages/rclpy/__init__.py", line 134, in shutdown
[target_detector-1]     _shutdown(context=context)
[target_detector-1]   File "/opt/ros/jazzy/lib/python3.12/site-packages/rclpy/utilities.py", line 82, in shutdown
[target_detector-1]     context.shutdown()
[target_detector-1]   File "/opt/ros/jazzy/lib/python3.12/site-packages/rclpy/context.py", line 129, in shutdown
[target_detector-1]     self.__context.shutdown()
[target_detector-1] rclpy._rclpy_pybind11.RCLError: failed to shutdown: rcl_shutdown already called on the given context, at ./src/rcl/init.c:333
[ERROR] [hand_eye_visualization-4]: process has died [pid 1312718, exit code 1, cmd '/home/jonas/Documents/Bachelorarbeit/robocal/install/annin_ar4_calibration/lib/annin_ar4_calibration/hand_eye_visualization --ros-args -r __node:=hand_eye_visualization -p use_sim_time:=True --params-file /home/jonas/Documents/Bachelorarbeit/robocal/install/annin_ar4_calibration/share/annin_ar4_calibration/config/hand_eye_params.yaml --params-file /home/jonas/Documents/Bachelorarbeit/robocal/install/annin_ar4_calibration/share/annin_ar4_calibration/config/sim_overrides.yaml --params-file /home/jonas/benchmarks/runs/sim_wp4-s001-da063f4c13/extra_params.yaml'].
[ERROR] [hand_eye_calibration-3]: process has died [pid 1312715, exit code 1, cmd '/home/jonas/Documents/Bachelorarbeit/robocal/install/annin_ar4_calibration/lib/annin_ar4_calibration/hand_eye_calibration --ros-args -r __node:=hand_eye_calibration -p use_sim_time:=True --params-file /home/jonas/Documents/Bachelorarbeit/robocal/install/annin_ar4_calibration/share/annin_ar4_calibration/config/hand_eye_params.yaml --params-file /home/jonas/Documents/Bachelorarbeit/robocal/install/annin_ar4_calibration/share/annin_ar4_calibration/config/sim_overrides.yaml --params-file /home/jonas/benchmarks/runs/sim_wp4-s001-da063f4c13/extra_params.yaml --params-file /tmp/launch_params_vdcp_cr7'].
[ERROR] [target_detector-1]: process has died [pid 1312712, exit code 1, cmd '/home/jonas/Documents/Bachelorarbeit/robocal/install/annin_ar4_calibration/lib/annin_ar4_calibration/target_detector --ros-args -r __node:=target_detector -p use_sim_time:=True --params-file /home/jonas/Documents/Bachelorarbeit/robocal/install/annin_ar4_calibration/share/annin_ar4_calibration/config/hand_eye_params.yaml --params-file /home/jonas/Documents/Bachelorarbeit/robocal/install/annin_ar4_calibration/share/annin_ar4_calibration/config/sim_overrides.yaml --params-file /home/jonas/benchmarks/runs/sim_wp4-s001-da063f4c13/extra_params.yaml --params-file /tmp/launch_params_vvymmmik'].
[ERROR] [hand_eye_collector-2]: process has died [pid 1312714, exit code 1, cmd '/home/jonas/Documents/Bachelorarbeit/robocal/install/annin_ar4_calibration/lib/annin_ar4_calibration/hand_eye_collector --ros-args -r __node:=hand_eye_collector -p use_sim_time:=True --params-file /home/jonas/Documents/Bachelorarbeit/robocal/install/annin_ar4_calibration/share/annin_ar4_calibration/config/hand_eye_params.yaml --params-file /home/jonas/Documents/Bachelorarbeit/robocal/install/annin_ar4_calibration/share/annin_ar4_calibration/config/sim_overrides.yaml --params-file /home/jonas/benchmarks/runs/sim_wp4-s001-da063f4c13/extra_params.yaml --params-file /tmp/launch_params_cc2ls5tb'].
