[INFO] [launch]: All log files can be found below /home/jonas/benchmarks/runs/sim_wp4-s001-63515c72ef/ros_home/log/2026-08-23-23-05-14-527489-Feanor-987756
[INFO] [launch]: Default logging verbosity is set to INFO
[INFO] [target_detector-1]: process started with pid [987761]
[INFO] [kinematic_collector-2]: process started with pid [987762]
[INFO] [kinematic_calibration-3]: process started with pid [987763]
[INFO] [kinematic_visualization-4]: process started with pid [987764]
[kinematic_calibration-3] [WARN] [1787519117.453391401] [kinematic_calibration]: joint_2/joint_3 axes are near-parallel (|dot|=1.0000) - expect a poorly-conditioned direction there, mitigated by ridge regularization/bounds, not corrected exactly.
[kinematic_calibration-3] [INFO] [1787519117.479666510] [kinematic_calibration]: Kinematic calibration ready: calibration_type=eye_to_hand, sample_file=/home/jonas/benchmarks/runs/sim_wp4-s001-63515c72ef/ros_home/annin_ar4_calibration/kinematic_samples.npy, result_file=/home/jonas/benchmarks/runs/sim_wp4-s001-63515c72ef/ros_home/annin_ar4_calibration/kinematic_result.yaml
[target_detector-1] [INFO] [1787519117.634725642] [target_detector]: Target detector ready: target_type=charuco, target_frame=calibration_target
[kinematic_collector-2] [INFO] [1787519118.821590231] [kinematic_collector]: Kinematic collector ready: sample_file=/home/jonas/benchmarks/runs/sim_wp4-s001-63515c72ef/ros_home/annin_ar4_calibration/kinematic_samples.npy. This node moves the robot during run_auto_sequence - clear the workspace first.
[WARNING] [launch]: user interrupted with ctrl-c (SIGINT)
[kinematic_visualization-4] Traceback (most recent call last):
[kinematic_visualization-4]   File "/home/jonas/Documents/Bachelorarbeit/robocal/install/annin_ar4_calibration/lib/python3.12/site-packages/annin_ar4_calibration/nodes/kinematic_visualization_node.py", line 250, in main
[kinematic_visualization-4]     rclpy.spin(node)
[kinematic_visualization-4]   File "/opt/ros/jazzy/lib/python3.12/site-packages/rclpy/__init__.py", line 247, in spin
[kinematic_visualization-4]     executor.spin_once()
[kinematic_visualization-4]   File "/opt/ros/jazzy/lib/python3.12/site-packages/rclpy/executors.py", line 926, in spin_once
[kinematic_visualization-4]     self._spin_once_impl(timeout_sec)
[kinematic_visualization-4]   File "/opt/ros/jazzy/lib/python3.12/site-packages/rclpy/executors.py", line 907, in _spin_once_impl
[kinematic_visualization-4]     handler, entity, node = self.wait_for_ready_callbacks(
[kinematic_visualization-4]                             ^^^^^^^^^^^^^^^^^^^^^^^^^^^^^^
[kinematic_visualization-4]   File "/opt/ros/jazzy/lib/python3.12/site-packages/rclpy/executors.py", line 877, in wait_for_ready_callbacks
[kinematic_visualization-4]     return next(self._cb_iter)
[kinematic_visualization-4]            ^^^^^^^^^^^^^^^^^^^
[kinematic_visualization-4]   File "/opt/ros/jazzy/lib/python3.12/site-packages/rclpy/executors.py", line 781, in _wait_for_ready_callbacks
[kinematic_visualization-4]     wait_set.wait(timeout_nsec)
[kinematic_visualization-4] KeyboardInterrupt
[kinematic_visualization-4] 
[kinematic_visualization-4] During handling of the above exception, another exception occurred:
[kinematic_visualization-4] 
[kinematic_visualization-4] Traceback (most recent call last):
[kinematic_visualization-4]   File "/home/jonas/Documents/Bachelorarbeit/robocal/install/annin_ar4_calibration/lib/annin_ar4_calibration/kinematic_visualization", line 33, in <module>
[kinematic_visualization-4]     sys.exit(load_entry_point('annin-ar4-calibration==0.0.1', 'console_scripts', 'kinematic_visualization')())
[kinematic_visualization-4]              ^^^^^^^^^^^^^^^^^^^^^^^^^^^^^^^^^^^^^^^^^^^^^^^^^^^^^^^^^^^^^^^^^^^^^^^^^^^^^^^^^^^^^^^^^^^^^^^^
[kinematic_visualization-4]   File "/home/jonas/Documents/Bachelorarbeit/robocal/install/annin_ar4_calibration/lib/python3.12/site-packages/annin_ar4_calibration/nodes/kinematic_visualization_node.py", line 253, in main
[kinematic_calibration-3] Traceback (most recent call last):
[kinematic_calibration-3]   File "/home/jonas/Documents/Bachelorarbeit/robocal/install/annin_ar4_calibration/lib/python3.12/site-packages/annin_ar4_calibration/nodes/kinematic_calibration_node.py", line 248, in main
[kinematic_visualization-4]     rclpy.shutdown()
[kinematic_visualization-4]   File "/opt/ros/jazzy/lib/python3.12/site-packages/rclpy/__init__.py", line 134, in shutdown
[kinematic_visualization-4]     _shutdown(context=context)
[kinematic_visualization-4]   File "/opt/ros/jazzy/lib/python3.12/site-packages/rclpy/utilities.py", line 82, in shutdown
[kinematic_visualization-4]     context.shutdown()
[kinematic_visualization-4]   File "/opt/ros/jazzy/lib/python3.12/site-packages/rclpy/context.py", line 129, in shutdown
[kinematic_visualization-4]     self.__context.shutdown()
[kinematic_visualization-4] rclpy._rclpy_pybind11.RCLError: failed to shutdown: rcl_shutdown already called on the given context, at ./src/rcl/init.c:333
[kinematic_calibration-3]     rclpy.spin(node)
[kinematic_calibration-3]   File "/opt/ros/jazzy/lib/python3.12/site-packages/rclpy/__init__.py", line 247, in spin
[kinematic_calibration-3]     executor.spin_once()
[kinematic_calibration-3]   File "/opt/ros/jazzy/lib/python3.12/site-packages/rclpy/executors.py", line 926, in spin_once
[kinematic_calibration-3]     self._spin_once_impl(timeout_sec)
[kinematic_calibration-3]   File "/opt/ros/jazzy/lib/python3.12/site-packages/rclpy/executors.py", line 907, in _spin_once_impl
[kinematic_calibration-3]     handler, entity, node = self.wait_for_ready_callbacks(
[kinematic_calibration-3]                             ^^^^^^^^^^^^^^^^^^^^^^^^^^^^^^
[kinematic_calibration-3]   File "/opt/ros/jazzy/lib/python3.12/site-packages/rclpy/executors.py", line 877, in wait_for_ready_callbacks
[kinematic_calibration-3]     return next(self._cb_iter)
[kinematic_calibration-3]            ^^^^^^^^^^^^^^^^^^^
[kinematic_calibration-3]   File "/opt/ros/jazzy/lib/python3.12/site-packages/rclpy/executors.py", line 781, in _wait_for_ready_callbacks
[kinematic_calibration-3]     wait_set.wait(timeout_nsec)
[kinematic_calibration-3] KeyboardInterrupt
[kinematic_calibration-3] 
[kinematic_calibration-3] During handling of the above exception, another exception occurred:
[kinematic_calibration-3] 
[kinematic_calibration-3] Traceback (most recent call last):
[kinematic_calibration-3]   File "/home/jonas/Documents/Bachelorarbeit/robocal/install/annin_ar4_calibration/lib/annin_ar4_calibration/kinematic_calibration", line 33, in <module>
[kinematic_calibration-3]     sys.exit(load_entry_point('annin-ar4-calibration==0.0.1', 'console_scripts', 'kinematic_calibration')())
[kinematic_calibration-3]              ^^^^^^^^^^^^^^^^^^^^^^^^^^^^^^^^^^^^^^^^^^^^^^^^^^^^^^^^^^^^^^^^^^^^^^^^^^^^^^^^^^^^^^^^^^^^^^
[kinematic_calibration-3]   File "/home/jonas/Documents/Bachelorarbeit/robocal/install/annin_ar4_calibration/lib/python3.12/site-packages/annin_ar4_calibration/nodes/kinematic_calibration_node.py", line 251, in main
[kinematic_calibration-3]     rclpy.shutdown()
[kinematic_calibration-3]   File "/opt/ros/jazzy/lib/python3.12/site-packages/rclpy/__init__.py", line 134, in shutdown
[kinematic_calibration-3]     _shutdown(context=context)
[kinematic_calibration-3]   File "/opt/ros/jazzy/lib/python3.12/site-packages/rclpy/utilities.py", line 82, in shutdown
[kinematic_calibration-3]     context.shutdown()
[kinematic_calibration-3]   File "/opt/ros/jazzy/lib/python3.12/site-packages/rclpy/context.py", line 129, in shutdown
[kinematic_calibration-3]     self.__context.shutdown()
[kinematic_calibration-3] rclpy._rclpy_pybind11.RCLError: failed to shutdown: rcl_shutdown already called on the given context, at ./src/rcl/init.c:333
[target_detector-1] Traceback (most recent call last):
[target_detector-1]   File "/home/jonas/Documents/Bachelorarbeit/robocal/install/annin_ar4_calibration/lib/python3.12/site-packages/annin_ar4_calibration/nodes/target_detector_node.py", line 122, in main
[target_detector-1]     rclpy.spin(node)
[target_detector-1]   File "/opt/ros/jazzy/lib/python3.12/site-packages/rclpy/__init__.py", line 247, in spin
[target_detector-1]     executor.spin_once()
[target_detector-1]   File "/opt/ros/jazzy/lib/python3.12/site-packages/rclpy/executors.py", line 926, in spin_once
[target_detector-1]     self._spin_once_impl(timeout_sec)
[target_detector-1]   File "/opt/ros/jazzy/lib/python3.12/site-packages/rclpy/executors.py", line 907, in _spin_once_impl
[target_detector-1]     handler, entity, node = self.wait_for_ready_callbacks(
[target_detector-1]                             ^^^^^^^^^^^^^^^^^^^^^^^^^^^^^^
[target_detector-1]   File "/opt/ros/jazzy/lib/python3.12/site-packages/rclpy/executors.py", line 877, in wait_for_ready_callbacks
[target_detector-1]     return next(self._cb_iter)
[target_detector-1]            ^^^^^^^^^^^^^^^^^^^
[target_detector-1]   File "/opt/ros/jazzy/lib/python3.12/site-packages/rclpy/executors.py", line 781, in _wait_for_ready_callbacks
[target_detector-1]     wait_set.wait(timeout_nsec)
[target_detector-1] KeyboardInterrupt
[target_detector-1] 
[target_detector-1] During handling of the above exception, another exception occurred:
[target_detector-1] 
[target_detector-1] Traceback (most recent call last):
[target_detector-1]   File "/home/jonas/Documents/Bachelorarbeit/robocal/install/annin_ar4_calibration/lib/annin_ar4_calibration/target_detector", line 33, in <module>
[target_detector-1]     sys.exit(load_entry_point('annin-ar4-calibration==0.0.1', 'console_scripts', 'target_detector')())
[target_detector-1]              ^^^^^^^^^^^^^^^^^^^^^^^^^^^^^^^^^^^^^^^^^^^^^^^^^^^^^^^^^^^^^^^^^^^^^^^^^^^^^^^^^^^^^^^^
[target_detector-1]   File "/home/jonas/Documents/Bachelorarbeit/robocal/install/annin_ar4_calibration/lib/python3.12/site-packages/annin_ar4_calibration/nodes/target_detector_node.py", line 125, in main
[kinematic_collector-2] Traceback (most recent call last):
[kinematic_collector-2]   File "/home/jonas/Documents/Bachelorarbeit/robocal/install/annin_ar4_calibration/lib/python3.12/site-packages/annin_ar4_calibration/nodes/kinematic_collector_node.py", line 529, in main
[target_detector-1]     rclpy.shutdown()
[target_detector-1]   File "/opt/ros/jazzy/lib/python3.12/site-packages/rclpy/__init__.py", line 134, in shutdown
[target_detector-1]     _shutdown(context=context)
[target_detector-1]   File "/opt/ros/jazzy/lib/python3.12/site-packages/rclpy/utilities.py", line 82, in shutdown
[target_detector-1]     context.shutdown()
[target_detector-1]   File "/opt/ros/jazzy/lib/python3.12/site-packages/rclpy/context.py", line 129, in shutdown
[target_detector-1]     self.__context.shutdown()
[target_detector-1] rclpy._rclpy_pybind11.RCLError: failed to shutdown: rcl_shutdown already called on the given context, at ./src/rcl/init.c:333
[kinematic_collector-2]     executor.spin()
[kinematic_collector-2]   File "/opt/ros/jazzy/lib/python3.12/site-packages/rclpy/executors.py", line 359, in spin
[kinematic_collector-2]     self._spin_once_impl()
[kinematic_collector-2]   File "/opt/ros/jazzy/lib/python3.12/site-packages/rclpy/executors.py", line 991, in _spin_once_impl
[kinematic_collector-2]     handler, entity, node = self.wait_for_ready_callbacks(
[kinematic_collector-2]                             ^^^^^^^^^^^^^^^^^^^^^^^^^^^^^^
[kinematic_collector-2]   File "/opt/ros/jazzy/lib/python3.12/site-packages/rclpy/executors.py", line 877, in wait_for_ready_callbacks
[kinematic_collector-2]     return next(self._cb_iter)
[kinematic_collector-2]            ^^^^^^^^^^^^^^^^^^^
[kinematic_collector-2]   File "/opt/ros/jazzy/lib/python3.12/site-packages/rclpy/executors.py", line 781, in _wait_for_ready_callbacks
[kinematic_collector-2]     wait_set.wait(timeout_nsec)
[kinematic_collector-2] KeyboardInterrupt
[kinematic_collector-2] 
[kinematic_collector-2] During handling of the above exception, another exception occurred:
[kinematic_collector-2] 
[kinematic_collector-2] Traceback (most recent call last):
[kinematic_collector-2]   File "/home/jonas/Documents/Bachelorarbeit/robocal/install/annin_ar4_calibration/lib/annin_ar4_calibration/kinematic_collector", line 33, in <module>
[kinematic_collector-2]     sys.exit(load_entry_point('annin-ar4-calibration==0.0.1', 'console_scripts', 'kinematic_collector')())
[kinematic_collector-2]              ^^^^^^^^^^^^^^^^^^^^^^^^^^^^^^^^^^^^^^^^^^^^^^^^^^^^^^^^^^^^^^^^^^^^^^^^^^^^^^^^^^^^^^^^^^^^
[kinematic_collector-2]   File "/home/jonas/Documents/Bachelorarbeit/robocal/install/annin_ar4_calibration/lib/python3.12/site-packages/annin_ar4_calibration/nodes/kinematic_collector_node.py", line 532, in main
[kinematic_collector-2]     rclpy.shutdown()
[kinematic_collector-2]   File "/opt/ros/jazzy/lib/python3.12/site-packages/rclpy/__init__.py", line 134, in shutdown
[kinematic_collector-2]     _shutdown(context=context)
[kinematic_collector-2]   File "/opt/ros/jazzy/lib/python3.12/site-packages/rclpy/utilities.py", line 82, in shutdown
[kinematic_collector-2]     context.shutdown()
[kinematic_collector-2]   File "/opt/ros/jazzy/lib/python3.12/site-packages/rclpy/context.py", line 129, in shutdown
[kinematic_collector-2]     self.__context.shutdown()
[kinematic_collector-2] rclpy._rclpy_pybind11.RCLError: failed to shutdown: rcl_shutdown already called on the given context, at ./src/rcl/init.c:333
[ERROR] [kinematic_calibration-3]: process has died [pid 987763, exit code 1, cmd '/home/jonas/Documents/Bachelorarbeit/robocal/install/annin_ar4_calibration/lib/annin_ar4_calibration/kinematic_calibration --ros-args -r __node:=kinematic_calibration -p use_sim_time:=True --params-file /home/jonas/Documents/Bachelorarbeit/robocal/install/annin_ar4_calibration/share/annin_ar4_calibration/config/kinematic_params.yaml --params-file /home/jonas/Documents/Bachelorarbeit/robocal/install/annin_ar4_calibration/share/annin_ar4_calibration/config/sim_overrides.yaml --params-file /home/jonas/benchmarks/runs/sim_wp4-s001-63515c72ef/extra_params.yaml --params-file /tmp/launch_params_xpq3ruar'].
[ERROR] [kinematic_visualization-4]: process has died [pid 987764, exit code 1, cmd '/home/jonas/Documents/Bachelorarbeit/robocal/install/annin_ar4_calibration/lib/annin_ar4_calibration/kinematic_visualization --ros-args -r __node:=kinematic_visualization -p use_sim_time:=True --params-file /home/jonas/Documents/Bachelorarbeit/robocal/install/annin_ar4_calibration/share/annin_ar4_calibration/config/kinematic_params.yaml --params-file /home/jonas/Documents/Bachelorarbeit/robocal/install/annin_ar4_calibration/share/annin_ar4_calibration/config/sim_overrides.yaml --params-file /home/jonas/benchmarks/runs/sim_wp4-s001-63515c72ef/extra_params.yaml'].
[ERROR] [target_detector-1]: process has died [pid 987761, exit code 1, cmd '/home/jonas/Documents/Bachelorarbeit/robocal/install/annin_ar4_calibration/lib/annin_ar4_calibration/target_detector --ros-args -r __node:=target_detector -p use_sim_time:=True --params-file /home/jonas/Documents/Bachelorarbeit/robocal/install/annin_ar4_calibration/share/annin_ar4_calibration/config/kinematic_params.yaml --params-file /home/jonas/Documents/Bachelorarbeit/robocal/install/annin_ar4_calibration/share/annin_ar4_calibration/config/sim_overrides.yaml --params-file /home/jonas/benchmarks/runs/sim_wp4-s001-63515c72ef/extra_params.yaml --params-file /tmp/launch_params_cwklx07o'].
[ERROR] [kinematic_collector-2]: process has died [pid 987762, exit code 1, cmd '/home/jonas/Documents/Bachelorarbeit/robocal/install/annin_ar4_calibration/lib/annin_ar4_calibration/kinematic_collector --ros-args -r __node:=kinematic_collector -p use_sim_time:=True --params-file /home/jonas/Documents/Bachelorarbeit/robocal/install/annin_ar4_calibration/share/annin_ar4_calibration/config/kinematic_params.yaml --params-file /home/jonas/Documents/Bachelorarbeit/robocal/install/annin_ar4_calibration/share/annin_ar4_calibration/config/sim_overrides.yaml --params-file /home/jonas/benchmarks/runs/sim_wp4-s001-63515c72ef/extra_params.yaml'].
[INFO] [launch]: All log files can be found below /home/jonas/benchmarks/runs/sim_wp4-s001-63515c72ef/ros_home/log/2026-08-27-03-57-40-932804-Feanor-2051810
[INFO] [launch]: Default logging verbosity is set to INFO
[INFO] [target_detector-1]: process started with pid [2051815]
[INFO] [kinematic_collector-2]: process started with pid [2051816]
[INFO] [kinematic_calibration-3]: process started with pid [2051817]
[INFO] [kinematic_visualization-4]: process started with pid [2051818]
[kinematic_calibration-3] [WARN] [1787795863.551376693] [kinematic_calibration]: joint_2/joint_3 axes are near-parallel (|dot|=1.0000) - expect a poorly-conditioned direction there, mitigated by ridge regularization/bounds, not corrected exactly.
[kinematic_calibration-3] [INFO] [1787795863.579348397] [kinematic_calibration]: Kinematic calibration ready: calibration_type=eye_to_hand, sample_file=/home/jonas/benchmarks/runs/sim_wp4-s001-63515c72ef/ros_home/annin_ar4_calibration/kinematic_samples.npy, result_file=/home/jonas/benchmarks/runs/sim_wp4-s001-63515c72ef/ros_home/annin_ar4_calibration/kinematic_result.yaml
[target_detector-1] [INFO] [1787795863.765131883] [target_detector]: Target detector ready: target_type=charuco, target_frame=calibration_target
[kinematic_collector-2] [INFO] [1787795865.036919973] [kinematic_collector]: Kinematic collector ready: sample_file=/home/jonas/benchmarks/runs/sim_wp4-s001-63515c72ef/ros_home/annin_ar4_calibration/kinematic_samples.npy. This node moves the robot during run_auto_sequence - clear the workspace first.
[kinematic_collector-2] [INFO] [1787795866.581297824] [kinematic_collector]: Candidate generation: 800/800 visible configs from 8192 draws (14.4% yield)
[kinematic_collector-2] [WARN] [1787795879.370350196] [kinematic_collector]: No fresh target detection at candidate pose, skipping
[kinematic_collector-2] [WARN] [1787795893.233012485] [kinematic_collector]: No fresh target detection at candidate pose, skipping
[kinematic_collector-2] [WARN] [1787795903.801037146] [kinematic_collector]: No fresh target detection at candidate pose, skipping
[kinematic_collector-2] [WARN] [1787795913.889527678] [kinematic_collector]: No fresh target detection at candidate pose, skipping
[kinematic_collector-2] [WARN] [1787795921.361020544] [kinematic_collector]: No fresh target detection at candidate pose, skipping
[kinematic_collector-2] [WARN] [1787795931.475800045] [kinematic_collector]: No fresh target detection at candidate pose, skipping
[kinematic_collector-2] [WARN] [1787795939.626598513] [kinematic_collector]: No fresh target detection at candidate pose, skipping
[kinematic_collector-2] [WARN] [1787795944.936450541] [kinematic_collector]: No fresh target detection at candidate pose, skipping
[kinematic_collector-2] [WARN] [1787795961.136417197] [kinematic_collector]: No fresh target detection at candidate pose, skipping
[kinematic_collector-2] [WARN] [1787795969.016177246] [kinematic_collector]: No fresh target detection at candidate pose, skipping
[kinematic_collector-2] [WARN] [1787795978.098880079] [kinematic_collector]: No fresh target detection at candidate pose, skipping
[kinematic_collector-2] [WARN] [1787795992.927466414] [kinematic_collector]: No fresh target detection at candidate pose, skipping
[kinematic_collector-2] [WARN] [1787796001.809709478] [kinematic_collector]: No fresh target detection at candidate pose, skipping
[kinematic_collector-2] [WARN] [1787796006.759742727] [kinematic_collector]: No fresh target detection at candidate pose, skipping
[kinematic_collector-2] [WARN] [1787796013.205094817] [kinematic_collector]: No fresh target detection at candidate pose, skipping
[kinematic_collector-2] [WARN] [1787796023.207242440] [kinematic_collector]: No fresh target detection at candidate pose, skipping
[kinematic_collector-2] [WARN] [1787796033.419994189] [kinematic_collector]: No fresh target detection at candidate pose, skipping
[kinematic_collector-2] [WARN] [1787796041.783011576] [kinematic_collector]: No fresh target detection at candidate pose, skipping
[kinematic_collector-2] [WARN] [1787796056.775668489] [kinematic_collector]: No fresh target detection at candidate pose, skipping
[kinematic_collector-2] [WARN] [1787796065.981380469] [kinematic_collector]: No fresh target detection at candidate pose, skipping
[kinematic_collector-2] [WARN] [1787796074.176386265] [kinematic_collector]: No fresh target detection at candidate pose, skipping
[kinematic_collector-2] [WARN] [1787796083.459897709] [kinematic_collector]: No fresh target detection at candidate pose, skipping
[kinematic_collector-2] [WARN] [1787796091.846522815] [kinematic_collector]: No fresh target detection at candidate pose, skipping
[kinematic_collector-2] [WARN] [1787796101.350494717] [kinematic_collector]: No fresh target detection at candidate pose, skipping
[kinematic_collector-2] [WARN] [1787796106.969207460] [kinematic_collector]: No fresh target detection at candidate pose, skipping
[kinematic_collector-2] [WARN] [1787796116.112656863] [kinematic_collector]: No fresh target detection at candidate pose, skipping
[kinematic_collector-2] [WARN] [1787796126.439213357] [kinematic_collector]: No fresh target detection at candidate pose, skipping
[kinematic_collector-2] [WARN] [1787796137.341845140] [kinematic_collector]: No fresh target detection at candidate pose, skipping
[kinematic_collector-2] [WARN] [1787796145.384791480] [kinematic_collector]: No fresh target detection at candidate pose, skipping
[kinematic_collector-2] [WARN] [1787796153.899945429] [kinematic_collector]: No fresh target detection at candidate pose, skipping
[kinematic_collector-2] [WARN] [1787796163.720865676] [kinematic_collector]: No fresh target detection at candidate pose, skipping
[kinematic_collector-2] [WARN] [1787796177.179036743] [kinematic_collector]: No fresh target detection at candidate pose, skipping
[kinematic_collector-2] [WARN] [1787796196.995344717] [kinematic_collector]: No fresh target detection at candidate pose, skipping
[kinematic_collector-2] [WARN] [1787796208.338822409] [kinematic_collector]: No fresh target detection at candidate pose, skipping
[kinematic_collector-2] [WARN] [1787796214.449698304] [kinematic_collector]: No fresh target detection at candidate pose, skipping
[kinematic_collector-2] [WARN] [1787796223.755411621] [kinematic_collector]: No fresh target detection at candidate pose, skipping
[kinematic_collector-2] [WARN] [1787796240.252370339] [kinematic_collector]: No fresh target detection at candidate pose, skipping
[kinematic_collector-2] [WARN] [1787796250.683164119] [kinematic_collector]: No fresh target detection at candidate pose, skipping
[kinematic_collector-2] [WARN] [1787796262.091006922] [kinematic_collector]: No fresh target detection at candidate pose, skipping
[kinematic_collector-2] [WARN] [1787796271.116590808] [kinematic_collector]: No fresh target detection at candidate pose, skipping
[kinematic_collector-2] [WARN] [1787796280.267292888] [kinematic_collector]: No fresh target detection at candidate pose, skipping
[kinematic_collector-2] [WARN] [1787796287.927481971] [kinematic_collector]: No fresh target detection at candidate pose, skipping
[kinematic_collector-2] [WARN] [1787796293.726002347] [kinematic_collector]: No fresh target detection at candidate pose, skipping
[kinematic_collector-2] [WARN] [1787796301.015488145] [kinematic_collector]: No fresh target detection at candidate pose, skipping
[kinematic_collector-2] [WARN] [1787796307.891741316] [kinematic_collector]: No fresh target detection at candidate pose, skipping
[kinematic_collector-2] [WARN] [1787796317.496185496] [kinematic_collector]: No fresh target detection at candidate pose, skipping
[kinematic_collector-2] [WARN] [1787796326.658655295] [kinematic_collector]: No fresh target detection at candidate pose, skipping
[kinematic_collector-2] [WARN] [1787796335.102899251] [kinematic_collector]: No fresh target detection at candidate pose, skipping
[kinematic_collector-2] [WARN] [1787796350.470667506] [kinematic_collector]: No fresh target detection at candidate pose, skipping
[kinematic_collector-2] [WARN] [1787796358.180405548] [kinematic_collector]: No fresh target detection at candidate pose, skipping
[kinematic_collector-2] [WARN] [1787796366.185852454] [kinematic_collector]: No fresh target detection at candidate pose, skipping
[kinematic_collector-2] [WARN] [1787796372.661318710] [kinematic_collector]: No fresh target detection at candidate pose, skipping
[kinematic_collector-2] [WARN] [1787796381.241425005] [kinematic_collector]: No fresh target detection at candidate pose, skipping
[kinematic_collector-2] [WARN] [1787796390.909668301] [kinematic_collector]: No fresh target detection at candidate pose, skipping
[kinematic_collector-2] [WARN] [1787796400.596322554] [kinematic_collector]: No fresh target detection at candidate pose, skipping
[kinematic_collector-2] [WARN] [1787796409.923351405] [kinematic_collector]: No fresh target detection at candidate pose, skipping
[kinematic_collector-2] [WARN] [1787796418.638560105] [kinematic_collector]: No fresh target detection at candidate pose, skipping
[kinematic_collector-2] [WARN] [1787796424.068347398] [kinematic_collector]: No fresh target detection at candidate pose, skipping
[kinematic_collector-2] [WARN] [1787796437.606403324] [kinematic_collector]: No fresh target detection at candidate pose, skipping
[kinematic_collector-2] [WARN] [1787796443.731007303] [kinematic_collector]: No fresh target detection at candidate pose, skipping
[kinematic_collector-2] [WARN] [1787796455.498863193] [kinematic_collector]: No fresh target detection at candidate pose, skipping
[kinematic_collector-2] [WARN] [1787796464.552479097] [kinematic_collector]: No fresh target detection at candidate pose, skipping
[kinematic_collector-2] [WARN] [1787796471.101060665] [kinematic_collector]: No fresh target detection at candidate pose, skipping
[kinematic_collector-2] [WARN] [1787796481.986325650] [kinematic_collector]: No fresh target detection at candidate pose, skipping
[kinematic_collector-2] [WARN] [1787796489.290244767] [kinematic_collector]: No fresh target detection at candidate pose, skipping
[kinematic_collector-2] [WARN] [1787796498.696590340] [kinematic_collector]: No fresh target detection at candidate pose, skipping
[kinematic_collector-2] [WARN] [1787796506.387799527] [kinematic_collector]: No fresh target detection at candidate pose, skipping
[kinematic_collector-2] [WARN] [1787796514.055773084] [kinematic_collector]: No fresh target detection at candidate pose, skipping
[kinematic_collector-2] [WARN] [1787796530.486337676] [kinematic_collector]: No fresh target detection at candidate pose, skipping
[kinematic_collector-2] [WARN] [1787796548.218828767] [kinematic_collector]: No fresh target detection at candidate pose, skipping
[kinematic_collector-2] [WARN] [1787796557.457683017] [kinematic_collector]: No fresh target detection at candidate pose, skipping
[kinematic_collector-2] [WARN] [1787796566.806026490] [kinematic_collector]: No fresh target detection at candidate pose, skipping
[kinematic_collector-2] [WARN] [1787796573.620915621] [kinematic_collector]: Action 'move_action' was unsuccessful: STATUS_ABORTED.
[kinematic_collector-2] [WARN] [1787796573.669372526] [kinematic_collector]: Candidate configuration skipped: motion failed
[kinematic_collector-2] [WARN] [1787796589.983885381] [kinematic_collector]: No fresh target detection at candidate pose, skipping
[kinematic_collector-2] [WARN] [1787796598.616462871] [kinematic_collector]: No fresh target detection at candidate pose, skipping
[kinematic_collector-2] [WARN] [1787796609.577746804] [kinematic_collector]: No fresh target detection at candidate pose, skipping
[kinematic_collector-2] [WARN] [1787796620.490831229] [kinematic_collector]: Action 'move_action' was unsuccessful: STATUS_ABORTED.
[kinematic_collector-2] [WARN] [1787796620.527475754] [kinematic_collector]: Candidate configuration skipped: motion failed
[kinematic_collector-2] [WARN] [1787796630.123049043] [kinematic_collector]: No fresh target detection at candidate pose, skipping
[kinematic_collector-2] [WARN] [1787796643.713093757] [kinematic_collector]: No fresh target detection at candidate pose, skipping
[kinematic_collector-2] [WARN] [1787796655.040679789] [kinematic_collector]: No fresh target detection at candidate pose, skipping
[kinematic_collector-2] [WARN] [1787796663.137156271] [kinematic_collector]: No fresh target detection at candidate pose, skipping
[kinematic_collector-2] [WARN] [1787796670.602094093] [kinematic_collector]: No fresh target detection at candidate pose, skipping
[kinematic_collector-2] [WARN] [1787796678.981189926] [kinematic_collector]: No fresh target detection at candidate pose, skipping
[kinematic_collector-2] [WARN] [1787796685.889169700] [kinematic_collector]: No fresh target detection at candidate pose, skipping
[kinematic_collector-2] [WARN] [1787796717.020570949] [kinematic_collector]: No fresh target detection at candidate pose, skipping
[kinematic_collector-2] [WARN] [1787796724.119308422] [kinematic_collector]: No fresh target detection at candidate pose, skipping
[kinematic_collector-2] [WARN] [1787796731.695373023] [kinematic_collector]: No fresh target detection at candidate pose, skipping
[kinematic_collector-2] [WARN] [1787796739.855017502] [kinematic_collector]: No fresh target detection at candidate pose, skipping
[kinematic_collector-2] [WARN] [1787796746.549439109] [kinematic_collector]: Action 'move_action' was unsuccessful: STATUS_ABORTED.
[kinematic_collector-2] [WARN] [1787796746.584091053] [kinematic_collector]: Candidate configuration skipped: motion failed
[kinematic_collector-2] [WARN] [1787796757.399763244] [kinematic_collector]: Action 'move_action' was unsuccessful: STATUS_ABORTED.
[kinematic_collector-2] [WARN] [1787796757.497665782] [kinematic_collector]: Candidate configuration skipped: motion failed
[kinematic_collector-2] [WARN] [1787796765.809160907] [kinematic_collector]: No fresh target detection at candidate pose, skipping
[kinematic_collector-2] [WARN] [1787796771.866667671] [kinematic_collector]: No fresh target detection at candidate pose, skipping
[kinematic_collector-2] [WARN] [1787796781.822414032] [kinematic_collector]: No fresh target detection at candidate pose, skipping
[kinematic_collector-2] [WARN] [1787796791.598624847] [kinematic_collector]: No fresh target detection at candidate pose, skipping
[kinematic_collector-2] [WARN] [1787796801.214603492] [kinematic_collector]: No fresh target detection at candidate pose, skipping
[kinematic_collector-2] [WARN] [1787796819.772369544] [kinematic_collector]: No fresh target detection at candidate pose, skipping
[kinematic_collector-2] [WARN] [1787796843.676853283] [kinematic_collector]: No fresh target detection at candidate pose, skipping
[kinematic_collector-2] [WARN] [1787796853.398555193] [kinematic_collector]: No fresh target detection at candidate pose, skipping
[kinematic_collector-2] [WARN] [1787796862.095956326] [kinematic_collector]: No fresh target detection at candidate pose, skipping
[kinematic_collector-2] [WARN] [1787796871.591050730] [kinematic_collector]: No fresh target detection at candidate pose, skipping
[kinematic_collector-2] [WARN] [1787796880.073872667] [kinematic_collector]: No fresh target detection at candidate pose, skipping
[kinematic_collector-2] [WARN] [1787796889.272238920] [kinematic_collector]: No fresh target detection at candidate pose, skipping
[kinematic_collector-2] [WARN] [1787796900.076582986] [kinematic_collector]: No fresh target detection at candidate pose, skipping
[kinematic_collector-2] [WARN] [1787796913.208742680] [kinematic_collector]: No fresh target detection at candidate pose, skipping
[kinematic_collector-2] [WARN] [1787796927.286079363] [kinematic_collector]: No fresh target detection at candidate pose, skipping
[kinematic_collector-2] [WARN] [1787796934.771180880] [kinematic_collector]: No fresh target detection at candidate pose, skipping
[kinematic_collector-2] [WARN] [1787796943.249653220] [kinematic_collector]: No fresh target detection at candidate pose, skipping
[kinematic_collector-2] [WARN] [1787796959.768369519] [kinematic_collector]: No fresh target detection at candidate pose, skipping
[kinematic_collector-2] [WARN] [1787796967.238611570] [kinematic_collector]: No fresh target detection at candidate pose, skipping
[kinematic_collector-2] [WARN] [1787796975.614795822] [kinematic_collector]: No fresh target detection at candidate pose, skipping
[kinematic_collector-2] [WARN] [1787796986.600032358] [kinematic_collector]: No fresh target detection at candidate pose, skipping
[kinematic_collector-2] [WARN] [1787796996.233920604] [kinematic_collector]: No fresh target detection at candidate pose, skipping
[kinematic_collector-2] [WARN] [1787797020.249366531] [kinematic_collector]: No fresh target detection at candidate pose, skipping
[kinematic_collector-2] [WARN] [1787797027.637788344] [kinematic_collector]: No fresh target detection at candidate pose, skipping
[kinematic_collector-2] [WARN] [1787797035.327882986] [kinematic_collector]: No fresh target detection at candidate pose, skipping
[kinematic_collector-2] [WARN] [1787797045.565537972] [kinematic_collector]: No fresh target detection at candidate pose, skipping
[kinematic_collector-2] [WARN] [1787797055.419921490] [kinematic_collector]: No fresh target detection at candidate pose, skipping
[kinematic_collector-2] [WARN] [1787797060.736148747] [kinematic_collector]: No fresh target detection at candidate pose, skipping
[kinematic_collector-2] [WARN] [1787797069.414417002] [kinematic_collector]: No fresh target detection at candidate pose, skipping
[kinematic_collector-2] [WARN] [1787797084.647562308] [kinematic_collector]: No fresh target detection at candidate pose, skipping
[kinematic_collector-2] [WARN] [1787797089.193862253] [kinematic_collector]: Action 'move_action' was unsuccessful: STATUS_ABORTED.
[kinematic_collector-2] [WARN] [1787797089.264723362] [kinematic_collector]: Candidate configuration skipped: motion failed
[kinematic_collector-2] [WARN] [1787797097.861974252] [kinematic_collector]: Action 'move_action' was unsuccessful: STATUS_ABORTED.
[kinematic_collector-2] [WARN] [1787797097.901492563] [kinematic_collector]: Candidate configuration skipped: motion failed
[kinematic_collector-2] [WARN] [1787797104.906222128] [kinematic_collector]: No fresh target detection at candidate pose, skipping
[kinematic_collector-2] [WARN] [1787797115.274923213] [kinematic_collector]: No fresh target detection at candidate pose, skipping
[kinematic_collector-2] [WARN] [1787797130.631590542] [kinematic_collector]: No fresh target detection at candidate pose, skipping
[kinematic_collector-2] [WARN] [1787797153.640983280] [kinematic_collector]: No fresh target detection at candidate pose, skipping
[kinematic_collector-2] [WARN] [1787797161.824067996] [kinematic_collector]: No fresh target detection at candidate pose, skipping
[kinematic_collector-2] [WARN] [1787797172.165192414] [kinematic_collector]: No fresh target detection at candidate pose, skipping
[kinematic_collector-2] [WARN] [1787797178.421759615] [kinematic_collector]: No fresh target detection at candidate pose, skipping
[kinematic_collector-2] [WARN] [1787797187.053716877] [kinematic_collector]: No fresh target detection at candidate pose, skipping
[kinematic_collector-2] [WARN] [1787797214.469561585] [kinematic_collector]: No fresh target detection at candidate pose, skipping
[kinematic_collector-2] [WARN] [1787797223.815261714] [kinematic_collector]: No fresh target detection at candidate pose, skipping
[kinematic_collector-2] [WARN] [1787797232.487343658] [kinematic_collector]: No fresh target detection at candidate pose, skipping
[kinematic_collector-2] [WARN] [1787797239.973232758] [kinematic_collector]: No fresh target detection at candidate pose, skipping
[kinematic_collector-2] [WARN] [1787797248.509254300] [kinematic_collector]: No fresh target detection at candidate pose, skipping
[kinematic_collector-2] [WARN] [1787797274.501313636] [kinematic_collector]: No fresh target detection at candidate pose, skipping
[kinematic_collector-2] [WARN] [1787797284.481789587] [kinematic_collector]: No fresh target detection at candidate pose, skipping
[kinematic_collector-2] [WARN] [1787797293.541167531] [kinematic_collector]: No fresh target detection at candidate pose, skipping
[kinematic_collector-2] [WARN] [1787797312.628377681] [kinematic_collector]: No fresh target detection at candidate pose, skipping
[kinematic_collector-2] [WARN] [1787797318.741742909] [kinematic_collector]: Action 'move_action' was unsuccessful: STATUS_ABORTED.
[kinematic_collector-2] [WARN] [1787797318.805871299] [kinematic_collector]: Candidate configuration skipped: motion failed
[kinematic_collector-2] [WARN] [1787797328.181265125] [kinematic_collector]: No fresh target detection at candidate pose, skipping
[kinematic_collector-2] [WARN] [1787797339.628448591] [kinematic_collector]: No fresh target detection at candidate pose, skipping
[kinematic_collector-2] [WARN] [1787797348.875223640] [kinematic_collector]: No fresh target detection at candidate pose, skipping
[kinematic_collector-2] [WARN] [1787797355.754691362] [kinematic_collector]: No fresh target detection at candidate pose, skipping
[kinematic_collector-2] [WARN] [1787797375.712064911] [kinematic_collector]: No fresh target detection at candidate pose, skipping
[kinematic_collector-2] [WARN] [1787797383.798770798] [kinematic_collector]: No fresh target detection at candidate pose, skipping
[kinematic_collector-2] [WARN] [1787797393.361899527] [kinematic_collector]: No fresh target detection at candidate pose, skipping
[kinematic_collector-2] [WARN] [1787797407.432651653] [kinematic_collector]: No fresh target detection at candidate pose, skipping
[kinematic_collector-2] [WARN] [1787797416.389087106] [kinematic_collector]: No fresh target detection at candidate pose, skipping
[kinematic_collector-2] [WARN] [1787797423.557460232] [kinematic_collector]: No fresh target detection at candidate pose, skipping
[kinematic_collector-2] [WARN] [1787797442.112023876] [kinematic_collector]: No fresh target detection at candidate pose, skipping
[kinematic_collector-2] [WARN] [1787797471.292480709] [kinematic_collector]: No fresh target detection at candidate pose, skipping
[kinematic_collector-2] [WARN] [1787797479.819272992] [kinematic_collector]: No fresh target detection at candidate pose, skipping
[kinematic_collector-2] [WARN] [1787797486.341245663] [kinematic_collector]: No fresh target detection at candidate pose, skipping
[kinematic_collector-2] [WARN] [1787797504.601938599] [kinematic_collector]: No fresh target detection at candidate pose, skipping
[kinematic_collector-2] [WARN] [1787797511.674717303] [kinematic_collector]: No fresh target detection at candidate pose, skipping
[kinematic_collector-2] [WARN] [1787797521.822819582] [kinematic_collector]: No fresh target detection at candidate pose, skipping
[kinematic_collector-2] [WARN] [1787797532.370860267] [kinematic_collector]: No fresh target detection at candidate pose, skipping
[kinematic_collector-2] [WARN] [1787797539.981187046] [kinematic_collector]: No fresh target detection at candidate pose, skipping
[kinematic_collector-2] [WARN] [1787797549.853347815] [kinematic_collector]: No fresh target detection at candidate pose, skipping
[kinematic_collector-2] [WARN] [1787797558.767041029] [kinematic_collector]: No fresh target detection at candidate pose, skipping
[kinematic_collector-2] [WARN] [1787797568.365236028] [kinematic_collector]: No fresh target detection at candidate pose, skipping
[kinematic_collector-2] [WARN] [1787797577.536946725] [kinematic_collector]: No fresh target detection at candidate pose, skipping
[kinematic_collector-2] [WARN] [1787797590.124859431] [kinematic_collector]: No fresh target detection at candidate pose, skipping
[kinematic_collector-2] [WARN] [1787797597.682666667] [kinematic_collector]: No fresh target detection at candidate pose, skipping
[kinematic_collector-2] [WARN] [1787797602.656885630] [kinematic_collector]: No fresh target detection at candidate pose, skipping
[kinematic_collector-2] [WARN] [1787797611.650054271] [kinematic_collector]: No fresh target detection at candidate pose, skipping
[kinematic_collector-2] [WARN] [1787797621.799523422] [kinematic_collector]: No fresh target detection at candidate pose, skipping
[kinematic_collector-2] [WARN] [1787797631.055137974] [kinematic_collector]: No fresh target detection at candidate pose, skipping
[kinematic_collector-2] [WARN] [1787797638.640920305] [kinematic_collector]: No fresh target detection at candidate pose, skipping
[kinematic_collector-2] [WARN] [1787797648.138059033] [kinematic_collector]: No fresh target detection at candidate pose, skipping
[kinematic_collector-2] [WARN] [1787797664.610023186] [kinematic_collector]: No fresh target detection at candidate pose, skipping
[kinematic_collector-2] [WARN] [1787797674.692882005] [kinematic_collector]: No fresh target detection at candidate pose, skipping
[kinematic_collector-2] [WARN] [1787797699.699496840] [kinematic_collector]: No fresh target detection at candidate pose, skipping
[kinematic_collector-2] [WARN] [1787797708.229763176] [kinematic_collector]: No fresh target detection at candidate pose, skipping
[kinematic_collector-2] [WARN] [1787797718.846175244] [kinematic_collector]: Action 'move_action' was unsuccessful: STATUS_ABORTED.
[kinematic_collector-2] [WARN] [1787797718.888460884] [kinematic_collector]: Candidate configuration skipped: motion failed
[kinematic_collector-2] [WARN] [1787797726.392436991] [kinematic_collector]: No fresh target detection at candidate pose, skipping
[kinematic_collector-2] [WARN] [1787797732.852910862] [kinematic_collector]: No fresh target detection at candidate pose, skipping
[kinematic_collector-2] [WARN] [1787797741.519273802] [kinematic_collector]: No fresh target detection at candidate pose, skipping
[kinematic_collector-2] [WARN] [1787797750.111175305] [kinematic_collector]: No fresh target detection at candidate pose, skipping
[kinematic_collector-2] [WARN] [1787797758.077337992] [kinematic_collector]: No fresh target detection at candidate pose, skipping
[kinematic_collector-2] [WARN] [1787797766.980183818] [kinematic_collector]: No fresh target detection at candidate pose, skipping
[kinematic_collector-2] [WARN] [1787797775.267547585] [kinematic_collector]: No fresh target detection at candidate pose, skipping
[kinematic_collector-2] [WARN] [1787797782.943626206] [kinematic_collector]: No fresh target detection at candidate pose, skipping
[kinematic_collector-2] [WARN] [1787797791.180976023] [kinematic_collector]: No fresh target detection at candidate pose, skipping
[kinematic_collector-2] [WARN] [1787797801.997913151] [kinematic_collector]: No fresh target detection at candidate pose, skipping
[kinematic_collector-2] [WARN] [1787797811.313211002] [kinematic_collector]: No fresh target detection at candidate pose, skipping
[kinematic_collector-2] [WARN] [1787797819.029876057] [kinematic_collector]: No fresh target detection at candidate pose, skipping
[kinematic_collector-2] [WARN] [1787797834.363090377] [kinematic_collector]: No fresh target detection at candidate pose, skipping
[kinematic_collector-2] [WARN] [1787797843.195046494] [kinematic_collector]: No fresh target detection at candidate pose, skipping
[kinematic_collector-2] [WARN] [1787797852.101761792] [kinematic_collector]: No fresh target detection at candidate pose, skipping
[kinematic_collector-2] [WARN] [1787797861.656356299] [kinematic_collector]: No fresh target detection at candidate pose, skipping
[kinematic_collector-2] [WARN] [1787797870.926892622] [kinematic_collector]: No fresh target detection at candidate pose, skipping
[kinematic_collector-2] [WARN] [1787797886.981093247] [kinematic_collector]: No fresh target detection at candidate pose, skipping
[kinematic_collector-2] [WARN] [1787797896.311880780] [kinematic_collector]: No fresh target detection at candidate pose, skipping
[kinematic_collector-2] [WARN] [1787797903.645310866] [kinematic_collector]: No fresh target detection at candidate pose, skipping
[kinematic_collector-2] [WARN] [1787797908.708288017] [kinematic_collector]: No fresh target detection at candidate pose, skipping
[kinematic_collector-2] [WARN] [1787797921.326333967] [kinematic_collector]: No fresh target detection at candidate pose, skipping
[kinematic_collector-2] [WARN] [1787797927.821139678] [kinematic_collector]: No fresh target detection at candidate pose, skipping
[kinematic_collector-2] [WARN] [1787797937.351148504] [kinematic_collector]: No fresh target detection at candidate pose, skipping
[kinematic_collector-2] [WARN] [1787797959.228792916] [kinematic_collector]: No fresh target detection at candidate pose, skipping
[kinematic_collector-2] [WARN] [1787797965.295677929] [kinematic_collector]: No fresh target detection at candidate pose, skipping
[kinematic_collector-2] [WARN] [1787797988.289384434] [kinematic_collector]: No fresh target detection at candidate pose, skipping
[kinematic_collector-2] [WARN] [1787797996.532195458] [kinematic_collector]: No fresh target detection at candidate pose, skipping
[kinematic_collector-2] [WARN] [1787798005.470250953] [kinematic_collector]: No fresh target detection at candidate pose, skipping
[kinematic_collector-2] [WARN] [1787798020.698586008] [kinematic_collector]: No fresh target detection at candidate pose, skipping
[kinematic_collector-2] [WARN] [1787798030.307626241] [kinematic_collector]: No fresh target detection at candidate pose, skipping
[kinematic_collector-2] [WARN] [1787798040.034133771] [kinematic_collector]: No fresh target detection at candidate pose, skipping
[kinematic_collector-2] [WARN] [1787798054.353110462] [kinematic_collector]: No fresh target detection at candidate pose, skipping
[kinematic_collector-2] [WARN] [1787798066.243177866] [kinematic_collector]: No fresh target detection at candidate pose, skipping
[kinematic_collector-2] [WARN] [1787798079.852295846] [kinematic_collector]: No fresh target detection at candidate pose, skipping
[kinematic_collector-2] [WARN] [1787798088.325131345] [kinematic_collector]: No fresh target detection at candidate pose, skipping
[kinematic_collector-2] [WARN] [1787798097.487511298] [kinematic_collector]: No fresh target detection at candidate pose, skipping
[kinematic_collector-2] [WARN] [1787798107.466419085] [kinematic_collector]: No fresh target detection at candidate pose, skipping
[kinematic_collector-2] [WARN] [1787798116.442589694] [kinematic_collector]: No fresh target detection at candidate pose, skipping
[kinematic_collector-2] [WARN] [1787798126.623964739] [kinematic_collector]: No fresh target detection at candidate pose, skipping
[kinematic_collector-2] [WARN] [1787798132.407081002] [kinematic_collector]: No fresh target detection at candidate pose, skipping
[kinematic_collector-2] [WARN] [1787798140.827906395] [kinematic_collector]: No fresh target detection at candidate pose, skipping
[kinematic_collector-2] [WARN] [1787798146.665068055] [kinematic_collector]: No fresh target detection at candidate pose, skipping
[kinematic_collector-2] [WARN] [1787798156.477986447] [kinematic_collector]: No fresh target detection at candidate pose, skipping
[kinematic_collector-2] [WARN] [1787798163.576115229] [kinematic_collector]: Action 'move_action' was unsuccessful: STATUS_ABORTED.
[kinematic_collector-2] [WARN] [1787798163.627435740] [kinematic_collector]: Candidate configuration skipped: motion failed
[kinematic_collector-2] [WARN] [1787798172.785660541] [kinematic_collector]: Action 'move_action' was unsuccessful: STATUS_ABORTED.
[kinematic_collector-2] [WARN] [1787798172.852528628] [kinematic_collector]: Candidate configuration skipped: motion failed
[kinematic_collector-2] [WARN] [1787798181.723960742] [kinematic_collector]: No fresh target detection at candidate pose, skipping
[kinematic_collector-2] [WARN] [1787798193.065352777] [kinematic_collector]: No fresh target detection at candidate pose, skipping
[kinematic_collector-2] [WARN] [1787798202.899672986] [kinematic_collector]: No fresh target detection at candidate pose, skipping
[kinematic_collector-2] [WARN] [1787798212.601242274] [kinematic_collector]: No fresh target detection at candidate pose, skipping
[kinematic_collector-2] [WARN] [1787798222.319850129] [kinematic_collector]: No fresh target detection at candidate pose, skipping
[kinematic_collector-2] [WARN] [1787798238.514969432] [kinematic_collector]: No fresh target detection at candidate pose, skipping
[kinematic_collector-2] [WARN] [1787798249.390856656] [kinematic_collector]: No fresh target detection at candidate pose, skipping
[kinematic_collector-2] [WARN] [1787798261.337412908] [kinematic_collector]: Action 'move_action' was unsuccessful: STATUS_ABORTED.
[kinematic_collector-2] [WARN] [1787798261.408783015] [kinematic_collector]: Candidate configuration skipped: motion failed
[kinematic_collector-2] [WARN] [1787798270.531935825] [kinematic_collector]: Action 'move_action' was unsuccessful: STATUS_ABORTED.
[kinematic_collector-2] [WARN] [1787798270.592774436] [kinematic_collector]: Candidate configuration skipped: motion failed
[kinematic_collector-2] [WARN] [1787798283.533662147] [kinematic_collector]: No fresh target detection at candidate pose, skipping
[kinematic_collector-2] [WARN] [1787798297.808234380] [kinematic_collector]: No fresh target detection at candidate pose, skipping
[kinematic_collector-2] [WARN] [1787798321.316480015] [kinematic_collector]: No fresh target detection at candidate pose, skipping
[kinematic_collector-2] [WARN] [1787798327.947070090] [kinematic_collector]: No fresh target detection at candidate pose, skipping
[kinematic_collector-2] [WARN] [1787798336.410808178] [kinematic_collector]: No fresh target detection at candidate pose, skipping
[kinematic_collector-2] [WARN] [1787798344.513163752] [kinematic_collector]: No fresh target detection at candidate pose, skipping
[kinematic_collector-2] [WARN] [1787798354.887842072] [kinematic_collector]: No fresh target detection at candidate pose, skipping
[kinematic_collector-2] [WARN] [1787798371.057234870] [kinematic_collector]: No fresh target detection at candidate pose, skipping
[kinematic_collector-2] [WARN] [1787798379.685106417] [kinematic_collector]: No fresh target detection at candidate pose, skipping
[kinematic_collector-2] [WARN] [1787798387.349536200] [kinematic_collector]: No fresh target detection at candidate pose, skipping
[kinematic_collector-2] [WARN] [1787798389.935954538] [kinematic_collector]: Action 'move_action' was unsuccessful: STATUS_ABORTED.
[kinematic_collector-2] [WARN] [1787798390.000694510] [kinematic_collector]: Candidate configuration skipped: motion failed
[kinematic_collector-2] [WARN] [1787798399.676559557] [kinematic_collector]: Action 'move_action' was unsuccessful: STATUS_ABORTED.
[kinematic_collector-2] [WARN] [1787798399.707897663] [kinematic_collector]: Candidate configuration skipped: motion failed
[kinematic_collector-2] [WARN] [1787798407.874145680] [kinematic_collector]: No fresh target detection at candidate pose, skipping
[kinematic_collector-2] [WARN] [1787798417.923286165] [kinematic_collector]: No fresh target detection at candidate pose, skipping
[kinematic_collector-2] [WARN] [1787798435.259827300] [kinematic_collector]: No fresh target detection at candidate pose, skipping
[kinematic_collector-2] [WARN] [1787798442.306964379] [kinematic_collector]: No fresh target detection at candidate pose, skipping
[kinematic_collector-2] [WARN] [1787798448.696081306] [kinematic_collector]: No fresh target detection at candidate pose, skipping
[kinematic_collector-2] [WARN] [1787798455.010069895] [kinematic_collector]: No fresh target detection at candidate pose, skipping
[kinematic_collector-2] [WARN] [1787798468.594300969] [kinematic_collector]: No fresh target detection at candidate pose, skipping
[kinematic_collector-2] [WARN] [1787798477.625657861] [kinematic_collector]: No fresh target detection at candidate pose, skipping
[kinematic_collector-2] [WARN] [1787798485.989391016] [kinematic_collector]: No fresh target detection at candidate pose, skipping
[kinematic_collector-2] [WARN] [1787798495.424523207] [kinematic_collector]: No fresh target detection at candidate pose, skipping
[kinematic_collector-2] [WARN] [1787798508.939003898] [kinematic_collector]: No fresh target detection at candidate pose, skipping
[kinematic_collector-2] [WARN] [1787798548.582634681] [kinematic_collector]: No fresh target detection at candidate pose, skipping
[kinematic_collector-2] [WARN] [1787798557.249181556] [kinematic_collector]: No fresh target detection at candidate pose, skipping
[kinematic_collector-2] [WARN] [1787798564.768907285] [kinematic_collector]: No fresh target detection at candidate pose, skipping
[kinematic_collector-2] [WARN] [1787798578.540797081] [kinematic_collector]: No fresh target detection at candidate pose, skipping
[kinematic_collector-2] [WARN] [1787798590.213723438] [kinematic_collector]: No fresh target detection at candidate pose, skipping
[kinematic_collector-2] [WARN] [1787798601.514064631] [kinematic_collector]: No fresh target detection at candidate pose, skipping
[kinematic_collector-2] [WARN] [1787798610.952213198] [kinematic_collector]: No fresh target detection at candidate pose, skipping
[kinematic_collector-2] [WARN] [1787798621.186300369] [kinematic_collector]: No fresh target detection at candidate pose, skipping
[kinematic_collector-2] [WARN] [1787798640.886145099] [kinematic_collector]: No fresh target detection at candidate pose, skipping
[kinematic_collector-2] [WARN] [1787798649.206765498] [kinematic_collector]: No fresh target detection at candidate pose, skipping
[kinematic_collector-2] [WARN] [1787798658.830782113] [kinematic_collector]: No fresh target detection at candidate pose, skipping
[kinematic_collector-2] [WARN] [1787798668.385303325] [kinematic_collector]: No fresh target detection at candidate pose, skipping
[kinematic_collector-2] [WARN] [1787798688.783343259] [kinematic_collector]: No fresh target detection at candidate pose, skipping
[kinematic_collector-2] [WARN] [1787798704.831442743] [kinematic_collector]: No fresh target detection at candidate pose, skipping
[kinematic_collector-2] [WARN] [1787798714.303498746] [kinematic_collector]: No fresh target detection at candidate pose, skipping
[WARNING] [launch]: user interrupted with ctrl-c (SIGINT)
[kinematic_visualization-4] Traceback (most recent call last):
[kinematic_visualization-4]   File "/home/jonas/Documents/Bachelorarbeit/robocal/install/annin_ar4_calibration/lib/python3.12/site-packages/annin_ar4_calibration/nodes/kinematic_visualization_node.py", line 250, in main
[kinematic_visualization-4]     rclpy.spin(node)
[kinematic_visualization-4]   File "/opt/ros/jazzy/lib/python3.12/site-packages/rclpy/__init__.py", line 247, in spin
[kinematic_visualization-4]     executor.spin_once()
[kinematic_visualization-4]   File "/opt/ros/jazzy/lib/python3.12/site-packages/rclpy/executors.py", line 926, in spin_once
[kinematic_visualization-4]     self._spin_once_impl(timeout_sec)
[kinematic_visualization-4]   File "/opt/ros/jazzy/lib/python3.12/site-packages/rclpy/executors.py", line 907, in _spin_once_impl
[kinematic_visualization-4]     handler, entity, node = self.wait_for_ready_callbacks(
[kinematic_visualization-4]                             ^^^^^^^^^^^^^^^^^^^^^^^^^^^^^^
[kinematic_visualization-4]   File "/opt/ros/jazzy/lib/python3.12/site-packages/rclpy/executors.py", line 877, in wait_for_ready_callbacks
[kinematic_visualization-4]     return next(self._cb_iter)
[kinematic_visualization-4]            ^^^^^^^^^^^^^^^^^^^
[kinematic_visualization-4]   File "/opt/ros/jazzy/lib/python3.12/site-packages/rclpy/executors.py", line 781, in _wait_for_ready_callbacks
[kinematic_visualization-4]     wait_set.wait(timeout_nsec)
[kinematic_visualization-4] KeyboardInterrupt
[kinematic_visualization-4] 
[kinematic_visualization-4] During handling of the above exception, another exception occurred:
[kinematic_visualization-4] 
[kinematic_visualization-4] Traceback (most recent call last):
[kinematic_visualization-4]   File "/home/jonas/Documents/Bachelorarbeit/robocal/install/annin_ar4_calibration/lib/annin_ar4_calibration/kinematic_visualization", line 33, in <module>
[kinematic_visualization-4]     sys.exit(load_entry_point('annin-ar4-calibration==0.0.1', 'console_scripts', 'kinematic_visualization')())
[kinematic_visualization-4]              ^^^^^^^^^^^^^^^^^^^^^^^^^^^^^^^^^^^^^^^^^^^^^^^^^^^^^^^^^^^^^^^^^^^^^^^^^^^^^^^^^^^^^^^^^^^^^^^^
[kinematic_visualization-4]   File "/home/jonas/Documents/Bachelorarbeit/robocal/install/annin_ar4_calibration/lib/python3.12/site-packages/annin_ar4_calibration/nodes/kinematic_visualization_node.py", line 253, in main
[kinematic_calibration-3] Traceback (most recent call last):
[kinematic_calibration-3]   File "/home/jonas/Documents/Bachelorarbeit/robocal/install/annin_ar4_calibration/lib/python3.12/site-packages/annin_ar4_calibration/nodes/kinematic_calibration_node.py", line 248, in main
[kinematic_visualization-4]     rclpy.shutdown()
[kinematic_visualization-4]   File "/opt/ros/jazzy/lib/python3.12/site-packages/rclpy/__init__.py", line 134, in shutdown
[kinematic_visualization-4]     _shutdown(context=context)
[kinematic_visualization-4]   File "/opt/ros/jazzy/lib/python3.12/site-packages/rclpy/utilities.py", line 82, in shutdown
[kinematic_visualization-4]     context.shutdown()
[kinematic_visualization-4]   File "/opt/ros/jazzy/lib/python3.12/site-packages/rclpy/context.py", line 129, in shutdown
[kinematic_visualization-4]     self.__context.shutdown()
[kinematic_visualization-4] rclpy._rclpy_pybind11.RCLError: failed to shutdown: rcl_shutdown already called on the given context, at ./src/rcl/init.c:333
[kinematic_calibration-3]     rclpy.spin(node)
[kinematic_calibration-3]   File "/opt/ros/jazzy/lib/python3.12/site-packages/rclpy/__init__.py", line 247, in spin
[kinematic_calibration-3]     executor.spin_once()
[kinematic_calibration-3]   File "/opt/ros/jazzy/lib/python3.12/site-packages/rclpy/executors.py", line 926, in spin_once
[kinematic_calibration-3]     self._spin_once_impl(timeout_sec)
[kinematic_calibration-3]   File "/opt/ros/jazzy/lib/python3.12/site-packages/rclpy/executors.py", line 907, in _spin_once_impl
[kinematic_calibration-3]     handler, entity, node = self.wait_for_ready_callbacks(
[kinematic_calibration-3]                             ^^^^^^^^^^^^^^^^^^^^^^^^^^^^^^
[kinematic_calibration-3]   File "/opt/ros/jazzy/lib/python3.12/site-packages/rclpy/executors.py", line 877, in wait_for_ready_callbacks
[kinematic_calibration-3]     return next(self._cb_iter)
[kinematic_calibration-3]            ^^^^^^^^^^^^^^^^^^^
[kinematic_calibration-3]   File "/opt/ros/jazzy/lib/python3.12/site-packages/rclpy/executors.py", line 781, in _wait_for_ready_callbacks
[kinematic_calibration-3]     wait_set.wait(timeout_nsec)
[kinematic_calibration-3] KeyboardInterrupt
[kinematic_calibration-3] 
[kinematic_calibration-3] During handling of the above exception, another exception occurred:
[kinematic_calibration-3] 
[kinematic_calibration-3] Traceback (most recent call last):
[kinematic_calibration-3]   File "/home/jonas/Documents/Bachelorarbeit/robocal/install/annin_ar4_calibration/lib/annin_ar4_calibration/kinematic_calibration", line 33, in <module>
[target_detector-1] Traceback (most recent call last):
[target_detector-1]   File "/home/jonas/Documents/Bachelorarbeit/robocal/install/annin_ar4_calibration/lib/python3.12/site-packages/annin_ar4_calibration/nodes/target_detector_node.py", line 122, in main
[kinematic_calibration-3]     sys.exit(load_entry_point('annin-ar4-calibration==0.0.1', 'console_scripts', 'kinematic_calibration')())
[kinematic_calibration-3]              ^^^^^^^^^^^^^^^^^^^^^^^^^^^^^^^^^^^^^^^^^^^^^^^^^^^^^^^^^^^^^^^^^^^^^^^^^^^^^^^^^^^^^^^^^^^^^^
[kinematic_calibration-3]   File "/home/jonas/Documents/Bachelorarbeit/robocal/install/annin_ar4_calibration/lib/python3.12/site-packages/annin_ar4_calibration/nodes/kinematic_calibration_node.py", line 251, in main
[target_detector-1]     rclpy.spin(node)
[target_detector-1]   File "/opt/ros/jazzy/lib/python3.12/site-packages/rclpy/__init__.py", line 247, in spin
[target_detector-1]     executor.spin_once()
[target_detector-1]   File "/opt/ros/jazzy/lib/python3.12/site-packages/rclpy/executors.py", line 926, in spin_once
[target_detector-1]     self._spin_once_impl(timeout_sec)
[target_detector-1]   File "/opt/ros/jazzy/lib/python3.12/site-packages/rclpy/executors.py", line 907, in _spin_once_impl
[target_detector-1]     handler, entity, node = self.wait_for_ready_callbacks(
[target_detector-1]                             ^^^^^^^^^^^^^^^^^^^^^^^^^^^^^^
[target_detector-1]   File "/opt/ros/jazzy/lib/python3.12/site-packages/rclpy/executors.py", line 877, in wait_for_ready_callbacks
[target_detector-1]     return next(self._cb_iter)
[target_detector-1]            ^^^^^^^^^^^^^^^^^^^
[target_detector-1]   File "/opt/ros/jazzy/lib/python3.12/site-packages/rclpy/executors.py", line 781, in _wait_for_ready_callbacks
[target_detector-1]     wait_set.wait(timeout_nsec)
[target_detector-1] KeyboardInterrupt
[target_detector-1] 
[target_detector-1] During handling of the above exception, another exception occurred:
[target_detector-1] 
[target_detector-1] Traceback (most recent call last):
[target_detector-1]   File "/home/jonas/Documents/Bachelorarbeit/robocal/install/annin_ar4_calibration/lib/annin_ar4_calibration/target_detector", line 33, in <module>
[kinematic_calibration-3]     rclpy.shutdown()
[kinematic_calibration-3]   File "/opt/ros/jazzy/lib/python3.12/site-packages/rclpy/__init__.py", line 134, in shutdown
[kinematic_calibration-3]     _shutdown(context=context)
[kinematic_calibration-3]   File "/opt/ros/jazzy/lib/python3.12/site-packages/rclpy/utilities.py", line 82, in shutdown
[kinematic_calibration-3]     context.shutdown()
[kinematic_calibration-3]   File "/opt/ros/jazzy/lib/python3.12/site-packages/rclpy/context.py", line 129, in shutdown
[kinematic_calibration-3]     self.__context.shutdown()
[kinematic_calibration-3] rclpy._rclpy_pybind11.RCLError: failed to shutdown: rcl_shutdown already called on the given context, at ./src/rcl/init.c:333
[kinematic_collector-2] Traceback (most recent call last):
[kinematic_collector-2]   File "/home/jonas/Documents/Bachelorarbeit/robocal/install/annin_ar4_calibration/lib/python3.12/site-packages/annin_ar4_calibration/nodes/kinematic_collector_node.py", line 642, in main
[target_detector-1]     sys.exit(load_entry_point('annin-ar4-calibration==0.0.1', 'console_scripts', 'target_detector')())
[target_detector-1]              ^^^^^^^^^^^^^^^^^^^^^^^^^^^^^^^^^^^^^^^^^^^^^^^^^^^^^^^^^^^^^^^^^^^^^^^^^^^^^^^^^^^^^^^^
[target_detector-1]   File "/home/jonas/Documents/Bachelorarbeit/robocal/install/annin_ar4_calibration/lib/python3.12/site-packages/annin_ar4_calibration/nodes/target_detector_node.py", line 125, in main
[target_detector-1]     rclpy.shutdown()
[target_detector-1]   File "/opt/ros/jazzy/lib/python3.12/site-packages/rclpy/__init__.py", line 134, in shutdown
[target_detector-1]     _shutdown(context=context)
[target_detector-1]   File "/opt/ros/jazzy/lib/python3.12/site-packages/rclpy/utilities.py", line 82, in shutdown
[target_detector-1]     context.shutdown()
[target_detector-1]   File "/opt/ros/jazzy/lib/python3.12/site-packages/rclpy/context.py", line 129, in shutdown
[target_detector-1]     self.__context.shutdown()
[target_detector-1] rclpy._rclpy_pybind11.RCLError: failed to shutdown: rcl_shutdown already called on the given context, at ./src/rcl/init.c:333
[kinematic_collector-2]     executor.spin()
[kinematic_collector-2]   File "/opt/ros/jazzy/lib/python3.12/site-packages/rclpy/executors.py", line 359, in spin
[kinematic_collector-2]     self._spin_once_impl()
[kinematic_collector-2]   File "/opt/ros/jazzy/lib/python3.12/site-packages/rclpy/executors.py", line 991, in _spin_once_impl
[kinematic_collector-2]     handler, entity, node = self.wait_for_ready_callbacks(
[kinematic_collector-2]                             ^^^^^^^^^^^^^^^^^^^^^^^^^^^^^^
[kinematic_collector-2]   File "/opt/ros/jazzy/lib/python3.12/site-packages/rclpy/executors.py", line 877, in wait_for_ready_callbacks
[kinematic_collector-2]     return next(self._cb_iter)
[kinematic_collector-2]            ^^^^^^^^^^^^^^^^^^^
[kinematic_collector-2]   File "/opt/ros/jazzy/lib/python3.12/site-packages/rclpy/executors.py", line 803, in _wait_for_ready_callbacks
[kinematic_collector-2]     if wt in waitables and wt.is_ready(wait_set):
[kinematic_collector-2]                            ^^^^^^^^^^^^^^^^^^^^^
[kinematic_collector-2]   File "/opt/ros/jazzy/lib/python3.12/site-packages/rclpy/action/client.py", line 232, in is_ready
[kinematic_collector-2]     def is_ready(self, wait_set):
[kinematic_collector-2] 
[kinematic_collector-2] KeyboardInterrupt
[kinematic_collector-2] 
[kinematic_collector-2] During handling of the above exception, another exception occurred:
[kinematic_collector-2] 
[kinematic_collector-2] Traceback (most recent call last):
[kinematic_collector-2]   File "/home/jonas/Documents/Bachelorarbeit/robocal/install/annin_ar4_calibration/lib/annin_ar4_calibration/kinematic_collector", line 33, in <module>
[kinematic_collector-2]     sys.exit(load_entry_point('annin-ar4-calibration==0.0.1', 'console_scripts', 'kinematic_collector')())
[kinematic_collector-2]              ^^^^^^^^^^^^^^^^^^^^^^^^^^^^^^^^^^^^^^^^^^^^^^^^^^^^^^^^^^^^^^^^^^^^^^^^^^^^^^^^^^^^^^^^^^^^
[kinematic_collector-2]   File "/home/jonas/Documents/Bachelorarbeit/robocal/install/annin_ar4_calibration/lib/python3.12/site-packages/annin_ar4_calibration/nodes/kinematic_collector_node.py", line 645, in main
[kinematic_collector-2]     rclpy.shutdown()
[kinematic_collector-2]   File "/opt/ros/jazzy/lib/python3.12/site-packages/rclpy/__init__.py", line 134, in shutdown
[kinematic_collector-2]     _shutdown(context=context)
[kinematic_collector-2]   File "/opt/ros/jazzy/lib/python3.12/site-packages/rclpy/utilities.py", line 82, in shutdown
[kinematic_collector-2]     context.shutdown()
[kinematic_collector-2]   File "/opt/ros/jazzy/lib/python3.12/site-packages/rclpy/context.py", line 129, in shutdown
[kinematic_collector-2]     self.__context.shutdown()
[kinematic_collector-2] rclpy._rclpy_pybind11.RCLError: failed to shutdown: rcl_shutdown already called on the given context, at ./src/rcl/init.c:333
[ERROR] [kinematic_visualization-4]: process has died [pid 2051818, exit code 1, cmd '/home/jonas/Documents/Bachelorarbeit/robocal/install/annin_ar4_calibration/lib/annin_ar4_calibration/kinematic_visualization --ros-args -r __node:=kinematic_visualization -p use_sim_time:=True --params-file /home/jonas/Documents/Bachelorarbeit/robocal/install/annin_ar4_calibration/share/annin_ar4_calibration/config/kinematic_params.yaml --params-file /home/jonas/Documents/Bachelorarbeit/robocal/install/annin_ar4_calibration/share/annin_ar4_calibration/config/sim_overrides.yaml --params-file /home/jonas/benchmarks/runs/sim_wp4-s001-63515c72ef/extra_params.yaml'].
[ERROR] [kinematic_calibration-3]: process has died [pid 2051817, exit code 1, cmd '/home/jonas/Documents/Bachelorarbeit/robocal/install/annin_ar4_calibration/lib/annin_ar4_calibration/kinematic_calibration --ros-args -r __node:=kinematic_calibration -p use_sim_time:=True --params-file /home/jonas/Documents/Bachelorarbeit/robocal/install/annin_ar4_calibration/share/annin_ar4_calibration/config/kinematic_params.yaml --params-file /home/jonas/Documents/Bachelorarbeit/robocal/install/annin_ar4_calibration/share/annin_ar4_calibration/config/sim_overrides.yaml --params-file /home/jonas/benchmarks/runs/sim_wp4-s001-63515c72ef/extra_params.yaml --params-file /tmp/launch_params_l0mkse46'].
[ERROR] [target_detector-1]: process has died [pid 2051815, exit code 1, cmd '/home/jonas/Documents/Bachelorarbeit/robocal/install/annin_ar4_calibration/lib/annin_ar4_calibration/target_detector --ros-args -r __node:=target_detector -p use_sim_time:=True --params-file /home/jonas/Documents/Bachelorarbeit/robocal/install/annin_ar4_calibration/share/annin_ar4_calibration/config/kinematic_params.yaml --params-file /home/jonas/Documents/Bachelorarbeit/robocal/install/annin_ar4_calibration/share/annin_ar4_calibration/config/sim_overrides.yaml --params-file /home/jonas/benchmarks/runs/sim_wp4-s001-63515c72ef/extra_params.yaml --params-file /tmp/launch_params_evoyuwfw'].
[ERROR] [kinematic_collector-2]: process has died [pid 2051816, exit code 1, cmd '/home/jonas/Documents/Bachelorarbeit/robocal/install/annin_ar4_calibration/lib/annin_ar4_calibration/kinematic_collector --ros-args -r __node:=kinematic_collector -p use_sim_time:=True --params-file /home/jonas/Documents/Bachelorarbeit/robocal/install/annin_ar4_calibration/share/annin_ar4_calibration/config/kinematic_params.yaml --params-file /home/jonas/Documents/Bachelorarbeit/robocal/install/annin_ar4_calibration/share/annin_ar4_calibration/config/sim_overrides.yaml --params-file /home/jonas/benchmarks/runs/sim_wp4-s001-63515c72ef/extra_params.yaml --params-file /tmp/launch_params_6b2bz7ot'].
