[INFO] [1787240881.898623471] [tcp_sim_poser]: Solving IK against the perturbed plant (/home/jonas/benchmarks/runs/sim_wp2-s004-300af5625b/perturbation.yaml)
[INFO] [1787240882.098202193] [tcp_sim_poser]: TCP sim poser ready: reference_point=[0.3, 0.1, 0.2], tool_length=0.15 m, num_poses=10. Call ~/run_sequence to start.
[INFO] [1787240882.361235355] [tcp_sim_poser]: pose 1/10: executing (ik residual 0.0 um)
[WARN] [1787240882.424999520] [tcp_sim_poser]: Action server 'move_action' is not yet available. Better luck next time!
[WARN] [1787240882.455212544] [tcp_sim_poser]: pose 1/10: SKIP motion never started (move action server unavailable)
[INFO] [1787240889.953068335] [tcp_sim_poser]: pose 2/10: executing (ik residual 0.0 um)
[INFO] [1787240897.507160517] [tcp_sim_poser]: pose 2/10: collected (1 so far)
[INFO] [1787240898.155635330] [tcp_sim_poser]: pose 3/10: executing (ik residual 4.4 um)
[INFO] [1787240904.332378767] [tcp_sim_poser]: pose 3/10: collected (2 so far)
[INFO] [1787240904.735878825] [tcp_sim_poser]: pose 4/10: executing (ik residual 1.6 um)
[INFO] [1787240909.761929893] [tcp_sim_poser]: pose 4/10: collected (3 so far)
[INFO] [1787240910.261342961] [tcp_sim_poser]: pose 5/10: executing (ik residual 6.0 um)
[INFO] [1787240916.873391560] [tcp_sim_poser]: pose 5/10: collected (4 so far)
[INFO] [1787240917.389728226] [tcp_sim_poser]: pose 6/10: executing (ik residual 1.2 um)
[INFO] [1787240927.435667562] [tcp_sim_poser]: pose 6/10: collected (5 so far)
[INFO] [1787240927.848134185] [tcp_sim_poser]: pose 7/10: executing (ik residual 2.0 um)
[INFO] [1787240933.333535740] [tcp_sim_poser]: pose 7/10: collected (6 so far)
[INFO] [1787240933.683451802] [tcp_sim_poser]: pose 8/10: executing (ik residual 4.5 um)
[INFO] [1787240941.620458812] [tcp_sim_poser]: pose 8/10: collected (7 so far)
[INFO] [1787240942.180663129] [tcp_sim_poser]: pose 9/10: executing (ik residual 1.3 um)
[INFO] [1787240948.922817721] [tcp_sim_poser]: pose 9/10: collected (8 so far)
[INFO] [1787240949.574849625] [tcp_sim_poser]: pose 10/10: executing (ik residual 0.0 um)
[INFO] [1787240960.042291100] [tcp_sim_poser]: pose 10/10: collected (9 so far)
[INFO] [1787261228.479152139] [tcp_sim_poser]: Solving IK against the perturbed plant (/home/jonas/benchmarks/runs/sim_wp2-s004-300af5625b/perturbation.yaml)
[INFO] [1787261228.694400025] [tcp_sim_poser]: TCP sim poser ready: reference_point=[0.3, 0.1, 0.2], tool_length=0.15 m, num_poses=10. Call ~/run_sequence to start.
[INFO] [1787261229.797241391] [tcp_sim_poser]: pose 1/10: executing (ik residual 0.0 um)
[INFO] [1787261237.835108397] [tcp_sim_poser]: pose 1/10: collected (1 so far)
[INFO] [1787261241.923830991] [tcp_sim_poser]: pose 2/10: executing (ik residual 0.0 um)
[INFO] [1787261250.462932123] [tcp_sim_poser]: pose 2/10: collected (2 so far)
[INFO] [1787261250.888506891] [tcp_sim_poser]: pose 3/10: executing (ik residual 4.4 um)
[INFO] [1787261257.668846230] [tcp_sim_poser]: pose 3/10: collected (3 so far)
[INFO] [1787261257.972887005] [tcp_sim_poser]: pose 4/10: executing (ik residual 1.6 um)
[INFO] [1787261263.610522385] [tcp_sim_poser]: pose 4/10: collected (4 so far)
[INFO] [1787261264.120672774] [tcp_sim_poser]: pose 5/10: executing (ik residual 6.0 um)
[INFO] [1787261271.754706424] [tcp_sim_poser]: pose 5/10: collected (5 so far)
[INFO] [1787261272.448572153] [tcp_sim_poser]: pose 6/10: executing (ik residual 1.2 um)
[INFO] [1787261280.532130493] [tcp_sim_poser]: pose 6/10: collected (6 so far)
[INFO] [1787261280.846301635] [tcp_sim_poser]: pose 7/10: executing (ik residual 2.0 um)
[INFO] [1787261286.656651681] [tcp_sim_poser]: pose 7/10: collected (7 so far)
[INFO] [1787261287.074591074] [tcp_sim_poser]: pose 8/10: executing (ik residual 4.5 um)
[INFO] [1787261295.488186655] [tcp_sim_poser]: pose 8/10: collected (8 so far)
[INFO] [1787261295.849752078] [tcp_sim_poser]: pose 9/10: executing (ik residual 1.3 um)
[INFO] [1787261303.156700015] [tcp_sim_poser]: pose 9/10: collected (9 so far)
[INFO] [1787261303.789247452] [tcp_sim_poser]: pose 10/10: executing (ik residual 0.0 um)
[INFO] [1787261312.056297338] [tcp_sim_poser]: pose 10/10: collected (10 so far)
