[INFO] [launch]: All log files can be found below /home/jonas/benchmarks/runs/sim_wp4-s002-47cda7ab0f/ros_home/log/2026-08-28-10-46-54-851301-Feanor-48003
[INFO] [launch]: Default logging verbosity is set to INFO
[INFO] [target_detector-1]: process started with pid [48008]
[INFO] [kinematic_collector-2]: process started with pid [48009]
[INFO] [kinematic_calibration-3]: process started with pid [48010]
[INFO] [kinematic_visualization-4]: process started with pid [48011]
[kinematic_calibration-3] [WARN] [1787906817.529501914] [kinematic_calibration]: joint_2/joint_3 axes are near-parallel (|dot|=1.0000) - expect a poorly-conditioned direction there, mitigated by ridge regularization/bounds, not corrected exactly.
[kinematic_calibration-3] [INFO] [1787906817.543060603] [kinematic_calibration]: Kinematic calibration ready: calibration_type=eye_to_hand, sample_file=/home/jonas/benchmarks/runs/sim_wp4-s002-47cda7ab0f/ros_home/annin_ar4_calibration/kinematic_samples.npy, result_file=/home/jonas/benchmarks/runs/sim_wp4-s002-47cda7ab0f/ros_home/annin_ar4_calibration/kinematic_result.yaml
[target_detector-1] [INFO] [1787906818.354510951] [target_detector]: Target detector ready: target_type=charuco, target_frame=calibration_target
[kinematic_collector-2] [INFO] [1787906823.220293277] [kinematic_collector]: Kinematic collector ready: sample_file=/home/jonas/benchmarks/runs/sim_wp4-s002-47cda7ab0f/ros_home/annin_ar4_calibration/kinematic_samples.npy. This node moves the robot during run_auto_sequence - clear the workspace first.
[kinematic_collector-2] [INFO] [1787906824.879741208] [kinematic_collector]: Candidate generation: 800/800 visible configs from 8192 draws (14.0% yield)
[kinematic_collector-2] [WARN] [1787906836.023572342] [kinematic_collector]: No fresh target detection at candidate pose, skipping
[kinematic_collector-2] [WARN] [1787906854.824959376] [kinematic_collector]: No fresh target detection at candidate pose, skipping
[kinematic_collector-2] [WARN] [1787906858.874580519] [kinematic_collector]: Action 'move_action' was unsuccessful: STATUS_ABORTED.
[kinematic_collector-2] [WARN] [1787906858.915743070] [kinematic_collector]: Candidate configuration skipped: motion failed
[kinematic_collector-2] [WARN] [1787906868.999996378] [kinematic_collector]: No fresh target detection at candidate pose, skipping
[kinematic_collector-2] [WARN] [1787906882.289864324] [kinematic_collector]: No fresh target detection at candidate pose, skipping
[kinematic_collector-2] [WARN] [1787906911.514790580] [kinematic_collector]: No fresh target detection at candidate pose, skipping
[kinematic_collector-2] [WARN] [1787906930.627475802] [kinematic_collector]: No fresh target detection at candidate pose, skipping
[kinematic_collector-2] [WARN] [1787906942.892791169] [kinematic_collector]: No fresh target detection at candidate pose, skipping
[kinematic_collector-2] [WARN] [1787906957.238266273] [kinematic_collector]: No fresh target detection at candidate pose, skipping
[kinematic_collector-2] [WARN] [1787906986.512592315] [kinematic_collector]: No fresh target detection at candidate pose, skipping
[kinematic_collector-2] [WARN] [1787907007.277381592] [kinematic_collector]: No fresh target detection at candidate pose, skipping
[kinematic_collector-2] [WARN] [1787907025.100104605] [kinematic_collector]: No fresh target detection at candidate pose, skipping
[kinematic_collector-2] [WARN] [1787907040.615833756] [kinematic_collector]: No fresh target detection at candidate pose, skipping
[kinematic_collector-2] [WARN] [1787907059.048612779] [kinematic_collector]: No fresh target detection at candidate pose, skipping
[kinematic_collector-2] [WARN] [1787907095.288905699] [kinematic_collector]: No fresh target detection at candidate pose, skipping
[kinematic_collector-2] [WARN] [1787907118.266174555] [kinematic_collector]: No fresh target detection at candidate pose, skipping
[kinematic_collector-2] [WARN] [1787907138.388193193] [kinematic_collector]: No fresh target detection at candidate pose, skipping
[kinematic_collector-2] [WARN] [1787907152.901892909] [kinematic_collector]: No fresh target detection at candidate pose, skipping
[kinematic_collector-2] [WARN] [1787907182.081152350] [kinematic_collector]: No fresh target detection at candidate pose, skipping
[kinematic_collector-2] [WARN] [1787907224.707666679] [kinematic_collector]: No fresh target detection at candidate pose, skipping
[kinematic_collector-2] [WARN] [1787907245.407248809] [kinematic_collector]: No fresh target detection at candidate pose, skipping
[kinematic_collector-2] [WARN] [1787907262.035284692] [kinematic_collector]: No fresh target detection at candidate pose, skipping
[kinematic_collector-2] [WARN] [1787907280.805777570] [kinematic_collector]: No fresh target detection at candidate pose, skipping
[kinematic_collector-2] [WARN] [1787907324.653387684] [kinematic_collector]: No fresh target detection at candidate pose, skipping
[kinematic_collector-2] [WARN] [1787907352.638539155] [kinematic_collector]: No fresh target detection at candidate pose, skipping
[kinematic_collector-2] [WARN] [1787907364.445634407] [kinematic_collector]: No fresh target detection at candidate pose, skipping
[kinematic_collector-2] [WARN] [1787907375.809977970] [kinematic_collector]: No fresh target detection at candidate pose, skipping
[kinematic_collector-2] [WARN] [1787907395.088361322] [kinematic_collector]: No fresh target detection at candidate pose, skipping
[kinematic_collector-2] [WARN] [1787907415.258184634] [kinematic_collector]: No fresh target detection at candidate pose, skipping
[kinematic_collector-2] [WARN] [1787907432.015688692] [kinematic_collector]: No fresh target detection at candidate pose, skipping
[kinematic_collector-2] [WARN] [1787907446.634556762] [kinematic_collector]: No fresh target detection at candidate pose, skipping
[kinematic_collector-2] [WARN] [1787907474.573688286] [kinematic_collector]: No fresh target detection at candidate pose, skipping
[kinematic_collector-2] [WARN] [1787907521.465939030] [kinematic_collector]: No fresh target detection at candidate pose, skipping
[kinematic_collector-2] [WARN] [1787907540.042781108] [kinematic_collector]: No fresh target detection at candidate pose, skipping
[kinematic_collector-2] [WARN] [1787907555.484171534] [kinematic_collector]: No fresh target detection at candidate pose, skipping
[kinematic_collector-2] [WARN] [1787907577.743444236] [kinematic_collector]: No fresh target detection at candidate pose, skipping
[kinematic_collector-2] [WARN] [1787907606.799288812] [kinematic_collector]: Action 'move_action' was unsuccessful: STATUS_ABORTED.
[kinematic_collector-2] [WARN] [1787907606.824770564] [kinematic_collector]: Candidate configuration skipped: motion failed
[kinematic_collector-2] [WARN] [1787907623.467219176] [kinematic_collector]: No fresh target detection at candidate pose, skipping
[kinematic_collector-2] [WARN] [1787907641.161900713] [kinematic_collector]: No fresh target detection at candidate pose, skipping
[kinematic_collector-2] [WARN] [1787907671.728121469] [kinematic_collector]: No fresh target detection at candidate pose, skipping
[kinematic_collector-2] [WARN] [1787907690.934256759] [kinematic_collector]: No fresh target detection at candidate pose, skipping
[kinematic_collector-2] [WARN] [1787907705.547874177] [kinematic_collector]: No fresh target detection at candidate pose, skipping
[kinematic_collector-2] [WARN] [1787907738.110917405] [kinematic_collector]: No fresh target detection at candidate pose, skipping
[kinematic_collector-2] [WARN] [1787907755.047643108] [kinematic_collector]: No fresh target detection at candidate pose, skipping
[kinematic_collector-2] [WARN] [1787907766.583282957] [kinematic_collector]: No fresh target detection at candidate pose, skipping
[kinematic_collector-2] [WARN] [1787907776.823747377] [kinematic_collector]: No fresh target detection at candidate pose, skipping
[kinematic_collector-2] [WARN] [1787907797.580949796] [kinematic_collector]: No fresh target detection at candidate pose, skipping
[kinematic_collector-2] [WARN] [1787907808.443154897] [kinematic_collector]: No fresh target detection at candidate pose, skipping
[kinematic_collector-2] [WARN] [1787907815.894424675] [kinematic_collector]: Action 'move_action' was unsuccessful: STATUS_ABORTED.
[kinematic_collector-2] [WARN] [1787907816.007859458] [kinematic_collector]: Candidate configuration skipped: motion failed
[kinematic_collector-2] [WARN] [1787907818.586874851] [kinematic_collector]: Action 'move_action' was unsuccessful: STATUS_ABORTED.
[kinematic_collector-2] [WARN] [1787907818.632083978] [kinematic_collector]: Candidate configuration skipped: motion failed
[kinematic_collector-2] [WARN] [1787907835.886619144] [kinematic_collector]: No fresh target detection at candidate pose, skipping
[kinematic_collector-2] [WARN] [1787907845.671344563] [kinematic_collector]: No fresh target detection at candidate pose, skipping
[kinematic_collector-2] [WARN] [1787907853.244701097] [kinematic_collector]: No fresh target detection at candidate pose, skipping
[kinematic_collector-2] [WARN] [1787907883.787869864] [kinematic_collector]: No fresh target detection at candidate pose, skipping
[kinematic_collector-2] [WARN] [1787907904.049421016] [kinematic_collector]: No fresh target detection at candidate pose, skipping
[kinematic_collector-2] [WARN] [1787907921.632594044] [kinematic_collector]: No fresh target detection at candidate pose, skipping
[kinematic_collector-2] [WARN] [1787907940.286667476] [kinematic_collector]: No fresh target detection at candidate pose, skipping
[kinematic_collector-2] [WARN] [1787907956.703763574] [kinematic_collector]: No fresh target detection at candidate pose, skipping
[kinematic_collector-2] [WARN] [1787907974.044463372] [kinematic_collector]: No fresh target detection at candidate pose, skipping
[kinematic_collector-2] [WARN] [1787907999.704267383] [kinematic_collector]: No fresh target detection at candidate pose, skipping
[kinematic_collector-2] [WARN] [1787908014.113765461] [kinematic_collector]: No fresh target detection at candidate pose, skipping
[kinematic_collector-2] [WARN] [1787908027.727843750] [kinematic_collector]: No fresh target detection at candidate pose, skipping
[kinematic_collector-2] [WARN] [1787908047.579278165] [kinematic_collector]: Action 'move_action' was unsuccessful: STATUS_ABORTED.
[kinematic_collector-2] [WARN] [1787908047.617363964] [kinematic_collector]: Candidate configuration skipped: motion failed
[kinematic_collector-2] [WARN] [1787908059.860355612] [kinematic_collector]: Action 'move_action' was unsuccessful: STATUS_ABORTED.
[kinematic_collector-2] [WARN] [1787908059.899036482] [kinematic_collector]: Candidate configuration skipped: motion failed
[kinematic_collector-2] [WARN] [1787908074.328084479] [kinematic_collector]: No fresh target detection at candidate pose, skipping
[kinematic_collector-2] [WARN] [1787908085.252714673] [kinematic_collector]: No fresh target detection at candidate pose, skipping
[kinematic_collector-2] [WARN] [1787908103.256519429] [kinematic_collector]: No fresh target detection at candidate pose, skipping
[kinematic_collector-2] [WARN] [1787908115.160628756] [kinematic_collector]: No fresh target detection at candidate pose, skipping
[kinematic_collector-2] [WARN] [1787908130.586246965] [kinematic_collector]: No fresh target detection at candidate pose, skipping
[kinematic_collector-2] [WARN] [1787908159.072736460] [kinematic_collector]: No fresh target detection at candidate pose, skipping
[kinematic_collector-2] [WARN] [1787908180.947736867] [kinematic_collector]: No fresh target detection at candidate pose, skipping
[kinematic_collector-2] [WARN] [1787908195.019724933] [kinematic_collector]: No fresh target detection at candidate pose, skipping
[kinematic_collector-2] [WARN] [1787908202.770631782] [kinematic_collector]: Action 'move_action' was unsuccessful: STATUS_ABORTED.
[kinematic_collector-2] [WARN] [1787908202.841640548] [kinematic_collector]: Candidate configuration skipped: motion failed
[kinematic_collector-2] [WARN] [1787908205.415511398] [kinematic_collector]: Action 'move_action' was unsuccessful: STATUS_ABORTED.
[kinematic_collector-2] [WARN] [1787908205.523785718] [kinematic_collector]: Candidate configuration skipped: motion failed
[kinematic_collector-2] [WARN] [1787908225.401738292] [kinematic_collector]: No fresh target detection at candidate pose, skipping
[kinematic_collector-2] [WARN] [1787908245.808368979] [kinematic_collector]: No fresh target detection at candidate pose, skipping
[kinematic_collector-2] [WARN] [1787908264.993312876] [kinematic_collector]: No fresh target detection at candidate pose, skipping
[kinematic_collector-2] [WARN] [1787908287.021510282] [kinematic_collector]: No fresh target detection at candidate pose, skipping
[kinematic_collector-2] [WARN] [1787908299.320508099] [kinematic_collector]: No fresh target detection at candidate pose, skipping
[kinematic_collector-2] [WARN] [1787908327.166259658] [kinematic_collector]: No fresh target detection at candidate pose, skipping
[kinematic_collector-2] [WARN] [1787908388.366626593] [kinematic_collector]: No fresh target detection at candidate pose, skipping
[kinematic_collector-2] [WARN] [1787908397.504616402] [kinematic_collector]: No fresh target detection at candidate pose, skipping
[kinematic_collector-2] [WARN] [1787908407.676824567] [kinematic_collector]: No fresh target detection at candidate pose, skipping
[kinematic_collector-2] [WARN] [1787908416.370652472] [kinematic_collector]: No fresh target detection at candidate pose, skipping
[kinematic_collector-2] [WARN] [1787908447.241703283] [kinematic_collector]: No fresh target detection at candidate pose, skipping
[kinematic_collector-2] [WARN] [1787908468.240316702] [kinematic_collector]: No fresh target detection at candidate pose, skipping
[kinematic_collector-2] [WARN] [1787908502.117512097] [kinematic_collector]: No fresh target detection at candidate pose, skipping
[kinematic_collector-2] [WARN] [1787908537.852263331] [kinematic_collector]: No fresh target detection at candidate pose, skipping
[kinematic_collector-2] [WARN] [1787908568.236752002] [kinematic_collector]: No fresh target detection at candidate pose, skipping
[kinematic_collector-2] [WARN] [1787908616.838655194] [kinematic_collector]: No fresh target detection at candidate pose, skipping
[kinematic_collector-2] [WARN] [1787908638.485544410] [kinematic_collector]: No fresh target detection at candidate pose, skipping
[kinematic_collector-2] [WARN] [1787908664.841694193] [kinematic_collector]: No fresh target detection at candidate pose, skipping
[kinematic_collector-2] [WARN] [1787908684.572343644] [kinematic_collector]: No fresh target detection at candidate pose, skipping
[kinematic_collector-2] [WARN] [1787908704.683841880] [kinematic_collector]: No fresh target detection at candidate pose, skipping
[kinematic_collector-2] [WARN] [1787908725.866079311] [kinematic_collector]: No fresh target detection at candidate pose, skipping
[kinematic_collector-2] [WARN] [1787908750.306503607] [kinematic_collector]: No fresh target detection at candidate pose, skipping
[kinematic_collector-2] [WARN] [1787908768.809309260] [kinematic_collector]: No fresh target detection at candidate pose, skipping
[kinematic_collector-2] [WARN] [1787908780.240480790] [kinematic_collector]: No fresh target detection at candidate pose, skipping
[kinematic_collector-2] [WARN] [1787908800.344285170] [kinematic_collector]: No fresh target detection at candidate pose, skipping
[kinematic_collector-2] [WARN] [1787908819.591840549] [kinematic_collector]: No fresh target detection at candidate pose, skipping
[kinematic_collector-2] [WARN] [1787908840.662554578] [kinematic_collector]: No fresh target detection at candidate pose, skipping
[kinematic_collector-2] [WARN] [1787908875.040125060] [kinematic_collector]: No fresh target detection at candidate pose, skipping
[kinematic_collector-2] [WARN] [1787908893.902947296] [kinematic_collector]: No fresh target detection at candidate pose, skipping
[kinematic_collector-2] [WARN] [1787908914.246591601] [kinematic_collector]: No fresh target detection at candidate pose, skipping
[kinematic_collector-2] [WARN] [1787908928.233873253] [kinematic_collector]: No fresh target detection at candidate pose, skipping
[kinematic_collector-2] [WARN] [1787908960.326283898] [kinematic_collector]: No fresh target detection at candidate pose, skipping
[kinematic_collector-2] [WARN] [1787908975.003019460] [kinematic_collector]: No fresh target detection at candidate pose, skipping
[kinematic_collector-2] [WARN] [1787909054.321917789] [kinematic_collector]: No fresh target detection at candidate pose, skipping
[kinematic_collector-2] [WARN] [1787909107.370007126] [kinematic_collector]: No fresh target detection at candidate pose, skipping
[kinematic_collector-2] [WARN] [1787909129.011764766] [kinematic_collector]: No fresh target detection at candidate pose, skipping
[kinematic_collector-2] [WARN] [1787909149.905937930] [kinematic_collector]: No fresh target detection at candidate pose, skipping
[kinematic_collector-2] [WARN] [1787909167.099895794] [kinematic_collector]: No fresh target detection at candidate pose, skipping
[kinematic_collector-2] [WARN] [1787909184.996731631] [kinematic_collector]: No fresh target detection at candidate pose, skipping
[kinematic_collector-2] [WARN] [1787909213.655418043] [kinematic_collector]: No fresh target detection at candidate pose, skipping
[kinematic_collector-2] [WARN] [1787909240.884086331] [kinematic_collector]: No fresh target detection at candidate pose, skipping
[kinematic_collector-2] [WARN] [1787909264.840708504] [kinematic_collector]: No fresh target detection at candidate pose, skipping
[kinematic_collector-2] [WARN] [1787909300.337312796] [kinematic_collector]: No fresh target detection at candidate pose, skipping
[kinematic_collector-2] [WARN] [1787909318.965559013] [kinematic_collector]: No fresh target detection at candidate pose, skipping
[kinematic_collector-2] [WARN] [1787909342.432383503] [kinematic_collector]: No fresh target detection at candidate pose, skipping
[kinematic_collector-2] [WARN] [1787909355.897108575] [kinematic_collector]: No fresh target detection at candidate pose, skipping
[kinematic_collector-2] [WARN] [1787909401.033083113] [kinematic_collector]: No fresh target detection at candidate pose, skipping
[kinematic_collector-2] [WARN] [1787909421.430438773] [kinematic_collector]: No fresh target detection at candidate pose, skipping
[kinematic_collector-2] [WARN] [1787909469.334266324] [kinematic_collector]: No fresh target detection at candidate pose, skipping
[kinematic_collector-2] [WARN] [1787909486.064002968] [kinematic_collector]: No fresh target detection at candidate pose, skipping
[kinematic_collector-2] [WARN] [1787909513.017638412] [kinematic_collector]: No fresh target detection at candidate pose, skipping
[kinematic_collector-2] [WARN] [1787909546.006825193] [kinematic_collector]: No fresh target detection at candidate pose, skipping
[kinematic_collector-2] [WARN] [1787909568.079591966] [kinematic_collector]: No fresh target detection at candidate pose, skipping
[kinematic_collector-2] [WARN] [1787909592.745696481] [kinematic_collector]: No fresh target detection at candidate pose, skipping
[kinematic_collector-2] [WARN] [1787909616.901482381] [kinematic_collector]: No fresh target detection at candidate pose, skipping
[kinematic_collector-2] [WARN] [1787909640.633078912] [kinematic_collector]: No fresh target detection at candidate pose, skipping
[kinematic_collector-2] [WARN] [1787909662.627421233] [kinematic_collector]: No fresh target detection at candidate pose, skipping
[kinematic_collector-2] [WARN] [1787909673.921193637] [kinematic_collector]: No fresh target detection at candidate pose, skipping
[kinematic_collector-2] [WARN] [1787909701.565100082] [kinematic_collector]: No fresh target detection at candidate pose, skipping
[kinematic_collector-2] [WARN] [1787909725.096982206] [kinematic_collector]: No fresh target detection at candidate pose, skipping
[kinematic_collector-2] [WARN] [1787909744.403513593] [kinematic_collector]: No fresh target detection at candidate pose, skipping
[kinematic_collector-2] [WARN] [1787909768.095694720] [kinematic_collector]: No fresh target detection at candidate pose, skipping
[kinematic_collector-2] [WARN] [1787909792.936395178] [kinematic_collector]: No fresh target detection at candidate pose, skipping
[kinematic_collector-2] [WARN] [1787909804.931004854] [kinematic_collector]: No fresh target detection at candidate pose, skipping
[kinematic_collector-2] [WARN] [1787909838.945136722] [kinematic_collector]: No fresh target detection at candidate pose, skipping
[kinematic_collector-2] [WARN] [1787909864.043188877] [kinematic_collector]: No fresh target detection at candidate pose, skipping
[kinematic_collector-2] [WARN] [1787909885.498461695] [kinematic_collector]: No fresh target detection at candidate pose, skipping
[kinematic_collector-2] [WARN] [1787909910.475130827] [kinematic_collector]: No fresh target detection at candidate pose, skipping
[kinematic_collector-2] [WARN] [1787909931.567792058] [kinematic_collector]: No fresh target detection at candidate pose, skipping
[kinematic_collector-2] [WARN] [1787909948.340682258] [kinematic_collector]: No fresh target detection at candidate pose, skipping
[kinematic_collector-2] [WARN] [1787909968.292241060] [kinematic_collector]: Action 'move_action' was unsuccessful: STATUS_ABORTED.
[kinematic_collector-2] [WARN] [1787909968.333620996] [kinematic_collector]: Candidate configuration skipped: motion failed
[kinematic_collector-2] [WARN] [1787909999.258226834] [kinematic_collector]: Action 'move_action' was unsuccessful: STATUS_ABORTED.
[kinematic_collector-2] [WARN] [1787909999.329013417] [kinematic_collector]: Candidate configuration skipped: motion failed
[kinematic_collector-2] [WARN] [1787910014.976333704] [kinematic_collector]: No fresh target detection at candidate pose, skipping
[kinematic_collector-2] [WARN] [1787910038.219000635] [kinematic_collector]: No fresh target detection at candidate pose, skipping
[kinematic_collector-2] [WARN] [1787910057.947767725] [kinematic_collector]: No fresh target detection at candidate pose, skipping
[kinematic_collector-2] [WARN] [1787910096.630448551] [kinematic_collector]: No fresh target detection at candidate pose, skipping
[kinematic_collector-2] [WARN] [1787910115.074883207] [kinematic_collector]: No fresh target detection at candidate pose, skipping
[kinematic_collector-2] [WARN] [1787910136.505158290] [kinematic_collector]: No fresh target detection at candidate pose, skipping
[kinematic_collector-2] [WARN] [1787910175.077787760] [kinematic_collector]: No fresh target detection at candidate pose, skipping
[kinematic_collector-2] [WARN] [1787910192.404575752] [kinematic_collector]: No fresh target detection at candidate pose, skipping
[kinematic_collector-2] [WARN] [1787910209.852440143] [kinematic_collector]: No fresh target detection at candidate pose, skipping
[kinematic_collector-2] [WARN] [1787910223.555577639] [kinematic_collector]: No fresh target detection at candidate pose, skipping
[WARNING] [launch]: user interrupted with ctrl-c (SIGINT)
[kinematic_visualization-4] Traceback (most recent call last):
[kinematic_visualization-4]   File "/home/jonas/Documents/Bachelorarbeit/robocal/install/annin_ar4_calibration/lib/python3.12/site-packages/annin_ar4_calibration/nodes/kinematic_visualization_node.py", line 250, in main
[kinematic_visualization-4]     rclpy.spin(node)
[kinematic_visualization-4]   File "/opt/ros/jazzy/lib/python3.12/site-packages/rclpy/__init__.py", line 247, in spin
[kinematic_visualization-4]     executor.spin_once()
[kinematic_visualization-4]   File "/opt/ros/jazzy/lib/python3.12/site-packages/rclpy/executors.py", line 926, in spin_once
[kinematic_visualization-4]     self._spin_once_impl(timeout_sec)
[kinematic_visualization-4]   File "/opt/ros/jazzy/lib/python3.12/site-packages/rclpy/executors.py", line 907, in _spin_once_impl
[kinematic_visualization-4]     handler, entity, node = self.wait_for_ready_callbacks(
[kinematic_visualization-4]                             ^^^^^^^^^^^^^^^^^^^^^^^^^^^^^^
[kinematic_visualization-4]   File "/opt/ros/jazzy/lib/python3.12/site-packages/rclpy/executors.py", line 877, in wait_for_ready_callbacks
[kinematic_visualization-4]     return next(self._cb_iter)
[kinematic_visualization-4]            ^^^^^^^^^^^^^^^^^^^
[kinematic_visualization-4]   File "/opt/ros/jazzy/lib/python3.12/site-packages/rclpy/executors.py", line 781, in _wait_for_ready_callbacks
[kinematic_visualization-4]     wait_set.wait(timeout_nsec)
[kinematic_visualization-4] KeyboardInterrupt
[kinematic_visualization-4] 
[kinematic_visualization-4] During handling of the above exception, another exception occurred:
[kinematic_visualization-4] 
[kinematic_visualization-4] Traceback (most recent call last):
[kinematic_visualization-4]   File "/home/jonas/Documents/Bachelorarbeit/robocal/install/annin_ar4_calibration/lib/annin_ar4_calibration/kinematic_visualization", line 33, in <module>
[kinematic_collector-2] Traceback (most recent call last):
[kinematic_collector-2]   File "/home/jonas/Documents/Bachelorarbeit/robocal/install/annin_ar4_calibration/lib/python3.12/site-packages/annin_ar4_calibration/nodes/kinematic_collector_node.py", line 642, in main
[kinematic_visualization-4]     sys.exit(load_entry_point('annin-ar4-calibration==0.0.1', 'console_scripts', 'kinematic_visualization')())
[kinematic_visualization-4]              ^^^^^^^^^^^^^^^^^^^^^^^^^^^^^^^^^^^^^^^^^^^^^^^^^^^^^^^^^^^^^^^^^^^^^^^^^^^^^^^^^^^^^^^^^^^^^^^^
[kinematic_visualization-4]   File "/home/jonas/Documents/Bachelorarbeit/robocal/install/annin_ar4_calibration/lib/python3.12/site-packages/annin_ar4_calibration/nodes/kinematic_visualization_node.py", line 253, in main
[kinematic_visualization-4]     rclpy.shutdown()
[kinematic_visualization-4]   File "/opt/ros/jazzy/lib/python3.12/site-packages/rclpy/__init__.py", line 134, in shutdown
[kinematic_visualization-4]     _shutdown(context=context)
[kinematic_visualization-4]   File "/opt/ros/jazzy/lib/python3.12/site-packages/rclpy/utilities.py", line 82, in shutdown
[kinematic_visualization-4]     context.shutdown()
[kinematic_visualization-4]   File "/opt/ros/jazzy/lib/python3.12/site-packages/rclpy/context.py", line 129, in shutdown
[kinematic_visualization-4]     self.__context.shutdown()
[kinematic_visualization-4] rclpy._rclpy_pybind11.RCLError: failed to shutdown: rcl_shutdown already called on the given context, at ./src/rcl/init.c:333
[kinematic_collector-2]     executor.spin()
[kinematic_collector-2]   File "/opt/ros/jazzy/lib/python3.12/site-packages/rclpy/executors.py", line 359, in spin
[kinematic_collector-2]     self._spin_once_impl()
[kinematic_collector-2]   File "/opt/ros/jazzy/lib/python3.12/site-packages/rclpy/executors.py", line 991, in _spin_once_impl
[kinematic_collector-2]     handler, entity, node = self.wait_for_ready_callbacks(
[kinematic_collector-2]                             ^^^^^^^^^^^^^^^^^^^^^^^^^^^^^^
[kinematic_collector-2]   File "/opt/ros/jazzy/lib/python3.12/site-packages/rclpy/executors.py", line 877, in wait_for_ready_callbacks
[kinematic_collector-2]     return next(self._cb_iter)
[kinematic_collector-2]            ^^^^^^^^^^^^^^^^^^^
[kinematic_collector-2]   File "/opt/ros/jazzy/lib/python3.12/site-packages/rclpy/executors.py", line 781, in _wait_for_ready_callbacks
[kinematic_collector-2]     wait_set.wait(timeout_nsec)
[kinematic_collector-2] KeyboardInterrupt
[kinematic_collector-2] 
[kinematic_collector-2] During handling of the above exception, another exception occurred:
[kinematic_collector-2] 
[kinematic_collector-2] Traceback (most recent call last):
[kinematic_collector-2]   File "/home/jonas/Documents/Bachelorarbeit/robocal/install/annin_ar4_calibration/lib/annin_ar4_calibration/kinematic_collector", line 33, in <module>
[kinematic_collector-2]     sys.exit(load_entry_point('annin-ar4-calibration==0.0.1', 'console_scripts', 'kinematic_collector')())
[kinematic_collector-2]              ^^^^^^^^^^^^^^^^^^^^^^^^^^^^^^^^^^^^^^^^^^^^^^^^^^^^^^^^^^^^^^^^^^^^^^^^^^^^^^^^^^^^^^^^^^^^
[kinematic_collector-2]   File "/home/jonas/Documents/Bachelorarbeit/robocal/install/annin_ar4_calibration/lib/python3.12/site-packages/annin_ar4_calibration/nodes/kinematic_collector_node.py", line 645, in main
[kinematic_collector-2]     rclpy.shutdown()
[kinematic_collector-2]   File "/opt/ros/jazzy/lib/python3.12/site-packages/rclpy/__init__.py", line 134, in shutdown
[kinematic_collector-2]     _shutdown(context=context)
[kinematic_collector-2]   File "/opt/ros/jazzy/lib/python3.12/site-packages/rclpy/utilities.py", line 82, in shutdown
[kinematic_collector-2]     context.shutdown()
[kinematic_collector-2]   File "/opt/ros/jazzy/lib/python3.12/site-packages/rclpy/context.py", line 129, in shutdown
[kinematic_collector-2]     self.__context.shutdown()
[kinematic_collector-2] rclpy._rclpy_pybind11.RCLError: failed to shutdown: rcl_shutdown already called on the given context, at ./src/rcl/init.c:333
[target_detector-1] Traceback (most recent call last):
[target_detector-1]   File "/home/jonas/Documents/Bachelorarbeit/robocal/install/annin_ar4_calibration/lib/python3.12/site-packages/annin_ar4_calibration/nodes/target_detector_node.py", line 122, in main
[target_detector-1]     rclpy.spin(node)
[target_detector-1]   File "/opt/ros/jazzy/lib/python3.12/site-packages/rclpy/__init__.py", line 247, in spin
[target_detector-1]     executor.spin_once()
[target_detector-1]   File "/opt/ros/jazzy/lib/python3.12/site-packages/rclpy/executors.py", line 926, in spin_once
[target_detector-1]     self._spin_once_impl(timeout_sec)
[target_detector-1]   File "/opt/ros/jazzy/lib/python3.12/site-packages/rclpy/executors.py", line 907, in _spin_once_impl
[target_detector-1]     handler, entity, node = self.wait_for_ready_callbacks(
[target_detector-1]                             ^^^^^^^^^^^^^^^^^^^^^^^^^^^^^^
[target_detector-1]   File "/opt/ros/jazzy/lib/python3.12/site-packages/rclpy/executors.py", line 877, in wait_for_ready_callbacks
[target_detector-1]     return next(self._cb_iter)
[target_detector-1]            ^^^^^^^^^^^^^^^^^^^
[target_detector-1]   File "/opt/ros/jazzy/lib/python3.12/site-packages/rclpy/executors.py", line 781, in _wait_for_ready_callbacks
[target_detector-1]     wait_set.wait(timeout_nsec)
[target_detector-1] KeyboardInterrupt
[target_detector-1] 
[target_detector-1] During handling of the above exception, another exception occurred:
[target_detector-1] 
[target_detector-1] Traceback (most recent call last):
[target_detector-1]   File "/home/jonas/Documents/Bachelorarbeit/robocal/install/annin_ar4_calibration/lib/annin_ar4_calibration/target_detector", line 33, in <module>
[target_detector-1]     sys.exit(load_entry_point('annin-ar4-calibration==0.0.1', 'console_scripts', 'target_detector')())
[target_detector-1]              ^^^^^^^^^^^^^^^^^^^^^^^^^^^^^^^^^^^^^^^^^^^^^^^^^^^^^^^^^^^^^^^^^^^^^^^^^^^^^^^^^^^^^^^^
[target_detector-1]   File "/home/jonas/Documents/Bachelorarbeit/robocal/install/annin_ar4_calibration/lib/python3.12/site-packages/annin_ar4_calibration/nodes/target_detector_node.py", line 125, in main
[target_detector-1]     rclpy.shutdown()
[target_detector-1]   File "/opt/ros/jazzy/lib/python3.12/site-packages/rclpy/__init__.py", line 134, in shutdown
[target_detector-1]     _shutdown(context=context)
[target_detector-1]   File "/opt/ros/jazzy/lib/python3.12/site-packages/rclpy/utilities.py", line 82, in shutdown
[target_detector-1]     context.shutdown()
[target_detector-1]   File "/opt/ros/jazzy/lib/python3.12/site-packages/rclpy/context.py", line 129, in shutdown
[target_detector-1]     self.__context.shutdown()
[target_detector-1] rclpy._rclpy_pybind11.RCLError: failed to shutdown: rcl_shutdown already called on the given context, at ./src/rcl/init.c:333
[kinematic_calibration-3] Traceback (most recent call last):
[kinematic_calibration-3]   File "/home/jonas/Documents/Bachelorarbeit/robocal/install/annin_ar4_calibration/lib/python3.12/site-packages/annin_ar4_calibration/nodes/kinematic_calibration_node.py", line 248, in main
[kinematic_calibration-3]     rclpy.spin(node)
[kinematic_calibration-3]   File "/opt/ros/jazzy/lib/python3.12/site-packages/rclpy/__init__.py", line 247, in spin
[kinematic_calibration-3]     executor.spin_once()
[kinematic_calibration-3]   File "/opt/ros/jazzy/lib/python3.12/site-packages/rclpy/executors.py", line 926, in spin_once
[kinematic_calibration-3]     self._spin_once_impl(timeout_sec)
[kinematic_calibration-3]   File "/opt/ros/jazzy/lib/python3.12/site-packages/rclpy/executors.py", line 907, in _spin_once_impl
[kinematic_calibration-3]     handler, entity, node = self.wait_for_ready_callbacks(
[kinematic_calibration-3]                             ^^^^^^^^^^^^^^^^^^^^^^^^^^^^^^
[kinematic_calibration-3]   File "/opt/ros/jazzy/lib/python3.12/site-packages/rclpy/executors.py", line 877, in wait_for_ready_callbacks
[kinematic_calibration-3]     return next(self._cb_iter)
[kinematic_calibration-3]            ^^^^^^^^^^^^^^^^^^^
[kinematic_calibration-3]   File "/opt/ros/jazzy/lib/python3.12/site-packages/rclpy/executors.py", line 781, in _wait_for_ready_callbacks
[kinematic_calibration-3]     wait_set.wait(timeout_nsec)
[kinematic_calibration-3] KeyboardInterrupt
[kinematic_calibration-3] 
[kinematic_calibration-3] During handling of the above exception, another exception occurred:
[kinematic_calibration-3] 
[kinematic_calibration-3] Traceback (most recent call last):
[kinematic_calibration-3]   File "/home/jonas/Documents/Bachelorarbeit/robocal/install/annin_ar4_calibration/lib/annin_ar4_calibration/kinematic_calibration", line 33, in <module>
[kinematic_calibration-3]     sys.exit(load_entry_point('annin-ar4-calibration==0.0.1', 'console_scripts', 'kinematic_calibration')())
[kinematic_calibration-3]              ^^^^^^^^^^^^^^^^^^^^^^^^^^^^^^^^^^^^^^^^^^^^^^^^^^^^^^^^^^^^^^^^^^^^^^^^^^^^^^^^^^^^^^^^^^^^^^
[kinematic_calibration-3]   File "/home/jonas/Documents/Bachelorarbeit/robocal/install/annin_ar4_calibration/lib/python3.12/site-packages/annin_ar4_calibration/nodes/kinematic_calibration_node.py", line 251, in main
[kinematic_calibration-3]     rclpy.shutdown()
[kinematic_calibration-3]   File "/opt/ros/jazzy/lib/python3.12/site-packages/rclpy/__init__.py", line 134, in shutdown
[kinematic_calibration-3]     _shutdown(context=context)
[kinematic_calibration-3]   File "/opt/ros/jazzy/lib/python3.12/site-packages/rclpy/utilities.py", line 82, in shutdown
[kinematic_calibration-3]     context.shutdown()
[kinematic_calibration-3]   File "/opt/ros/jazzy/lib/python3.12/site-packages/rclpy/context.py", line 129, in shutdown
[kinematic_calibration-3]     self.__context.shutdown()
[kinematic_calibration-3] rclpy._rclpy_pybind11.RCLError: failed to shutdown: rcl_shutdown already called on the given context, at ./src/rcl/init.c:333
[ERROR] [kinematic_calibration-3]: process has died [pid 48010, exit code 1, cmd '/home/jonas/Documents/Bachelorarbeit/robocal/install/annin_ar4_calibration/lib/annin_ar4_calibration/kinematic_calibration --ros-args -r __node:=kinematic_calibration -p use_sim_time:=True --params-file /home/jonas/Documents/Bachelorarbeit/robocal/install/annin_ar4_calibration/share/annin_ar4_calibration/config/kinematic_params.yaml --params-file /home/jonas/Documents/Bachelorarbeit/robocal/install/annin_ar4_calibration/share/annin_ar4_calibration/config/sim_overrides.yaml --params-file /home/jonas/benchmarks/runs/sim_wp4-s002-47cda7ab0f/extra_params.yaml --params-file /tmp/launch_params_ew1tiiuu'].
[ERROR] [kinematic_collector-2]: process has died [pid 48009, exit code 1, cmd '/home/jonas/Documents/Bachelorarbeit/robocal/install/annin_ar4_calibration/lib/annin_ar4_calibration/kinematic_collector --ros-args -r __node:=kinematic_collector -p use_sim_time:=True --params-file /home/jonas/Documents/Bachelorarbeit/robocal/install/annin_ar4_calibration/share/annin_ar4_calibration/config/kinematic_params.yaml --params-file /home/jonas/Documents/Bachelorarbeit/robocal/install/annin_ar4_calibration/share/annin_ar4_calibration/config/sim_overrides.yaml --params-file /home/jonas/benchmarks/runs/sim_wp4-s002-47cda7ab0f/extra_params.yaml --params-file /tmp/launch_params_qkwsv3gp'].
[ERROR] [kinematic_visualization-4]: process has died [pid 48011, exit code 1, cmd '/home/jonas/Documents/Bachelorarbeit/robocal/install/annin_ar4_calibration/lib/annin_ar4_calibration/kinematic_visualization --ros-args -r __node:=kinematic_visualization -p use_sim_time:=True --params-file /home/jonas/Documents/Bachelorarbeit/robocal/install/annin_ar4_calibration/share/annin_ar4_calibration/config/kinematic_params.yaml --params-file /home/jonas/Documents/Bachelorarbeit/robocal/install/annin_ar4_calibration/share/annin_ar4_calibration/config/sim_overrides.yaml --params-file /home/jonas/benchmarks/runs/sim_wp4-s002-47cda7ab0f/extra_params.yaml'].
[ERROR] [target_detector-1]: process has died [pid 48008, exit code 1, cmd '/home/jonas/Documents/Bachelorarbeit/robocal/install/annin_ar4_calibration/lib/annin_ar4_calibration/target_detector --ros-args -r __node:=target_detector -p use_sim_time:=True --params-file /home/jonas/Documents/Bachelorarbeit/robocal/install/annin_ar4_calibration/share/annin_ar4_calibration/config/kinematic_params.yaml --params-file /home/jonas/Documents/Bachelorarbeit/robocal/install/annin_ar4_calibration/share/annin_ar4_calibration/config/sim_overrides.yaml --params-file /home/jonas/benchmarks/runs/sim_wp4-s002-47cda7ab0f/extra_params.yaml --params-file /tmp/launch_params_aaj1hqba'].
[INFO] [launch]: All log files can be found below /home/jonas/benchmarks/runs/sim_wp4-s002-47cda7ab0f/ros_home/log/2026-09-03-00-28-22-106207-Feanor-289148
[INFO] [launch]: Default logging verbosity is set to INFO
[INFO] [target_detector-1]: process started with pid [289159]
[INFO] [kinematic_collector-2]: process started with pid [289160]
[INFO] [kinematic_calibration-3]: process started with pid [289161]
[INFO] [kinematic_visualization-4]: process started with pid [289162]
[target_detector-1] [INFO] [1788388104.916569714] [target_detector]: Target detector ready: target_type=charuco, target_frame=calibration_target
[kinematic_calibration-3] [WARN] [1788388104.959492503] [kinematic_calibration]: joint_2/joint_3 axes are near-parallel (|dot|=1.0000) - expect a poorly-conditioned direction there, mitigated by ridge regularization/bounds, not corrected exactly.
[kinematic_calibration-3] [INFO] [1788388104.998818759] [kinematic_calibration]: Kinematic calibration ready: calibration_type=eye_to_hand, sample_file=/home/jonas/benchmarks/runs/sim_wp4-s002-47cda7ab0f/ros_home/annin_ar4_calibration/kinematic_samples.npy, result_file=/home/jonas/benchmarks/runs/sim_wp4-s002-47cda7ab0f/ros_home/annin_ar4_calibration/kinematic_result.yaml
[kinematic_collector-2] [INFO] [1788388105.645108796] [kinematic_collector]: Kinematic collector ready: sample_file=/home/jonas/benchmarks/runs/sim_wp4-s002-47cda7ab0f/ros_home/annin_ar4_calibration/kinematic_samples.npy. This node moves the robot during run_auto_sequence - clear the workspace first.
[kinematic_collector-2] [INFO] [1788388106.878896810] [kinematic_collector]: Target marker face: board +Z (learned from the seed detection)
[kinematic_collector-2] [INFO] [1788388107.292296319] [kinematic_collector]: Candidate generation: 800/800 visible configs from 24576 draws (3.8% yield)
[kinematic_collector-2] [WARN] [1788388162.484037545] [kinematic_collector]: Action 'move_action' was unsuccessful: STATUS_ABORTED.
[kinematic_collector-2] [WARN] [1788388162.519214174] [kinematic_collector]: Candidate configuration skipped: motion failed
[kinematic_collector-2] [WARN] [1788388168.927862958] [kinematic_collector]: Action 'move_action' was unsuccessful: STATUS_ABORTED.
[kinematic_collector-2] [WARN] [1788388169.000333889] [kinematic_collector]: Candidate configuration skipped: motion failed
[kinematic_collector-2] [WARN] [1788388213.837279928] [kinematic_collector]: Action 'move_action' was unsuccessful: STATUS_ABORTED.
[kinematic_collector-2] [WARN] [1788388213.886156883] [kinematic_collector]: Candidate configuration skipped: motion failed
[kinematic_collector-2] [WARN] [1788388254.060282773] [kinematic_collector]: No fresh target detection at candidate pose, skipping
[kinematic_collector-2] [WARN] [1788388358.797333083] [kinematic_collector]: Action 'move_action' was unsuccessful: STATUS_ABORTED.
[kinematic_collector-2] [WARN] [1788388358.835870447] [kinematic_collector]: Candidate configuration skipped: motion failed
[kinematic_collector-2] [WARN] [1788388365.935563737] [kinematic_collector]: Action 'move_action' was unsuccessful: STATUS_ABORTED.
[kinematic_collector-2] [WARN] [1788388365.983011527] [kinematic_collector]: Candidate configuration skipped: motion failed
[kinematic_collector-2] [WARN] [1788388455.171021659] [kinematic_collector]: No fresh target detection at candidate pose, skipping
[kinematic_collector-2] [WARN] [1788388473.957347180] [kinematic_collector]: Action 'move_action' was unsuccessful: STATUS_ABORTED.
[kinematic_collector-2] [WARN] [1788388473.992140122] [kinematic_collector]: Candidate configuration skipped: motion failed
[kinematic_collector-2] [WARN] [1788388505.178111519] [kinematic_collector]: No fresh target detection at candidate pose, skipping
[kinematic_collector-2] [WARN] [1788388620.079811150] [kinematic_collector]: No fresh target detection at candidate pose, skipping
[kinematic_collector-2] [WARN] [1788388695.317343723] [kinematic_collector]: Action 'move_action' was unsuccessful: STATUS_ABORTED.
[kinematic_collector-2] [WARN] [1788388695.382624799] [kinematic_collector]: Candidate configuration skipped: motion failed
[kinematic_collector-2] [WARN] [1788388942.563716404] [kinematic_collector]: No fresh target detection at candidate pose, skipping
[kinematic_collector-2] [WARN] [1788389014.474633501] [kinematic_collector]: Action 'move_action' was unsuccessful: STATUS_ABORTED.
[kinematic_collector-2] [WARN] [1788389014.537688257] [kinematic_collector]: Candidate configuration skipped: motion failed
[kinematic_collector-2] [WARN] [1788389025.078007123] [kinematic_collector]: Action 'move_action' was unsuccessful: STATUS_ABORTED.
[kinematic_collector-2] [WARN] [1788389025.135598272] [kinematic_collector]: Candidate configuration skipped: motion failed
[kinematic_collector-2] [WARN] [1788389211.193113176] [kinematic_collector]: No fresh target detection at candidate pose, skipping
[kinematic_collector-2] [WARN] [1788389242.492629271] [kinematic_collector]: No fresh target detection at candidate pose, skipping
[WARNING] [launch]: user interrupted with ctrl-c (SIGINT)
[kinematic_visualization-4] Traceback (most recent call last):
[kinematic_visualization-4]   File "/home/jonas/Documents/Bachelorarbeit/robocal/install/annin_ar4_calibration/lib/python3.12/site-packages/annin_ar4_calibration/nodes/kinematic_visualization_node.py", line 250, in main
[kinematic_calibration-3] Traceback (most recent call last):
[kinematic_calibration-3]   File "/home/jonas/Documents/Bachelorarbeit/robocal/install/annin_ar4_calibration/lib/python3.12/site-packages/annin_ar4_calibration/nodes/kinematic_calibration_node.py", line 248, in main
[kinematic_calibration-3]     rclpy.spin(node)
[kinematic_calibration-3]   File "/opt/ros/jazzy/lib/python3.12/site-packages/rclpy/__init__.py", line 247, in spin
[kinematic_calibration-3]     executor.spin_once()
[kinematic_calibration-3]   File "/opt/ros/jazzy/lib/python3.12/site-packages/rclpy/executors.py", line 926, in spin_once
[kinematic_calibration-3]     self._spin_once_impl(timeout_sec)
[kinematic_calibration-3]   File "/opt/ros/jazzy/lib/python3.12/site-packages/rclpy/executors.py", line 907, in _spin_once_impl
[kinematic_calibration-3]     handler, entity, node = self.wait_for_ready_callbacks(
[kinematic_calibration-3]                             ^^^^^^^^^^^^^^^^^^^^^^^^^^^^^^
[kinematic_calibration-3]   File "/opt/ros/jazzy/lib/python3.12/site-packages/rclpy/executors.py", line 877, in wait_for_ready_callbacks
[kinematic_calibration-3]     return next(self._cb_iter)
[kinematic_calibration-3]            ^^^^^^^^^^^^^^^^^^^
[kinematic_calibration-3]   File "/opt/ros/jazzy/lib/python3.12/site-packages/rclpy/executors.py", line 748, in _wait_for_ready_callbacks
[kinematic_calibration-3]     context_stack.enter_context(waitable)
[kinematic_calibration-3]   File "/usr/lib/python3.12/contextlib.py", line 526, in enter_context
[kinematic_calibration-3]     result = _enter(cm)
[kinematic_calibration-3]              ^^^^^^^^^^
[kinematic_calibration-3]   File "/opt/ros/jazzy/lib/python3.12/site-packages/rclpy/event_handler.py", line 127, in __enter__
[kinematic_calibration-3]     def __enter__(self):
[kinematic_calibration-3] 
[kinematic_calibration-3] KeyboardInterrupt
[kinematic_calibration-3] 
[kinematic_calibration-3] During handling of the above exception, another exception occurred:
[kinematic_calibration-3] 
[kinematic_calibration-3] Traceback (most recent call last):
[kinematic_calibration-3]   File "/home/jonas/Documents/Bachelorarbeit/robocal/install/annin_ar4_calibration/lib/annin_ar4_calibration/kinematic_calibration", line 33, in <module>
[target_detector-1] Traceback (most recent call last):
[target_detector-1]   File "/home/jonas/Documents/Bachelorarbeit/robocal/install/annin_ar4_calibration/lib/python3.12/site-packages/annin_ar4_calibration/nodes/target_detector_node.py", line 122, in main
[kinematic_visualization-4]     rclpy.spin(node)
[kinematic_visualization-4]   File "/opt/ros/jazzy/lib/python3.12/site-packages/rclpy/__init__.py", line 247, in spin
[kinematic_visualization-4]     executor.spin_once()
[kinematic_visualization-4]   File "/opt/ros/jazzy/lib/python3.12/site-packages/rclpy/executors.py", line 926, in spin_once
[kinematic_visualization-4]     self._spin_once_impl(timeout_sec)
[kinematic_visualization-4]   File "/opt/ros/jazzy/lib/python3.12/site-packages/rclpy/executors.py", line 907, in _spin_once_impl
[kinematic_visualization-4]     handler, entity, node = self.wait_for_ready_callbacks(
[kinematic_visualization-4]                             ^^^^^^^^^^^^^^^^^^^^^^^^^^^^^^
[kinematic_visualization-4]   File "/opt/ros/jazzy/lib/python3.12/site-packages/rclpy/executors.py", line 877, in wait_for_ready_callbacks
[kinematic_visualization-4]     return next(self._cb_iter)
[kinematic_visualization-4]            ^^^^^^^^^^^^^^^^^^^
[kinematic_visualization-4]   File "/opt/ros/jazzy/lib/python3.12/site-packages/rclpy/executors.py", line 823, in _wait_for_ready_callbacks
[kinematic_visualization-4]     handler = self._make_handler(sub, node, self._take_subscription)
[kinematic_visualization-4]               ^^^^^^^^^^^^^^^^^^^^^^^^^^^^^^^^^^^^^^^^^^^^^^^^^^^^^^
[kinematic_visualization-4]   File "/opt/ros/jazzy/lib/python3.12/site-packages/rclpy/executors.py", line 604, in _make_handler
[kinematic_visualization-4]     task = Task(
[kinematic_visualization-4]            ^^^^^
[kinematic_visualization-4]   File "/opt/ros/jazzy/lib/python3.12/site-packages/rclpy/task.py", line 240, in __init__
[kinematic_visualization-4]     if inspect.iscoroutinefunction(handler):
[kinematic_visualization-4]        ^^^^^^^^^^^^^^^^^^^^^^^^^^^^^^^^^^^^
[kinematic_visualization-4]   File "/usr/lib/python3.12/inspect.py", line 426, in iscoroutinefunction
[kinematic_calibration-3]     sys.exit(load_entry_point('annin-ar4-calibration==0.0.1', 'console_scripts', 'kinematic_calibration')())
[kinematic_calibration-3]              ^^^^^^^^^^^^^^^^^^^^^^^^^^^^^^^^^^^^^^^^^^^^^^^^^^^^^^^^^^^^^^^^^^^^^^^^^^^^^^^^^^^^^^^^^^^^^^
[kinematic_calibration-3]   File "/home/jonas/Documents/Bachelorarbeit/robocal/install/annin_ar4_calibration/lib/python3.12/site-packages/annin_ar4_calibration/nodes/kinematic_calibration_node.py", line 251, in main
[kinematic_visualization-4]     return _has_code_flag(obj, CO_COROUTINE) or _has_coroutine_mark(obj)
[kinematic_visualization-4]            ^^^^^^^^^^^^^^^^^^^^^^^^^^^^^^^^^
[kinematic_visualization-4]   File "/usr/lib/python3.12/inspect.py", line 393, in _has_code_flag
[kinematic_visualization-4]     return bool(f.__code__.co_flags & flag)
[kinematic_visualization-4]            ^^^^^^^^^^^^^^^^^^^^^^^^^^^^^^^^
[kinematic_visualization-4] KeyboardInterrupt
[kinematic_visualization-4] 
[kinematic_visualization-4] During handling of the above exception, another exception occurred:
[kinematic_visualization-4] 
[kinematic_visualization-4] Traceback (most recent call last):
[kinematic_visualization-4]   File "/home/jonas/Documents/Bachelorarbeit/robocal/install/annin_ar4_calibration/lib/annin_ar4_calibration/kinematic_visualization", line 33, in <module>
[target_detector-1]     rclpy.spin(node)
[target_detector-1]   File "/opt/ros/jazzy/lib/python3.12/site-packages/rclpy/__init__.py", line 247, in spin
[target_detector-1]     executor.spin_once()
[target_detector-1]   File "/opt/ros/jazzy/lib/python3.12/site-packages/rclpy/executors.py", line 926, in spin_once
[target_detector-1]     self._spin_once_impl(timeout_sec)
[target_detector-1]   File "/opt/ros/jazzy/lib/python3.12/site-packages/rclpy/executors.py", line 916, in _spin_once_impl
[target_detector-1]     handler()
[target_detector-1]   File "/opt/ros/jazzy/lib/python3.12/site-packages/rclpy/task.py", line 270, in __call__
[target_detector-1]     self._execute_coroutine_step(self._handler)
[target_detector-1]   File "/opt/ros/jazzy/lib/python3.12/site-packages/rclpy/task.py", line 286, in _execute_coroutine_step
[target_detector-1]     result = coro.send(None)
[target_detector-1]              ^^^^^^^^^^^^^^^
[target_detector-1]   File "/opt/ros/jazzy/lib/python3.12/site-packages/rclpy/executors.py", line 581, in handler
[target_detector-1]     with work_tracker:
[target_detector-1]   File "/opt/ros/jazzy/lib/python3.12/site-packages/rclpy/executors.py", line 86, in __exit__
[target_detector-1]     with self._work_condition:
[target_detector-1]   File "/usr/lib/python3.12/threading.py", line 303, in __exit__
[target_detector-1]     return self._lock.__exit__(*args)
[target_detector-1]            ^^^^^^^^^^^^^^^^^^^^^^^^^^
[target_detector-1] KeyboardInterrupt
[target_detector-1] 
[target_detector-1] During handling of the above exception, another exception occurred:
[target_detector-1] 
[target_detector-1] Traceback (most recent call last):
[target_detector-1]   File "/home/jonas/Documents/Bachelorarbeit/robocal/install/annin_ar4_calibration/lib/annin_ar4_calibration/target_detector", line 33, in <module>
[kinematic_visualization-4]     sys.exit(load_entry_point('annin-ar4-calibration==0.0.1', 'console_scripts', 'kinematic_visualization')())
[kinematic_visualization-4]              ^^^^^^^^^^^^^^^^^^^^^^^^^^^^^^^^^^^^^^^^^^^^^^^^^^^^^^^^^^^^^^^^^^^^^^^^^^^^^^^^^^^^^^^^^^^^^^^^
[kinematic_visualization-4]   File "/home/jonas/Documents/Bachelorarbeit/robocal/install/annin_ar4_calibration/lib/python3.12/site-packages/annin_ar4_calibration/nodes/kinematic_visualization_node.py", line 253, in main
[kinematic_calibration-3]     rclpy.shutdown()
[kinematic_calibration-3]   File "/opt/ros/jazzy/lib/python3.12/site-packages/rclpy/__init__.py", line 134, in shutdown
[kinematic_calibration-3]     _shutdown(context=context)
[kinematic_calibration-3]   File "/opt/ros/jazzy/lib/python3.12/site-packages/rclpy/utilities.py", line 82, in shutdown
[kinematic_calibration-3]     context.shutdown()
[kinematic_calibration-3]   File "/opt/ros/jazzy/lib/python3.12/site-packages/rclpy/context.py", line 129, in shutdown
[kinematic_calibration-3]     self.__context.shutdown()
[kinematic_calibration-3] rclpy._rclpy_pybind11.RCLError: failed to shutdown: rcl_shutdown already called on the given context, at ./src/rcl/init.c:333
[target_detector-1]     sys.exit(load_entry_point('annin-ar4-calibration==0.0.1', 'console_scripts', 'target_detector')())
[target_detector-1]              ^^^^^^^^^^^^^^^^^^^^^^^^^^^^^^^^^^^^^^^^^^^^^^^^^^^^^^^^^^^^^^^^^^^^^^^^^^^^^^^^^^^^^^^^
[target_detector-1]   File "/home/jonas/Documents/Bachelorarbeit/robocal/install/annin_ar4_calibration/lib/python3.12/site-packages/annin_ar4_calibration/nodes/target_detector_node.py", line 125, in main
[target_detector-1]     rclpy.shutdown()
[target_detector-1]   File "/opt/ros/jazzy/lib/python3.12/site-packages/rclpy/__init__.py", line 134, in shutdown
[target_detector-1]     _shutdown(context=context)
[target_detector-1]   File "/opt/ros/jazzy/lib/python3.12/site-packages/rclpy/utilities.py", line 82, in shutdown
[target_detector-1]     context.shutdown()
[target_detector-1]   File "/opt/ros/jazzy/lib/python3.12/site-packages/rclpy/context.py", line 129, in shutdown
[target_detector-1]     self.__context.shutdown()
[target_detector-1] rclpy._rclpy_pybind11.RCLError: failed to shutdown: rcl_shutdown already called on the given context, at ./src/rcl/init.c:333
[kinematic_visualization-4]     rclpy.shutdown()
[kinematic_visualization-4]   File "/opt/ros/jazzy/lib/python3.12/site-packages/rclpy/__init__.py", line 134, in shutdown
[kinematic_visualization-4]     _shutdown(context=context)
[kinematic_visualization-4]   File "/opt/ros/jazzy/lib/python3.12/site-packages/rclpy/utilities.py", line 82, in shutdown
[kinematic_visualization-4]     context.shutdown()
[kinematic_visualization-4]   File "/opt/ros/jazzy/lib/python3.12/site-packages/rclpy/context.py", line 129, in shutdown
[kinematic_visualization-4]     self.__context.shutdown()
[kinematic_visualization-4] rclpy._rclpy_pybind11.RCLError: failed to shutdown: rcl_shutdown already called on the given context, at ./src/rcl/init.c:333
[kinematic_collector-2] Traceback (most recent call last):
[kinematic_collector-2]   File "/home/jonas/Documents/Bachelorarbeit/robocal/install/annin_ar4_calibration/lib/python3.12/site-packages/annin_ar4_calibration/nodes/kinematic_collector_node.py", line 655, in main
[kinematic_collector-2]     executor.spin()
[kinematic_collector-2]   File "/opt/ros/jazzy/lib/python3.12/site-packages/rclpy/executors.py", line 359, in spin
[kinematic_collector-2]     self._spin_once_impl()
[kinematic_collector-2]   File "/opt/ros/jazzy/lib/python3.12/site-packages/rclpy/executors.py", line 991, in _spin_once_impl
[kinematic_collector-2]     handler, entity, node = self.wait_for_ready_callbacks(
[kinematic_collector-2]                             ^^^^^^^^^^^^^^^^^^^^^^^^^^^^^^
[kinematic_collector-2]   File "/opt/ros/jazzy/lib/python3.12/site-packages/rclpy/executors.py", line 877, in wait_for_ready_callbacks
[kinematic_collector-2]     return next(self._cb_iter)
[kinematic_collector-2]            ^^^^^^^^^^^^^^^^^^^
[kinematic_collector-2]   File "/opt/ros/jazzy/lib/python3.12/site-packages/rclpy/executors.py", line 842, in _wait_for_ready_callbacks
[kinematic_collector-2]     if srv.handle.pointer in services_ready:
[kinematic_collector-2]        ^^^^^^^^^^^^^^^^^^^^^^^^^^^^^^^^^^^^
[kinematic_collector-2] KeyboardInterrupt
[kinematic_collector-2] 
[kinematic_collector-2] During handling of the above exception, another exception occurred:
[kinematic_collector-2] 
[kinematic_collector-2] Traceback (most recent call last):
[kinematic_collector-2]   File "/home/jonas/Documents/Bachelorarbeit/robocal/install/annin_ar4_calibration/lib/annin_ar4_calibration/kinematic_collector", line 33, in <module>
[kinematic_collector-2]     sys.exit(load_entry_point('annin-ar4-calibration==0.0.1', 'console_scripts', 'kinematic_collector')())
[kinematic_collector-2]              ^^^^^^^^^^^^^^^^^^^^^^^^^^^^^^^^^^^^^^^^^^^^^^^^^^^^^^^^^^^^^^^^^^^^^^^^^^^^^^^^^^^^^^^^^^^^
[kinematic_collector-2]   File "/home/jonas/Documents/Bachelorarbeit/robocal/install/annin_ar4_calibration/lib/python3.12/site-packages/annin_ar4_calibration/nodes/kinematic_collector_node.py", line 658, in main
[kinematic_collector-2]     rclpy.shutdown()
[kinematic_collector-2]   File "/opt/ros/jazzy/lib/python3.12/site-packages/rclpy/__init__.py", line 134, in shutdown
[kinematic_collector-2]     _shutdown(context=context)
[kinematic_collector-2]   File "/opt/ros/jazzy/lib/python3.12/site-packages/rclpy/utilities.py", line 82, in shutdown
[kinematic_collector-2]     context.shutdown()
[kinematic_collector-2]   File "/opt/ros/jazzy/lib/python3.12/site-packages/rclpy/context.py", line 129, in shutdown
[kinematic_collector-2]     self.__context.shutdown()
[kinematic_collector-2] rclpy._rclpy_pybind11.RCLError: failed to shutdown: rcl_shutdown already called on the given context, at ./src/rcl/init.c:333
[ERROR] [kinematic_calibration-3]: process has died [pid 289161, exit code 1, cmd '/home/jonas/Documents/Bachelorarbeit/robocal/install/annin_ar4_calibration/lib/annin_ar4_calibration/kinematic_calibration --ros-args -r __node:=kinematic_calibration -p use_sim_time:=True --params-file /home/jonas/Documents/Bachelorarbeit/robocal/install/annin_ar4_calibration/share/annin_ar4_calibration/config/kinematic_params.yaml --params-file /home/jonas/Documents/Bachelorarbeit/robocal/install/annin_ar4_calibration/share/annin_ar4_calibration/config/sim_overrides.yaml --params-file /home/jonas/benchmarks/runs/sim_wp4-s002-47cda7ab0f/extra_params.yaml --params-file /tmp/launch_params_vpi4za8m'].
[ERROR] [kinematic_visualization-4]: process has died [pid 289162, exit code 1, cmd '/home/jonas/Documents/Bachelorarbeit/robocal/install/annin_ar4_calibration/lib/annin_ar4_calibration/kinematic_visualization --ros-args -r __node:=kinematic_visualization -p use_sim_time:=True --params-file /home/jonas/Documents/Bachelorarbeit/robocal/install/annin_ar4_calibration/share/annin_ar4_calibration/config/kinematic_params.yaml --params-file /home/jonas/Documents/Bachelorarbeit/robocal/install/annin_ar4_calibration/share/annin_ar4_calibration/config/sim_overrides.yaml --params-file /home/jonas/benchmarks/runs/sim_wp4-s002-47cda7ab0f/extra_params.yaml'].
[ERROR] [target_detector-1]: process has died [pid 289159, exit code 1, cmd '/home/jonas/Documents/Bachelorarbeit/robocal/install/annin_ar4_calibration/lib/annin_ar4_calibration/target_detector --ros-args -r __node:=target_detector -p use_sim_time:=True --params-file /home/jonas/Documents/Bachelorarbeit/robocal/install/annin_ar4_calibration/share/annin_ar4_calibration/config/kinematic_params.yaml --params-file /home/jonas/Documents/Bachelorarbeit/robocal/install/annin_ar4_calibration/share/annin_ar4_calibration/config/sim_overrides.yaml --params-file /home/jonas/benchmarks/runs/sim_wp4-s002-47cda7ab0f/extra_params.yaml --params-file /tmp/launch_params_h4w825hk'].
[ERROR] [kinematic_collector-2]: process has died [pid 289160, exit code 1, cmd '/home/jonas/Documents/Bachelorarbeit/robocal/install/annin_ar4_calibration/lib/annin_ar4_calibration/kinematic_collector --ros-args -r __node:=kinematic_collector -p use_sim_time:=True --params-file /home/jonas/Documents/Bachelorarbeit/robocal/install/annin_ar4_calibration/share/annin_ar4_calibration/config/kinematic_params.yaml --params-file /home/jonas/Documents/Bachelorarbeit/robocal/install/annin_ar4_calibration/share/annin_ar4_calibration/config/sim_overrides.yaml --params-file /home/jonas/benchmarks/runs/sim_wp4-s002-47cda7ab0f/extra_params.yaml --params-file /tmp/launch_params_qvsbvc4p'].
