[INFO] [launch]: All log files can be found below /home/jonas/benchmarks/runs/sim_wp4-s002-50d4050349/ros_home/log/2026-08-21-18-21-57-871629-Feanor-484637
[INFO] [launch]: Default logging verbosity is set to INFO
[INFO] [target_detector-1]: process started with pid [484641]
[INFO] [hand_eye_collector-2]: process started with pid [484642]
[INFO] [hand_eye_calibration-3]: process started with pid [484643]
[INFO] [hand_eye_visualization-4]: process started with pid [484644]
[target_detector-1] [INFO] [1787329320.658611908] [target_detector]: Target detector ready: target_type=charuco, target_frame=calibration_target
[hand_eye_calibration-3] [INFO] [1787329320.659632900] [hand_eye_calibration]: Hand-eye calibration ready: calibration_type=eye_in_hand, sample_file=/home/jonas/benchmarks/runs/sim_wp4-s002-50d4050349/ros_home/annin_ar4_calibration/hand_eye_samples.npy, result_file=/home/jonas/benchmarks/runs/sim_wp4-s002-50d4050349/ros_home/annin_ar4_calibration/hand_eye_result.yaml
[hand_eye_collector-2] [INFO] [1787329321.416666318] [hand_eye_collector]: Hand-eye collector ready: calibration_type=eye_in_hand, sample_file=/home/jonas/benchmarks/runs/sim_wp4-s002-50d4050349/ros_home/annin_ar4_calibration/hand_eye_samples.npy. This node moves the robot during run_auto_sequence - clear the workspace first.
[hand_eye_collector-2] [WARN] [1787329328.371228868] [hand_eye_collector]: No fresh target detection at candidate pose, skipping
[hand_eye_collector-2] [WARN] [1787329369.254710194] [hand_eye_collector]: No fresh target detection at candidate pose, skipping
[hand_eye_collector-2] [WARN] [1787329402.439936159] [hand_eye_collector]: No fresh target detection at candidate pose, skipping
[hand_eye_collector-2] [WARN] [1787329457.918944694] [hand_eye_collector]: No fresh target detection at candidate pose, skipping
[WARNING] [launch]: user interrupted with ctrl-c (SIGINT)
[target_detector-1] Traceback (most recent call last):
[target_detector-1]   File "/home/jonas/Documents/Bachelorarbeit/robocal/install/annin_ar4_calibration/lib/python3.12/site-packages/annin_ar4_calibration/nodes/target_detector_node.py", line 122, in main
[hand_eye_calibration-3] Traceback (most recent call last):
[hand_eye_calibration-3]   File "/home/jonas/Documents/Bachelorarbeit/robocal/install/annin_ar4_calibration/lib/python3.12/site-packages/annin_ar4_calibration/nodes/hand_eye_calibration_node.py", line 166, in main
[target_detector-1]     rclpy.spin(node)
[target_detector-1]   File "/opt/ros/jazzy/lib/python3.12/site-packages/rclpy/__init__.py", line 247, in spin
[target_detector-1]     executor.spin_once()
[target_detector-1]   File "/opt/ros/jazzy/lib/python3.12/site-packages/rclpy/executors.py", line 926, in spin_once
[target_detector-1]     self._spin_once_impl(timeout_sec)
[target_detector-1]   File "/opt/ros/jazzy/lib/python3.12/site-packages/rclpy/executors.py", line 907, in _spin_once_impl
[target_detector-1]     handler, entity, node = self.wait_for_ready_callbacks(
[target_detector-1]                             ^^^^^^^^^^^^^^^^^^^^^^^^^^^^^^
[target_detector-1]   File "/opt/ros/jazzy/lib/python3.12/site-packages/rclpy/executors.py", line 877, in wait_for_ready_callbacks
[target_detector-1]     return next(self._cb_iter)
[target_detector-1]            ^^^^^^^^^^^^^^^^^^^
[target_detector-1]   File "/opt/ros/jazzy/lib/python3.12/site-packages/rclpy/executors.py", line 781, in _wait_for_ready_callbacks
[target_detector-1]     wait_set.wait(timeout_nsec)
[target_detector-1] KeyboardInterrupt
[target_detector-1] 
[target_detector-1] During handling of the above exception, another exception occurred:
[target_detector-1] 
[target_detector-1] Traceback (most recent call last):
[target_detector-1]   File "/home/jonas/Documents/Bachelorarbeit/robocal/install/annin_ar4_calibration/lib/annin_ar4_calibration/target_detector", line 33, in <module>
[hand_eye_calibration-3]     rclpy.spin(node)
[hand_eye_calibration-3]   File "/opt/ros/jazzy/lib/python3.12/site-packages/rclpy/__init__.py", line 247, in spin
[hand_eye_calibration-3]     executor.spin_once()
[hand_eye_calibration-3]   File "/opt/ros/jazzy/lib/python3.12/site-packages/rclpy/executors.py", line 926, in spin_once
[hand_eye_calibration-3]     self._spin_once_impl(timeout_sec)
[hand_eye_calibration-3]   File "/opt/ros/jazzy/lib/python3.12/site-packages/rclpy/executors.py", line 907, in _spin_once_impl
[hand_eye_calibration-3]     handler, entity, node = self.wait_for_ready_callbacks(
[hand_eye_calibration-3]                             ^^^^^^^^^^^^^^^^^^^^^^^^^^^^^^
[hand_eye_calibration-3]   File "/opt/ros/jazzy/lib/python3.12/site-packages/rclpy/executors.py", line 877, in wait_for_ready_callbacks
[hand_eye_calibration-3]     return next(self._cb_iter)
[hand_eye_calibration-3]            ^^^^^^^^^^^^^^^^^^^
[hand_eye_calibration-3]   File "/opt/ros/jazzy/lib/python3.12/site-packages/rclpy/executors.py", line 781, in _wait_for_ready_callbacks
[hand_eye_calibration-3]     wait_set.wait(timeout_nsec)
[hand_eye_calibration-3] KeyboardInterrupt
[hand_eye_calibration-3] 
[hand_eye_calibration-3] During handling of the above exception, another exception occurred:
[hand_eye_calibration-3] 
[hand_eye_calibration-3] Traceback (most recent call last):
[hand_eye_calibration-3]   File "/home/jonas/Documents/Bachelorarbeit/robocal/install/annin_ar4_calibration/lib/annin_ar4_calibration/hand_eye_calibration", line 33, in <module>
[target_detector-1]     sys.exit(load_entry_point('annin-ar4-calibration==0.0.1', 'console_scripts', 'target_detector')())
[target_detector-1]              ^^^^^^^^^^^^^^^^^^^^^^^^^^^^^^^^^^^^^^^^^^^^^^^^^^^^^^^^^^^^^^^^^^^^^^^^^^^^^^^^^^^^^^^^
[target_detector-1]   File "/home/jonas/Documents/Bachelorarbeit/robocal/install/annin_ar4_calibration/lib/python3.12/site-packages/annin_ar4_calibration/nodes/target_detector_node.py", line 125, in main
[hand_eye_calibration-3]     sys.exit(load_entry_point('annin-ar4-calibration==0.0.1', 'console_scripts', 'hand_eye_calibration')())
[hand_eye_calibration-3]              ^^^^^^^^^^^^^^^^^^^^^^^^^^^^^^^^^^^^^^^^^^^^^^^^^^^^^^^^^^^^^^^^^^^^^^^^^^^^^^^^^^^^^^^^^^^^^
[hand_eye_calibration-3]   File "/home/jonas/Documents/Bachelorarbeit/robocal/install/annin_ar4_calibration/lib/python3.12/site-packages/annin_ar4_calibration/nodes/hand_eye_calibration_node.py", line 169, in main
[hand_eye_calibration-3]     rclpy.shutdown()
[hand_eye_calibration-3]   File "/opt/ros/jazzy/lib/python3.12/site-packages/rclpy/__init__.py", line 134, in shutdown
[hand_eye_calibration-3]     _shutdown(context=context)
[hand_eye_calibration-3]   File "/opt/ros/jazzy/lib/python3.12/site-packages/rclpy/utilities.py", line 82, in shutdown
[hand_eye_calibration-3]     context.shutdown()
[hand_eye_calibration-3]   File "/opt/ros/jazzy/lib/python3.12/site-packages/rclpy/context.py", line 129, in shutdown
[hand_eye_calibration-3]     self.__context.shutdown()
[hand_eye_calibration-3] rclpy._rclpy_pybind11.RCLError: failed to shutdown: rcl_shutdown already called on the given context, at ./src/rcl/init.c:333
[target_detector-1]     rclpy.shutdown()
[target_detector-1]   File "/opt/ros/jazzy/lib/python3.12/site-packages/rclpy/__init__.py", line 134, in shutdown
[target_detector-1]     _shutdown(context=context)
[target_detector-1]   File "/opt/ros/jazzy/lib/python3.12/site-packages/rclpy/utilities.py", line 82, in shutdown
[target_detector-1]     context.shutdown()
[target_detector-1]   File "/opt/ros/jazzy/lib/python3.12/site-packages/rclpy/context.py", line 129, in shutdown
[target_detector-1]     self.__context.shutdown()
[target_detector-1] rclpy._rclpy_pybind11.RCLError: failed to shutdown: rcl_shutdown already called on the given context, at ./src/rcl/init.c:333
[hand_eye_visualization-4] Traceback (most recent call last):
[hand_eye_visualization-4]   File "/home/jonas/Documents/Bachelorarbeit/robocal/install/annin_ar4_calibration/lib/python3.12/site-packages/annin_ar4_calibration/nodes/hand_eye_visualization_node.py", line 185, in main
[hand_eye_collector-2] Traceback (most recent call last):
[hand_eye_collector-2]   File "/home/jonas/Documents/Bachelorarbeit/robocal/install/annin_ar4_calibration/lib/python3.12/site-packages/annin_ar4_calibration/nodes/hand_eye_collector_node.py", line 282, in main
[hand_eye_visualization-4]     rclpy.spin(node)
[hand_eye_visualization-4]   File "/opt/ros/jazzy/lib/python3.12/site-packages/rclpy/__init__.py", line 247, in spin
[hand_eye_visualization-4]     executor.spin_once()
[hand_eye_visualization-4]   File "/opt/ros/jazzy/lib/python3.12/site-packages/rclpy/executors.py", line 926, in spin_once
[hand_eye_visualization-4]     self._spin_once_impl(timeout_sec)
[hand_eye_visualization-4]   File "/opt/ros/jazzy/lib/python3.12/site-packages/rclpy/executors.py", line 907, in _spin_once_impl
[hand_eye_visualization-4]     handler, entity, node = self.wait_for_ready_callbacks(
[hand_eye_visualization-4]                             ^^^^^^^^^^^^^^^^^^^^^^^^^^^^^^
[hand_eye_visualization-4]   File "/opt/ros/jazzy/lib/python3.12/site-packages/rclpy/executors.py", line 877, in wait_for_ready_callbacks
[hand_eye_visualization-4]     return next(self._cb_iter)
[hand_eye_visualization-4]            ^^^^^^^^^^^^^^^^^^^
[hand_eye_visualization-4]   File "/opt/ros/jazzy/lib/python3.12/site-packages/rclpy/executors.py", line 781, in _wait_for_ready_callbacks
[hand_eye_visualization-4]     wait_set.wait(timeout_nsec)
[hand_eye_visualization-4] KeyboardInterrupt
[hand_eye_visualization-4] 
[hand_eye_visualization-4] During handling of the above exception, another exception occurred:
[hand_eye_visualization-4] 
[hand_eye_visualization-4] Traceback (most recent call last):
[hand_eye_visualization-4]   File "/home/jonas/Documents/Bachelorarbeit/robocal/install/annin_ar4_calibration/lib/annin_ar4_calibration/hand_eye_visualization", line 33, in <module>
[hand_eye_collector-2]     executor.spin()
[hand_eye_collector-2]   File "/opt/ros/jazzy/lib/python3.12/site-packages/rclpy/executors.py", line 359, in spin
[hand_eye_collector-2]     self._spin_once_impl()
[hand_eye_collector-2]   File "/opt/ros/jazzy/lib/python3.12/site-packages/rclpy/executors.py", line 991, in _spin_once_impl
[hand_eye_collector-2]     handler, entity, node = self.wait_for_ready_callbacks(
[hand_eye_collector-2]                             ^^^^^^^^^^^^^^^^^^^^^^^^^^^^^^
[hand_eye_collector-2]   File "/opt/ros/jazzy/lib/python3.12/site-packages/rclpy/executors.py", line 877, in wait_for_ready_callbacks
[hand_eye_collector-2]     return next(self._cb_iter)
[hand_eye_collector-2]            ^^^^^^^^^^^^^^^^^^^
[hand_eye_collector-2]   File "/opt/ros/jazzy/lib/python3.12/site-packages/rclpy/executors.py", line 842, in _wait_for_ready_callbacks
[hand_eye_collector-2]     if srv.handle.pointer in services_ready:
[hand_eye_collector-2]        ^^^^^^^^^^^^^^^^^^^^^^^^^^^^^^^^^^^^
[hand_eye_collector-2] KeyboardInterrupt
[hand_eye_collector-2] 
[hand_eye_collector-2] During handling of the above exception, another exception occurred:
[hand_eye_collector-2] 
[hand_eye_collector-2] Traceback (most recent call last):
[hand_eye_collector-2]   File "/home/jonas/Documents/Bachelorarbeit/robocal/install/annin_ar4_calibration/lib/annin_ar4_calibration/hand_eye_collector", line 33, in <module>
[hand_eye_collector-2]     sys.exit(load_entry_point('annin-ar4-calibration==0.0.1', 'console_scripts', 'hand_eye_collector')())
[hand_eye_collector-2]              ^^^^^^^^^^^^^^^^^^^^^^^^^^^^^^^^^^^^^^^^^^^^^^^^^^^^^^^^^^^^^^^^^^^^^^^^^^^^^^^^^^^^^^^^^^^
[hand_eye_collector-2]   File "/home/jonas/Documents/Bachelorarbeit/robocal/install/annin_ar4_calibration/lib/python3.12/site-packages/annin_ar4_calibration/nodes/hand_eye_collector_node.py", line 285, in main
[hand_eye_visualization-4]     sys.exit(load_entry_point('annin-ar4-calibration==0.0.1', 'console_scripts', 'hand_eye_visualization')())
[hand_eye_visualization-4]              ^^^^^^^^^^^^^^^^^^^^^^^^^^^^^^^^^^^^^^^^^^^^^^^^^^^^^^^^^^^^^^^^^^^^^^^^^^^^^^^^^^^^^^^^^^^^^^^
[hand_eye_visualization-4]   File "/home/jonas/Documents/Bachelorarbeit/robocal/install/annin_ar4_calibration/lib/python3.12/site-packages/annin_ar4_calibration/nodes/hand_eye_visualization_node.py", line 188, in main
[hand_eye_visualization-4]     rclpy.shutdown()
[hand_eye_visualization-4]   File "/opt/ros/jazzy/lib/python3.12/site-packages/rclpy/__init__.py", line 134, in shutdown
[hand_eye_visualization-4]     _shutdown(context=context)
[hand_eye_visualization-4]   File "/opt/ros/jazzy/lib/python3.12/site-packages/rclpy/utilities.py", line 82, in shutdown
[hand_eye_visualization-4]     context.shutdown()
[hand_eye_visualization-4]   File "/opt/ros/jazzy/lib/python3.12/site-packages/rclpy/context.py", line 129, in shutdown
[hand_eye_visualization-4]     self.__context.shutdown()
[hand_eye_visualization-4] rclpy._rclpy_pybind11.RCLError: failed to shutdown: rcl_shutdown already called on the given context, at ./src/rcl/init.c:333
[hand_eye_collector-2]     rclpy.shutdown()
[hand_eye_collector-2]   File "/opt/ros/jazzy/lib/python3.12/site-packages/rclpy/__init__.py", line 134, in shutdown
[hand_eye_collector-2]     _shutdown(context=context)
[hand_eye_collector-2]   File "/opt/ros/jazzy/lib/python3.12/site-packages/rclpy/utilities.py", line 82, in shutdown
[hand_eye_collector-2]     context.shutdown()
[hand_eye_collector-2]   File "/opt/ros/jazzy/lib/python3.12/site-packages/rclpy/context.py", line 129, in shutdown
[hand_eye_collector-2]     self.__context.shutdown()
[hand_eye_collector-2] rclpy._rclpy_pybind11.RCLError: failed to shutdown: rcl_shutdown already called on the given context, at ./src/rcl/init.c:333
[ERROR] [hand_eye_visualization-4]: process has died [pid 484644, exit code 1, cmd '/home/jonas/Documents/Bachelorarbeit/robocal/install/annin_ar4_calibration/lib/annin_ar4_calibration/hand_eye_visualization --ros-args -r __node:=hand_eye_visualization -p use_sim_time:=True --params-file /home/jonas/Documents/Bachelorarbeit/robocal/install/annin_ar4_calibration/share/annin_ar4_calibration/config/hand_eye_params.yaml --params-file /home/jonas/Documents/Bachelorarbeit/robocal/install/annin_ar4_calibration/share/annin_ar4_calibration/config/sim_overrides.yaml --params-file /home/jonas/benchmarks/runs/sim_wp4-s002-50d4050349/extra_params.yaml'].
[ERROR] [hand_eye_calibration-3]: process has died [pid 484643, exit code 1, cmd '/home/jonas/Documents/Bachelorarbeit/robocal/install/annin_ar4_calibration/lib/annin_ar4_calibration/hand_eye_calibration --ros-args -r __node:=hand_eye_calibration -p use_sim_time:=True --params-file /home/jonas/Documents/Bachelorarbeit/robocal/install/annin_ar4_calibration/share/annin_ar4_calibration/config/hand_eye_params.yaml --params-file /home/jonas/Documents/Bachelorarbeit/robocal/install/annin_ar4_calibration/share/annin_ar4_calibration/config/sim_overrides.yaml --params-file /home/jonas/benchmarks/runs/sim_wp4-s002-50d4050349/extra_params.yaml --params-file /tmp/launch_params_hgnjllfo'].
[ERROR] [target_detector-1]: process has died [pid 484641, exit code 1, cmd '/home/jonas/Documents/Bachelorarbeit/robocal/install/annin_ar4_calibration/lib/annin_ar4_calibration/target_detector --ros-args -r __node:=target_detector -p use_sim_time:=True --params-file /home/jonas/Documents/Bachelorarbeit/robocal/install/annin_ar4_calibration/share/annin_ar4_calibration/config/hand_eye_params.yaml --params-file /home/jonas/Documents/Bachelorarbeit/robocal/install/annin_ar4_calibration/share/annin_ar4_calibration/config/sim_overrides.yaml --params-file /home/jonas/benchmarks/runs/sim_wp4-s002-50d4050349/extra_params.yaml --params-file /tmp/launch_params_t5qbzh43'].
[ERROR] [hand_eye_collector-2]: process has died [pid 484642, exit code 1, cmd '/home/jonas/Documents/Bachelorarbeit/robocal/install/annin_ar4_calibration/lib/annin_ar4_calibration/hand_eye_collector --ros-args -r __node:=hand_eye_collector -p use_sim_time:=True --params-file /home/jonas/Documents/Bachelorarbeit/robocal/install/annin_ar4_calibration/share/annin_ar4_calibration/config/hand_eye_params.yaml --params-file /home/jonas/Documents/Bachelorarbeit/robocal/install/annin_ar4_calibration/share/annin_ar4_calibration/config/sim_overrides.yaml --params-file /home/jonas/benchmarks/runs/sim_wp4-s002-50d4050349/extra_params.yaml --params-file /tmp/launch_params_m6exucuv'].
[INFO] [launch]: All log files can be found below /home/jonas/benchmarks/runs/sim_wp4-s002-50d4050349/ros_home/log/2026-08-23-11-18-18-957241-Feanor-679568
[INFO] [launch]: Default logging verbosity is set to INFO
[INFO] [target_detector-1]: process started with pid [679579]
[INFO] [hand_eye_collector-2]: process started with pid [679580]
[INFO] [hand_eye_calibration-3]: process started with pid [679581]
[INFO] [hand_eye_visualization-4]: process started with pid [679582]
[hand_eye_calibration-3] [INFO] [1787476702.124709535] [hand_eye_calibration]: Loaded existing calibration from /home/jonas/benchmarks/runs/sim_wp4-s002-50d4050349/ros_home/annin_ar4_calibration/hand_eye_result.yaml, re-broadcasting ee_link -> camera_color_optical_frame
[target_detector-1] [INFO] [1787476702.125491646] [target_detector]: Target detector ready: target_type=charuco, target_frame=calibration_target
[hand_eye_calibration-3] [INFO] [1787476702.133243067] [hand_eye_calibration]: Hand-eye calibration ready: calibration_type=eye_in_hand, sample_file=/home/jonas/benchmarks/runs/sim_wp4-s002-50d4050349/ros_home/annin_ar4_calibration/hand_eye_samples.npy, result_file=/home/jonas/benchmarks/runs/sim_wp4-s002-50d4050349/ros_home/annin_ar4_calibration/hand_eye_result.yaml
[hand_eye_collector-2] [INFO] [1787476702.842036519] [hand_eye_collector]: Hand-eye collector ready: calibration_type=eye_in_hand, sample_file=/home/jonas/benchmarks/runs/sim_wp4-s002-50d4050349/ros_home/annin_ar4_calibration/hand_eye_samples.npy. This node moves the robot during run_auto_sequence - clear the workspace first.
[hand_eye_collector-2] [WARN] [1787476758.735421048] [hand_eye_collector]: No fresh target detection at candidate pose, skipping
[hand_eye_collector-2] [WARN] [1787476767.826561618] [hand_eye_collector]: No fresh target detection at candidate pose, skipping
[hand_eye_collector-2] [WARN] [1787476779.675898982] [hand_eye_collector]: No fresh target detection at candidate pose, skipping
[hand_eye_collector-2] [WARN] [1787476784.421308069] [hand_eye_collector]: No fresh target detection at candidate pose, skipping
[hand_eye_collector-2] [WARN] [1787476788.315690746] [hand_eye_collector]: No fresh target detection at candidate pose, skipping
[hand_eye_collector-2] [WARN] [1787476802.784019868] [hand_eye_collector]: No fresh target detection at candidate pose, skipping
[hand_eye_collector-2] [WARN] [1787476881.188195507] [hand_eye_collector]: No fresh target detection at candidate pose, skipping
[hand_eye_collector-2] [WARN] [1787476904.465253977] [hand_eye_collector]: No fresh target detection at candidate pose, skipping
[hand_eye_collector-2] [WARN] [1787476913.152644220] [hand_eye_collector]: No fresh target detection at candidate pose, skipping
[hand_eye_collector-2] [WARN] [1787476918.555568482] [hand_eye_collector]: No fresh target detection at candidate pose, skipping
[WARNING] [launch]: user interrupted with ctrl-c (SIGINT)
[target_detector-1] Traceback (most recent call last):
[target_detector-1]   File "/home/jonas/Documents/Bachelorarbeit/robocal/install/annin_ar4_calibration/lib/python3.12/site-packages/annin_ar4_calibration/nodes/target_detector_node.py", line 122, in main
[hand_eye_calibration-3] Traceback (most recent call last):
[hand_eye_calibration-3]   File "/home/jonas/Documents/Bachelorarbeit/robocal/install/annin_ar4_calibration/lib/python3.12/site-packages/annin_ar4_calibration/nodes/hand_eye_calibration_node.py", line 166, in main
[target_detector-1]     rclpy.spin(node)
[target_detector-1]   File "/opt/ros/jazzy/lib/python3.12/site-packages/rclpy/__init__.py", line 247, in spin
[target_detector-1]     executor.spin_once()
[target_detector-1]   File "/opt/ros/jazzy/lib/python3.12/site-packages/rclpy/executors.py", line 926, in spin_once
[target_detector-1]     self._spin_once_impl(timeout_sec)
[target_detector-1]   File "/opt/ros/jazzy/lib/python3.12/site-packages/rclpy/executors.py", line 907, in _spin_once_impl
[target_detector-1]     handler, entity, node = self.wait_for_ready_callbacks(
[target_detector-1]                             ^^^^^^^^^^^^^^^^^^^^^^^^^^^^^^
[target_detector-1]   File "/opt/ros/jazzy/lib/python3.12/site-packages/rclpy/executors.py", line 877, in wait_for_ready_callbacks
[hand_eye_calibration-3]     rclpy.spin(node)
[hand_eye_calibration-3]   File "/opt/ros/jazzy/lib/python3.12/site-packages/rclpy/__init__.py", line 247, in spin
[hand_eye_calibration-3]     executor.spin_once()
[hand_eye_calibration-3]   File "/opt/ros/jazzy/lib/python3.12/site-packages/rclpy/executors.py", line 926, in spin_once
[target_detector-1]     return next(self._cb_iter)
[target_detector-1]            ^^^^^^^^^^^^^^^^^^^
[target_detector-1]   File "/opt/ros/jazzy/lib/python3.12/site-packages/rclpy/executors.py", line 781, in _wait_for_ready_callbacks
[target_detector-1]     wait_set.wait(timeout_nsec)
[target_detector-1] KeyboardInterrupt
[target_detector-1] 
[target_detector-1] During handling of the above exception, another exception occurred:
[target_detector-1] 
[target_detector-1] Traceback (most recent call last):
[target_detector-1]   File "/home/jonas/Documents/Bachelorarbeit/robocal/install/annin_ar4_calibration/lib/annin_ar4_calibration/target_detector", line 33, in <module>
[hand_eye_calibration-3]     self._spin_once_impl(timeout_sec)
[hand_eye_calibration-3]   File "/opt/ros/jazzy/lib/python3.12/site-packages/rclpy/executors.py", line 907, in _spin_once_impl
[hand_eye_visualization-4] Traceback (most recent call last):
[hand_eye_visualization-4]   File "/home/jonas/Documents/Bachelorarbeit/robocal/install/annin_ar4_calibration/lib/python3.12/site-packages/annin_ar4_calibration/nodes/hand_eye_visualization_node.py", line 185, in main
[hand_eye_calibration-3]     handler, entity, node = self.wait_for_ready_callbacks(
[hand_eye_calibration-3]                             ^^^^^^^^^^^^^^^^^^^^^^^^^^^^^^
[hand_eye_calibration-3]   File "/opt/ros/jazzy/lib/python3.12/site-packages/rclpy/executors.py", line 877, in wait_for_ready_callbacks
[hand_eye_calibration-3]     return next(self._cb_iter)
[hand_eye_calibration-3]            ^^^^^^^^^^^^^^^^^^^
[hand_eye_calibration-3]   File "/opt/ros/jazzy/lib/python3.12/site-packages/rclpy/executors.py", line 781, in _wait_for_ready_callbacks
[hand_eye_calibration-3]     wait_set.wait(timeout_nsec)
[hand_eye_calibration-3] KeyboardInterrupt
[hand_eye_calibration-3] 
[hand_eye_calibration-3] During handling of the above exception, another exception occurred:
[hand_eye_calibration-3] 
[hand_eye_calibration-3] Traceback (most recent call last):
[hand_eye_calibration-3]   File "/home/jonas/Documents/Bachelorarbeit/robocal/install/annin_ar4_calibration/lib/annin_ar4_calibration/hand_eye_calibration", line 33, in <module>
[target_detector-1]     sys.exit(load_entry_point('annin-ar4-calibration==0.0.1', 'console_scripts', 'target_detector')())
[target_detector-1]              ^^^^^^^^^^^^^^^^^^^^^^^^^^^^^^^^^^^^^^^^^^^^^^^^^^^^^^^^^^^^^^^^^^^^^^^^^^^^^^^^^^^^^^^^
[target_detector-1]   File "/home/jonas/Documents/Bachelorarbeit/robocal/install/annin_ar4_calibration/lib/python3.12/site-packages/annin_ar4_calibration/nodes/target_detector_node.py", line 125, in main
[hand_eye_calibration-3]     sys.exit(load_entry_point('annin-ar4-calibration==0.0.1', 'console_scripts', 'hand_eye_calibration')())
[hand_eye_calibration-3]              ^^^^^^^^^^^^^^^^^^^^^^^^^^^^^^^^^^^^^^^^^^^^^^^^^^^^^^^^^^^^^^^^^^^^^^^^^^^^^^^^^^^^^^^^^^^^^
[hand_eye_calibration-3]   File "/home/jonas/Documents/Bachelorarbeit/robocal/install/annin_ar4_calibration/lib/python3.12/site-packages/annin_ar4_calibration/nodes/hand_eye_calibration_node.py", line 169, in main
[hand_eye_visualization-4]     rclpy.spin(node)
[hand_eye_visualization-4]   File "/opt/ros/jazzy/lib/python3.12/site-packages/rclpy/__init__.py", line 247, in spin
[hand_eye_visualization-4]     executor.spin_once()
[hand_eye_visualization-4]   File "/opt/ros/jazzy/lib/python3.12/site-packages/rclpy/executors.py", line 926, in spin_once
[hand_eye_visualization-4]     self._spin_once_impl(timeout_sec)
[hand_eye_visualization-4]   File "/opt/ros/jazzy/lib/python3.12/site-packages/rclpy/executors.py", line 907, in _spin_once_impl
[hand_eye_visualization-4]     handler, entity, node = self.wait_for_ready_callbacks(
[hand_eye_visualization-4]                             ^^^^^^^^^^^^^^^^^^^^^^^^^^^^^^
[hand_eye_visualization-4]   File "/opt/ros/jazzy/lib/python3.12/site-packages/rclpy/executors.py", line 877, in wait_for_ready_callbacks
[hand_eye_visualization-4]     return next(self._cb_iter)
[hand_eye_visualization-4]            ^^^^^^^^^^^^^^^^^^^
[hand_eye_visualization-4]   File "/opt/ros/jazzy/lib/python3.12/site-packages/rclpy/executors.py", line 781, in _wait_for_ready_callbacks
[target_detector-1]     rclpy.shutdown()
[target_detector-1]   File "/opt/ros/jazzy/lib/python3.12/site-packages/rclpy/__init__.py", line 134, in shutdown
[target_detector-1]     _shutdown(context=context)
[target_detector-1]   File "/opt/ros/jazzy/lib/python3.12/site-packages/rclpy/utilities.py", line 82, in shutdown
[hand_eye_visualization-4]     wait_set.wait(timeout_nsec)
[hand_eye_visualization-4] KeyboardInterrupt
[hand_eye_visualization-4] 
[hand_eye_visualization-4] During handling of the above exception, another exception occurred:
[hand_eye_visualization-4] 
[hand_eye_visualization-4] Traceback (most recent call last):
[hand_eye_visualization-4]   File "/home/jonas/Documents/Bachelorarbeit/robocal/install/annin_ar4_calibration/lib/annin_ar4_calibration/hand_eye_visualization", line 33, in <module>
[target_detector-1]     context.shutdown()
[target_detector-1]   File "/opt/ros/jazzy/lib/python3.12/site-packages/rclpy/context.py", line 129, in shutdown
[target_detector-1]     self.__context.shutdown()
[target_detector-1] rclpy._rclpy_pybind11.RCLError: failed to shutdown: rcl_shutdown already called on the given context, at ./src/rcl/init.c:333
[hand_eye_calibration-3]     rclpy.shutdown()
[hand_eye_calibration-3]   File "/opt/ros/jazzy/lib/python3.12/site-packages/rclpy/__init__.py", line 134, in shutdown
[hand_eye_calibration-3]     _shutdown(context=context)
[hand_eye_calibration-3]   File "/opt/ros/jazzy/lib/python3.12/site-packages/rclpy/utilities.py", line 82, in shutdown
[hand_eye_calibration-3]     context.shutdown()
[hand_eye_calibration-3]   File "/opt/ros/jazzy/lib/python3.12/site-packages/rclpy/context.py", line 129, in shutdown
[hand_eye_calibration-3]     self.__context.shutdown()
[hand_eye_calibration-3] rclpy._rclpy_pybind11.RCLError: failed to shutdown: rcl_shutdown already called on the given context, at ./src/rcl/init.c:333
[hand_eye_visualization-4]     sys.exit(load_entry_point('annin-ar4-calibration==0.0.1', 'console_scripts', 'hand_eye_visualization')())
[hand_eye_visualization-4]              ^^^^^^^^^^^^^^^^^^^^^^^^^^^^^^^^^^^^^^^^^^^^^^^^^^^^^^^^^^^^^^^^^^^^^^^^^^^^^^^^^^^^^^^^^^^^^^^
[hand_eye_visualization-4]   File "/home/jonas/Documents/Bachelorarbeit/robocal/install/annin_ar4_calibration/lib/python3.12/site-packages/annin_ar4_calibration/nodes/hand_eye_visualization_node.py", line 188, in main
[hand_eye_collector-2] Traceback (most recent call last):
[hand_eye_collector-2]   File "/home/jonas/Documents/Bachelorarbeit/robocal/install/annin_ar4_calibration/lib/python3.12/site-packages/annin_ar4_calibration/nodes/hand_eye_collector_node.py", line 282, in main
[hand_eye_visualization-4]     rclpy.shutdown()
[hand_eye_visualization-4]   File "/opt/ros/jazzy/lib/python3.12/site-packages/rclpy/__init__.py", line 134, in shutdown
[hand_eye_visualization-4]     _shutdown(context=context)
[hand_eye_visualization-4]   File "/opt/ros/jazzy/lib/python3.12/site-packages/rclpy/utilities.py", line 82, in shutdown
[hand_eye_visualization-4]     context.shutdown()
[hand_eye_visualization-4]   File "/opt/ros/jazzy/lib/python3.12/site-packages/rclpy/context.py", line 129, in shutdown
[hand_eye_visualization-4]     self.__context.shutdown()
[hand_eye_visualization-4] rclpy._rclpy_pybind11.RCLError: failed to shutdown: rcl_shutdown already called on the given context, at ./src/rcl/init.c:333
[hand_eye_collector-2]     executor.spin()
[hand_eye_collector-2]   File "/opt/ros/jazzy/lib/python3.12/site-packages/rclpy/executors.py", line 359, in spin
[hand_eye_collector-2]     self._spin_once_impl()
[hand_eye_collector-2]   File "/opt/ros/jazzy/lib/python3.12/site-packages/rclpy/executors.py", line 991, in _spin_once_impl
[hand_eye_collector-2]     handler, entity, node = self.wait_for_ready_callbacks(
[hand_eye_collector-2]                             ^^^^^^^^^^^^^^^^^^^^^^^^^^^^^^
[hand_eye_collector-2]   File "/opt/ros/jazzy/lib/python3.12/site-packages/rclpy/executors.py", line 877, in wait_for_ready_callbacks
[hand_eye_collector-2]     return next(self._cb_iter)
[hand_eye_collector-2]            ^^^^^^^^^^^^^^^^^^^
[hand_eye_collector-2]   File "/opt/ros/jazzy/lib/python3.12/site-packages/rclpy/executors.py", line 803, in _wait_for_ready_callbacks
[hand_eye_collector-2]     if wt in waitables and wt.is_ready(wait_set):
[hand_eye_collector-2]                            ^^^^^^^^^^^^^^^^^^^^^
[hand_eye_collector-2]   File "/opt/ros/jazzy/lib/python3.12/site-packages/rclpy/event_handler.py", line 96, in is_ready
[hand_eye_collector-2]     def is_ready(self, wait_set):
[hand_eye_collector-2] 
[hand_eye_collector-2] KeyboardInterrupt
[hand_eye_collector-2] 
[hand_eye_collector-2] During handling of the above exception, another exception occurred:
[hand_eye_collector-2] 
[hand_eye_collector-2] Traceback (most recent call last):
[hand_eye_collector-2]   File "/home/jonas/Documents/Bachelorarbeit/robocal/install/annin_ar4_calibration/lib/annin_ar4_calibration/hand_eye_collector", line 33, in <module>
[hand_eye_collector-2]     sys.exit(load_entry_point('annin-ar4-calibration==0.0.1', 'console_scripts', 'hand_eye_collector')())
[hand_eye_collector-2]              ^^^^^^^^^^^^^^^^^^^^^^^^^^^^^^^^^^^^^^^^^^^^^^^^^^^^^^^^^^^^^^^^^^^^^^^^^^^^^^^^^^^^^^^^^^^
[hand_eye_collector-2]   File "/home/jonas/Documents/Bachelorarbeit/robocal/install/annin_ar4_calibration/lib/python3.12/site-packages/annin_ar4_calibration/nodes/hand_eye_collector_node.py", line 285, in main
[hand_eye_collector-2]     rclpy.shutdown()
[hand_eye_collector-2]   File "/opt/ros/jazzy/lib/python3.12/site-packages/rclpy/__init__.py", line 134, in shutdown
[hand_eye_collector-2]     _shutdown(context=context)
[hand_eye_collector-2]   File "/opt/ros/jazzy/lib/python3.12/site-packages/rclpy/utilities.py", line 82, in shutdown
[hand_eye_collector-2]     context.shutdown()
[hand_eye_collector-2]   File "/opt/ros/jazzy/lib/python3.12/site-packages/rclpy/context.py", line 129, in shutdown
[hand_eye_collector-2]     self.__context.shutdown()
[hand_eye_collector-2] rclpy._rclpy_pybind11.RCLError: failed to shutdown: rcl_shutdown already called on the given context, at ./src/rcl/init.c:333
[ERROR] [hand_eye_visualization-4]: process has died [pid 679582, exit code 1, cmd '/home/jonas/Documents/Bachelorarbeit/robocal/install/annin_ar4_calibration/lib/annin_ar4_calibration/hand_eye_visualization --ros-args -r __node:=hand_eye_visualization -p use_sim_time:=True --params-file /home/jonas/Documents/Bachelorarbeit/robocal/install/annin_ar4_calibration/share/annin_ar4_calibration/config/hand_eye_params.yaml --params-file /home/jonas/Documents/Bachelorarbeit/robocal/install/annin_ar4_calibration/share/annin_ar4_calibration/config/sim_overrides.yaml --params-file /home/jonas/benchmarks/runs/sim_wp4-s002-50d4050349/extra_params.yaml'].
[ERROR] [hand_eye_calibration-3]: process has died [pid 679581, exit code 1, cmd '/home/jonas/Documents/Bachelorarbeit/robocal/install/annin_ar4_calibration/lib/annin_ar4_calibration/hand_eye_calibration --ros-args -r __node:=hand_eye_calibration -p use_sim_time:=True --params-file /home/jonas/Documents/Bachelorarbeit/robocal/install/annin_ar4_calibration/share/annin_ar4_calibration/config/hand_eye_params.yaml --params-file /home/jonas/Documents/Bachelorarbeit/robocal/install/annin_ar4_calibration/share/annin_ar4_calibration/config/sim_overrides.yaml --params-file /home/jonas/benchmarks/runs/sim_wp4-s002-50d4050349/extra_params.yaml --params-file /tmp/launch_params_kxg413g8'].
[ERROR] [target_detector-1]: process has died [pid 679579, exit code 1, cmd '/home/jonas/Documents/Bachelorarbeit/robocal/install/annin_ar4_calibration/lib/annin_ar4_calibration/target_detector --ros-args -r __node:=target_detector -p use_sim_time:=True --params-file /home/jonas/Documents/Bachelorarbeit/robocal/install/annin_ar4_calibration/share/annin_ar4_calibration/config/hand_eye_params.yaml --params-file /home/jonas/Documents/Bachelorarbeit/robocal/install/annin_ar4_calibration/share/annin_ar4_calibration/config/sim_overrides.yaml --params-file /home/jonas/benchmarks/runs/sim_wp4-s002-50d4050349/extra_params.yaml --params-file /tmp/launch_params_95ftzwpy'].
[ERROR] [hand_eye_collector-2]: process has died [pid 679580, exit code 1, cmd '/home/jonas/Documents/Bachelorarbeit/robocal/install/annin_ar4_calibration/lib/annin_ar4_calibration/hand_eye_collector --ros-args -r __node:=hand_eye_collector -p use_sim_time:=True --params-file /home/jonas/Documents/Bachelorarbeit/robocal/install/annin_ar4_calibration/share/annin_ar4_calibration/config/hand_eye_params.yaml --params-file /home/jonas/Documents/Bachelorarbeit/robocal/install/annin_ar4_calibration/share/annin_ar4_calibration/config/sim_overrides.yaml --params-file /home/jonas/benchmarks/runs/sim_wp4-s002-50d4050349/extra_params.yaml --params-file /tmp/launch_params_zkkk8rwk'].
[INFO] [launch]: All log files can be found below /home/jonas/benchmarks/runs/sim_wp4-s002-50d4050349/ros_home/log/2026-08-25-12-49-06-769618-Feanor-1233544
[INFO] [launch]: Default logging verbosity is set to INFO
[INFO] [target_detector-1]: process started with pid [1233554]
[INFO] [hand_eye_collector-2]: process started with pid [1233555]
[INFO] [hand_eye_calibration-3]: process started with pid [1233556]
[INFO] [hand_eye_visualization-4]: process started with pid [1233557]
[hand_eye_calibration-3] [INFO] [1787654949.722530476] [hand_eye_calibration]: Loaded existing calibration from /home/jonas/benchmarks/runs/sim_wp4-s002-50d4050349/ros_home/annin_ar4_calibration/hand_eye_result.yaml, re-broadcasting ee_link -> camera_color_optical_frame
[hand_eye_calibration-3] [INFO] [1787654949.735880064] [hand_eye_calibration]: Hand-eye calibration ready: calibration_type=eye_in_hand, sample_file=/home/jonas/benchmarks/runs/sim_wp4-s002-50d4050349/ros_home/annin_ar4_calibration/hand_eye_samples.npy, result_file=/home/jonas/benchmarks/runs/sim_wp4-s002-50d4050349/ros_home/annin_ar4_calibration/hand_eye_result.yaml
[target_detector-1] [INFO] [1787654949.775447651] [target_detector]: Target detector ready: target_type=charuco, target_frame=calibration_target
[hand_eye_collector-2] [INFO] [1787654950.593588814] [hand_eye_collector]: Hand-eye collector ready: calibration_type=eye_in_hand, sample_file=/home/jonas/benchmarks/runs/sim_wp4-s002-50d4050349/ros_home/annin_ar4_calibration/hand_eye_samples.npy. This node moves the robot during run_auto_sequence - clear the workspace first.
[hand_eye_collector-2] [WARN] [1787655060.049210088] [hand_eye_collector]: No fresh target detection at candidate pose, skipping
[hand_eye_collector-2] [WARN] [1787655114.518252540] [hand_eye_collector]: No fresh target detection at candidate pose, skipping
[hand_eye_collector-2] [WARN] [1787655130.926734666] [hand_eye_collector]: No fresh target detection at candidate pose, skipping
[WARNING] [launch]: user interrupted with ctrl-c (SIGINT)
[target_detector-1] Traceback (most recent call last):
[target_detector-1]   File "/home/jonas/Documents/Bachelorarbeit/robocal/install/annin_ar4_calibration/lib/python3.12/site-packages/annin_ar4_calibration/nodes/target_detector_node.py", line 122, in main
[target_detector-1]     rclpy.spin(node)
[target_detector-1]   File "/opt/ros/jazzy/lib/python3.12/site-packages/rclpy/__init__.py", line 247, in spin
[target_detector-1]     executor.spin_once()
[target_detector-1]   File "/opt/ros/jazzy/lib/python3.12/site-packages/rclpy/executors.py", line 926, in spin_once
[target_detector-1]     self._spin_once_impl(timeout_sec)
[target_detector-1]   File "/opt/ros/jazzy/lib/python3.12/site-packages/rclpy/executors.py", line 907, in _spin_once_impl
[hand_eye_calibration-3] Traceback (most recent call last):
[hand_eye_calibration-3]   File "/home/jonas/Documents/Bachelorarbeit/robocal/install/annin_ar4_calibration/lib/python3.12/site-packages/annin_ar4_calibration/nodes/hand_eye_calibration_node.py", line 166, in main
[target_detector-1]     handler, entity, node = self.wait_for_ready_callbacks(
[target_detector-1]                             ^^^^^^^^^^^^^^^^^^^^^^^^^^^^^^
[target_detector-1]   File "/opt/ros/jazzy/lib/python3.12/site-packages/rclpy/executors.py", line 877, in wait_for_ready_callbacks
[hand_eye_collector-2] Traceback (most recent call last):
[hand_eye_collector-2]   File "/home/jonas/Documents/Bachelorarbeit/robocal/install/annin_ar4_calibration/lib/python3.12/site-packages/annin_ar4_calibration/nodes/hand_eye_collector_node.py", line 282, in main
[target_detector-1]     return next(self._cb_iter)
[target_detector-1]            ^^^^^^^^^^^^^^^^^^^
[target_detector-1]   File "/opt/ros/jazzy/lib/python3.12/site-packages/rclpy/executors.py", line 781, in _wait_for_ready_callbacks
[target_detector-1]     wait_set.wait(timeout_nsec)
[target_detector-1] KeyboardInterrupt
[target_detector-1] 
[target_detector-1] During handling of the above exception, another exception occurred:
[target_detector-1] 
[target_detector-1] Traceback (most recent call last):
[target_detector-1]   File "/home/jonas/Documents/Bachelorarbeit/robocal/install/annin_ar4_calibration/lib/annin_ar4_calibration/target_detector", line 33, in <module>
[target_detector-1]     sys.exit(load_entry_point('annin-ar4-calibration==0.0.1', 'console_scripts', 'target_detector')())
[target_detector-1]              ^^^^^^^^^^^^^^^^^^^^^^^^^^^^^^^^^^^^^^^^^^^^^^^^^^^^^^^^^^^^^^^^^^^^^^^^^^^^^^^^^^^^^^^^
[target_detector-1]   File "/home/jonas/Documents/Bachelorarbeit/robocal/install/annin_ar4_calibration/lib/python3.12/site-packages/annin_ar4_calibration/nodes/target_detector_node.py", line 125, in main
[hand_eye_calibration-3]     rclpy.spin(node)
[hand_eye_calibration-3]   File "/opt/ros/jazzy/lib/python3.12/site-packages/rclpy/__init__.py", line 247, in spin
[hand_eye_calibration-3]     executor.spin_once()
[hand_eye_calibration-3]   File "/opt/ros/jazzy/lib/python3.12/site-packages/rclpy/executors.py", line 926, in spin_once
[hand_eye_calibration-3]     self._spin_once_impl(timeout_sec)
[hand_eye_calibration-3]   File "/opt/ros/jazzy/lib/python3.12/site-packages/rclpy/executors.py", line 907, in _spin_once_impl
[hand_eye_collector-2]     executor.spin()
[hand_eye_collector-2]   File "/opt/ros/jazzy/lib/python3.12/site-packages/rclpy/executors.py", line 359, in spin
[hand_eye_collector-2]     self._spin_once_impl()
[hand_eye_collector-2]   File "/opt/ros/jazzy/lib/python3.12/site-packages/rclpy/executors.py", line 991, in _spin_once_impl
[hand_eye_calibration-3]     handler, entity, node = self.wait_for_ready_callbacks(
[hand_eye_calibration-3]                             ^^^^^^^^^^^^^^^^^^^^^^^^^^^^^^
[hand_eye_calibration-3]   File "/opt/ros/jazzy/lib/python3.12/site-packages/rclpy/executors.py", line 877, in wait_for_ready_callbacks
[hand_eye_collector-2]     handler, entity, node = self.wait_for_ready_callbacks(
[hand_eye_collector-2]                             ^^^^^^^^^^^^^^^^^^^^^^^^^^^^^^
[hand_eye_collector-2]   File "/opt/ros/jazzy/lib/python3.12/site-packages/rclpy/executors.py", line 877, in wait_for_ready_callbacks
[hand_eye_calibration-3]     return next(self._cb_iter)
[hand_eye_calibration-3]            ^^^^^^^^^^^^^^^^^^^
[hand_eye_calibration-3]   File "/opt/ros/jazzy/lib/python3.12/site-packages/rclpy/executors.py", line 781, in _wait_for_ready_callbacks
[hand_eye_calibration-3]     wait_set.wait(timeout_nsec)
[hand_eye_collector-2]     return next(self._cb_iter)
[hand_eye_collector-2]            ^^^^^^^^^^^^^^^^^^^
[hand_eye_collector-2]   File "/opt/ros/jazzy/lib/python3.12/site-packages/rclpy/executors.py", line 842, in _wait_for_ready_callbacks
[hand_eye_calibration-3] KeyboardInterrupt
[hand_eye_calibration-3] 
[hand_eye_calibration-3] During handling of the above exception, another exception occurred:
[hand_eye_calibration-3] 
[hand_eye_calibration-3] Traceback (most recent call last):
[hand_eye_calibration-3]   File "/home/jonas/Documents/Bachelorarbeit/robocal/install/annin_ar4_calibration/lib/annin_ar4_calibration/hand_eye_calibration", line 33, in <module>
[hand_eye_collector-2]     if srv.handle.pointer in services_ready:
[hand_eye_collector-2]        ^^^^^^^^^^^^^^^^^^^^^^^^^^^^^^^^^^^^
[hand_eye_collector-2] KeyboardInterrupt
[hand_eye_collector-2] 
[hand_eye_collector-2] During handling of the above exception, another exception occurred:
[hand_eye_collector-2] 
[hand_eye_collector-2] Traceback (most recent call last):
[hand_eye_collector-2]   File "/home/jonas/Documents/Bachelorarbeit/robocal/install/annin_ar4_calibration/lib/annin_ar4_calibration/hand_eye_collector", line 33, in <module>
[target_detector-1]     rclpy.shutdown()
[target_detector-1]   File "/opt/ros/jazzy/lib/python3.12/site-packages/rclpy/__init__.py", line 134, in shutdown
[target_detector-1]     _shutdown(context=context)
[target_detector-1]   File "/opt/ros/jazzy/lib/python3.12/site-packages/rclpy/utilities.py", line 82, in shutdown
[target_detector-1]     context.shutdown()
[target_detector-1]   File "/opt/ros/jazzy/lib/python3.12/site-packages/rclpy/context.py", line 129, in shutdown
[target_detector-1]     self.__context.shutdown()
[target_detector-1] rclpy._rclpy_pybind11.RCLError: failed to shutdown: rcl_shutdown already called on the given context, at ./src/rcl/init.c:333
[hand_eye_visualization-4] Traceback (most recent call last):
[hand_eye_visualization-4]   File "/home/jonas/Documents/Bachelorarbeit/robocal/install/annin_ar4_calibration/lib/python3.12/site-packages/annin_ar4_calibration/nodes/hand_eye_visualization_node.py", line 185, in main
[hand_eye_calibration-3]     sys.exit(load_entry_point('annin-ar4-calibration==0.0.1', 'console_scripts', 'hand_eye_calibration')())
[hand_eye_calibration-3]              ^^^^^^^^^^^^^^^^^^^^^^^^^^^^^^^^^^^^^^^^^^^^^^^^^^^^^^^^^^^^^^^^^^^^^^^^^^^^^^^^^^^^^^^^^^^^^
[hand_eye_calibration-3]   File "/home/jonas/Documents/Bachelorarbeit/robocal/install/annin_ar4_calibration/lib/python3.12/site-packages/annin_ar4_calibration/nodes/hand_eye_calibration_node.py", line 169, in main
[hand_eye_collector-2]     sys.exit(load_entry_point('annin-ar4-calibration==0.0.1', 'console_scripts', 'hand_eye_collector')())
[hand_eye_collector-2]              ^^^^^^^^^^^^^^^^^^^^^^^^^^^^^^^^^^^^^^^^^^^^^^^^^^^^^^^^^^^^^^^^^^^^^^^^^^^^^^^^^^^^^^^^^^^
[hand_eye_collector-2]   File "/home/jonas/Documents/Bachelorarbeit/robocal/install/annin_ar4_calibration/lib/python3.12/site-packages/annin_ar4_calibration/nodes/hand_eye_collector_node.py", line 285, in main
[hand_eye_calibration-3]     rclpy.shutdown()
[hand_eye_calibration-3]   File "/opt/ros/jazzy/lib/python3.12/site-packages/rclpy/__init__.py", line 134, in shutdown
[hand_eye_visualization-4]     rclpy.spin(node)
[hand_eye_visualization-4]   File "/opt/ros/jazzy/lib/python3.12/site-packages/rclpy/__init__.py", line 247, in spin
[hand_eye_calibration-3]     _shutdown(context=context)
[hand_eye_calibration-3]   File "/opt/ros/jazzy/lib/python3.12/site-packages/rclpy/utilities.py", line 82, in shutdown
[hand_eye_calibration-3]     context.shutdown()
[hand_eye_calibration-3]   File "/opt/ros/jazzy/lib/python3.12/site-packages/rclpy/context.py", line 129, in shutdown
[hand_eye_calibration-3]     self.__context.shutdown()
[hand_eye_calibration-3] rclpy._rclpy_pybind11.RCLError: failed to shutdown: rcl_shutdown already called on the given context, at ./src/rcl/init.c:333
[hand_eye_visualization-4]     executor.spin_once()
[hand_eye_visualization-4]   File "/opt/ros/jazzy/lib/python3.12/site-packages/rclpy/executors.py", line 926, in spin_once
[hand_eye_visualization-4]     self._spin_once_impl(timeout_sec)
[hand_eye_visualization-4]   File "/opt/ros/jazzy/lib/python3.12/site-packages/rclpy/executors.py", line 907, in _spin_once_impl
[hand_eye_visualization-4]     handler, entity, node = self.wait_for_ready_callbacks(
[hand_eye_visualization-4]                             ^^^^^^^^^^^^^^^^^^^^^^^^^^^^^^
[hand_eye_visualization-4]   File "/opt/ros/jazzy/lib/python3.12/site-packages/rclpy/executors.py", line 877, in wait_for_ready_callbacks
[hand_eye_visualization-4]     return next(self._cb_iter)
[hand_eye_visualization-4]            ^^^^^^^^^^^^^^^^^^^
[hand_eye_visualization-4]   File "/opt/ros/jazzy/lib/python3.12/site-packages/rclpy/executors.py", line 781, in _wait_for_ready_callbacks
[hand_eye_visualization-4]     wait_set.wait(timeout_nsec)
[hand_eye_visualization-4] KeyboardInterrupt
[hand_eye_visualization-4] 
[hand_eye_visualization-4] During handling of the above exception, another exception occurred:
[hand_eye_visualization-4] 
[hand_eye_visualization-4] Traceback (most recent call last):
[hand_eye_visualization-4]   File "/home/jonas/Documents/Bachelorarbeit/robocal/install/annin_ar4_calibration/lib/annin_ar4_calibration/hand_eye_visualization", line 33, in <module>
[hand_eye_collector-2]     rclpy.shutdown()
[hand_eye_collector-2]   File "/opt/ros/jazzy/lib/python3.12/site-packages/rclpy/__init__.py", line 134, in shutdown
[hand_eye_collector-2]     _shutdown(context=context)
[hand_eye_collector-2]   File "/opt/ros/jazzy/lib/python3.12/site-packages/rclpy/utilities.py", line 82, in shutdown
[hand_eye_collector-2]     context.shutdown()
[hand_eye_collector-2]   File "/opt/ros/jazzy/lib/python3.12/site-packages/rclpy/context.py", line 129, in shutdown
[hand_eye_collector-2]     self.__context.shutdown()
[hand_eye_collector-2] rclpy._rclpy_pybind11.RCLError: failed to shutdown: rcl_shutdown already called on the given context, at ./src/rcl/init.c:333
[hand_eye_visualization-4]     sys.exit(load_entry_point('annin-ar4-calibration==0.0.1', 'console_scripts', 'hand_eye_visualization')())
[hand_eye_visualization-4]              ^^^^^^^^^^^^^^^^^^^^^^^^^^^^^^^^^^^^^^^^^^^^^^^^^^^^^^^^^^^^^^^^^^^^^^^^^^^^^^^^^^^^^^^^^^^^^^^
[hand_eye_visualization-4]   File "/home/jonas/Documents/Bachelorarbeit/robocal/install/annin_ar4_calibration/lib/python3.12/site-packages/annin_ar4_calibration/nodes/hand_eye_visualization_node.py", line 188, in main
[hand_eye_visualization-4]     rclpy.shutdown()
[hand_eye_visualization-4]   File "/opt/ros/jazzy/lib/python3.12/site-packages/rclpy/__init__.py", line 134, in shutdown
[hand_eye_visualization-4]     _shutdown(context=context)
[hand_eye_visualization-4]   File "/opt/ros/jazzy/lib/python3.12/site-packages/rclpy/utilities.py", line 82, in shutdown
[hand_eye_visualization-4]     context.shutdown()
[hand_eye_visualization-4]   File "/opt/ros/jazzy/lib/python3.12/site-packages/rclpy/context.py", line 129, in shutdown
[hand_eye_visualization-4]     self.__context.shutdown()
[hand_eye_visualization-4] rclpy._rclpy_pybind11.RCLError: failed to shutdown: rcl_shutdown already called on the given context, at ./src/rcl/init.c:333
[ERROR] [hand_eye_visualization-4]: process has died [pid 1233557, exit code 1, cmd '/home/jonas/Documents/Bachelorarbeit/robocal/install/annin_ar4_calibration/lib/annin_ar4_calibration/hand_eye_visualization --ros-args -r __node:=hand_eye_visualization -p use_sim_time:=True --params-file /home/jonas/Documents/Bachelorarbeit/robocal/install/annin_ar4_calibration/share/annin_ar4_calibration/config/hand_eye_params.yaml --params-file /home/jonas/Documents/Bachelorarbeit/robocal/install/annin_ar4_calibration/share/annin_ar4_calibration/config/sim_overrides.yaml --params-file /home/jonas/benchmarks/runs/sim_wp4-s002-50d4050349/extra_params.yaml'].
[ERROR] [hand_eye_calibration-3]: process has died [pid 1233556, exit code 1, cmd '/home/jonas/Documents/Bachelorarbeit/robocal/install/annin_ar4_calibration/lib/annin_ar4_calibration/hand_eye_calibration --ros-args -r __node:=hand_eye_calibration -p use_sim_time:=True --params-file /home/jonas/Documents/Bachelorarbeit/robocal/install/annin_ar4_calibration/share/annin_ar4_calibration/config/hand_eye_params.yaml --params-file /home/jonas/Documents/Bachelorarbeit/robocal/install/annin_ar4_calibration/share/annin_ar4_calibration/config/sim_overrides.yaml --params-file /home/jonas/benchmarks/runs/sim_wp4-s002-50d4050349/extra_params.yaml --params-file /tmp/launch_params_g04v2vz1'].
[ERROR] [target_detector-1]: process has died [pid 1233554, exit code 1, cmd '/home/jonas/Documents/Bachelorarbeit/robocal/install/annin_ar4_calibration/lib/annin_ar4_calibration/target_detector --ros-args -r __node:=target_detector -p use_sim_time:=True --params-file /home/jonas/Documents/Bachelorarbeit/robocal/install/annin_ar4_calibration/share/annin_ar4_calibration/config/hand_eye_params.yaml --params-file /home/jonas/Documents/Bachelorarbeit/robocal/install/annin_ar4_calibration/share/annin_ar4_calibration/config/sim_overrides.yaml --params-file /home/jonas/benchmarks/runs/sim_wp4-s002-50d4050349/extra_params.yaml --params-file /tmp/launch_params_a7qy7v46'].
[ERROR] [hand_eye_collector-2]: process has died [pid 1233555, exit code 1, cmd '/home/jonas/Documents/Bachelorarbeit/robocal/install/annin_ar4_calibration/lib/annin_ar4_calibration/hand_eye_collector --ros-args -r __node:=hand_eye_collector -p use_sim_time:=True --params-file /home/jonas/Documents/Bachelorarbeit/robocal/install/annin_ar4_calibration/share/annin_ar4_calibration/config/hand_eye_params.yaml --params-file /home/jonas/Documents/Bachelorarbeit/robocal/install/annin_ar4_calibration/share/annin_ar4_calibration/config/sim_overrides.yaml --params-file /home/jonas/benchmarks/runs/sim_wp4-s002-50d4050349/extra_params.yaml --params-file /tmp/launch_params_y1pgezi1'].
